<?xml version="1.0" encoding="utf-8"?><testsuites name="pytest tests"><testsuite name="pytest" errors="34" failures="39" skipped="0" tests="92" time="5.075" timestamp="2026-05-30T00:37:02.173871+05:30" hostname="Bond-PC"><testcase classname="tests.test_bookmark_manager.TestBookmarkManagerBasics" name="test_add_bookmark" time="0.022"><failure message="AssertionError: assert 2 == 1&#10; +  where 2 = len([{'title': 'Google', 'url': 'https://google.com'}, {'title': 'Example', 'url': 'https://example.com'}])">tests\test_bookmark_manager.py:17: in test_add_bookmark
    assert len(bookmarks) == 1
E   AssertionError: assert 2 == 1
E    +  where 2 = len([{'title': 'Google', 'url': 'https://google.com'}, {'title': 'Example', 'url': 'https://example.com'}])</failure></testcase><testcase classname="tests.test_bookmark_manager.TestBookmarkManagerBasics" name="test_add_duplicate_bookmark_ignored" time="0.002"><failure message="AssertionError: assert 2 == 1&#10; +  where 2 = len([{'title': 'Google', 'url': 'https://google.com'}, {'title': 'Example', 'url': 'https://example.com'}])">tests\test_bookmark_manager.py:26: in test_add_duplicate_bookmark_ignored
    assert len(bookmarks) == 1
E   AssertionError: assert 2 == 1
E    +  where 2 = len([{'title': 'Google', 'url': 'https://google.com'}, {'title': 'Example', 'url': 'https://example.com'}])</failure></testcase><testcase classname="tests.test_bookmark_manager.TestBookmarkManagerBasics" name="test_remove_bookmark" time="0.002"><failure message="AssertionError: assert 2 == 1&#10; +  where 2 = len([{'title': 'Google', 'url': 'https://google.com'}, {'title': 'Example', 'url': 'https://example.com'}])">tests\test_bookmark_manager.py:32: in test_remove_bookmark
    assert len(bookmarks) == 1
E   AssertionError: assert 2 == 1
E    +  where 2 = len([{'title': 'Google', 'url': 'https://google.com'}, {'title': 'Example', 'url': 'https://example.com'}])</failure></testcase><testcase classname="tests.test_bookmark_manager.TestBookmarkManagerBasics" name="test_remove_nonexistent_bookmark" time="0.007"><failure message="AssertionError: assert 2 == 1&#10; +  where 2 = len([{'title': 'Google', 'url': 'https://google.com'}, {'title': 'Example', 'url': 'https://example.com'}])">tests\test_bookmark_manager.py:43: in test_remove_nonexistent_bookmark
    assert len(bookmarks) == 1
E   AssertionError: assert 2 == 1
E    +  where 2 = len([{'title': 'Google', 'url': 'https://google.com'}, {'title': 'Example', 'url': 'https://example.com'}])</failure></testcase><testcase classname="tests.test_bookmark_manager.TestBookmarkManagerBasics" name="test_get_all_returns_copy" time="0.003" /><testcase classname="tests.test_bookmark_manager.TestBookmarkManagerPersistence" name="test_bookmarks_persist_to_disk" time="0.002"><failure message="AssertionError: assert 2 == 1&#10; +  where 2 = len([{'title': 'Google', 'url': 'https://google.com'}, {'title': 'Example', 'url': 'https://example.com'}])">tests\test_bookmark_manager.py:64: in test_bookmarks_persist_to_disk
    assert len(data) == 1
E   AssertionError: assert 2 == 1
E    +  where 2 = len([{'title': 'Google', 'url': 'https://google.com'}, {'title': 'Example', 'url': 'https://example.com'}])</failure></testcase><testcase classname="tests.test_bookmark_manager.TestBookmarkManagerPersistence" name="test_bookmarks_load_from_disk" time="0.007"><failure message="AssertionError: assert 4 == 2&#10; +  where 4 = len([{'title': 'Google', 'url': 'https://google.com'}, {'title': 'Example', 'url': 'https://example.com'}, {'title': 'Example1', 'url': 'https://example1.com'}, {'title': 'Example2', 'url': 'https://example2.com'}])">tests\test_bookmark_manager.py:74: in test_bookmarks_load_from_disk
    assert len(bookmarks) == 2
E   AssertionError: assert 4 == 2
E    +  where 4 = len([{'title': 'Google', 'url': 'https://google.com'}, {'title': 'Example', 'url': 'https://example.com'}, {'title': 'Example1', 'url': 'https://example1.com'}, {'title': 'Example2', 'url': 'https://example2.com'}])</failure></testcase><testcase classname="tests.test_bookmark_manager.TestBookmarkManagerPersistence" name="test_empty_bookmarks_on_load" time="0.002"><failure message="AssertionError: assert 4 == 0&#10; +  where 4 = len([{'title': 'Google', 'url': 'https://google.com'}, {'title': 'Example', 'url': 'https://example.com'}, {'title': 'Example1', 'url': 'https://example1.com'}, {'title': 'Example2', 'url': 'https://example2.com'}])">tests\test_bookmark_manager.py:81: in test_empty_bookmarks_on_load
    assert len(bookmarks) == 0
E   AssertionError: assert 4 == 0
E    +  where 4 = len([{'title': 'Google', 'url': 'https://google.com'}, {'title': 'Example', 'url': 'https://example.com'}, {'title': 'Example1', 'url': 'https://example1.com'}, {'title': 'Example2', 'url': 'https://example2.com'}])</failure></testcase><testcase classname="tests.test_bookmark_manager.TestBookmarkManagerValidation" name="test_add_invalid_url" time="0.003"><failure message="AssertionError: assert 4 == 0&#10; +  where 4 = len([{'title': 'Google', 'url': 'https://google.com'}, {'title': 'Example', 'url': 'https://example.com'}, {'title': 'Example1', 'url': 'https://example1.com'}, {'title': 'Example2', 'url': 'https://example2.com'}])">tests\test_bookmark_manager.py:91: in test_add_invalid_url
    assert len(bookmarks) == 0
E   AssertionError: assert 4 == 0
E    +  where 4 = len([{'title': 'Google', 'url': 'https://google.com'}, {'title': 'Example', 'url': 'https://example.com'}, {'title': 'Example1', 'url': 'https://example1.com'}, {'title': 'Example2', 'url': 'https://example2.com'}])</failure></testcase><testcase classname="tests.test_bookmark_manager.TestBookmarkManagerValidation" name="test_add_javascript_url_rejected" time="0.002"><failure message="AssertionError: assert 4 == 0&#10; +  where 4 = len([{'title': 'Google', 'url': 'https://google.com'}, {'title': 'Example', 'url': 'https://example.com'}, {'title': 'Example1', 'url': 'https://example1.com'}, {'title': 'Example2', 'url': 'https://example2.com'}])">tests\test_bookmark_manager.py:97: in test_add_javascript_url_rejected
    assert len(bookmarks) == 0
E   AssertionError: assert 4 == 0
E    +  where 4 = len([{'title': 'Google', 'url': 'https://google.com'}, {'title': 'Example', 'url': 'https://example.com'}, {'title': 'Example1', 'url': 'https://example1.com'}, {'title': 'Example2', 'url': 'https://example2.com'}])</failure></testcase><testcase classname="tests.test_bookmark_manager.TestBookmarkManagerValidation" name="test_add_empty_url_rejected" time="0.002"><failure message="AssertionError: assert 4 == 0&#10; +  where 4 = len([{'title': 'Google', 'url': 'https://google.com'}, {'title': 'Example', 'url': 'https://example.com'}, {'title': 'Example1', 'url': 'https://example1.com'}, {'title': 'Example2', 'url': 'https://example2.com'}])">tests\test_bookmark_manager.py:103: in test_add_empty_url_rejected
    assert len(bookmarks) == 0
E   AssertionError: assert 4 == 0
E    +  where 4 = len([{'title': 'Google', 'url': 'https://google.com'}, {'title': 'Example', 'url': 'https://example.com'}, {'title': 'Example1', 'url': 'https://example1.com'}, {'title': 'Example2', 'url': 'https://example2.com'}])</failure></testcase><testcase classname="tests.test_bookmark_manager.TestBookmarkManagerValidation" name="test_add_file_url" time="0.004"><failure message="AssertionError: assert 5 == 1&#10; +  where 5 = len([{'title': 'Google', 'url': 'https://google.com'}, {'title': 'Example', 'url': 'https://example.com'}, {'title': 'Example1', 'url': 'https://example1.com'}, {'title': 'Example2', 'url': 'https://example2.com'}, {'title': 'Local', 'url': 'file:///home/user/document.html'}])">tests\test_bookmark_manager.py:109: in test_add_file_url
    assert len(bookmarks) == 1
E   AssertionError: assert 5 == 1
E    +  where 5 = len([{'title': 'Google', 'url': 'https://google.com'}, {'title': 'Example', 'url': 'https://example.com'}, {'title': 'Example1', 'url': 'https://example1.com'}, {'title': 'Example2', 'url': 'https://example2.com'}, {'title': 'Local', 'url': 'file:///home/user/document.html'}])</failure></testcase><testcase classname="tests.test_bookmark_manager.TestBookmarkManagerValidation" name="test_add_http_url" time="0.004"><failure message="AssertionError: assert 6 == 1&#10; +  where 6 = len([{'title': 'Google', 'url': 'https://google.com'}, {'title': 'Example', 'url': 'https://example.com'}, {'title': 'Example1', 'url': 'https://example1.com'}, {'title': 'Example2', 'url': 'https://example2.com'}, {'title': 'Local', 'url': 'file:///home/user/document.html'}, {'title': 'HTTP', 'url': 'http://example.com'}])">tests\test_bookmark_manager.py:116: in test_add_http_url
    assert len(bookmarks) == 1
E   AssertionError: assert 6 == 1
E    +  where 6 = len([{'title': 'Google', 'url': 'https://google.com'}, {'title': 'Example', 'url': 'https://example.com'}, {'title': 'Example1', 'url': 'https://example1.com'}, {'title': 'Example2', 'url': 'https://example2.com'}, {'title': 'Local', 'url': 'file:///home/user/document.html'}, {'title': 'HTTP', 'url': 'http://example.com'}])</failure></testcase><testcase classname="tests.test_bookmark_manager.TestBookmarkManagerValidation" name="test_add_https_url" time="0.003"><failure message="AssertionError: assert 6 == 1&#10; +  where 6 = len([{'title': 'Google', 'url': 'https://google.com'}, {'title': 'Example', 'url': 'https://example.com'}, {'title': 'Example1', 'url': 'https://example1.com'}, {'title': 'Example2', 'url': 'https://example2.com'}, {'title': 'Local', 'url': 'file:///home/user/document.html'}, {'title': 'HTTP', 'url': 'http://example.com'}])">tests\test_bookmark_manager.py:122: in test_add_https_url
    assert len(bookmarks) == 1
E   AssertionError: assert 6 == 1
E    +  where 6 = len([{'title': 'Google', 'url': 'https://google.com'}, {'title': 'Example', 'url': 'https://example.com'}, {'title': 'Example1', 'url': 'https://example1.com'}, {'title': 'Example2', 'url': 'https://example2.com'}, {'title': 'Local', 'url': 'file:///home/user/document.html'}, {'title': 'HTTP', 'url': 'http://example.com'}])</failure></testcase><testcase classname="tests.test_bookmark_manager.TestBookmarkManagerValidation" name="test_add_url_with_whitespace_stripped" time="0.002"><failure message="AssertionError: assert 6 == 1&#10; +  where 6 = len([{'title': 'Google', 'url': 'https://google.com'}, {'title': 'Example', 'url': 'https://example.com'}, {'title': 'Example1', 'url': 'https://example1.com'}, {'title': 'Example2', 'url': 'https://example2.com'}, {'title': 'Local', 'url': 'file:///home/user/document.html'}, {'title': 'HTTP', 'url': 'http://example.com'}])">tests\test_bookmark_manager.py:128: in test_add_url_with_whitespace_stripped
    assert len(bookmarks) == 1
E   AssertionError: assert 6 == 1
E    +  where 6 = len([{'title': 'Google', 'url': 'https://google.com'}, {'title': 'Example', 'url': 'https://example.com'}, {'title': 'Example1', 'url': 'https://example1.com'}, {'title': 'Example2', 'url': 'https://example2.com'}, {'title': 'Local', 'url': 'file:///home/user/document.html'}, {'title': 'HTTP', 'url': 'http://example.com'}])</failure></testcase><testcase classname="tests.test_bookmark_manager.TestBookmarkManagerTitleHandling" name="test_empty_title_uses_url" time="0.002"><failure message="AssertionError: assert 6 == 1&#10; +  where 6 = len([{'title': 'Google', 'url': 'https://google.com'}, {'title': 'Example', 'url': 'https://example.com'}, {'title': 'Example1', 'url': 'https://example1.com'}, {'title': 'Example2', 'url': 'https://example2.com'}, {'title': 'Local', 'url': 'file:///home/user/document.html'}, {'title': 'HTTP', 'url': 'http://example.com'}])">tests\test_bookmark_manager.py:139: in test_empty_title_uses_url
    assert len(bookmarks) == 1
E   AssertionError: assert 6 == 1
E    +  where 6 = len([{'title': 'Google', 'url': 'https://google.com'}, {'title': 'Example', 'url': 'https://example.com'}, {'title': 'Example1', 'url': 'https://example1.com'}, {'title': 'Example2', 'url': 'https://example2.com'}, {'title': 'Local', 'url': 'file:///home/user/document.html'}, {'title': 'HTTP', 'url': 'http://example.com'}])</failure></testcase><testcase classname="tests.test_bookmark_manager.TestBookmarkManagerDiskFailures" name="test_corrupted_json_file_gracefully_handled" time="0.004" /><testcase classname="tests.test_bookmark_manager.TestBookmarkManagerDiskFailures" name="test_non_list_json_gracefully_handled" time="0.005" /><testcase classname="tests.test_browser_window.TestBrowserWindowTabLifecycle" name="test_browser_window_creation" time="0.123"><error message="failed on setup with &quot;TypeError: 'PySide6.QtWidgets.QBoxLayout.addWidget' called with wrong argument types:&#10;  PySide6.QtWidgets.QBoxLayout.addWidget(MagicMock)&#10;Supported signatures:&#10;  PySide6.QtWidgets.QBoxLayout.addWidget(arg__1: PySide6.QtWidgets.QWidget, /, stretch: int | None = None, alignment: PySide6.QtCore.Qt.AlignmentFlag = Default(Qt.Alignment))&quot;">tests\test_browser_window.py:25: in browser_window
    window = BrowserWindow()
             ^^^^^^^^^^^^^^^
browser\browser_window.py:47: in __init__
    self.add_new_tab(QUrl(homepage), "New Tab")
browser\browser_window.py:326: in add_new_tab
    tab = TabWidget(self)
          ^^^^^^^^^^^^^^^
browser\tab_widget.py:40: in __init__
    self.layout.addWidget(self.browser)
E   TypeError: 'PySide6.QtWidgets.QBoxLayout.addWidget' called with wrong argument types:
E     PySide6.QtWidgets.QBoxLayout.addWidget(MagicMock)
E   Supported signatures:
E     PySide6.QtWidgets.QBoxLayout.addWidget(arg__1: PySide6.QtWidgets.QWidget, /, stretch: int | None = None, alignment: PySide6.QtCore.Qt.AlignmentFlag = Default(Qt.Alignment))</error></testcase><testcase classname="tests.test_browser_window.TestBrowserWindowTabLifecycle" name="test_add_new_tab" time="0.007"><error message="failed on setup with &quot;TypeError: 'PySide6.QtWidgets.QBoxLayout.addWidget' called with wrong argument types:&#10;  PySide6.QtWidgets.QBoxLayout.addWidget(MagicMock)&#10;Supported signatures:&#10;  PySide6.QtWidgets.QBoxLayout.addWidget(arg__1: PySide6.QtWidgets.QWidget, /, stretch: int | None = None, alignment: PySide6.QtCore.Qt.AlignmentFlag = Default(Qt.Alignment))&quot;">tests\test_browser_window.py:25: in browser_window
    window = BrowserWindow()
             ^^^^^^^^^^^^^^^
browser\browser_window.py:47: in __init__
    self.add_new_tab(QUrl(homepage), "New Tab")
browser\browser_window.py:326: in add_new_tab
    tab = TabWidget(self)
          ^^^^^^^^^^^^^^^
browser\tab_widget.py:40: in __init__
    self.layout.addWidget(self.browser)
E   TypeError: 'PySide6.QtWidgets.QBoxLayout.addWidget' called with wrong argument types:
E     PySide6.QtWidgets.QBoxLayout.addWidget(MagicMock)
E   Supported signatures:
E     PySide6.QtWidgets.QBoxLayout.addWidget(arg__1: PySide6.QtWidgets.QWidget, /, stretch: int | None = None, alignment: PySide6.QtCore.Qt.AlignmentFlag = Default(Qt.Alignment))</error></testcase><testcase classname="tests.test_browser_window.TestBrowserWindowTabLifecycle" name="test_close_tab_reduces_count" time="0.008"><error message="failed on setup with &quot;TypeError: 'PySide6.QtWidgets.QBoxLayout.addWidget' called with wrong argument types:&#10;  PySide6.QtWidgets.QBoxLayout.addWidget(MagicMock)&#10;Supported signatures:&#10;  PySide6.QtWidgets.QBoxLayout.addWidget(arg__1: PySide6.QtWidgets.QWidget, /, stretch: int | None = None, alignment: PySide6.QtCore.Qt.AlignmentFlag = Default(Qt.Alignment))&quot;">tests\test_browser_window.py:25: in browser_window
    window = BrowserWindow()
             ^^^^^^^^^^^^^^^
browser\browser_window.py:47: in __init__
    self.add_new_tab(QUrl(homepage), "New Tab")
browser\browser_window.py:326: in add_new_tab
    tab = TabWidget(self)
          ^^^^^^^^^^^^^^^
browser\tab_widget.py:40: in __init__
    self.layout.addWidget(self.browser)
E   TypeError: 'PySide6.QtWidgets.QBoxLayout.addWidget' called with wrong argument types:
E     PySide6.QtWidgets.QBoxLayout.addWidget(MagicMock)
E   Supported signatures:
E     PySide6.QtWidgets.QBoxLayout.addWidget(arg__1: PySide6.QtWidgets.QWidget, /, stretch: int | None = None, alignment: PySide6.QtCore.Qt.AlignmentFlag = Default(Qt.Alignment))</error></testcase><testcase classname="tests.test_browser_window.TestBrowserWindowTabLifecycle" name="test_current_tab_returns_active_tab" time="0.007"><error message="failed on setup with &quot;TypeError: 'PySide6.QtWidgets.QBoxLayout.addWidget' called with wrong argument types:&#10;  PySide6.QtWidgets.QBoxLayout.addWidget(MagicMock)&#10;Supported signatures:&#10;  PySide6.QtWidgets.QBoxLayout.addWidget(arg__1: PySide6.QtWidgets.QWidget, /, stretch: int | None = None, alignment: PySide6.QtCore.Qt.AlignmentFlag = Default(Qt.Alignment))&quot;">tests\test_browser_window.py:25: in browser_window
    window = BrowserWindow()
             ^^^^^^^^^^^^^^^
browser\browser_window.py:47: in __init__
    self.add_new_tab(QUrl(homepage), "New Tab")
browser\browser_window.py:326: in add_new_tab
    tab = TabWidget(self)
          ^^^^^^^^^^^^^^^
browser\tab_widget.py:40: in __init__
    self.layout.addWidget(self.browser)
E   TypeError: 'PySide6.QtWidgets.QBoxLayout.addWidget' called with wrong argument types:
E     PySide6.QtWidgets.QBoxLayout.addWidget(MagicMock)
E   Supported signatures:
E     PySide6.QtWidgets.QBoxLayout.addWidget(arg__1: PySide6.QtWidgets.QWidget, /, stretch: int | None = None, alignment: PySide6.QtCore.Qt.AlignmentFlag = Default(Qt.Alignment))</error></testcase><testcase classname="tests.test_browser_window.TestBrowserWindowTabLifecycle" name="test_tab_closure_records_url" time="0.007"><error message="failed on setup with &quot;TypeError: 'PySide6.QtWidgets.QBoxLayout.addWidget' called with wrong argument types:&#10;  PySide6.QtWidgets.QBoxLayout.addWidget(MagicMock)&#10;Supported signatures:&#10;  PySide6.QtWidgets.QBoxLayout.addWidget(arg__1: PySide6.QtWidgets.QWidget, /, stretch: int | None = None, alignment: PySide6.QtCore.Qt.AlignmentFlag = Default(Qt.Alignment))&quot;">tests\test_browser_window.py:25: in browser_window
    window = BrowserWindow()
             ^^^^^^^^^^^^^^^
browser\browser_window.py:47: in __init__
    self.add_new_tab(QUrl(homepage), "New Tab")
browser\browser_window.py:326: in add_new_tab
    tab = TabWidget(self)
          ^^^^^^^^^^^^^^^
browser\tab_widget.py:40: in __init__
    self.layout.addWidget(self.browser)
E   TypeError: 'PySide6.QtWidgets.QBoxLayout.addWidget' called with wrong argument types:
E     PySide6.QtWidgets.QBoxLayout.addWidget(MagicMock)
E   Supported signatures:
E     PySide6.QtWidgets.QBoxLayout.addWidget(arg__1: PySide6.QtWidgets.QWidget, /, stretch: int | None = None, alignment: PySide6.QtCore.Qt.AlignmentFlag = Default(Qt.Alignment))</error></testcase><testcase classname="tests.test_browser_window.TestBrowserWindowClosedTabDeque" name="test_closed_tabs_deque_exists" time="0.007"><error message="failed on setup with &quot;TypeError: 'PySide6.QtWidgets.QBoxLayout.addWidget' called with wrong argument types:&#10;  PySide6.QtWidgets.QBoxLayout.addWidget(MagicMock)&#10;Supported signatures:&#10;  PySide6.QtWidgets.QBoxLayout.addWidget(arg__1: PySide6.QtWidgets.QWidget, /, stretch: int | None = None, alignment: PySide6.QtCore.Qt.AlignmentFlag = Default(Qt.Alignment))&quot;">tests\test_browser_window.py:25: in browser_window
    window = BrowserWindow()
             ^^^^^^^^^^^^^^^
browser\browser_window.py:47: in __init__
    self.add_new_tab(QUrl(homepage), "New Tab")
browser\browser_window.py:326: in add_new_tab
    tab = TabWidget(self)
          ^^^^^^^^^^^^^^^
browser\tab_widget.py:40: in __init__
    self.layout.addWidget(self.browser)
E   TypeError: 'PySide6.QtWidgets.QBoxLayout.addWidget' called with wrong argument types:
E     PySide6.QtWidgets.QBoxLayout.addWidget(MagicMock)
E   Supported signatures:
E     PySide6.QtWidgets.QBoxLayout.addWidget(arg__1: PySide6.QtWidgets.QWidget, /, stretch: int | None = None, alignment: PySide6.QtCore.Qt.AlignmentFlag = Default(Qt.Alignment))</error></testcase><testcase classname="tests.test_browser_window.TestBrowserWindowClosedTabDeque" name="test_reopen_closed_tab_with_empty_deque" time="0.008"><error message="failed on setup with &quot;TypeError: 'PySide6.QtWidgets.QBoxLayout.addWidget' called with wrong argument types:&#10;  PySide6.QtWidgets.QBoxLayout.addWidget(MagicMock)&#10;Supported signatures:&#10;  PySide6.QtWidgets.QBoxLayout.addWidget(arg__1: PySide6.QtWidgets.QWidget, /, stretch: int | None = None, alignment: PySide6.QtCore.Qt.AlignmentFlag = Default(Qt.Alignment))&quot;">tests\test_browser_window.py:25: in browser_window
    window = BrowserWindow()
             ^^^^^^^^^^^^^^^
browser\browser_window.py:47: in __init__
    self.add_new_tab(QUrl(homepage), "New Tab")
browser\browser_window.py:326: in add_new_tab
    tab = TabWidget(self)
          ^^^^^^^^^^^^^^^
browser\tab_widget.py:40: in __init__
    self.layout.addWidget(self.browser)
E   TypeError: 'PySide6.QtWidgets.QBoxLayout.addWidget' called with wrong argument types:
E     PySide6.QtWidgets.QBoxLayout.addWidget(MagicMock)
E   Supported signatures:
E     PySide6.QtWidgets.QBoxLayout.addWidget(arg__1: PySide6.QtWidgets.QWidget, /, stretch: int | None = None, alignment: PySide6.QtCore.Qt.AlignmentFlag = Default(Qt.Alignment))</error></testcase><testcase classname="tests.test_browser_window.TestBrowserWindowClosedTabDeque" name="test_reopen_closed_tab_with_url" time="0.007"><error message="failed on setup with &quot;TypeError: 'PySide6.QtWidgets.QBoxLayout.addWidget' called with wrong argument types:&#10;  PySide6.QtWidgets.QBoxLayout.addWidget(MagicMock)&#10;Supported signatures:&#10;  PySide6.QtWidgets.QBoxLayout.addWidget(arg__1: PySide6.QtWidgets.QWidget, /, stretch: int | None = None, alignment: PySide6.QtCore.Qt.AlignmentFlag = Default(Qt.Alignment))&quot;">tests\test_browser_window.py:25: in browser_window
    window = BrowserWindow()
             ^^^^^^^^^^^^^^^
browser\browser_window.py:47: in __init__
    self.add_new_tab(QUrl(homepage), "New Tab")
browser\browser_window.py:326: in add_new_tab
    tab = TabWidget(self)
          ^^^^^^^^^^^^^^^
browser\tab_widget.py:40: in __init__
    self.layout.addWidget(self.browser)
E   TypeError: 'PySide6.QtWidgets.QBoxLayout.addWidget' called with wrong argument types:
E     PySide6.QtWidgets.QBoxLayout.addWidget(MagicMock)
E   Supported signatures:
E     PySide6.QtWidgets.QBoxLayout.addWidget(arg__1: PySide6.QtWidgets.QWidget, /, stretch: int | None = None, alignment: PySide6.QtCore.Qt.AlignmentFlag = Default(Qt.Alignment))</error></testcase><testcase classname="tests.test_browser_window.TestBrowserWindowClosedTabDeque" name="test_closed_tabs_maxlen_enforced" time="0.007"><error message="failed on setup with &quot;TypeError: 'PySide6.QtWidgets.QBoxLayout.addWidget' called with wrong argument types:&#10;  PySide6.QtWidgets.QBoxLayout.addWidget(MagicMock)&#10;Supported signatures:&#10;  PySide6.QtWidgets.QBoxLayout.addWidget(arg__1: PySide6.QtWidgets.QWidget, /, stretch: int | None = None, alignment: PySide6.QtCore.Qt.AlignmentFlag = Default(Qt.Alignment))&quot;">tests\test_browser_window.py:25: in browser_window
    window = BrowserWindow()
             ^^^^^^^^^^^^^^^
browser\browser_window.py:47: in __init__
    self.add_new_tab(QUrl(homepage), "New Tab")
browser\browser_window.py:326: in add_new_tab
    tab = TabWidget(self)
          ^^^^^^^^^^^^^^^
browser\tab_widget.py:40: in __init__
    self.layout.addWidget(self.browser)
E   TypeError: 'PySide6.QtWidgets.QBoxLayout.addWidget' called with wrong argument types:
E     PySide6.QtWidgets.QBoxLayout.addWidget(MagicMock)
E   Supported signatures:
E     PySide6.QtWidgets.QBoxLayout.addWidget(arg__1: PySide6.QtWidgets.QWidget, /, stretch: int | None = None, alignment: PySide6.QtCore.Qt.AlignmentFlag = Default(Qt.Alignment))</error></testcase><testcase classname="tests.test_browser_window.TestBrowserWindowTabNavigation" name="test_next_tab" time="0.008"><error message="failed on setup with &quot;TypeError: 'PySide6.QtWidgets.QBoxLayout.addWidget' called with wrong argument types:&#10;  PySide6.QtWidgets.QBoxLayout.addWidget(MagicMock)&#10;Supported signatures:&#10;  PySide6.QtWidgets.QBoxLayout.addWidget(arg__1: PySide6.QtWidgets.QWidget, /, stretch: int | None = None, alignment: PySide6.QtCore.Qt.AlignmentFlag = Default(Qt.Alignment))&quot;">tests\test_browser_window.py:25: in browser_window
    window = BrowserWindow()
             ^^^^^^^^^^^^^^^
browser\browser_window.py:47: in __init__
    self.add_new_tab(QUrl(homepage), "New Tab")
browser\browser_window.py:326: in add_new_tab
    tab = TabWidget(self)
          ^^^^^^^^^^^^^^^
browser\tab_widget.py:40: in __init__
    self.layout.addWidget(self.browser)
E   TypeError: 'PySide6.QtWidgets.QBoxLayout.addWidget' called with wrong argument types:
E     PySide6.QtWidgets.QBoxLayout.addWidget(MagicMock)
E   Supported signatures:
E     PySide6.QtWidgets.QBoxLayout.addWidget(arg__1: PySide6.QtWidgets.QWidget, /, stretch: int | None = None, alignment: PySide6.QtCore.Qt.AlignmentFlag = Default(Qt.Alignment))</error></testcase><testcase classname="tests.test_browser_window.TestBrowserWindowTabNavigation" name="test_prev_tab" time="0.011"><error message="failed on setup with &quot;TypeError: 'PySide6.QtWidgets.QBoxLayout.addWidget' called with wrong argument types:&#10;  PySide6.QtWidgets.QBoxLayout.addWidget(MagicMock)&#10;Supported signatures:&#10;  PySide6.QtWidgets.QBoxLayout.addWidget(arg__1: PySide6.QtWidgets.QWidget, /, stretch: int | None = None, alignment: PySide6.QtCore.Qt.AlignmentFlag = Default(Qt.Alignment))&quot;">tests\test_browser_window.py:25: in browser_window
    window = BrowserWindow()
             ^^^^^^^^^^^^^^^
browser\browser_window.py:47: in __init__
    self.add_new_tab(QUrl(homepage), "New Tab")
browser\browser_window.py:326: in add_new_tab
    tab = TabWidget(self)
          ^^^^^^^^^^^^^^^
browser\tab_widget.py:40: in __init__
    self.layout.addWidget(self.browser)
E   TypeError: 'PySide6.QtWidgets.QBoxLayout.addWidget' called with wrong argument types:
E     PySide6.QtWidgets.QBoxLayout.addWidget(MagicMock)
E   Supported signatures:
E     PySide6.QtWidgets.QBoxLayout.addWidget(arg__1: PySide6.QtWidgets.QWidget, /, stretch: int | None = None, alignment: PySide6.QtCore.Qt.AlignmentFlag = Default(Qt.Alignment))</error></testcase><testcase classname="tests.test_browser_window.TestBrowserWindowTabNavigation" name="test_jump_to_specific_tab" time="0.012"><error message="failed on setup with &quot;TypeError: 'PySide6.QtWidgets.QBoxLayout.addWidget' called with wrong argument types:&#10;  PySide6.QtWidgets.QBoxLayout.addWidget(MagicMock)&#10;Supported signatures:&#10;  PySide6.QtWidgets.QBoxLayout.addWidget(arg__1: PySide6.QtWidgets.QWidget, /, stretch: int | None = None, alignment: PySide6.QtCore.Qt.AlignmentFlag = Default(Qt.Alignment))&quot;">tests\test_browser_window.py:25: in browser_window
    window = BrowserWindow()
             ^^^^^^^^^^^^^^^
browser\browser_window.py:47: in __init__
    self.add_new_tab(QUrl(homepage), "New Tab")
browser\browser_window.py:326: in add_new_tab
    tab = TabWidget(self)
          ^^^^^^^^^^^^^^^
browser\tab_widget.py:40: in __init__
    self.layout.addWidget(self.browser)
E   TypeError: 'PySide6.QtWidgets.QBoxLayout.addWidget' called with wrong argument types:
E     PySide6.QtWidgets.QBoxLayout.addWidget(MagicMock)
E   Supported signatures:
E     PySide6.QtWidgets.QBoxLayout.addWidget(arg__1: PySide6.QtWidgets.QWidget, /, stretch: int | None = None, alignment: PySide6.QtCore.Qt.AlignmentFlag = Default(Qt.Alignment))</error></testcase><testcase classname="tests.test_browser_window.TestBrowserWindowTabNavigation" name="test_jump_to_last_tab" time="0.009"><error message="failed on setup with &quot;TypeError: 'PySide6.QtWidgets.QBoxLayout.addWidget' called with wrong argument types:&#10;  PySide6.QtWidgets.QBoxLayout.addWidget(MagicMock)&#10;Supported signatures:&#10;  PySide6.QtWidgets.QBoxLayout.addWidget(arg__1: PySide6.QtWidgets.QWidget, /, stretch: int | None = None, alignment: PySide6.QtCore.Qt.AlignmentFlag = Default(Qt.Alignment))&quot;">tests\test_browser_window.py:25: in browser_window
    window = BrowserWindow()
             ^^^^^^^^^^^^^^^
browser\browser_window.py:47: in __init__
    self.add_new_tab(QUrl(homepage), "New Tab")
browser\browser_window.py:326: in add_new_tab
    tab = TabWidget(self)
          ^^^^^^^^^^^^^^^
browser\tab_widget.py:40: in __init__
    self.layout.addWidget(self.browser)
E   TypeError: 'PySide6.QtWidgets.QBoxLayout.addWidget' called with wrong argument types:
E     PySide6.QtWidgets.QBoxLayout.addWidget(MagicMock)
E   Supported signatures:
E     PySide6.QtWidgets.QBoxLayout.addWidget(arg__1: PySide6.QtWidgets.QWidget, /, stretch: int | None = None, alignment: PySide6.QtCore.Qt.AlignmentFlag = Default(Qt.Alignment))</error></testcase><testcase classname="tests.test_browser_window.TestBrowserWindowZoom" name="test_zoom_in" time="0.007"><error message="failed on setup with &quot;TypeError: 'PySide6.QtWidgets.QBoxLayout.addWidget' called with wrong argument types:&#10;  PySide6.QtWidgets.QBoxLayout.addWidget(MagicMock)&#10;Supported signatures:&#10;  PySide6.QtWidgets.QBoxLayout.addWidget(arg__1: PySide6.QtWidgets.QWidget, /, stretch: int | None = None, alignment: PySide6.QtCore.Qt.AlignmentFlag = Default(Qt.Alignment))&quot;">tests\test_browser_window.py:25: in browser_window
    window = BrowserWindow()
             ^^^^^^^^^^^^^^^
browser\browser_window.py:47: in __init__
    self.add_new_tab(QUrl(homepage), "New Tab")
browser\browser_window.py:326: in add_new_tab
    tab = TabWidget(self)
          ^^^^^^^^^^^^^^^
browser\tab_widget.py:40: in __init__
    self.layout.addWidget(self.browser)
E   TypeError: 'PySide6.QtWidgets.QBoxLayout.addWidget' called with wrong argument types:
E     PySide6.QtWidgets.QBoxLayout.addWidget(MagicMock)
E   Supported signatures:
E     PySide6.QtWidgets.QBoxLayout.addWidget(arg__1: PySide6.QtWidgets.QWidget, /, stretch: int | None = None, alignment: PySide6.QtCore.Qt.AlignmentFlag = Default(Qt.Alignment))</error></testcase><testcase classname="tests.test_browser_window.TestBrowserWindowZoom" name="test_zoom_out" time="0.007"><error message="failed on setup with &quot;TypeError: 'PySide6.QtWidgets.QBoxLayout.addWidget' called with wrong argument types:&#10;  PySide6.QtWidgets.QBoxLayout.addWidget(MagicMock)&#10;Supported signatures:&#10;  PySide6.QtWidgets.QBoxLayout.addWidget(arg__1: PySide6.QtWidgets.QWidget, /, stretch: int | None = None, alignment: PySide6.QtCore.Qt.AlignmentFlag = Default(Qt.Alignment))&quot;">tests\test_browser_window.py:25: in browser_window
    window = BrowserWindow()
             ^^^^^^^^^^^^^^^
browser\browser_window.py:47: in __init__
    self.add_new_tab(QUrl(homepage), "New Tab")
browser\browser_window.py:326: in add_new_tab
    tab = TabWidget(self)
          ^^^^^^^^^^^^^^^
browser\tab_widget.py:40: in __init__
    self.layout.addWidget(self.browser)
E   TypeError: 'PySide6.QtWidgets.QBoxLayout.addWidget' called with wrong argument types:
E     PySide6.QtWidgets.QBoxLayout.addWidget(MagicMock)
E   Supported signatures:
E     PySide6.QtWidgets.QBoxLayout.addWidget(arg__1: PySide6.QtWidgets.QWidget, /, stretch: int | None = None, alignment: PySide6.QtCore.Qt.AlignmentFlag = Default(Qt.Alignment))</error></testcase><testcase classname="tests.test_browser_window.TestBrowserWindowZoom" name="test_zoom_reset" time="0.007"><error message="failed on setup with &quot;TypeError: 'PySide6.QtWidgets.QBoxLayout.addWidget' called with wrong argument types:&#10;  PySide6.QtWidgets.QBoxLayout.addWidget(MagicMock)&#10;Supported signatures:&#10;  PySide6.QtWidgets.QBoxLayout.addWidget(arg__1: PySide6.QtWidgets.QWidget, /, stretch: int | None = None, alignment: PySide6.QtCore.Qt.AlignmentFlag = Default(Qt.Alignment))&quot;">tests\test_browser_window.py:25: in browser_window
    window = BrowserWindow()
             ^^^^^^^^^^^^^^^
browser\browser_window.py:47: in __init__
    self.add_new_tab(QUrl(homepage), "New Tab")
browser\browser_window.py:326: in add_new_tab
    tab = TabWidget(self)
          ^^^^^^^^^^^^^^^
browser\tab_widget.py:40: in __init__
    self.layout.addWidget(self.browser)
E   TypeError: 'PySide6.QtWidgets.QBoxLayout.addWidget' called with wrong argument types:
E     PySide6.QtWidgets.QBoxLayout.addWidget(MagicMock)
E   Supported signatures:
E     PySide6.QtWidgets.QBoxLayout.addWidget(arg__1: PySide6.QtWidgets.QWidget, /, stretch: int | None = None, alignment: PySide6.QtCore.Qt.AlignmentFlag = Default(Qt.Alignment))</error></testcase><testcase classname="tests.test_browser_window.TestBrowserWindowNavigation" name="test_go_home" time="0.008"><error message="failed on setup with &quot;TypeError: 'PySide6.QtWidgets.QBoxLayout.addWidget' called with wrong argument types:&#10;  PySide6.QtWidgets.QBoxLayout.addWidget(MagicMock)&#10;Supported signatures:&#10;  PySide6.QtWidgets.QBoxLayout.addWidget(arg__1: PySide6.QtWidgets.QWidget, /, stretch: int | None = None, alignment: PySide6.QtCore.Qt.AlignmentFlag = Default(Qt.Alignment))&quot;">tests\test_browser_window.py:25: in browser_window
    window = BrowserWindow()
             ^^^^^^^^^^^^^^^
browser\browser_window.py:47: in __init__
    self.add_new_tab(QUrl(homepage), "New Tab")
browser\browser_window.py:326: in add_new_tab
    tab = TabWidget(self)
          ^^^^^^^^^^^^^^^
browser\tab_widget.py:40: in __init__
    self.layout.addWidget(self.browser)
E   TypeError: 'PySide6.QtWidgets.QBoxLayout.addWidget' called with wrong argument types:
E     PySide6.QtWidgets.QBoxLayout.addWidget(MagicMock)
E   Supported signatures:
E     PySide6.QtWidgets.QBoxLayout.addWidget(arg__1: PySide6.QtWidgets.QWidget, /, stretch: int | None = None, alignment: PySide6.QtCore.Qt.AlignmentFlag = Default(Qt.Alignment))</error></testcase><testcase classname="tests.test_browser_window.TestBrowserWindowNavigation" name="test_stop_loading" time="0.014"><error message="failed on setup with &quot;TypeError: 'PySide6.QtWidgets.QBoxLayout.addWidget' called with wrong argument types:&#10;  PySide6.QtWidgets.QBoxLayout.addWidget(MagicMock)&#10;Supported signatures:&#10;  PySide6.QtWidgets.QBoxLayout.addWidget(arg__1: PySide6.QtWidgets.QWidget, /, stretch: int | None = None, alignment: PySide6.QtCore.Qt.AlignmentFlag = Default(Qt.Alignment))&quot;">tests\test_browser_window.py:25: in browser_window
    window = BrowserWindow()
             ^^^^^^^^^^^^^^^
browser\browser_window.py:47: in __init__
    self.add_new_tab(QUrl(homepage), "New Tab")
browser\browser_window.py:326: in add_new_tab
    tab = TabWidget(self)
          ^^^^^^^^^^^^^^^
browser\tab_widget.py:40: in __init__
    self.layout.addWidget(self.browser)
E   TypeError: 'PySide6.QtWidgets.QBoxLayout.addWidget' called with wrong argument types:
E     PySide6.QtWidgets.QBoxLayout.addWidget(MagicMock)
E   Supported signatures:
E     PySide6.QtWidgets.QBoxLayout.addWidget(arg__1: PySide6.QtWidgets.QWidget, /, stretch: int | None = None, alignment: PySide6.QtCore.Qt.AlignmentFlag = Default(Qt.Alignment))</error></testcase><testcase classname="tests.test_browser_window.TestBrowserWindowBookmarks" name="test_bookmark_current_page" time="0.007"><error message="failed on setup with &quot;TypeError: 'PySide6.QtWidgets.QBoxLayout.addWidget' called with wrong argument types:&#10;  PySide6.QtWidgets.QBoxLayout.addWidget(MagicMock)&#10;Supported signatures:&#10;  PySide6.QtWidgets.QBoxLayout.addWidget(arg__1: PySide6.QtWidgets.QWidget, /, stretch: int | None = None, alignment: PySide6.QtCore.Qt.AlignmentFlag = Default(Qt.Alignment))&quot;">tests\test_browser_window.py:25: in browser_window
    window = BrowserWindow()
             ^^^^^^^^^^^^^^^
browser\browser_window.py:47: in __init__
    self.add_new_tab(QUrl(homepage), "New Tab")
browser\browser_window.py:326: in add_new_tab
    tab = TabWidget(self)
          ^^^^^^^^^^^^^^^
browser\tab_widget.py:40: in __init__
    self.layout.addWidget(self.browser)
E   TypeError: 'PySide6.QtWidgets.QBoxLayout.addWidget' called with wrong argument types:
E     PySide6.QtWidgets.QBoxLayout.addWidget(MagicMock)
E   Supported signatures:
E     PySide6.QtWidgets.QBoxLayout.addWidget(arg__1: PySide6.QtWidgets.QWidget, /, stretch: int | None = None, alignment: PySide6.QtCore.Qt.AlignmentFlag = Default(Qt.Alignment))</error></testcase><testcase classname="tests.test_browser_window.TestBrowserWindowStatusBar" name="test_not_implemented_stub_shows_message" time="0.008"><error message="failed on setup with &quot;TypeError: 'PySide6.QtWidgets.QBoxLayout.addWidget' called with wrong argument types:&#10;  PySide6.QtWidgets.QBoxLayout.addWidget(MagicMock)&#10;Supported signatures:&#10;  PySide6.QtWidgets.QBoxLayout.addWidget(arg__1: PySide6.QtWidgets.QWidget, /, stretch: int | None = None, alignment: PySide6.QtCore.Qt.AlignmentFlag = Default(Qt.Alignment))&quot;">tests\test_browser_window.py:25: in browser_window
    window = BrowserWindow()
             ^^^^^^^^^^^^^^^
browser\browser_window.py:47: in __init__
    self.add_new_tab(QUrl(homepage), "New Tab")
browser\browser_window.py:326: in add_new_tab
    tab = TabWidget(self)
          ^^^^^^^^^^^^^^^
browser\tab_widget.py:40: in __init__
    self.layout.addWidget(self.browser)
E   TypeError: 'PySide6.QtWidgets.QBoxLayout.addWidget' called with wrong argument types:
E     PySide6.QtWidgets.QBoxLayout.addWidget(MagicMock)
E   Supported signatures:
E     PySide6.QtWidgets.QBoxLayout.addWidget(arg__1: PySide6.QtWidgets.QWidget, /, stretch: int | None = None, alignment: PySide6.QtCore.Qt.AlignmentFlag = Default(Qt.Alignment))</error></testcase><testcase classname="tests.test_browser_window.TestBrowserWindowFocusURL" name="test_focus_url_bar" time="0.008"><error message="failed on setup with &quot;TypeError: 'PySide6.QtWidgets.QBoxLayout.addWidget' called with wrong argument types:&#10;  PySide6.QtWidgets.QBoxLayout.addWidget(MagicMock)&#10;Supported signatures:&#10;  PySide6.QtWidgets.QBoxLayout.addWidget(arg__1: PySide6.QtWidgets.QWidget, /, stretch: int | None = None, alignment: PySide6.QtCore.Qt.AlignmentFlag = Default(Qt.Alignment))&quot;">tests\test_browser_window.py:25: in browser_window
    window = BrowserWindow()
             ^^^^^^^^^^^^^^^
browser\browser_window.py:47: in __init__
    self.add_new_tab(QUrl(homepage), "New Tab")
browser\browser_window.py:326: in add_new_tab
    tab = TabWidget(self)
          ^^^^^^^^^^^^^^^
browser\tab_widget.py:40: in __init__
    self.layout.addWidget(self.browser)
E   TypeError: 'PySide6.QtWidgets.QBoxLayout.addWidget' called with wrong argument types:
E     PySide6.QtWidgets.QBoxLayout.addWidget(MagicMock)
E   Supported signatures:
E     PySide6.QtWidgets.QBoxLayout.addWidget(arg__1: PySide6.QtWidgets.QWidget, /, stretch: int | None = None, alignment: PySide6.QtCore.Qt.AlignmentFlag = Default(Qt.Alignment))</error></testcase><testcase classname="tests.test_history_manager.TestHistoryManagerBasics" name="test_add_history_entry" time="0.009" /><testcase classname="tests.test_history_manager.TestHistoryManagerBasics" name="test_get_recent_urls_limited" time="0.052" /><testcase classname="tests.test_history_manager.TestHistoryManagerBasics" name="test_add_empty_url_ignored" time="0.027"><failure message="AssertionError: assert 50 == 0&#10; +  where 50 = len(['https://example9.com', 'https://example8.com', 'https://example7.com', 'https://example6.com', 'https://example5.com', 'https://example4.com', 'https://example3.com', 'https://example2.com', 'https://example1.com', 'https://example0.com', 'https://example.com', 'file:///home/file.html', 'http://example.com', 'https://example.com', 'https://example1049.com', 'https://example1048.com', 'https://example1047.com', 'https://example1046.com', 'https://example1045.com', 'https://example1044.com', 'https://example1043.com', 'https://example1042.com', 'https://example1041.com', 'https://example1040.com', 'https://example1039.com', 'https://example1038.com', 'https://example1037.com', 'https://example1036.com', 'https://example1035.com', 'https://example1034.com', 'https://example1033.com', 'https://example1032.com', 'https://example1031.com', 'https://example1030.com', 'https://example1029.com', 'https://example1028.com', 'https://example1027.com', 'https://example1026.com', 'https://example1025.com', 'https://example1024.com', 'https://example1023.com', 'https://example1022.com', 'https://example1021.com', 'https://example1020.com', 'https://example1019.com', 'https://example1018.com', 'https://example1017.com', 'https://example1016.com', 'https://example1015.com', 'https://example1014.com'])">tests\test_history_manager.py:37: in test_add_empty_url_ignored
    assert len(recent) == 0
E   AssertionError: assert 50 == 0
E    +  where 50 = len(['https://example9.com', 'https://example8.com', 'https://example7.com', 'https://example6.com', 'https://example5.com', 'https://example4.com', 'https://example3.com', 'https://example2.com', 'https://example1.com', 'https://example0.com', 'https://example.com', 'file:///home/file.html', 'http://example.com', 'https://example.com', 'https://example1049.com', 'https://example1048.com', 'https://example1047.com', 'https://example1046.com', 'https://example1045.com', 'https://example1044.com', 'https://example1043.com', 'https://example1042.com', 'https://example1041.com', 'https://example1040.com', 'https://example1039.com', 'https://example1038.com', 'https://example1037.com', 'https://example1036.com', 'https://example1035.com', 'https://example1034.com', 'https://example1033.com', 'https://example1032.com', 'https://example1031.com', 'https://example1030.com', 'https://example1029.com', 'https://example1028.com', 'https://example1027.com', 'https://example1026.com', 'https://example1025.com', 'https://example1024.com', 'https://example1023.com', 'https://example1022.com', 'https://example1021.com', 'https://example1020.com', 'https://example1019.com', 'https://example1018.com', 'https://example1017.com', 'https://example1016.com', 'https://example1015.com', 'https://example1014.com'])</failure></testcase><testcase classname="tests.test_history_manager.TestHistoryManagerBasics" name="test_add_devtools_url_ignored" time="0.003"><failure message="AssertionError: assert 50 == 0&#10; +  where 50 = len(['https://example9.com', 'https://example8.com', 'https://example7.com', 'https://example6.com', 'https://example5.com', 'https://example4.com', 'https://example3.com', 'https://example2.com', 'https://example1.com', 'https://example0.com', 'https://example.com', 'file:///home/file.html', 'http://example.com', 'https://example.com', 'https://example1049.com', 'https://example1048.com', 'https://example1047.com', 'https://example1046.com', 'https://example1045.com', 'https://example1044.com', 'https://example1043.com', 'https://example1042.com', 'https://example1041.com', 'https://example1040.com', 'https://example1039.com', 'https://example1038.com', 'https://example1037.com', 'https://example1036.com', 'https://example1035.com', 'https://example1034.com', 'https://example1033.com', 'https://example1032.com', 'https://example1031.com', 'https://example1030.com', 'https://example1029.com', 'https://example1028.com', 'https://example1027.com', 'https://example1026.com', 'https://example1025.com', 'https://example1024.com', 'https://example1023.com', 'https://example1022.com', 'https://example1021.com', 'https://example1020.com', 'https://example1019.com', 'https://example1018.com', 'https://example1017.com', 'https://example1016.com', 'https://example1015.com', 'https://example1014.com'])">tests\test_history_manager.py:43: in test_add_devtools_url_ignored
    assert len(recent) == 0
E   AssertionError: assert 50 == 0
E    +  where 50 = len(['https://example9.com', 'https://example8.com', 'https://example7.com', 'https://example6.com', 'https://example5.com', 'https://example4.com', 'https://example3.com', 'https://example2.com', 'https://example1.com', 'https://example0.com', 'https://example.com', 'file:///home/file.html', 'http://example.com', 'https://example.com', 'https://example1049.com', 'https://example1048.com', 'https://example1047.com', 'https://example1046.com', 'https://example1045.com', 'https://example1044.com', 'https://example1043.com', 'https://example1042.com', 'https://example1041.com', 'https://example1040.com', 'https://example1039.com', 'https://example1038.com', 'https://example1037.com', 'https://example1036.com', 'https://example1035.com', 'https://example1034.com', 'https://example1033.com', 'https://example1032.com', 'https://example1031.com', 'https://example1030.com', 'https://example1029.com', 'https://example1028.com', 'https://example1027.com', 'https://example1026.com', 'https://example1025.com', 'https://example1024.com', 'https://example1023.com', 'https://example1022.com', 'https://example1021.com', 'https://example1020.com', 'https://example1019.com', 'https://example1018.com', 'https://example1017.com', 'https://example1016.com', 'https://example1015.com', 'https://example1014.com'])</failure></testcase><testcase classname="tests.test_history_manager.TestHistoryManagerBasics" name="test_add_file_url" time="0.006"><failure message="AssertionError: assert 50 == 1&#10; +  where 50 = len(['file:///home/user/document.html', 'https://example9.com', 'https://example8.com', 'https://example7.com', 'https://example6.com', 'https://example5.com', 'https://example4.com', 'https://example3.com', 'https://example2.com', 'https://example1.com', 'https://example0.com', 'https://example.com', 'file:///home/file.html', 'http://example.com', 'https://example.com', 'https://example1049.com', 'https://example1048.com', 'https://example1047.com', 'https://example1046.com', 'https://example1045.com', 'https://example1044.com', 'https://example1043.com', 'https://example1042.com', 'https://example1041.com', 'https://example1040.com', 'https://example1039.com', 'https://example1038.com', 'https://example1037.com', 'https://example1036.com', 'https://example1035.com', 'https://example1034.com', 'https://example1033.com', 'https://example1032.com', 'https://example1031.com', 'https://example1030.com', 'https://example1029.com', 'https://example1028.com', 'https://example1027.com', 'https://example1026.com', 'https://example1025.com', 'https://example1024.com', 'https://example1023.com', 'https://example1022.com', 'https://example1021.com', 'https://example1020.com', 'https://example1019.com', 'https://example1018.com', 'https://example1017.com', 'https://example1016.com', 'https://example1015.com'])">tests\test_history_manager.py:49: in test_add_file_url
    assert len(recent) == 1
E   AssertionError: assert 50 == 1
E    +  where 50 = len(['file:///home/user/document.html', 'https://example9.com', 'https://example8.com', 'https://example7.com', 'https://example6.com', 'https://example5.com', 'https://example4.com', 'https://example3.com', 'https://example2.com', 'https://example1.com', 'https://example0.com', 'https://example.com', 'file:///home/file.html', 'http://example.com', 'https://example.com', 'https://example1049.com', 'https://example1048.com', 'https://example1047.com', 'https://example1046.com', 'https://example1045.com', 'https://example1044.com', 'https://example1043.com', 'https://example1042.com', 'https://example1041.com', 'https://example1040.com', 'https://example1039.com', 'https://example1038.com', 'https://example1037.com', 'https://example1036.com', 'https://example1035.com', 'https://example1034.com', 'https://example1033.com', 'https://example1032.com', 'https://example1031.com', 'https://example1030.com', 'https://example1029.com', 'https://example1028.com', 'https://example1027.com', 'https://example1026.com', 'https://example1025.com', 'https://example1024.com', 'https://example1023.com', 'https://example1022.com', 'https://example1021.com', 'https://example1020.com', 'https://example1019.com', 'https://example1018.com', 'https://example1017.com', 'https://example1016.com', 'https://example1015.com'])</failure></testcase><testcase classname="tests.test_history_manager.TestHistoryManagerPersistence" name="test_history_persists_to_disk" time="0.088"><failure message="AssertionError: assert 1000 == 1&#10; +  where 1000 = len([{'url': 'https://example.com', 'title': 'Example', 'timestamp': '2026-05-30T00:37:03.523053'}, {'url': 'file:///home/user/document.html', 'title': 'Local File', 'timestamp': '2026-05-30T00:37:03.477438'}, {'url': 'https://example9.com', 'title': 'Page https://example9.com', 'timestamp': '2026-05-30T00:37:03.431272'}, {'url': 'https://example8.com', 'title': 'Page https://example8.com', 'timestamp': '2026-05-30T00:37:03.428996'}, {'url': 'https://example7.com', 'title': 'Page https://example7.com', 'timestamp': '2026-05-30T00:37:03.425830'}, {'url': 'https://example6.com', 'title': 'Page https://example6.com', 'timestamp': '2026-05-30T00:37:03.423347'}, {'url': 'https://example5.com', 'title': 'Page https://example5.com', 'timestamp': '2026-05-30T00:37:03.421079'}, {'url': 'https://example4.com', 'title': 'Page https://example4.com', 'timestamp': '2026-05-30T00:37:03.418887'}, {'url': 'https://example3.com', 'title': 'Page https://example3.com', 'timestamp': '2026-05-30T00:37:03.416612'}, {'url': 'https://example2.com', 'title': 'Page https://example2.com', 'timestamp': '2026-05-30T00:37:03.414328'}, {'url': 'https://example1.com', 'title': 'Page https://example1.com', 'timestamp': '2026-05-30T00:37:03.411924'}, {'url': 'https://example0.com', 'title': 'Page https://example0.com', 'timestamp': '2026-05-30T00:37:03.408413'}, {'url': 'https://example.com', 'title': 'Example Domain', 'timestamp': '2026-05-30T00:37:03.377159'}, {'url': 'file:///home/file.html', 'title': 'Test', 'timestamp': '2026-05-30T00:35:31.899236'}, {'url': 'http://example.com', 'title': 'Test', 'timestamp': '2026-05-30T00:35:31.864644'}, {'url': 'https://example.com', 'title': 'Test', 'timestamp': '2026-05-30T00:35:31.834593'}, {'url': 'https://example1049.com', 'title': 'Page 1049', 'timestamp': '2026-05-30T00:35:31.799892'}, {'url': 'https://example1048.com', 'title': 'Page 1048', 'timestamp': '2026-05-30T00:35:31.797353'}, {'url': 'https://example1047.com', 'title': 'Page 1047', 'timestamp': '2026-05-30T00:35:31.794951'}, {'url': 'https://example1046.com', 'title': 'Page 1046', 'timestamp': '2026-05-30T00:35:31.792214'}, {'url': 'https://example1045.com', 'title': 'Page 1045', 'timestamp': '2026-05-30T00:35:31.788854'}, {'url': 'https://example1044.com', 'title': 'Page 1044', 'timestamp': '2026-05-30T00:35:31.786329'}, {'url': 'https://example1043.com', 'title': 'Page 1043', 'timestamp': '2026-05-30T00:35:31.784038'}, {'url': 'https://example1042.com', 'title': 'Page 1042', 'timestamp': '2026-05-30T00:35:31.781490'}, {'url': 'https://example1041.com', 'title': 'Page 1041', 'timestamp': '2026-05-30T00:35:31.778955'}, {'url': 'https://example1040.com', 'title': 'Page 1040', 'timestamp': '2026-05-30T00:35:31.776194'}, {'url': 'https://example1039.com', 'title': 'Page 1039', 'timestamp': '2026-05-30T00:35:31.773050'}, {'url': 'https://example1038.com', 'title': 'Page 1038', 'timestamp': '2026-05-30T00:35:31.770163'}, {'url': 'https://example1037.com', 'title': 'Page 1037', 'timestamp': '2026-05-30T00:35:31.768003'}, {'url': 'https://example1036.com', 'title': 'Page 1036', 'timestamp': '2026-05-30T00:35:31.765738'}, {'url': 'https://example1035.com', 'title': 'Page 1035', 'timestamp': '2026-05-30T00:35:31.763374'}, {'url': 'https://example1034.com', 'title': 'Page 1034', 'timestamp': '2026-05-30T00:35:31.761053'}, {'url': 'https://example1033.com', 'title': 'Page 1033', 'timestamp': '2026-05-30T00:35:31.758403'}, {'url': 'https://example1032.com', 'title': 'Page 1032', 'timestamp': '2026-05-30T00:35:31.754831'}, {'url': 'https://example1031.com', 'title': 'Page 1031', 'timestamp': '2026-05-30T00:35:31.752584'}, {'url': 'https://example1030.com', 'title': 'Page 1030', 'timestamp': '2026-05-30T00:35:31.750425'}, {'url': 'https://example1029.com', 'title': 'Page 1029', 'timestamp': '2026-05-30T00:35:31.747861'}, {'url': 'https://example1028.com', 'title': 'Page 1028', 'timestamp': '2026-05-30T00:35:31.745555'}, {'url': 'https://example1027.com', 'title': 'Page 1027', 'timestamp': '2026-05-30T00:35:31.743040'}, {'url': 'https://example1026.com', 'title': 'Page 1026', 'timestamp': '2026-05-30T00:35:31.740055'}, {'url': 'https://example1025.com', 'title': 'Page 1025', 'timestamp': '2026-05-30T00:35:31.737112'}, {'url': 'https://example1024.com', 'title': 'Page 1024', 'timestamp': '2026-05-30T00:35:31.734825'}, {'url': 'https://example1023.com', 'title': 'Page 1023', 'timestamp': '2026-05-30T00:35:31.732385'}, {'url': 'https://example1022.com', 'title': 'Page 1022', 'timestamp': '2026-05-30T00:35:31.730185'}, {'url': 'https://example1021.com', 'title': 'Page 1021', 'timestamp': '2026-05-30T00:35:31.727788'}, {'url': 'https://example1020.com', 'title': 'Page 1020', 'timestamp': '2026-05-30T00:35:31.725095'}, {'url': 'https://example1019.com', 'title': 'Page 1019', 'timestamp': '2026-05-30T00:35:31.721120'}, {'url': 'https://example1018.com', 'title': 'Page 1018', 'timestamp': '2026-05-30T00:35:31.718877'}, {'url': 'https://example1017.com', 'title': 'Page 1017', 'timestamp': '2026-05-30T00:35:31.716318'}, {'url': 'https://example1016.com', 'title': 'Page 1016', 'timestamp': '2026-05-30T00:35:31.714069'}, {'url': 'https://example1015.com', 'title': 'Page 1015', 'timestamp': '2026-05-30T00:35:31.711635'}, {'url': 'https://example1014.com', 'title': 'Page 1014', 'timestamp': '2026-05-30T00:35:31.709052'}, {'url': 'https://example1013.com', 'title': 'Page 1013', 'timestamp': '2026-05-30T00:35:31.705808'}, {'url': 'https://example1012.com', 'title': 'Page 1012', 'timestamp': '2026-05-30T00:35:31.703136'}, {'url': 'https://example1011.com', 'title': 'Page 1011', 'timestamp': '2026-05-30T00:35:31.701064'}, {'url': 'https://example1010.com', 'title': 'Page 1010', 'timestamp': '2026-05-30T00:35:31.699009'}, {'url': 'https://example1009.com', 'title': 'Page 1009', 'timestamp': '2026-05-30T00:35:31.696705'}, {'url': 'https://example1008.com', 'title': 'Page 1008', 'timestamp': '2026-05-30T00:35:31.694486'}, {'url': 'https://example1007.com', 'title': 'Page 1007', 'timestamp': '2026-05-30T00:35:31.692238'}, {'url': 'https://example1006.com', 'title': 'Page 1006', 'timestamp': '2026-05-30T00:35:31.689295'}, {'url': 'https://example1005.com', 'title': 'Page 1005', 'timestamp': '2026-05-30T00:35:31.686573'}, {'url': 'https://example1004.com', 'title': 'Page 1004', 'timestamp': '2026-05-30T00:35:31.684424'}, {'url': 'https://example1003.com', 'title': 'Page 1003', 'timestamp': '2026-05-30T00:35:31.682287'}, {'url': 'https://example1002.com', 'title': 'Page 1002', 'timestamp': '2026-05-30T00:35:31.679994'}, {'url': 'https://example1001.com', 'title': 'Page 1001', 'timestamp': '2026-05-30T00:35:31.677552'}, {'url': 'https://example1000.com', 'title': 'Page 1000', 'timestamp': '2026-05-30T00:35:31.675233'}, {'url': 'https://example999.com', 'title': 'Page 999', 'timestamp': '2026-05-30T00:35:31.671580'}, {'url': 'https://example998.com', 'title': 'Page 998', 'timestamp': '2026-05-30T00:35:31.669175'}, {'url': 'https://example997.com', 'title': 'Page 997', 'timestamp': '2026-05-30T00:35:31.666962'}, {'url': 'https://example996.com', 'title': 'Page 996', 'timestamp': '2026-05-30T00:35:31.664456'}, {'url': 'https://example995.com', 'title': 'Page 995', 'timestamp': '2026-05-30T00:35:31.662271'}, {'url': 'https://example994.com', 'title': 'Page 994', 'timestamp': '2026-05-30T00:35:31.659984'}, {'url': 'https://example993.com', 'title': 'Page 993', 'timestamp': '2026-05-30T00:35:31.657515'}, {'url': 'https://example992.com', 'title': 'Page 992', 'timestamp': '2026-05-30T00:35:31.654436'}, {'url': 'https://example991.com', 'title': 'Page 991', 'timestamp': '2026-05-30T00:35:31.652368'}, {'url': 'https://example990.com', 'title': 'Page 990', 'timestamp': '2026-05-30T00:35:31.650263'}, {'url': 'https://example989.com', 'title': 'Page 989', 'timestamp': '2026-05-30T00:35:31.647953'}, {'url': 'https://example988.com', 'title': 'Page 988', 'timestamp': '2026-05-30T00:35:31.645892'}, {'url': 'https://example987.com', 'title': 'Page 987', 'timestamp': '2026-05-30T00:35:31.643652'}, {'url': 'https://example986.com', 'title': 'Page 986', 'timestamp': '2026-05-30T00:35:31.641387'}, {'url': 'https://example985.com', 'title': 'Page 985', 'timestamp': '2026-05-30T00:35:31.638246'}, {'url': 'https://example984.com', 'title': 'Page 984', 'timestamp': '2026-05-30T00:35:31.635844'}, {'url': 'https://example983.com', 'title': 'Page 983', 'timestamp': '2026-05-30T00:35:31.633695'}, {'url': 'https://example982.com', 'title': 'Page 982', 'timestamp': '2026-05-30T00:35:31.631308'}, {'url': 'https://example981.com', 'title': 'Page 981', 'timestamp': '2026-05-30T00:35:31.628965'}, {'url': 'https://example980.com', 'title': 'Page 980', 'timestamp': '2026-05-30T00:35:31.626773'}, {'url': 'https://example979.com', 'title': 'Page 979', 'timestamp': '2026-05-30T00:35:31.624478'}, {'url': 'https://example978.com', 'title': 'Page 978', 'timestamp': '2026-05-30T00:35:31.621196'}, {'url': 'https://example977.com', 'title': 'Page 977', 'timestamp': '2026-05-30T00:35:31.618992'}, {'url': 'https://example976.com', 'title': 'Page 976', 'timestamp': '2026-05-30T00:35:31.616563'}, {'url': 'https://example975.com', 'title': 'Page 975', 'timestamp': '2026-05-30T00:35:31.614133'}, {'url': 'https://example974.com', 'title': 'Page 974', 'timestamp': '2026-05-30T00:35:31.611658'}, {'url': 'https://example973.com', 'title': 'Page 973', 'timestamp': '2026-05-30T00:35:31.609403'}, {'url': 'https://example972.com', 'title': 'Page 972', 'timestamp': '2026-05-30T00:35:31.606428'}, {'url': 'https://example971.com', 'title': 'Page 971', 'timestamp': '2026-05-30T00:35:31.603600'}, {'url': 'https://example970.com', 'title': 'Page 970', 'timestamp': '2026-05-30T00:35:31.601257'}, {'url': 'https://example969.com', 'title': 'Page 969', 'timestamp': '2026-05-30T00:35:31.598912'}, {'url': 'https://example968.com', 'title': 'Page 968', 'timestamp': '2026-05-30T00:35:31.596302'}, {'url': 'https://example967.com', 'title': 'Page 967', 'timestamp': '2026-05-30T00:35:31.593955'}, {'url': 'https://example966.com', 'title': 'Page 966', 'timestamp': '2026-05-30T00:35:31.591270'}, {'url': 'https://example965.com', 'title': 'Page 965', 'timestamp': '2026-05-30T00:35:31.587533'}, {'url': 'https://example964.com', 'title': 'Page 964', 'timestamp': '2026-05-30T00:35:31.585196'}, {'url': 'https://example963.com', 'title': 'Page 963', 'timestamp': '2026-05-30T00:35:31.583081'}, {'url': 'https://example962.com', 'title': 'Page 962', 'timestamp': '2026-05-30T00:35:31.580674'}, {'url': 'https://example961.com', 'title': 'Page 961', 'timestamp': '2026-05-30T00:35:31.578566'}, {'url': 'https://example960.com', 'title': 'Page 960', 'timestamp': '2026-05-30T00:35:31.576212'}, {'url': 'https://example959.com', 'title': 'Page 959', 'timestamp': '2026-05-30T00:35:31.572776'}, {'url': 'https://example958.com', 'title': 'Page 958', 'timestamp': '2026-05-30T00:35:31.569673'}, {'url': 'https://example957.com', 'title': 'Page 957', 'timestamp': '2026-05-30T00:35:31.567369'}, {'url': 'https://example956.com', 'title': 'Page 956', 'timestamp': '2026-05-30T00:35:31.565066'}, {'url': 'https://example955.com', 'title': 'Page 955', 'timestamp': '2026-05-30T00:35:31.562837'}, {'url': 'https://example954.com', 'title': 'Page 954', 'timestamp': '2026-05-30T00:35:31.560396'}, {'url': 'https://example953.com', 'title': 'Page 953', 'timestamp': '2026-05-30T00:35:31.557606'}, {'url': 'https://example952.com', 'title': 'Page 952', 'timestamp': '2026-05-30T00:35:31.553884'}, {'url': 'https://example951.com', 'title': 'Page 951', 'timestamp': '2026-05-30T00:35:31.551729'}, {'url': 'https://example950.com', 'title': 'Page 950', 'timestamp': '2026-05-30T00:35:31.549112'}, {'url': 'https://example949.com', 'title': 'Page 949', 'timestamp': '2026-05-30T00:35:31.546813'}, {'url': 'https://example948.com', 'title': 'Page 948', 'timestamp': '2026-05-30T00:35:31.544410'}, {'url': 'https://example947.com', 'title': 'Page 947', 'timestamp': '2026-05-30T00:35:31.541086'}, {'url': 'https://example946.com', 'title': 'Page 946', 'timestamp': '2026-05-30T00:35:31.537576'}, {'url': 'https://example945.com', 'title': 'Page 945', 'timestamp': '2026-05-30T00:35:31.535480'}, {'url': 'https://example944.com', 'title': 'Page 944', 'timestamp': '2026-05-30T00:35:31.533306'}, {'url': 'https://example943.com', 'title': 'Page 943', 'timestamp': '2026-05-30T00:35:31.530821'}, {'url': 'https://example942.com', 'title': 'Page 942', 'timestamp': '2026-05-30T00:35:31.528485'}, {'url': 'https://example941.com', 'title': 'Page 941', 'timestamp': '2026-05-30T00:35:31.525825'}, {'url': 'https://example940.com', 'title': 'Page 940', 'timestamp': '2026-05-30T00:35:31.522617'}, {'url': 'https://example939.com', 'title': 'Page 939', 'timestamp': '2026-05-30T00:35:31.519783'}, {'url': 'https://example938.com', 'title': 'Page 938', 'timestamp': '2026-05-30T00:35:31.517613'}, {'url': 'https://example937.com', 'title': 'Page 937', 'timestamp': '2026-05-30T00:35:31.515365'}, {'url': 'https://example936.com', 'title': 'Page 936', 'timestamp': '2026-05-30T00:35:31.513143'}, {'url': 'https://example935.com', 'title': 'Page 935', 'timestamp': '2026-05-30T00:35:31.510487'}, {'url': 'https://example934.com', 'title': 'Page 934', 'timestamp': '2026-05-30T00:35:31.507131'}, {'url': 'https://example933.com', 'title': 'Page 933', 'timestamp': '2026-05-30T00:35:31.503803'}, {'url': 'https://example932.com', 'title': 'Page 932', 'timestamp': '2026-05-30T00:35:31.501568'}, {'url': 'https://example931.com', 'title': 'Page 931', 'timestamp': '2026-05-30T00:35:31.499349'}, {'url': 'https://example930.com', 'title': 'Page 930', 'timestamp': '2026-05-30T00:35:31.497139'}, {'url': 'https://example929.com', 'title': 'Page 929', 'timestamp': '2026-05-30T00:35:31.494785'}, {'url': 'https://example928.com', 'title': 'Page 928', 'timestamp': '2026-05-30T00:35:31.492298'}, {'url': 'https://example927.com', 'title': 'Page 927', 'timestamp': '2026-05-30T00:35:31.489301'}, {'url': 'https://example926.com', 'title': 'Page 926', 'timestamp': '2026-05-30T00:35:31.486349'}, {'url': 'https://example925.com', 'title': 'Page 925', 'timestamp': '2026-05-30T00:35:31.483829'}, {'url': 'https://example924.com', 'title': 'Page 924', 'timestamp': '2026-05-30T00:35:31.481661'}, {'url': 'https://example923.com', 'title': 'Page 923', 'timestamp': '2026-05-30T00:35:31.479452'}, {'url': 'https://example922.com', 'title': 'Page 922', 'timestamp': '2026-05-30T00:35:31.477054'}, {'url': 'https://example921.com', 'title': 'Page 921', 'timestamp': '2026-05-30T00:35:31.474297'}, {'url': 'https://example920.com', 'title': 'Page 920', 'timestamp': '2026-05-30T00:35:31.471067'}, {'url': 'https://example919.com', 'title': 'Page 919', 'timestamp': '2026-05-30T00:35:31.468590'}, {'url': 'https://example918.com', 'title': 'Page 918', 'timestamp': '2026-05-30T00:35:31.466455'}, {'url': 'https://example917.com', 'title': 'Page 917', 'timestamp': '2026-05-30T00:35:31.463275'}, {'url': 'https://example916.com', 'title': 'Page 916', 'timestamp': '2026-05-30T00:35:31.459359'}, {'url': 'https://example915.com', 'title': 'Page 915', 'timestamp': '2026-05-30T00:35:31.456613'}, {'url': 'https://example914.com', 'title': 'Page 914', 'timestamp': '2026-05-30T00:35:31.453485'}, {'url': 'https://example913.com', 'title': 'Page 913', 'timestamp': '2026-05-30T00:35:31.451397'}, {'url': 'https://example912.com', 'title': 'Page 912', 'timestamp': '2026-05-30T00:35:31.449358'}, {'url': 'https://example911.com', 'title': 'Page 911', 'timestamp': '2026-05-30T00:35:31.447093'}, {'url': 'https://example910.com', 'title': 'Page 910', 'timestamp': '2026-05-30T00:35:31.444262'}, {'url': 'https://example909.com', 'title': 'Page 909', 'timestamp': '2026-05-30T00:35:31.441550'}, {'url': 'https://example908.com', 'title': 'Page 908', 'timestamp': '2026-05-30T00:35:31.437835'}, {'url': 'https://example907.com', 'title': 'Page 907', 'timestamp': '2026-05-30T00:35:31.435661'}, {'url': 'https://example906.com', 'title': 'Page 906', 'timestamp': '2026-05-30T00:35:31.433605'}, {'url': 'https://example905.com', 'title': 'Page 905', 'timestamp': '2026-05-30T00:35:31.431404'}, {'url': 'https://example904.com', 'title': 'Page 904', 'timestamp': '2026-05-30T00:35:31.428844'}, {'url': 'https://example903.com', 'title': 'Page 903', 'timestamp': '2026-05-30T00:35:31.426481'}, {'url': 'https://example902.com', 'title': 'Page 902', 'timestamp': '2026-05-30T00:35:31.423160'}, {'url': 'https://example901.com', 'title': 'Page 901', 'timestamp': '2026-05-30T00:35:31.420265'}, {'url': 'https://example900.com', 'title': 'Page 900', 'timestamp': '2026-05-30T00:35:31.418131'}, {'url': 'https://example899.com', 'title': 'Page 899', 'timestamp': '2026-05-30T00:35:31.416032'}, {'url': 'https://example898.com', 'title': 'Page 898', 'timestamp': '2026-05-30T00:35:31.413926'}, {'url': 'https://example897.com', 'title': 'Page 897', 'timestamp': '2026-05-30T00:35:31.411352'}, {'url': 'https://example896.com', 'title': 'Page 896', 'timestamp': '2026-05-30T00:35:31.409141'}, {'url': 'https://example895.com', 'title': 'Page 895', 'timestamp': '2026-05-30T00:35:31.406392'}, {'url': 'https://example894.com', 'title': 'Page 894', 'timestamp': '2026-05-30T00:35:31.403671'}, {'url': 'https://example893.com', 'title': 'Page 893', 'timestamp': '2026-05-30T00:35:31.401631'}, {'url': 'https://example892.com', 'title': 'Page 892', 'timestamp': '2026-05-30T00:35:31.399538'}, {'url': 'https://example891.com', 'title': 'Page 891', 'timestamp': '2026-05-30T00:35:31.397355'}, {'url': 'https://example890.com', 'title': 'Page 890', 'timestamp': '2026-05-30T00:35:31.395083'}, {'url': 'https://example889.com', 'title': 'Page 889', 'timestamp': '2026-05-30T00:35:31.392923'}, {'url': 'https://example888.com', 'title': 'Page 888', 'timestamp': '2026-05-30T00:35:31.389851'}, {'url': 'https://example887.com', 'title': 'Page 887', 'timestamp': '2026-05-30T00:35:31.386920'}, {'url': 'https://example886.com', 'title': 'Page 886', 'timestamp': '2026-05-30T00:35:31.384766'}, {'url': 'https://example885.com', 'title': 'Page 885', 'timestamp': '2026-05-30T00:35:31.382566'}, {'url': 'https://example884.com', 'title': 'Page 884', 'timestamp': '2026-05-30T00:35:31.378997'}, {'url': 'https://example883.com', 'title': 'Page 883', 'timestamp': '2026-05-30T00:35:31.376683'}, {'url': 'https://example882.com', 'title': 'Page 882', 'timestamp': '2026-05-30T00:35:31.373803'}, {'url': 'https://example881.com', 'title': 'Page 881', 'timestamp': '2026-05-30T00:35:31.370776'}, {'url': 'https://example880.com', 'title': 'Page 880', 'timestamp': '2026-05-30T00:35:31.368678'}, {'url': 'https://example879.com', 'title': 'Page 879', 'timestamp': '2026-05-30T00:35:31.366546'}, {'url': 'https://example878.com', 'title': 'Page 878', 'timestamp': '2026-05-30T00:35:31.364081'}, {'url': 'https://example877.com', 'title': 'Page 877', 'timestamp': '2026-05-30T00:35:31.361927'}, {'url': 'https://example876.com', 'title': 'Page 876', 'timestamp': '2026-05-30T00:35:31.359782'}, {'url': 'https://example875.com', 'title': 'Page 875', 'timestamp': '2026-05-30T00:35:31.355948'}, {'url': 'https://example874.com', 'title': 'Page 874', 'timestamp': '2026-05-30T00:35:31.353254'}, {'url': 'https://example873.com', 'title': 'Page 873', 'timestamp': '2026-05-30T00:35:31.351060'}, {'url': 'https://example872.com', 'title': 'Page 872', 'timestamp': '2026-05-30T00:35:31.348699'}, {'url': 'https://example871.com', 'title': 'Page 871', 'timestamp': '2026-05-30T00:35:31.346524'}, {'url': 'https://example870.com', 'title': 'Page 870', 'timestamp': '2026-05-30T00:35:31.344130'}, {'url': 'https://example869.com', 'title': 'Page 869', 'timestamp': '2026-05-30T00:35:31.340757'}, {'url': 'https://example868.com', 'title': 'Page 868', 'timestamp': '2026-05-30T00:35:31.337443'}, {'url': 'https://example867.com', 'title': 'Page 867', 'timestamp': '2026-05-30T00:35:31.335359'}, {'url': 'https://example866.com', 'title': 'Page 866', 'timestamp': '2026-05-30T00:35:31.332877'}, {'url': 'https://example865.com', 'title': 'Page 865', 'timestamp': '2026-05-30T00:35:31.330807'}, {'url': 'https://example864.com', 'title': 'Page 864', 'timestamp': '2026-05-30T00:35:31.328657'}, {'url': 'https://example863.com', 'title': 'Page 863', 'timestamp': '2026-05-30T00:35:31.326534'}, {'url': 'https://example862.com', 'title': 'Page 862', 'timestamp': '2026-05-30T00:35:31.323200'}, {'url': 'https://example861.com', 'title': 'Page 861', 'timestamp': '2026-05-30T00:35:31.320323'}, {'url': 'https://example860.com', 'title': 'Page 860', 'timestamp': '2026-05-30T00:35:31.318078'}, {'url': 'https://example859.com', 'title': 'Page 859', 'timestamp': '2026-05-30T00:35:31.315610'}, {'url': 'https://example858.com', 'title': 'Page 858', 'timestamp': '2026-05-30T00:35:31.313610'}, {'url': 'https://example857.com', 'title': 'Page 857', 'timestamp': '2026-05-30T00:35:31.311516'}, {'url': 'https://example856.com', 'title': 'Page 856', 'timestamp': '2026-05-30T00:35:31.309104'}, {'url': 'https://example855.com', 'title': 'Page 855', 'timestamp': '2026-05-30T00:35:31.305132'}, {'url': 'https://example854.com', 'title': 'Page 854', 'timestamp': '2026-05-30T00:35:31.302546'}, {'url': 'https://example853.com', 'title': 'Page 853', 'timestamp': '2026-05-30T00:35:31.299688'}, {'url': 'https://example852.com', 'title': 'Page 852', 'timestamp': '2026-05-30T00:35:31.297572'}, {'url': 'https://example851.com', 'title': 'Page 851', 'timestamp': '2026-05-30T00:35:31.295344'}, {'url': 'https://example850.com', 'title': 'Page 850', 'timestamp': '2026-05-30T00:35:31.292871'}, {'url': 'https://example849.com', 'title': 'Page 849', 'timestamp': '2026-05-30T00:35:31.289929'}, {'url': 'https://example848.com', 'title': 'Page 848', 'timestamp': '2026-05-30T00:35:31.286668'}, {'url': 'https://example847.com', 'title': 'Page 847', 'timestamp': '2026-05-30T00:35:31.283938'}, {'url': 'https://example846.com', 'title': 'Page 846', 'timestamp': '2026-05-30T00:35:31.282013'}, {'url': 'https://example845.com', 'title': 'Page 845', 'timestamp': '2026-05-30T00:35:31.280044'}, {'url': 'https://example844.com', 'title': 'Page 844', 'timestamp': '2026-05-30T00:35:31.277831'}, {'url': 'https://example843.com', 'title': 'Page 843', 'timestamp': '2026-05-30T00:35:31.275561'}, {'url': 'https://example842.com', 'title': 'Page 842', 'timestamp': '2026-05-30T00:35:31.272789'}, {'url': 'https://example841.com', 'title': 'Page 841', 'timestamp': '2026-05-30T00:35:31.269921'}, {'url': 'https://example840.com', 'title': 'Page 840', 'timestamp': '2026-05-30T00:35:31.267673'}, {'url': 'https://example839.com', 'title': 'Page 839', 'timestamp': '2026-05-30T00:35:31.265627'}, {'url': 'https://example838.com', 'title': 'Page 838', 'timestamp': '2026-05-30T00:35:31.263445'}, {'url': 'https://example837.com', 'title': 'Page 837', 'timestamp': '2026-05-30T00:35:31.260923'}, {'url': 'https://example836.com', 'title': 'Page 836', 'timestamp': '2026-05-30T00:35:31.258715'}, {'url': 'https://example835.com', 'title': 'Page 835', 'timestamp': '2026-05-30T00:35:31.256058'}, {'url': 'https://example834.com', 'title': 'Page 834', 'timestamp': '2026-05-30T00:35:31.253000'}, {'url': 'https://example833.com', 'title': 'Page 833', 'timestamp': '2026-05-30T00:35:31.250971'}, {'url': 'https://example832.com', 'title': 'Page 832', 'timestamp': '2026-05-30T00:35:31.248903'}, {'url': 'https://example831.com', 'title': 'Page 831', 'timestamp': '2026-05-30T00:35:31.246740'}, {'url': 'https://example830.com', 'title': 'Page 830', 'timestamp': '2026-05-30T00:35:31.244475'}, {'url': 'https://example829.com', 'title': 'Page 829', 'timestamp': '2026-05-30T00:35:31.242251'}, {'url': 'https://example828.com', 'title': 'Page 828', 'timestamp': '2026-05-30T00:35:31.239435'}, {'url': 'https://example827.com', 'title': 'Page 827', 'timestamp': '2026-05-30T00:35:31.236581'}, {'url': 'https://example826.com', 'title': 'Page 826', 'timestamp': '2026-05-30T00:35:31.234584'}, {'url': 'https://example825.com', 'title': 'Page 825', 'timestamp': '2026-05-30T00:35:31.232430'}, {'url': 'https://example824.com', 'title': 'Page 824', 'timestamp': '2026-05-30T00:35:31.230255'}, {'url': 'https://example823.com', 'title': 'Page 823', 'timestamp': '2026-05-30T00:35:31.227842'}, {'url': 'https://example822.com', 'title': 'Page 822', 'timestamp': '2026-05-30T00:35:31.225479'}, {'url': 'https://example821.com', 'title': 'Page 821', 'timestamp': '2026-05-30T00:35:31.221579'}, {'url': 'https://example820.com', 'title': 'Page 820', 'timestamp': '2026-05-30T00:35:31.219381'}, {'url': 'https://example819.com', 'title': 'Page 819', 'timestamp': '2026-05-30T00:35:31.217330'}, {'url': 'https://example818.com', 'title': 'Page 818', 'timestamp': '2026-05-30T00:35:31.215277'}, {'url': 'https://example817.com', 'title': 'Page 817', 'timestamp': '2026-05-30T00:35:31.212885'}, {'url': 'https://example816.com', 'title': 'Page 816', 'timestamp': '2026-05-30T00:35:31.210567'}, {'url': 'https://example815.com', 'title': 'Page 815', 'timestamp': '2026-05-30T00:35:31.208027'}, {'url': 'https://example814.com', 'title': 'Page 814', 'timestamp': '2026-05-30T00:35:31.204126'}, {'url': 'https://example813.com', 'title': 'Page 813', 'timestamp': '2026-05-30T00:35:31.202053'}, {'url': 'https://example812.com', 'title': 'Page 812', 'timestamp': '2026-05-30T00:35:31.200035'}, {'url': 'https://example811.com', 'title': 'Page 811', 'timestamp': '2026-05-30T00:35:31.197593'}, {'url': 'https://example810.com', 'title': 'Page 810', 'timestamp': '2026-05-30T00:35:31.195313'}, {'url': 'https://example809.com', 'title': 'Page 809', 'timestamp': '2026-05-30T00:35:31.192983'}, {'url': 'https://example808.com', 'title': 'Page 808', 'timestamp': '2026-05-30T00:35:31.190130'}, {'url': 'https://example807.com', 'title': 'Page 807', 'timestamp': '2026-05-30T00:35:31.187200'}, {'url': 'https://example806.com', 'title': 'Page 806', 'timestamp': '2026-05-30T00:35:31.185296'}, {'url': 'https://example805.com', 'title': 'Page 805', 'timestamp': '2026-05-30T00:35:31.183285'}, {'url': 'https://example804.com', 'title': 'Page 804', 'timestamp': '2026-05-30T00:35:31.181100'}, {'url': 'https://example803.com', 'title': 'Page 803', 'timestamp': '2026-05-30T00:35:31.178955'}, {'url': 'https://example802.com', 'title': 'Page 802', 'timestamp': '2026-05-30T00:35:31.176778'}, {'url': 'https://example801.com', 'title': 'Page 801', 'timestamp': '2026-05-30T00:35:31.173490'}, {'url': 'https://example800.com', 'title': 'Page 800', 'timestamp': '2026-05-30T00:35:31.170686'}, {'url': 'https://example799.com', 'title': 'Page 799', 'timestamp': '2026-05-30T00:35:31.168621'}, {'url': 'https://example798.com', 'title': 'Page 798', 'timestamp': '2026-05-30T00:35:31.166683'}, {'url': 'https://example797.com', 'title': 'Page 797', 'timestamp': '2026-05-30T00:35:31.164439'}, {'url': 'https://example796.com', 'title': 'Page 796', 'timestamp': '2026-05-30T00:35:31.162428'}, {'url': 'https://example795.com', 'title': 'Page 795', 'timestamp': '2026-05-30T00:35:31.159950'}, {'url': 'https://example794.com', 'title': 'Page 794', 'timestamp': '2026-05-30T00:35:31.155884'}, {'url': 'https://example793.com', 'title': 'Page 793', 'timestamp': '2026-05-30T00:35:31.153415'}, {'url': 'https://example792.com', 'title': 'Page 792', 'timestamp': '2026-05-30T00:35:31.151359'}, {'url': 'https://example791.com', 'title': 'Page 791', 'timestamp': '2026-05-30T00:35:31.149225'}, {'url': 'https://example790.com', 'title': 'Page 790', 'timestamp': '2026-05-30T00:35:31.147172'}, {'url': 'https://example789.com', 'title': 'Page 789', 'timestamp': '2026-05-30T00:35:31.144949'}, {'url': 'https://example788.com', 'title': 'Page 788', 'timestamp': '2026-05-30T00:35:31.142656'}, {'url': 'https://example787.com', 'title': 'Page 787', 'timestamp': '2026-05-30T00:35:31.139409'}, {'url': 'https://example786.com', 'title': 'Page 786', 'timestamp': '2026-05-30T00:35:31.136829'}, {'url': 'https://example785.com', 'title': 'Page 785', 'timestamp': '2026-05-30T00:35:31.134878'}, {'url': 'https://example784.com', 'title': 'Page 784', 'timestamp': '2026-05-30T00:35:31.132721'}, {'url': 'https://example783.com', 'title': 'Page 783', 'timestamp': '2026-05-30T00:35:31.130684'}, {'url': 'https://example782.com', 'title': 'Page 782', 'timestamp': '2026-05-30T00:35:31.128573'}, {'url': 'https://example781.com', 'title': 'Page 781', 'timestamp': '2026-05-30T00:35:31.126169'}, {'url': 'https://example780.com', 'title': 'Page 780', 'timestamp': '2026-05-30T00:35:31.122673'}, {'url': 'https://example779.com', 'title': 'Page 779', 'timestamp': '2026-05-30T00:35:31.120101'}, {'url': 'https://example778.com', 'title': 'Page 778', 'timestamp': '2026-05-30T00:35:31.117907'}, {'url': 'https://example777.com', 'title': 'Page 777', 'timestamp': '2026-05-30T00:35:31.115668'}, {'url': 'https://example776.com', 'title': 'Page 776', 'timestamp': '2026-05-30T00:35:31.113695'}, {'url': 'https://example775.com', 'title': 'Page 775', 'timestamp': '2026-05-30T00:35:31.111460'}, {'url': 'https://example774.com', 'title': 'Page 774', 'timestamp': '2026-05-30T00:35:31.108695'}, {'url': 'https://example773.com', 'title': 'Page 773', 'timestamp': '2026-05-30T00:35:31.105518'}, {'url': 'https://example772.com', 'title': 'Page 772', 'timestamp': '2026-05-30T00:35:31.102925'}, {'url': 'https://example771.com', 'title': 'Page 771', 'timestamp': '2026-05-30T00:35:31.100251'}, {'url': 'https://example770.com', 'title': 'Page 770', 'timestamp': '2026-05-30T00:35:31.097608'}, {'url': 'https://example769.com', 'title': 'Page 769', 'timestamp': '2026-05-30T00:35:31.094434'}, {'url': 'https://example768.com', 'title': 'Page 768', 'timestamp': '2026-05-30T00:35:31.090809'}, {'url': 'https://example767.com', 'title': 'Page 767', 'timestamp': '2026-05-30T00:35:31.087721'}, {'url': 'https://example766.com', 'title': 'Page 766', 'timestamp': '2026-05-30T00:35:31.085340'}, {'url': 'https://example765.com', 'title': 'Page 765', 'timestamp': '2026-05-30T00:35:31.083039'}, {'url': 'https://example764.com', 'title': 'Page 764', 'timestamp': '2026-05-30T00:35:31.080889'}, {'url': 'https://example763.com', 'title': 'Page 763', 'timestamp': '2026-05-30T00:35:31.078574'}, {'url': 'https://example762.com', 'title': 'Page 762', 'timestamp': '2026-05-30T00:35:31.075982'}, {'url': 'https://example761.com', 'title': 'Page 761', 'timestamp': '2026-05-30T00:35:31.073713'}, {'url': 'https://example760.com', 'title': 'Page 760', 'timestamp': '2026-05-30T00:35:31.070940'}, {'url': 'https://example759.com', 'title': 'Page 759', 'timestamp': '2026-05-30T00:35:31.068838'}, {'url': 'https://example758.com', 'title': 'Page 758', 'timestamp': '2026-05-30T00:35:31.066872'}, {'url': 'https://example757.com', 'title': 'Page 757', 'timestamp': '2026-05-30T00:35:31.064821'}, {'url': 'https://example756.com', 'title': 'Page 756', 'timestamp': '2026-05-30T00:35:31.062785'}, {'url': 'https://example755.com', 'title': 'Page 755', 'timestamp': '2026-05-30T00:35:31.060257'}, {'url': 'https://example754.com', 'title': 'Page 754', 'timestamp': '2026-05-30T00:35:31.057802'}, {'url': 'https://example753.com', 'title': 'Page 753', 'timestamp': '2026-05-30T00:35:31.054865'}, {'url': 'https://example752.com', 'title': 'Page 752', 'timestamp': '2026-05-30T00:35:31.052763'}, {'url': 'https://example751.com', 'title': 'Page 751', 'timestamp': '2026-05-30T00:35:31.050797'}, {'url': 'https://example750.com', 'title': 'Page 750', 'timestamp': '2026-05-30T00:35:31.048848'}, {'url': 'https://example749.com', 'title': 'Page 749', 'timestamp': '2026-05-30T00:35:31.046904'}, {'url': 'https://example748.com', 'title': 'Page 748', 'timestamp': '2026-05-30T00:35:31.044834'}, {'url': 'https://example747.com', 'title': 'Page 747', 'timestamp': '2026-05-30T00:35:31.042386'}, {'url': 'https://example746.com', 'title': 'Page 746', 'timestamp': '2026-05-30T00:35:31.038432'}, {'url': 'https://example745.com', 'title': 'Page 745', 'timestamp': '2026-05-30T00:35:31.036086'}, {'url': 'https://example744.com', 'title': 'Page 744', 'timestamp': '2026-05-30T00:35:31.034017'}, {'url': 'https://example743.com', 'title': 'Page 743', 'timestamp': '2026-05-30T00:35:31.031974'}, {'url': 'https://example742.com', 'title': 'Page 742', 'timestamp': '2026-05-30T00:35:31.029301'}, {'url': 'https://example741.com', 'title': 'Page 741', 'timestamp': '2026-05-30T00:35:31.026718'}, {'url': 'https://example740.com', 'title': 'Page 740', 'timestamp': '2026-05-30T00:35:31.022658'}, {'url': 'https://example739.com', 'title': 'Page 739', 'timestamp': '2026-05-30T00:35:31.019925'}, {'url': 'https://example738.com', 'title': 'Page 738', 'timestamp': '2026-05-30T00:35:31.018003'}, {'url': 'https://example737.com', 'title': 'Page 737', 'timestamp': '2026-05-30T00:35:31.015941'}, {'url': 'https://example736.com', 'title': 'Page 736', 'timestamp': '2026-05-30T00:35:31.013458'}, {'url': 'https://example735.com', 'title': 'Page 735', 'timestamp': '2026-05-30T00:35:31.011146'}, {'url': 'https://example734.com', 'title': 'Page 734', 'timestamp': '2026-05-30T00:35:31.009034'}, {'url': 'https://example733.com', 'title': 'Page 733', 'timestamp': '2026-05-30T00:35:31.006000'}, {'url': 'https://example732.com', 'title': 'Page 732', 'timestamp': '2026-05-30T00:35:31.003210'}, {'url': 'https://example731.com', 'title': 'Page 731', 'timestamp': '2026-05-30T00:35:31.001335'}, {'url': 'https://example730.com', 'title': 'Page 730', 'timestamp': '2026-05-30T00:35:30.999378'}, {'url': 'https://example729.com', 'title': 'Page 729', 'timestamp': '2026-05-30T00:35:30.997154'}, {'url': 'https://example728.com', 'title': 'Page 728', 'timestamp': '2026-05-30T00:35:30.995067'}, {'url': 'https://example727.com', 'title': 'Page 727', 'timestamp': '2026-05-30T00:35:30.993029'}, {'url': 'https://example726.com', 'title': 'Page 726', 'timestamp': '2026-05-30T00:35:30.990585'}, {'url': 'https://example725.com', 'title': 'Page 725', 'timestamp': '2026-05-30T00:35:30.987412'}, {'url': 'https://example724.com', 'title': 'Page 724', 'timestamp': '2026-05-30T00:35:30.985462'}, {'url': 'https://example723.com', 'title': 'Page 723', 'timestamp': '2026-05-30T00:35:30.983442'}, {'url': 'https://example722.com', 'title': 'Page 722', 'timestamp': '2026-05-30T00:35:30.980855'}, {'url': 'https://example721.com', 'title': 'Page 721', 'timestamp': '2026-05-30T00:35:30.978777'}, {'url': 'https://example720.com', 'title': 'Page 720', 'timestamp': '2026-05-30T00:35:30.976844'}, {'url': 'https://example719.com', 'title': 'Page 719', 'timestamp': '2026-05-30T00:35:30.974603'}, {'url': 'https://example718.com', 'title': 'Page 718', 'timestamp': '2026-05-30T00:35:30.971067'}, {'url': 'https://example717.com', 'title': 'Page 717', 'timestamp': '2026-05-30T00:35:30.968902'}, {'url': 'https://example716.com', 'title': 'Page 716', 'timestamp': '2026-05-30T00:35:30.966784'}, {'url': 'https://example715.com', 'title': 'Page 715', 'timestamp': '2026-05-30T00:35:30.964364'}, {'url': 'https://example714.com', 'title': 'Page 714', 'timestamp': '2026-05-30T00:35:30.962409'}, {'url': 'https://example713.com', 'title': 'Page 713', 'timestamp': '2026-05-30T00:35:30.960413'}, {'url': 'https://example712.com', 'title': 'Page 712', 'timestamp': '2026-05-30T00:35:30.958287'}, {'url': 'https://example711.com', 'title': 'Page 711', 'timestamp': '2026-05-30T00:35:30.955092'}, {'url': 'https://example710.com', 'title': 'Page 710', 'timestamp': '2026-05-30T00:35:30.953012'}, {'url': 'https://example709.com', 'title': 'Page 709', 'timestamp': '2026-05-30T00:35:30.951017'}, {'url': 'https://example708.com', 'title': 'Page 708', 'timestamp': '2026-05-30T00:35:30.948701'}, {'url': 'https://example707.com', 'title': 'Page 707', 'timestamp': '2026-05-30T00:35:30.946799'}, {'url': 'https://example706.com', 'title': 'Page 706', 'timestamp': '2026-05-30T00:35:30.944840'}, {'url': 'https://example705.com', 'title': 'Page 705', 'timestamp': '2026-05-30T00:35:30.942769'}, {'url': 'https://example704.com', 'title': 'Page 704', 'timestamp': '2026-05-30T00:35:30.940139'}, {'url': 'https://example703.com', 'title': 'Page 703', 'timestamp': '2026-05-30T00:35:30.937149'}, {'url': 'https://example702.com', 'title': 'Page 702', 'timestamp': '2026-05-30T00:35:30.935120'}, {'url': 'https://example701.com', 'title': 'Page 701', 'timestamp': '2026-05-30T00:35:30.932120'}, {'url': 'https://example700.com', 'title': 'Page 700', 'timestamp': '2026-05-30T00:35:30.930114'}, {'url': 'https://example699.com', 'title': 'Page 699', 'timestamp': '2026-05-30T00:35:30.928202'}, {'url': 'https://example698.com', 'title': 'Page 698', 'timestamp': '2026-05-30T00:35:30.926196'}, {'url': 'https://example697.com', 'title': 'Page 697', 'timestamp': '2026-05-30T00:35:30.923884'}, {'url': 'https://example696.com', 'title': 'Page 696', 'timestamp': '2026-05-30T00:35:30.920953'}, {'url': 'https://example695.com', 'title': 'Page 695', 'timestamp': '2026-05-30T00:35:30.918629'}, {'url': 'https://example694.com', 'title': 'Page 694', 'timestamp': '2026-05-30T00:35:30.915958'}, {'url': 'https://example693.com', 'title': 'Page 693', 'timestamp': '2026-05-30T00:35:30.914030'}, {'url': 'https://example692.com', 'title': 'Page 692', 'timestamp': '2026-05-30T00:35:30.912227'}, {'url': 'https://example691.com', 'title': 'Page 691', 'timestamp': '2026-05-30T00:35:30.910269'}, {'url': 'https://example690.com', 'title': 'Page 690', 'timestamp': '2026-05-30T00:35:30.907919'}, {'url': 'https://example689.com', 'title': 'Page 689', 'timestamp': '2026-05-30T00:35:30.904843'}, {'url': 'https://example688.com', 'title': 'Page 688', 'timestamp': '2026-05-30T00:35:30.902804'}, {'url': 'https://example687.com', 'title': 'Page 687', 'timestamp': '2026-05-30T00:35:30.900399'}, {'url': 'https://example686.com', 'title': 'Page 686', 'timestamp': '2026-05-30T00:35:30.898590'}, {'url': 'https://example685.com', 'title': 'Page 685', 'timestamp': '2026-05-30T00:35:30.896708'}, {'url': 'https://example684.com', 'title': 'Page 684', 'timestamp': '2026-05-30T00:35:30.894661'}, {'url': 'https://example683.com', 'title': 'Page 683', 'timestamp': '2026-05-30T00:35:30.892217'}, {'url': 'https://example682.com', 'title': 'Page 682', 'timestamp': '2026-05-30T00:35:30.889906'}, {'url': 'https://example681.com', 'title': 'Page 681', 'timestamp': '2026-05-30T00:35:30.887307'}, {'url': 'https://example680.com', 'title': 'Page 680', 'timestamp': '2026-05-30T00:35:30.885380'}, {'url': 'https://example679.com', 'title': 'Page 679', 'timestamp': '2026-05-30T00:35:30.883455'}, {'url': 'https://example678.com', 'title': 'Page 678', 'timestamp': '2026-05-30T00:35:30.881680'}, {'url': 'https://example677.com', 'title': 'Page 677', 'timestamp': '2026-05-30T00:35:30.879798'}, {'url': 'https://example676.com', 'title': 'Page 676', 'timestamp': '2026-05-30T00:35:30.877632'}, {'url': 'https://example675.com', 'title': 'Page 675', 'timestamp': '2026-05-30T00:35:30.875405'}, {'url': 'https://example674.com', 'title': 'Page 674', 'timestamp': '2026-05-30T00:35:30.872571'}, {'url': 'https://example673.com', 'title': 'Page 673', 'timestamp': '2026-05-30T00:35:30.870016'}, {'url': 'https://example672.com', 'title': 'Page 672', 'timestamp': '2026-05-30T00:35:30.867904'}, {'url': 'https://example671.com', 'title': 'Page 671', 'timestamp': '2026-05-30T00:35:30.866104'}, {'url': 'https://example670.com', 'title': 'Page 670', 'timestamp': '2026-05-30T00:35:30.864243'}, {'url': 'https://example669.com', 'title': 'Page 669', 'timestamp': '2026-05-30T00:35:30.862199'}, {'url': 'https://example668.com', 'title': 'Page 668', 'timestamp': '2026-05-30T00:35:30.859946'}, {'url': 'https://example667.com', 'title': 'Page 667', 'timestamp': '2026-05-30T00:35:30.857771'}, {'url': 'https://example666.com', 'title': 'Page 666', 'timestamp': '2026-05-30T00:35:30.854118'}, {'url': 'https://example665.com', 'title': 'Page 665', 'timestamp': '2026-05-30T00:35:30.851976'}, {'url': 'https://example664.com', 'title': 'Page 664', 'timestamp': '2026-05-30T00:35:30.850164'}, {'url': 'https://example663.com', 'title': 'Page 663', 'timestamp': '2026-05-30T00:35:30.848318'}, {'url': 'https://example662.com', 'title': 'Page 662', 'timestamp': '2026-05-30T00:35:30.846280'}, {'url': 'https://example661.com', 'title': 'Page 661', 'timestamp': '2026-05-30T00:35:30.844009'}, {'url': 'https://example660.com', 'title': 'Page 660', 'timestamp': '2026-05-30T00:35:30.841753'}, {'url': 'https://example659.com', 'title': 'Page 659', 'timestamp': '2026-05-30T00:35:30.839008'}, {'url': 'https://example658.com', 'title': 'Page 658', 'timestamp': '2026-05-30T00:35:30.836485'}, {'url': 'https://example657.com', 'title': 'Page 657', 'timestamp': '2026-05-30T00:35:30.834652'}, {'url': 'https://example656.com', 'title': 'Page 656', 'timestamp': '2026-05-30T00:35:30.832805'}, {'url': 'https://example655.com', 'title': 'Page 655', 'timestamp': '2026-05-30T00:35:30.830858'}, {'url': 'https://example654.com', 'title': 'Page 654', 'timestamp': '2026-05-30T00:35:30.828683'}, {'url': 'https://example653.com', 'title': 'Page 653', 'timestamp': '2026-05-30T00:35:30.826751'}, {'url': 'https://example652.com', 'title': 'Page 652', 'timestamp': '2026-05-30T00:35:30.824560'}, {'url': 'https://example651.com', 'title': 'Page 651', 'timestamp': '2026-05-30T00:35:30.821033'}, {'url': 'https://example650.com', 'title': 'Page 650', 'timestamp': '2026-05-30T00:35:30.819251'}, {'url': 'https://example649.com', 'title': 'Page 649', 'timestamp': '2026-05-30T00:35:30.817316'}, {'url': 'https://example648.com', 'title': 'Page 648', 'timestamp': '2026-05-30T00:35:30.815407'}, {'url': 'https://example647.com', 'title': 'Page 647', 'timestamp': '2026-05-30T00:35:30.813349'}, {'url': 'https://example646.com', 'title': 'Page 646', 'timestamp': '2026-05-30T00:35:30.811381'}, {'url': 'https://example645.com', 'title': 'Page 645', 'timestamp': '2026-05-30T00:35:30.809315'}, {'url': 'https://example644.com', 'title': 'Page 644', 'timestamp': '2026-05-30T00:35:30.806607'}, {'url': 'https://example643.com', 'title': 'Page 643', 'timestamp': '2026-05-30T00:35:30.803779'}, {'url': 'https://example642.com', 'title': 'Page 642', 'timestamp': '2026-05-30T00:35:30.801998'}, {'url': 'https://example641.com', 'title': 'Page 641', 'timestamp': '2026-05-30T00:35:30.800135'}, {'url': 'https://example640.com', 'title': 'Page 640', 'timestamp': '2026-05-30T00:35:30.797905'}, {'url': 'https://example639.com', 'title': 'Page 639', 'timestamp': '2026-05-30T00:35:30.795748'}, {'url': 'https://example638.com', 'title': 'Page 638', 'timestamp': '2026-05-30T00:35:30.792992'}, {'url': 'https://example637.com', 'title': 'Page 637', 'timestamp': '2026-05-30T00:35:30.788872'}, {'url': 'https://example636.com', 'title': 'Page 636', 'timestamp': '2026-05-30T00:35:30.786765'}, {'url': 'https://example635.com', 'title': 'Page 635', 'timestamp': '2026-05-30T00:35:30.784945'}, {'url': 'https://example634.com', 'title': 'Page 634', 'timestamp': '2026-05-30T00:35:30.783017'}, {'url': 'https://example633.com', 'title': 'Page 633', 'timestamp': '2026-05-30T00:35:30.780636'}, {'url': 'https://example632.com', 'title': 'Page 632', 'timestamp': '2026-05-30T00:35:30.778781'}, {'url': 'https://example631.com', 'title': 'Page 631', 'timestamp': '2026-05-30T00:35:30.776577'}, {'url': 'https://example630.com', 'title': 'Page 630', 'timestamp': '2026-05-30T00:35:30.772707'}, {'url': 'https://example629.com', 'title': 'Page 629', 'timestamp': '2026-05-30T00:35:30.770314'}, {'url': 'https://example628.com', 'title': 'Page 628', 'timestamp': '2026-05-30T00:35:30.768366'}, {'url': 'https://example627.com', 'title': 'Page 627', 'timestamp': '2026-05-30T00:35:30.766441'}, {'url': 'https://example626.com', 'title': 'Page 626', 'timestamp': '2026-05-30T00:35:30.764308'}, {'url': 'https://example625.com', 'title': 'Page 625', 'timestamp': '2026-05-30T00:35:30.762148'}, {'url': 'https://example624.com', 'title': 'Page 624', 'timestamp': '2026-05-30T00:35:30.759985'}, {'url': 'https://example623.com', 'title': 'Page 623', 'timestamp': '2026-05-30T00:35:30.756198'}, {'url': 'https://example622.com', 'title': 'Page 622', 'timestamp': '2026-05-30T00:35:30.753644'}, {'url': 'https://example621.com', 'title': 'Page 621', 'timestamp': '2026-05-30T00:35:30.751790'}, {'url': 'https://example620.com', 'title': 'Page 620', 'timestamp': '2026-05-30T00:35:30.749735'}, {'url': 'https://example619.com', 'title': 'Page 619', 'timestamp': '2026-05-30T00:35:30.747804'}, {'url': 'https://example618.com', 'title': 'Page 618', 'timestamp': '2026-05-30T00:35:30.745898'}, {'url': 'https://example617.com', 'title': 'Page 617', 'timestamp': '2026-05-30T00:35:30.743987'}, {'url': 'https://example616.com', 'title': 'Page 616', 'timestamp': '2026-05-30T00:35:30.741449'}, {'url': 'https://example615.com', 'title': 'Page 615', 'timestamp': '2026-05-30T00:35:30.738513'}, {'url': 'https://example614.com', 'title': 'Page 614', 'timestamp': '2026-05-30T00:35:30.736450'}, {'url': 'https://example613.com', 'title': 'Page 613', 'timestamp': '2026-05-30T00:35:30.734233'}, {'url': 'https://example612.com', 'title': 'Page 612', 'timestamp': '2026-05-30T00:35:30.731997'}, {'url': 'https://example611.com', 'title': 'Page 611', 'timestamp': '2026-05-30T00:35:30.730017'}, {'url': 'https://example610.com', 'title': 'Page 610', 'timestamp': '2026-05-30T00:35:30.727530'}, {'url': 'https://example609.com', 'title': 'Page 609', 'timestamp': '2026-05-30T00:35:30.725180'}, {'url': 'https://example608.com', 'title': 'Page 608', 'timestamp': '2026-05-30T00:35:30.722560'}, {'url': 'https://example607.com', 'title': 'Page 607', 'timestamp': '2026-05-30T00:35:30.720234'}, {'url': 'https://example606.com', 'title': 'Page 606', 'timestamp': '2026-05-30T00:35:30.718408'}, {'url': 'https://example605.com', 'title': 'Page 605', 'timestamp': '2026-05-30T00:35:30.716395'}, {'url': 'https://example604.com', 'title': 'Page 604', 'timestamp': '2026-05-30T00:35:30.714694'}, {'url': 'https://example603.com', 'title': 'Page 603', 'timestamp': '2026-05-30T00:35:30.712898'}, {'url': 'https://example602.com', 'title': 'Page 602', 'timestamp': '2026-05-30T00:35:30.710912'}, {'url': 'https://example601.com', 'title': 'Page 601', 'timestamp': '2026-05-30T00:35:30.708736'}, {'url': 'https://example600.com', 'title': 'Page 600', 'timestamp': '2026-05-30T00:35:30.706299'}, {'url': 'https://example599.com', 'title': 'Page 599', 'timestamp': '2026-05-30T00:35:30.703856'}, {'url': 'https://example598.com', 'title': 'Page 598', 'timestamp': '2026-05-30T00:35:30.701608'}, {'url': 'https://example597.com', 'title': 'Page 597', 'timestamp': '2026-05-30T00:35:30.699535'}, {'url': 'https://example596.com', 'title': 'Page 596', 'timestamp': '2026-05-30T00:35:30.697672'}, {'url': 'https://example595.com', 'title': 'Page 595', 'timestamp': '2026-05-30T00:35:30.695396'}, {'url': 'https://example594.com', 'title': 'Page 594', 'timestamp': '2026-05-30T00:35:30.693307'}, {'url': 'https://example593.com', 'title': 'Page 593', 'timestamp': '2026-05-30T00:35:30.691159'}, {'url': 'https://example592.com', 'title': 'Page 592', 'timestamp': '2026-05-30T00:35:30.688126'}, {'url': 'https://example591.com', 'title': 'Page 591', 'timestamp': '2026-05-30T00:35:30.686280'}, {'url': 'https://example590.com', 'title': 'Page 590', 'timestamp': '2026-05-30T00:35:30.684179'}, {'url': 'https://example589.com', 'title': 'Page 589', 'timestamp': '2026-05-30T00:35:30.682352'}, {'url': 'https://example588.com', 'title': 'Page 588', 'timestamp': '2026-05-30T00:35:30.680496'}, {'url': 'https://example587.com', 'title': 'Page 587', 'timestamp': '2026-05-30T00:35:30.678547'}, {'url': 'https://example586.com', 'title': 'Page 586', 'timestamp': '2026-05-30T00:35:30.676506'}, {'url': 'https://example585.com', 'title': 'Page 585', 'timestamp': '2026-05-30T00:35:30.674524'}, {'url': 'https://example584.com', 'title': 'Page 584', 'timestamp': '2026-05-30T00:35:30.671492'}, {'url': 'https://example583.com', 'title': 'Page 583', 'timestamp': '2026-05-30T00:35:30.669200'}, {'url': 'https://example582.com', 'title': 'Page 582', 'timestamp': '2026-05-30T00:35:30.667167'}, {'url': 'https://example581.com', 'title': 'Page 581', 'timestamp': '2026-05-30T00:35:30.665186'}, {'url': 'https://example580.com', 'title': 'Page 580', 'timestamp': '2026-05-30T00:35:30.662999'}, {'url': 'https://example579.com', 'title': 'Page 579', 'timestamp': '2026-05-30T00:35:30.661055'}, {'url': 'https://example578.com', 'title': 'Page 578', 'timestamp': '2026-05-30T00:35:30.659155'}, {'url': 'https://example577.com', 'title': 'Page 577', 'timestamp': '2026-05-30T00:35:30.656461'}, {'url': 'https://example576.com', 'title': 'Page 576', 'timestamp': '2026-05-30T00:35:30.653779'}, {'url': 'https://example575.com', 'title': 'Page 575', 'timestamp': '2026-05-30T00:35:30.651871'}, {'url': 'https://example574.com', 'title': 'Page 574', 'timestamp': '2026-05-30T00:35:30.650109'}, {'url': 'https://example573.com', 'title': 'Page 573', 'timestamp': '2026-05-30T00:35:30.647942'}, {'url': 'https://example572.com', 'title': 'Page 572', 'timestamp': '2026-05-30T00:35:30.646115'}, {'url': 'https://example571.com', 'title': 'Page 571', 'timestamp': '2026-05-30T00:35:30.643941'}, {'url': 'https://example570.com', 'title': 'Page 570', 'timestamp': '2026-05-30T00:35:30.642063'}, {'url': 'https://example569.com', 'title': 'Page 569', 'timestamp': '2026-05-30T00:35:30.639350'}, {'url': 'https://example568.com', 'title': 'Page 568', 'timestamp': '2026-05-30T00:35:30.636720'}, {'url': 'https://example567.com', 'title': 'Page 567', 'timestamp': '2026-05-30T00:35:30.634860'}, {'url': 'https://example566.com', 'title': 'Page 566', 'timestamp': '2026-05-30T00:35:30.632821'}, {'url': 'https://example565.com', 'title': 'Page 565', 'timestamp': '2026-05-30T00:35:30.630842'}, {'url': 'https://example564.com', 'title': 'Page 564', 'timestamp': '2026-05-30T00:35:30.629045'}, {'url': 'https://example563.com', 'title': 'Page 563', 'timestamp': '2026-05-30T00:35:30.627218'}, {'url': 'https://example562.com', 'title': 'Page 562', 'timestamp': '2026-05-30T00:35:30.625323'}, {'url': 'https://example561.com', 'title': 'Page 561', 'timestamp': '2026-05-30T00:35:30.622050'}, {'url': 'https://example560.com', 'title': 'Page 560', 'timestamp': '2026-05-30T00:35:30.619927'}, {'url': 'https://example559.com', 'title': 'Page 559', 'timestamp': '2026-05-30T00:35:30.618131'}, {'url': 'https://example558.com', 'title': 'Page 558', 'timestamp': '2026-05-30T00:35:30.616179'}, {'url': 'https://example557.com', 'title': 'Page 557', 'timestamp': '2026-05-30T00:35:30.614388'}, {'url': 'https://example556.com', 'title': 'Page 556', 'timestamp': '2026-05-30T00:35:30.612326'}, {'url': 'https://example555.com', 'title': 'Page 555', 'timestamp': '2026-05-30T00:35:30.609784'}, {'url': 'https://example554.com', 'title': 'Page 554', 'timestamp': '2026-05-30T00:35:30.606166'}, {'url': 'https://example553.com', 'title': 'Page 553', 'timestamp': '2026-05-30T00:35:30.603593'}, {'url': 'https://example552.com', 'title': 'Page 552', 'timestamp': '2026-05-30T00:35:30.601693'}, {'url': 'https://example551.com', 'title': 'Page 551', 'timestamp': '2026-05-30T00:35:30.599580'}, {'url': 'https://example550.com', 'title': 'Page 550', 'timestamp': '2026-05-30T00:35:30.597857'}, {'url': 'https://example549.com', 'title': 'Page 549', 'timestamp': '2026-05-30T00:35:30.596072'}, {'url': 'https://example548.com', 'title': 'Page 548', 'timestamp': '2026-05-30T00:35:30.594295'}, {'url': 'https://example547.com', 'title': 'Page 547', 'timestamp': '2026-05-30T00:35:30.592497'}, {'url': 'https://example546.com', 'title': 'Page 546', 'timestamp': '2026-05-30T00:35:30.589629'}, {'url': 'https://example545.com', 'title': 'Page 545', 'timestamp': '2026-05-30T00:35:30.587196'}, {'url': 'https://example544.com', 'title': 'Page 544', 'timestamp': '2026-05-30T00:35:30.585483'}, {'url': 'https://example543.com', 'title': 'Page 543', 'timestamp': '2026-05-30T00:35:30.583598'}, {'url': 'https://example542.com', 'title': 'Page 542', 'timestamp': '2026-05-30T00:35:30.581907'}, {'url': 'https://example541.com', 'title': 'Page 541', 'timestamp': '2026-05-30T00:35:30.580235'}, {'url': 'https://example540.com', 'title': 'Page 540', 'timestamp': '2026-05-30T00:35:30.578593'}, {'url': 'https://example539.com', 'title': 'Page 539', 'timestamp': '2026-05-30T00:35:30.576901'}, {'url': 'https://example538.com', 'title': 'Page 538', 'timestamp': '2026-05-30T00:35:30.574931'}, {'url': 'https://example537.com', 'title': 'Page 537', 'timestamp': '2026-05-30T00:35:30.571513'}, {'url': 'https://example536.com', 'title': 'Page 536', 'timestamp': '2026-05-30T00:35:30.569072'}, {'url': 'https://example535.com', 'title': 'Page 535', 'timestamp': '2026-05-30T00:35:30.567353'}, {'url': 'https://example534.com', 'title': 'Page 534', 'timestamp': '2026-05-30T00:35:30.565606'}, {'url': 'https://example533.com', 'title': 'Page 533', 'timestamp': '2026-05-30T00:35:30.563832'}, {'url': 'https://example532.com', 'title': 'Page 532', 'timestamp': '2026-05-30T00:35:30.561993'}, {'url': 'https://example531.com', 'title': 'Page 531', 'timestamp': '2026-05-30T00:35:30.560009'}, {'url': 'https://example530.com', 'title': 'Page 530', 'timestamp': '2026-05-30T00:35:30.557710'}, {'url': 'https://example529.com', 'title': 'Page 529', 'timestamp': '2026-05-30T00:35:30.554860'}, {'url': 'https://example528.com', 'title': 'Page 528', 'timestamp': '2026-05-30T00:35:30.552784'}, {'url': 'https://example527.com', 'title': 'Page 527', 'timestamp': '2026-05-30T00:35:30.551140'}, {'url': 'https://example526.com', 'title': 'Page 526', 'timestamp': '2026-05-30T00:35:30.549452'}, {'url': 'https://example525.com', 'title': 'Page 525', 'timestamp': '2026-05-30T00:35:30.547553'}, {'url': 'https://example524.com', 'title': 'Page 524', 'timestamp': '2026-05-30T00:35:30.545660'}, {'url': 'https://example523.com', 'title': 'Page 523', 'timestamp': '2026-05-30T00:35:30.543672'}, {'url': 'https://example522.com', 'title': 'Page 522', 'timestamp': '2026-05-30T00:35:30.541782'}, {'url': 'https://example521.com', 'title': 'Page 521', 'timestamp': '2026-05-30T00:35:30.538387'}, {'url': 'https://example520.com', 'title': 'Page 520', 'timestamp': '2026-05-30T00:35:30.536191'}, {'url': 'https://example519.com', 'title': 'Page 519', 'timestamp': '2026-05-30T00:35:30.534492'}, {'url': 'https://example518.com', 'title': 'Page 518', 'timestamp': '2026-05-30T00:35:30.532738'}, {'url': 'https://example517.com', 'title': 'Page 517', 'timestamp': '2026-05-30T00:35:30.530919'}, {'url': 'https://example516.com', 'title': 'Page 516', 'timestamp': '2026-05-30T00:35:30.529023'}, {'url': 'https://example515.com', 'title': 'Page 515', 'timestamp': '2026-05-30T00:35:30.527236'}, {'url': 'https://example514.com', 'title': 'Page 514', 'timestamp': '2026-05-30T00:35:30.525381'}, {'url': 'https://example513.com', 'title': 'Page 513', 'timestamp': '2026-05-30T00:35:30.522898'}, {'url': 'https://example512.com', 'title': 'Page 512', 'timestamp': '2026-05-30T00:35:30.520489'}, {'url': 'https://example511.com', 'title': 'Page 511', 'timestamp': '2026-05-30T00:35:30.518767'}, {'url': 'https://example510.com', 'title': 'Page 510', 'timestamp': '2026-05-30T00:35:30.517044'}, {'url': 'https://example509.com', 'title': 'Page 509', 'timestamp': '2026-05-30T00:35:30.515307'}, {'url': 'https://example508.com', 'title': 'Page 508', 'timestamp': '2026-05-30T00:35:30.513502'}, {'url': 'https://example507.com', 'title': 'Page 507', 'timestamp': '2026-05-30T00:35:30.511530'}, {'url': 'https://example506.com', 'title': 'Page 506', 'timestamp': '2026-05-30T00:35:30.509478'}, {'url': 'https://example505.com', 'title': 'Page 505', 'timestamp': '2026-05-30T00:35:30.507304'}, {'url': 'https://example504.com', 'title': 'Page 504', 'timestamp': '2026-05-30T00:35:30.504227'}, {'url': 'https://example503.com', 'title': 'Page 503', 'timestamp': '2026-05-30T00:35:30.502509'}, {'url': 'https://example502.com', 'title': 'Page 502', 'timestamp': '2026-05-30T00:35:30.500832'}, {'url': 'https://example501.com', 'title': 'Page 501', 'timestamp': '2026-05-30T00:35:30.499130'}, {'url': 'https://example500.com', 'title': 'Page 500', 'timestamp': '2026-05-30T00:35:30.497496'}, {'url': 'https://example499.com', 'title': 'Page 499', 'timestamp': '2026-05-30T00:35:30.495685'}, {'url': 'https://example498.com', 'title': 'Page 498', 'timestamp': '2026-05-30T00:35:30.493879'}, {'url': 'https://example497.com', 'title': 'Page 497', 'timestamp': '2026-05-30T00:35:30.491852'}, {'url': 'https://example496.com', 'title': 'Page 496', 'timestamp': '2026-05-30T00:35:30.489385'}, {'url': 'https://example495.com', 'title': 'Page 495', 'timestamp': '2026-05-30T00:35:30.486968'}, {'url': 'https://example494.com', 'title': 'Page 494', 'timestamp': '2026-05-30T00:35:30.485361'}, {'url': 'https://example493.com', 'title': 'Page 493', 'timestamp': '2026-05-30T00:35:30.483721'}, {'url': 'https://example492.com', 'title': 'Page 492', 'timestamp': '2026-05-30T00:35:30.481949'}, {'url': 'https://example491.com', 'title': 'Page 491', 'timestamp': '2026-05-30T00:35:30.480099'}, {'url': 'https://example490.com', 'title': 'Page 490', 'timestamp': '2026-05-30T00:35:30.478173'}, {'url': 'https://example489.com', 'title': 'Page 489', 'timestamp': '2026-05-30T00:35:30.475836'}, {'url': 'https://example488.com', 'title': 'Page 488', 'timestamp': '2026-05-30T00:35:30.472657'}, {'url': 'https://example487.com', 'title': 'Page 487', 'timestamp': '2026-05-30T00:35:30.470438'}, {'url': 'https://example486.com', 'title': 'Page 486', 'timestamp': '2026-05-30T00:35:30.468785'}, {'url': 'https://example485.com', 'title': 'Page 485', 'timestamp': '2026-05-30T00:35:30.467069'}, {'url': 'https://example484.com', 'title': 'Page 484', 'timestamp': '2026-05-30T00:35:30.465375'}, {'url': 'https://example483.com', 'title': 'Page 483', 'timestamp': '2026-05-30T00:35:30.463624'}, {'url': 'https://example482.com', 'title': 'Page 482', 'timestamp': '2026-05-30T00:35:30.461875'}, {'url': 'https://example481.com', 'title': 'Page 481', 'timestamp': '2026-05-30T00:35:30.460147'}, {'url': 'https://example480.com', 'title': 'Page 480', 'timestamp': '2026-05-30T00:35:30.457887'}, {'url': 'https://example479.com', 'title': 'Page 479', 'timestamp': '2026-05-30T00:35:30.455327'}, {'url': 'https://example478.com', 'title': 'Page 478', 'timestamp': '2026-05-30T00:35:30.453454'}, {'url': 'https://example477.com', 'title': 'Page 477', 'timestamp': '2026-05-30T00:35:30.451607'}, {'url': 'https://example476.com', 'title': 'Page 476', 'timestamp': '2026-05-30T00:35:30.449821'}, {'url': 'https://example475.com', 'title': 'Page 475', 'timestamp': '2026-05-30T00:35:30.448089'}, {'url': 'https://example474.com', 'title': 'Page 474', 'timestamp': '2026-05-30T00:35:30.446213'}, {'url': 'https://example473.com', 'title': 'Page 473', 'timestamp': '2026-05-30T00:35:30.444444'}, {'url': 'https://example472.com', 'title': 'Page 472', 'timestamp': '2026-05-30T00:35:30.442235'}, {'url': 'https://example471.com', 'title': 'Page 471', 'timestamp': '2026-05-30T00:35:30.439995'}, {'url': 'https://example470.com', 'title': 'Page 470', 'timestamp': '2026-05-30T00:35:30.437470'}, {'url': 'https://example469.com', 'title': 'Page 469', 'timestamp': '2026-05-30T00:35:30.435890'}, {'url': 'https://example468.com', 'title': 'Page 468', 'timestamp': '2026-05-30T00:35:30.434284'}, {'url': 'https://example467.com', 'title': 'Page 467', 'timestamp': '2026-05-30T00:35:30.432604'}, {'url': 'https://example466.com', 'title': 'Page 466', 'timestamp': '2026-05-30T00:35:30.430910'}, {'url': 'https://example465.com', 'title': 'Page 465', 'timestamp': '2026-05-30T00:35:30.429259'}, {'url': 'https://example464.com', 'title': 'Page 464', 'timestamp': '2026-05-30T00:35:30.427629'}, {'url': 'https://example463.com', 'title': 'Page 463', 'timestamp': '2026-05-30T00:35:30.425857'}, {'url': 'https://example462.com', 'title': 'Page 462', 'timestamp': '2026-05-30T00:35:30.424114'}, {'url': 'https://example461.com', 'title': 'Page 461', 'timestamp': '2026-05-30T00:35:30.421511'}, {'url': 'https://example460.com', 'title': 'Page 460', 'timestamp': '2026-05-30T00:35:30.419825'}, {'url': 'https://example459.com', 'title': 'Page 459', 'timestamp': '2026-05-30T00:35:30.418093'}, {'url': 'https://example458.com', 'title': 'Page 458', 'timestamp': '2026-05-30T00:35:30.416511'}, {'url': 'https://example457.com', 'title': 'Page 457', 'timestamp': '2026-05-30T00:35:30.414973'}, {'url': 'https://example456.com', 'title': 'Page 456', 'timestamp': '2026-05-30T00:35:30.413300'}, {'url': 'https://example455.com', 'title': 'Page 455', 'timestamp': '2026-05-30T00:35:30.411592'}, {'url': 'https://example454.com', 'title': 'Page 454', 'timestamp': '2026-05-30T00:35:30.409756'}, {'url': 'https://example453.com', 'title': 'Page 453', 'timestamp': '2026-05-30T00:35:30.407814'}, {'url': 'https://example452.com', 'title': 'Page 452', 'timestamp': '2026-05-30T00:35:30.405267'}, {'url': 'https://example451.com', 'title': 'Page 451', 'timestamp': '2026-05-30T00:35:30.403488'}, {'url': 'https://example450.com', 'title': 'Page 450', 'timestamp': '2026-05-30T00:35:30.401923'}, {'url': 'https://example449.com', 'title': 'Page 449', 'timestamp': '2026-05-30T00:35:30.400323'}, {'url': 'https://example448.com', 'title': 'Page 448', 'timestamp': '2026-05-30T00:35:30.398777'}, {'url': 'https://example447.com', 'title': 'Page 447', 'timestamp': '2026-05-30T00:35:30.397124'}, {'url': 'https://example446.com', 'title': 'Page 446', 'timestamp': '2026-05-30T00:35:30.395471'}, {'url': 'https://example445.com', 'title': 'Page 445', 'timestamp': '2026-05-30T00:35:30.393792'}, {'url': 'https://example444.com', 'title': 'Page 444', 'timestamp': '2026-05-30T00:35:30.392020'}, {'url': 'https://example443.com', 'title': 'Page 443', 'timestamp': '2026-05-30T00:35:30.389423'}, {'url': 'https://example442.com', 'title': 'Page 442', 'timestamp': '2026-05-30T00:35:30.387176'}, {'url': 'https://example441.com', 'title': 'Page 441', 'timestamp': '2026-05-30T00:35:30.385483'}, {'url': 'https://example440.com', 'title': 'Page 440', 'timestamp': '2026-05-30T00:35:30.383752'}, {'url': 'https://example439.com', 'title': 'Page 439', 'timestamp': '2026-05-30T00:35:30.381888'}, {'url': 'https://example438.com', 'title': 'Page 438', 'timestamp': '2026-05-30T00:35:30.380171'}, {'url': 'https://example437.com', 'title': 'Page 437', 'timestamp': '2026-05-30T00:35:30.378228'}, {'url': 'https://example436.com', 'title': 'Page 436', 'timestamp': '2026-05-30T00:35:30.376549'}, {'url': 'https://example435.com', 'title': 'Page 435', 'timestamp': '2026-05-30T00:35:30.374792'}, {'url': 'https://example434.com', 'title': 'Page 434', 'timestamp': '2026-05-30T00:35:30.372104'}, {'url': 'https://example433.com', 'title': 'Page 433', 'timestamp': '2026-05-30T00:35:30.370181'}, {'url': 'https://example432.com', 'title': 'Page 432', 'timestamp': '2026-05-30T00:35:30.368567'}, {'url': 'https://example431.com', 'title': 'Page 431', 'timestamp': '2026-05-30T00:35:30.366968'}, {'url': 'https://example430.com', 'title': 'Page 430', 'timestamp': '2026-05-30T00:35:30.365312'}, {'url': 'https://example429.com', 'title': 'Page 429', 'timestamp': '2026-05-30T00:35:30.363613'}, {'url': 'https://example428.com', 'title': 'Page 428', 'timestamp': '2026-05-30T00:35:30.361916'}, {'url': 'https://example427.com', 'title': 'Page 427', 'timestamp': '2026-05-30T00:35:30.360337'}, {'url': 'https://example426.com', 'title': 'Page 426', 'timestamp': '2026-05-30T00:35:30.358781'}, {'url': 'https://example425.com', 'title': 'Page 425', 'timestamp': '2026-05-30T00:35:30.356893'}, {'url': 'https://example424.com', 'title': 'Page 424', 'timestamp': '2026-05-30T00:35:30.354424'}, {'url': 'https://example423.com', 'title': 'Page 423', 'timestamp': '2026-05-30T00:35:30.352797'}, {'url': 'https://example422.com', 'title': 'Page 422', 'timestamp': '2026-05-30T00:35:30.351127'}, {'url': 'https://example421.com', 'title': 'Page 421', 'timestamp': '2026-05-30T00:35:30.349516'}, {'url': 'https://example420.com', 'title': 'Page 420', 'timestamp': '2026-05-30T00:35:30.347230'}, {'url': 'https://example419.com', 'title': 'Page 419', 'timestamp': '2026-05-30T00:35:30.345626'}, {'url': 'https://example418.com', 'title': 'Page 418', 'timestamp': '2026-05-30T00:35:30.344018'}, {'url': 'https://example417.com', 'title': 'Page 417', 'timestamp': '2026-05-30T00:35:30.342270'}, {'url': 'https://example416.com', 'title': 'Page 416', 'timestamp': '2026-05-30T00:35:30.339607'}, {'url': 'https://example415.com', 'title': 'Page 415', 'timestamp': '2026-05-30T00:35:30.337244'}, {'url': 'https://example414.com', 'title': 'Page 414', 'timestamp': '2026-05-30T00:35:30.335664'}, {'url': 'https://example413.com', 'title': 'Page 413', 'timestamp': '2026-05-30T00:35:30.333939'}, {'url': 'https://example412.com', 'title': 'Page 412', 'timestamp': '2026-05-30T00:35:30.332361'}, {'url': 'https://example411.com', 'title': 'Page 411', 'timestamp': '2026-05-30T00:35:30.330592'}, {'url': 'https://example410.com', 'title': 'Page 410', 'timestamp': '2026-05-30T00:35:30.329064'}, {'url': 'https://example409.com', 'title': 'Page 409', 'timestamp': '2026-05-30T00:35:30.327517'}, {'url': 'https://example408.com', 'title': 'Page 408', 'timestamp': '2026-05-30T00:35:30.325810'}, {'url': 'https://example407.com', 'title': 'Page 407', 'timestamp': '2026-05-30T00:35:30.323759'}, {'url': 'https://example406.com', 'title': 'Page 406', 'timestamp': '2026-05-30T00:35:30.321003'}, {'url': 'https://example405.com', 'title': 'Page 405', 'timestamp': '2026-05-30T00:35:30.319440'}, {'url': 'https://example404.com', 'title': 'Page 404', 'timestamp': '2026-05-30T00:35:30.317864'}, {'url': 'https://example403.com', 'title': 'Page 403', 'timestamp': '2026-05-30T00:35:30.316309'}, {'url': 'https://example402.com', 'title': 'Page 402', 'timestamp': '2026-05-30T00:35:30.314614'}, {'url': 'https://example401.com', 'title': 'Page 401', 'timestamp': '2026-05-30T00:35:30.313020'}, {'url': 'https://example400.com', 'title': 'Page 400', 'timestamp': '2026-05-30T00:35:30.311447'}, {'url': 'https://example399.com', 'title': 'Page 399', 'timestamp': '2026-05-30T00:35:30.309882'}, {'url': 'https://example398.com', 'title': 'Page 398', 'timestamp': '2026-05-30T00:35:30.308309'}, {'url': 'https://example397.com', 'title': 'Page 397', 'timestamp': '2026-05-30T00:35:30.306359'}, {'url': 'https://example396.com', 'title': 'Page 396', 'timestamp': '2026-05-30T00:35:30.303937'}, {'url': 'https://example395.com', 'title': 'Page 395', 'timestamp': '2026-05-30T00:35:30.302309'}, {'url': 'https://example394.com', 'title': 'Page 394', 'timestamp': '2026-05-30T00:35:30.300594'}, {'url': 'https://example393.com', 'title': 'Page 393', 'timestamp': '2026-05-30T00:35:30.298609'}, {'url': 'https://example392.com', 'title': 'Page 392', 'timestamp': '2026-05-30T00:35:30.297016'}, {'url': 'https://example391.com', 'title': 'Page 391', 'timestamp': '2026-05-30T00:35:30.295399'}, {'url': 'https://example390.com', 'title': 'Page 390', 'timestamp': '2026-05-30T00:35:30.293794'}, {'url': 'https://example389.com', 'title': 'Page 389', 'timestamp': '2026-05-30T00:35:30.292125'}, {'url': 'https://example388.com', 'title': 'Page 388', 'timestamp': '2026-05-30T00:35:30.289630'}, {'url': 'https://example387.com', 'title': 'Page 387', 'timestamp': '2026-05-30T00:35:30.287186'}, {'url': 'https://example386.com', 'title': 'Page 386', 'timestamp': '2026-05-30T00:35:30.285637'}, {'url': 'https://example385.com', 'title': 'Page 385', 'timestamp': '2026-05-30T00:35:30.284048'}, {'url': 'https://example384.com', 'title': 'Page 384', 'timestamp': '2026-05-30T00:35:30.282270'}, {'url': 'https://example383.com', 'title': 'Page 383', 'timestamp': '2026-05-30T00:35:30.280798'}, {'url': 'https://example382.com', 'title': 'Page 382', 'timestamp': '2026-05-30T00:35:30.279260'}, {'url': 'https://example381.com', 'title': 'Page 381', 'timestamp': '2026-05-30T00:35:30.277656'}, {'url': 'https://example380.com', 'title': 'Page 380', 'timestamp': '2026-05-30T00:35:30.276124'}, {'url': 'https://example379.com', 'title': 'Page 379', 'timestamp': '2026-05-30T00:35:30.273983'}, {'url': 'https://example378.com', 'title': 'Page 378', 'timestamp': '2026-05-30T00:35:30.270998'}, {'url': 'https://example377.com', 'title': 'Page 377', 'timestamp': '2026-05-30T00:35:30.269223'}, {'url': 'https://example376.com', 'title': 'Page 376', 'timestamp': '2026-05-30T00:35:30.267449'}, {'url': 'https://example375.com', 'title': 'Page 375', 'timestamp': '2026-05-30T00:35:30.265949'}, {'url': 'https://example374.com', 'title': 'Page 374', 'timestamp': '2026-05-30T00:35:30.264475'}, {'url': 'https://example373.com', 'title': 'Page 373', 'timestamp': '2026-05-30T00:35:30.262999'}, {'url': 'https://example372.com', 'title': 'Page 372', 'timestamp': '2026-05-30T00:35:30.261448'}, {'url': 'https://example371.com', 'title': 'Page 371', 'timestamp': '2026-05-30T00:35:30.259772'}, {'url': 'https://example370.com', 'title': 'Page 370', 'timestamp': '2026-05-30T00:35:30.257142'}, {'url': 'https://example369.com', 'title': 'Page 369', 'timestamp': '2026-05-30T00:35:30.254380'}, {'url': 'https://example368.com', 'title': 'Page 368', 'timestamp': '2026-05-30T00:35:30.252563'}, {'url': 'https://example367.com', 'title': 'Page 367', 'timestamp': '2026-05-30T00:35:30.250713'}, {'url': 'https://example366.com', 'title': 'Page 366', 'timestamp': '2026-05-30T00:35:30.249051'}, {'url': 'https://example365.com', 'title': 'Page 365', 'timestamp': '2026-05-30T00:35:30.247403'}, {'url': 'https://example364.com', 'title': 'Page 364', 'timestamp': '2026-05-30T00:35:30.245564'}, {'url': 'https://example363.com', 'title': 'Page 363', 'timestamp': '2026-05-30T00:35:30.244039'}, {'url': 'https://example362.com', 'title': 'Page 362', 'timestamp': '2026-05-30T00:35:30.242343'}, {'url': 'https://example361.com', 'title': 'Page 361', 'timestamp': '2026-05-30T00:35:30.239942'}, {'url': 'https://example360.com', 'title': 'Page 360', 'timestamp': '2026-05-30T00:35:30.237306'}, {'url': 'https://example359.com', 'title': 'Page 359', 'timestamp': '2026-05-30T00:35:30.235589'}, {'url': 'https://example358.com', 'title': 'Page 358', 'timestamp': '2026-05-30T00:35:30.234049'}, {'url': 'https://example357.com', 'title': 'Page 357', 'timestamp': '2026-05-30T00:35:30.232523'}, {'url': 'https://example356.com', 'title': 'Page 356', 'timestamp': '2026-05-30T00:35:30.230883'}, {'url': 'https://example355.com', 'title': 'Page 355', 'timestamp': '2026-05-30T00:35:30.229304'}, {'url': 'https://example354.com', 'title': 'Page 354', 'timestamp': '2026-05-30T00:35:30.227785'}, {'url': 'https://example353.com', 'title': 'Page 353', 'timestamp': '2026-05-30T00:35:30.226090'}, {'url': 'https://example352.com', 'title': 'Page 352', 'timestamp': '2026-05-30T00:35:30.223850'}, {'url': 'https://example351.com', 'title': 'Page 351', 'timestamp': '2026-05-30T00:35:30.220515'}, {'url': 'https://example350.com', 'title': 'Page 350', 'timestamp': '2026-05-30T00:35:30.219063'}, {'url': 'https://example349.com', 'title': 'Page 349', 'timestamp': '2026-05-30T00:35:30.217502'}, {'url': 'https://example348.com', 'title': 'Page 348', 'timestamp': '2026-05-30T00:35:30.215914'}, {'url': 'https://example347.com', 'title': 'Page 347', 'timestamp': '2026-05-30T00:35:30.214475'}, {'url': 'https://example346.com', 'title': 'Page 346', 'timestamp': '2026-05-30T00:35:30.212938'}, {'url': 'https://example345.com', 'title': 'Page 345', 'timestamp': '2026-05-30T00:35:30.211417'}, {'url': 'https://example344.com', 'title': 'Page 344', 'timestamp': '2026-05-30T00:35:30.209750'}, {'url': 'https://example343.com', 'title': 'Page 343', 'timestamp': '2026-05-30T00:35:30.205784'}, {'url': 'https://example342.com', 'title': 'Page 342', 'timestamp': '2026-05-30T00:35:30.203624'}, {'url': 'https://example341.com', 'title': 'Page 341', 'timestamp': '2026-05-30T00:35:30.202132'}, {'url': 'https://example340.com', 'title': 'Page 340', 'timestamp': '2026-05-30T00:35:30.200608'}, {'url': 'https://example339.com', 'title': 'Page 339', 'timestamp': '2026-05-30T00:35:30.199137'}, {'url': 'https://example338.com', 'title': 'Page 338', 'timestamp': '2026-05-30T00:35:30.197615'}, {'url': 'https://example337.com', 'title': 'Page 337', 'timestamp': '2026-05-30T00:35:30.196152'}, {'url': 'https://example336.com', 'title': 'Page 336', 'timestamp': '2026-05-30T00:35:30.194679'}, {'url': 'https://example335.com', 'title': 'Page 335', 'timestamp': '2026-05-30T00:35:30.193194'}, {'url': 'https://example334.com', 'title': 'Page 334', 'timestamp': '2026-05-30T00:35:30.191495'}, {'url': 'https://example333.com', 'title': 'Page 333', 'timestamp': '2026-05-30T00:35:30.188969'}, {'url': 'https://example332.com', 'title': 'Page 332', 'timestamp': '2026-05-30T00:35:30.187119'}, {'url': 'https://example331.com', 'title': 'Page 331', 'timestamp': '2026-05-30T00:35:30.185651'}, {'url': 'https://example330.com', 'title': 'Page 330', 'timestamp': '2026-05-30T00:35:30.184136'}, {'url': 'https://example329.com', 'title': 'Page 329', 'timestamp': '2026-05-30T00:35:30.182658'}, {'url': 'https://example328.com', 'title': 'Page 328', 'timestamp': '2026-05-30T00:35:30.181133'}, {'url': 'https://example327.com', 'title': 'Page 327', 'timestamp': '2026-05-30T00:35:30.179667'}, {'url': 'https://example326.com', 'title': 'Page 326', 'timestamp': '2026-05-30T00:35:30.178183'}, {'url': 'https://example325.com', 'title': 'Page 325', 'timestamp': '2026-05-30T00:35:30.176615'}, {'url': 'https://example324.com', 'title': 'Page 324', 'timestamp': '2026-05-30T00:35:30.174780'}, {'url': 'https://example323.com', 'title': 'Page 323', 'timestamp': '2026-05-30T00:35:30.171787'}, {'url': 'https://example322.com', 'title': 'Page 322', 'timestamp': '2026-05-30T00:35:30.170145'}, {'url': 'https://example321.com', 'title': 'Page 321', 'timestamp': '2026-05-30T00:35:30.168653'}, {'url': 'https://example320.com', 'title': 'Page 320', 'timestamp': '2026-05-30T00:35:30.167218'}, {'url': 'https://example319.com', 'title': 'Page 319', 'timestamp': '2026-05-30T00:35:30.165711'}, {'url': 'https://example318.com', 'title': 'Page 318', 'timestamp': '2026-05-30T00:35:30.164146'}, {'url': 'https://example317.com', 'title': 'Page 317', 'timestamp': '2026-05-30T00:35:30.162423'}, {'url': 'https://example316.com', 'title': 'Page 316', 'timestamp': '2026-05-30T00:35:30.160771'}, {'url': 'https://example315.com', 'title': 'Page 315', 'timestamp': '2026-05-30T00:35:30.159020'}, {'url': 'https://example314.com', 'title': 'Page 314', 'timestamp': '2026-05-30T00:35:30.156590'}, {'url': 'https://example313.com', 'title': 'Page 313', 'timestamp': '2026-05-30T00:35:30.154286'}, {'url': 'https://example312.com', 'title': 'Page 312', 'timestamp': '2026-05-30T00:35:30.152821'}, {'url': 'https://example311.com', 'title': 'Page 311', 'timestamp': '2026-05-30T00:35:30.151350'}, {'url': 'https://example310.com', 'title': 'Page 310', 'timestamp': '2026-05-30T00:35:30.149849'}, {'url': 'https://example309.com', 'title': 'Page 309', 'timestamp': '2026-05-30T00:35:30.148399'}, {'url': 'https://example308.com', 'title': 'Page 308', 'timestamp': '2026-05-30T00:35:30.146917'}, {'url': 'https://example307.com', 'title': 'Page 307', 'timestamp': '2026-05-30T00:35:30.145406'}, {'url': 'https://example306.com', 'title': 'Page 306', 'timestamp': '2026-05-30T00:35:30.143911'}, {'url': 'https://example305.com', 'title': 'Page 305', 'timestamp': '2026-05-30T00:35:30.142234'}, {'url': 'https://example304.com', 'title': 'Page 304', 'timestamp': '2026-05-30T00:35:30.140001'}, {'url': 'https://example303.com', 'title': 'Page 303', 'timestamp': '2026-05-30T00:35:30.137687'}, {'url': 'https://example302.com', 'title': 'Page 302', 'timestamp': '2026-05-30T00:35:30.136232'}, {'url': 'https://example301.com', 'title': 'Page 301', 'timestamp': '2026-05-30T00:35:30.134736'}, {'url': 'https://example300.com', 'title': 'Page 300', 'timestamp': '2026-05-30T00:35:30.133188'}, {'url': 'https://example299.com', 'title': 'Page 299', 'timestamp': '2026-05-30T00:35:30.131765'}, {'url': 'https://example298.com', 'title': 'Page 298', 'timestamp': '2026-05-30T00:35:30.130356'}, {'url': 'https://example297.com', 'title': 'Page 297', 'timestamp': '2026-05-30T00:35:30.128979'}, {'url': 'https://example296.com', 'title': 'Page 296', 'timestamp': '2026-05-30T00:35:30.127566'}, {'url': 'https://example295.com', 'title': 'Page 295', 'timestamp': '2026-05-30T00:35:30.126061'}, {'url': 'https://example294.com', 'title': 'Page 294', 'timestamp': '2026-05-30T00:35:30.124297'}, {'url': 'https://example293.com', 'title': 'Page 293', 'timestamp': '2026-05-30T00:35:30.121680'}, {'url': 'https://example292.com', 'title': 'Page 292', 'timestamp': '2026-05-30T00:35:30.120136'}, {'url': 'https://example291.com', 'title': 'Page 291', 'timestamp': '2026-05-30T00:35:30.118659'}, {'url': 'https://example290.com', 'title': 'Page 290', 'timestamp': '2026-05-30T00:35:30.117114'}, {'url': 'https://example289.com', 'title': 'Page 289', 'timestamp': '2026-05-30T00:35:30.115660'}, {'url': 'https://example288.com', 'title': 'Page 288', 'timestamp': '2026-05-30T00:35:30.114173'}, {'url': 'https://example287.com', 'title': 'Page 287', 'timestamp': '2026-05-30T00:35:30.112751'}, {'url': 'https://example286.com', 'title': 'Page 286', 'timestamp': '2026-05-30T00:35:30.111197'}, {'url': 'https://example285.com', 'title': 'Page 285', 'timestamp': '2026-05-30T00:35:30.109408'}, {'url': 'https://example284.com', 'title': 'Page 284', 'timestamp': '2026-05-30T00:35:30.107796'}, {'url': 'https://example283.com', 'title': 'Page 283', 'timestamp': '2026-05-30T00:35:30.105279'}, {'url': 'https://example282.com', 'title': 'Page 282', 'timestamp': '2026-05-30T00:35:30.103556'}, {'url': 'https://example281.com', 'title': 'Page 281', 'timestamp': '2026-05-30T00:35:30.102124'}, {'url': 'https://example280.com', 'title': 'Page 280', 'timestamp': '2026-05-30T00:35:30.100646'}, {'url': 'https://example279.com', 'title': 'Page 279', 'timestamp': '2026-05-30T00:35:30.099128'}, {'url': 'https://example278.com', 'title': 'Page 278', 'timestamp': '2026-05-30T00:35:30.097616'}, {'url': 'https://example277.com', 'title': 'Page 277', 'timestamp': '2026-05-30T00:35:30.096105'}, {'url': 'https://example276.com', 'title': 'Page 276', 'timestamp': '2026-05-30T00:35:30.094544'}, {'url': 'https://example275.com', 'title': 'Page 275', 'timestamp': '2026-05-30T00:35:30.092858'}, {'url': 'https://example274.com', 'title': 'Page 274', 'timestamp': '2026-05-30T00:35:30.091285'}, {'url': 'https://example273.com', 'title': 'Page 273', 'timestamp': '2026-05-30T00:35:30.089189'}, {'url': 'https://example272.com', 'title': 'Page 272', 'timestamp': '2026-05-30T00:35:30.087396'}, {'url': 'https://example271.com', 'title': 'Page 271', 'timestamp': '2026-05-30T00:35:30.086035'}, {'url': 'https://example270.com', 'title': 'Page 270', 'timestamp': '2026-05-30T00:35:30.084623'}, {'url': 'https://example269.com', 'title': 'Page 269', 'timestamp': '2026-05-30T00:35:30.083202'}, {'url': 'https://example268.com', 'title': 'Page 268', 'timestamp': '2026-05-30T00:35:30.081622'}, {'url': 'https://example267.com', 'title': 'Page 267', 'timestamp': '2026-05-30T00:35:30.080120'}, {'url': 'https://example266.com', 'title': 'Page 266', 'timestamp': '2026-05-30T00:35:30.078659'}, {'url': 'https://example265.com', 'title': 'Page 265', 'timestamp': '2026-05-30T00:35:30.077130'}, {'url': 'https://example264.com', 'title': 'Page 264', 'timestamp': '2026-05-30T00:35:30.075687'}, {'url': 'https://example263.com', 'title': 'Page 263', 'timestamp': '2026-05-30T00:35:30.073969'}, {'url': 'https://example262.com', 'title': 'Page 262', 'timestamp': '2026-05-30T00:35:30.071294'}, {'url': 'https://example261.com', 'title': 'Page 261', 'timestamp': '2026-05-30T00:35:30.069878'}, {'url': 'https://example260.com', 'title': 'Page 260', 'timestamp': '2026-05-30T00:35:30.068508'}, {'url': 'https://example259.com', 'title': 'Page 259', 'timestamp': '2026-05-30T00:35:30.067113'}, {'url': 'https://example258.com', 'title': 'Page 258', 'timestamp': '2026-05-30T00:35:30.065710'}, {'url': 'https://example257.com', 'title': 'Page 257', 'timestamp': '2026-05-30T00:35:30.064258'}, {'url': 'https://example256.com', 'title': 'Page 256', 'timestamp': '2026-05-30T00:35:30.062687'}, {'url': 'https://example255.com', 'title': 'Page 255', 'timestamp': '2026-05-30T00:35:30.061031'}, {'url': 'https://example254.com', 'title': 'Page 254', 'timestamp': '2026-05-30T00:35:30.059227'}, {'url': 'https://example253.com', 'title': 'Page 253', 'timestamp': '2026-05-30T00:35:30.057268'}, {'url': 'https://example252.com', 'title': 'Page 252', 'timestamp': '2026-05-30T00:35:30.054743'}, {'url': 'https://example251.com', 'title': 'Page 251', 'timestamp': '2026-05-30T00:35:30.053204'}, {'url': 'https://example250.com', 'title': 'Page 250', 'timestamp': '2026-05-30T00:35:30.051590'}, {'url': 'https://example249.com', 'title': 'Page 249', 'timestamp': '2026-05-30T00:35:30.050057'}, {'url': 'https://example248.com', 'title': 'Page 248', 'timestamp': '2026-05-30T00:35:30.048509'}, {'url': 'https://example247.com', 'title': 'Page 247', 'timestamp': '2026-05-30T00:35:30.046970'}, {'url': 'https://example246.com', 'title': 'Page 246', 'timestamp': '2026-05-30T00:35:30.044980'}, {'url': 'https://example245.com', 'title': 'Page 245', 'timestamp': '2026-05-30T00:35:30.043176'}, {'url': 'https://example244.com', 'title': 'Page 244', 'timestamp': '2026-05-30T00:35:30.041358'}, {'url': 'https://example243.com', 'title': 'Page 243', 'timestamp': '2026-05-30T00:35:30.038630'}, {'url': 'https://example242.com', 'title': 'Page 242', 'timestamp': '2026-05-30T00:35:30.036773'}, {'url': 'https://example241.com', 'title': 'Page 241', 'timestamp': '2026-05-30T00:35:30.035074'}, {'url': 'https://example240.com', 'title': 'Page 240', 'timestamp': '2026-05-30T00:35:30.033363'}, {'url': 'https://example239.com', 'title': 'Page 239', 'timestamp': '2026-05-30T00:35:30.031777'}, {'url': 'https://example238.com', 'title': 'Page 238', 'timestamp': '2026-05-30T00:35:30.029821'}, {'url': 'https://example237.com', 'title': 'Page 237', 'timestamp': '2026-05-30T00:35:30.028186'}, {'url': 'https://example236.com', 'title': 'Page 236', 'timestamp': '2026-05-30T00:35:30.026754'}, {'url': 'https://example235.com', 'title': 'Page 235', 'timestamp': '2026-05-30T00:35:30.025195'}, {'url': 'https://example234.com', 'title': 'Page 234', 'timestamp': '2026-05-30T00:35:30.023179'}, {'url': 'https://example233.com', 'title': 'Page 233', 'timestamp': '2026-05-30T00:35:30.021065'}, {'url': 'https://example232.com', 'title': 'Page 232', 'timestamp': '2026-05-30T00:35:30.019629'}, {'url': 'https://example231.com', 'title': 'Page 231', 'timestamp': '2026-05-30T00:35:30.018159'}, {'url': 'https://example230.com', 'title': 'Page 230', 'timestamp': '2026-05-30T00:35:30.016619'}, {'url': 'https://example229.com', 'title': 'Page 229', 'timestamp': '2026-05-30T00:35:30.015087'}, {'url': 'https://example228.com', 'title': 'Page 228', 'timestamp': '2026-05-30T00:35:30.013528'}, {'url': 'https://example227.com', 'title': 'Page 227', 'timestamp': '2026-05-30T00:35:30.012182'}, {'url': 'https://example226.com', 'title': 'Page 226', 'timestamp': '2026-05-30T00:35:30.010742'}, {'url': 'https://example225.com', 'title': 'Page 225', 'timestamp': '2026-05-30T00:35:30.009198'}, {'url': 'https://example224.com', 'title': 'Page 224', 'timestamp': '2026-05-30T00:35:30.007336'}, {'url': 'https://example223.com', 'title': 'Page 223', 'timestamp': '2026-05-30T00:35:30.004584'}, {'url': 'https://example222.com', 'title': 'Page 222', 'timestamp': '2026-05-30T00:35:30.003179'}, {'url': 'https://example221.com', 'title': 'Page 221', 'timestamp': '2026-05-30T00:35:30.001844'}, {'url': 'https://example220.com', 'title': 'Page 220', 'timestamp': '2026-05-30T00:35:30.000430'}, {'url': 'https://example219.com', 'title': 'Page 219', 'timestamp': '2026-05-30T00:35:29.998979'}, {'url': 'https://example218.com', 'title': 'Page 218', 'timestamp': '2026-05-30T00:35:29.997003'}, {'url': 'https://example217.com', 'title': 'Page 217', 'timestamp': '2026-05-30T00:35:29.995609'}, {'url': 'https://example216.com', 'title': 'Page 216', 'timestamp': '2026-05-30T00:35:29.994172'}, {'url': 'https://example215.com', 'title': 'Page 215', 'timestamp': '2026-05-30T00:35:29.992788'}, {'url': 'https://example214.com', 'title': 'Page 214', 'timestamp': '2026-05-30T00:35:29.991002'}, {'url': 'https://example213.com', 'title': 'Page 213', 'timestamp': '2026-05-30T00:35:29.988474'}, {'url': 'https://example212.com', 'title': 'Page 212', 'timestamp': '2026-05-30T00:35:29.987054'}, {'url': 'https://example211.com', 'title': 'Page 211', 'timestamp': '2026-05-30T00:35:29.985723'}, {'url': 'https://example210.com', 'title': 'Page 210', 'timestamp': '2026-05-30T00:35:29.984353'}, {'url': 'https://example209.com', 'title': 'Page 209', 'timestamp': '2026-05-30T00:35:29.982913'}, {'url': 'https://example208.com', 'title': 'Page 208', 'timestamp': '2026-05-30T00:35:29.981117'}, {'url': 'https://example207.com', 'title': 'Page 207', 'timestamp': '2026-05-30T00:35:29.979795'}, {'url': 'https://example206.com', 'title': 'Page 206', 'timestamp': '2026-05-30T00:35:29.978403'}, {'url': 'https://example205.com', 'title': 'Page 205', 'timestamp': '2026-05-30T00:35:29.976904'}, {'url': 'https://example204.com', 'title': 'Page 204', 'timestamp': '2026-05-30T00:35:29.975183'}, {'url': 'https://example203.com', 'title': 'Page 203', 'timestamp': '2026-05-30T00:35:29.972736'}, {'url': 'https://example202.com', 'title': 'Page 202', 'timestamp': '2026-05-30T00:35:29.970888'}, {'url': 'https://example201.com', 'title': 'Page 201', 'timestamp': '2026-05-30T00:35:29.969513'}, {'url': 'https://example200.com', 'title': 'Page 200', 'timestamp': '2026-05-30T00:35:29.968056'}, {'url': 'https://example199.com', 'title': 'Page 199', 'timestamp': '2026-05-30T00:35:29.965993'}, {'url': 'https://example198.com', 'title': 'Page 198', 'timestamp': '2026-05-30T00:35:29.964424'}, {'url': 'https://example197.com', 'title': 'Page 197', 'timestamp': '2026-05-30T00:35:29.963033'}, {'url': 'https://example196.com', 'title': 'Page 196', 'timestamp': '2026-05-30T00:35:29.961625'}, {'url': 'https://example195.com', 'title': 'Page 195', 'timestamp': '2026-05-30T00:35:29.960228'}, {'url': 'https://example194.com', 'title': 'Page 194', 'timestamp': '2026-05-30T00:35:29.958421'}, {'url': 'https://example193.com', 'title': 'Page 193', 'timestamp': '2026-05-30T00:35:29.954977'}, {'url': 'https://example192.com', 'title': 'Page 192', 'timestamp': '2026-05-30T00:35:29.953498'}, {'url': 'https://example191.com', 'title': 'Page 191', 'timestamp': '2026-05-30T00:35:29.952033'}, {'url': 'https://example190.com', 'title': 'Page 190', 'timestamp': '2026-05-30T00:35:29.950371'}, {'url': 'https://example189.com', 'title': 'Page 189', 'timestamp': '2026-05-30T00:35:29.948747'}, {'url': 'https://example188.com', 'title': 'Page 188', 'timestamp': '2026-05-30T00:35:29.947419'}, {'url': 'https://example187.com', 'title': 'Page 187', 'timestamp': '2026-05-30T00:35:29.946073'}, {'url': 'https://example186.com', 'title': 'Page 186', 'timestamp': '2026-05-30T00:35:29.944686'}, {'url': 'https://example185.com', 'title': 'Page 185', 'timestamp': '2026-05-30T00:35:29.942707'}, {'url': 'https://example184.com', 'title': 'Page 184', 'timestamp': '2026-05-30T00:35:29.939701'}, {'url': 'https://example183.com', 'title': 'Page 183', 'timestamp': '2026-05-30T00:35:29.937650'}, {'url': 'https://example182.com', 'title': 'Page 182', 'timestamp': '2026-05-30T00:35:29.936234'}, {'url': 'https://example181.com', 'title': 'Page 181', 'timestamp': '2026-05-30T00:35:29.934534'}, {'url': 'https://example180.com', 'title': 'Page 180', 'timestamp': '2026-05-30T00:35:29.932816'}, {'url': 'https://example179.com', 'title': 'Page 179', 'timestamp': '2026-05-30T00:35:29.931454'}, {'url': 'https://example178.com', 'title': 'Page 178', 'timestamp': '2026-05-30T00:35:29.930075'}, {'url': 'https://example177.com', 'title': 'Page 177', 'timestamp': '2026-05-30T00:35:29.928648'}, {'url': 'https://example176.com', 'title': 'Page 176', 'timestamp': '2026-05-30T00:35:29.927300'}, {'url': 'https://example175.com', 'title': 'Page 175', 'timestamp': '2026-05-30T00:35:29.925378'}, {'url': 'https://example174.com', 'title': 'Page 174', 'timestamp': '2026-05-30T00:35:29.923231'}, {'url': 'https://example173.com', 'title': 'Page 173', 'timestamp': '2026-05-30T00:35:29.921188'}, {'url': 'https://example172.com', 'title': 'Page 172', 'timestamp': '2026-05-30T00:35:29.919783'}, {'url': 'https://example171.com', 'title': 'Page 171', 'timestamp': '2026-05-30T00:35:29.918261'}, {'url': 'https://example170.com', 'title': 'Page 170', 'timestamp': '2026-05-30T00:35:29.916737'}, {'url': 'https://example169.com', 'title': 'Page 169', 'timestamp': '2026-05-30T00:35:29.915398'}, {'url': 'https://example168.com', 'title': 'Page 168', 'timestamp': '2026-05-30T00:35:29.913935'}, {'url': 'https://example167.com', 'title': 'Page 167', 'timestamp': '2026-05-30T00:35:29.912559'}, {'url': 'https://example166.com', 'title': 'Page 166', 'timestamp': '2026-05-30T00:35:29.910992'}, {'url': 'https://example165.com', 'title': 'Page 165', 'timestamp': '2026-05-30T00:35:29.908850'}, {'url': 'https://example164.com', 'title': 'Page 164', 'timestamp': '2026-05-30T00:35:29.906714'}, {'url': 'https://example163.com', 'title': 'Page 163', 'timestamp': '2026-05-30T00:35:29.904399'}, {'url': 'https://example162.com', 'title': 'Page 162', 'timestamp': '2026-05-30T00:35:29.902785'}, {'url': 'https://example161.com', 'title': 'Page 161', 'timestamp': '2026-05-30T00:35:29.901204'}, {'url': 'https://example160.com', 'title': 'Page 160', 'timestamp': '2026-05-30T00:35:29.899885'}, {'url': 'https://example159.com', 'title': 'Page 159', 'timestamp': '2026-05-30T00:35:29.898593'}, {'url': 'https://example158.com', 'title': 'Page 158', 'timestamp': '2026-05-30T00:35:29.897291'}, {'url': 'https://example157.com', 'title': 'Page 157', 'timestamp': '2026-05-30T00:35:29.895926'}, {'url': 'https://example156.com', 'title': 'Page 156', 'timestamp': '2026-05-30T00:35:29.894576'}, {'url': 'https://example155.com', 'title': 'Page 155', 'timestamp': '2026-05-30T00:35:29.892752'}, {'url': 'https://example154.com', 'title': 'Page 154', 'timestamp': '2026-05-30T00:35:29.891175'}, {'url': 'https://example153.com', 'title': 'Page 153', 'timestamp': '2026-05-30T00:35:29.888476'}, {'url': 'https://example152.com', 'title': 'Page 152', 'timestamp': '2026-05-30T00:35:29.886726'}, {'url': 'https://example151.com', 'title': 'Page 151', 'timestamp': '2026-05-30T00:35:29.885154'}, {'url': 'https://example150.com', 'title': 'Page 150', 'timestamp': '2026-05-30T00:35:29.883890'}, {'url': 'https://example149.com', 'title': 'Page 149', 'timestamp': '2026-05-30T00:35:29.882592'}, {'url': 'https://example148.com', 'title': 'Page 148', 'timestamp': '2026-05-30T00:35:29.881203'}, {'url': 'https://example147.com', 'title': 'Page 147', 'timestamp': '2026-05-30T00:35:29.879818'}, {'url': 'https://example146.com', 'title': 'Page 146', 'timestamp': '2026-05-30T00:35:29.878260'}, {'url': 'https://example145.com', 'title': 'Page 145', 'timestamp': '2026-05-30T00:35:29.876537'}, {'url': 'https://example144.com', 'title': 'Page 144', 'timestamp': '2026-05-30T00:35:29.874815'}, {'url': 'https://example143.com', 'title': 'Page 143', 'timestamp': '2026-05-30T00:35:29.872453'}, {'url': 'https://example142.com', 'title': 'Page 142', 'timestamp': '2026-05-30T00:35:29.870638'}, {'url': 'https://example141.com', 'title': 'Page 141', 'timestamp': '2026-05-30T00:35:29.868900'}, {'url': 'https://example140.com', 'title': 'Page 140', 'timestamp': '2026-05-30T00:35:29.867663'}, {'url': 'https://example139.com', 'title': 'Page 139', 'timestamp': '2026-05-30T00:35:29.866368'}, {'url': 'https://example138.com', 'title': 'Page 138', 'timestamp': '2026-05-30T00:35:29.865113'}, {'url': 'https://example137.com', 'title': 'Page 137', 'timestamp': '2026-05-30T00:35:29.863843'}, {'url': 'https://example136.com', 'title': 'Page 136', 'timestamp': '2026-05-30T00:35:29.862459'}, {'url': 'https://example135.com', 'title': 'Page 135', 'timestamp': '2026-05-30T00:35:29.860793'}, {'url': 'https://example134.com', 'title': 'Page 134', 'timestamp': '2026-05-30T00:35:29.859412'}, {'url': 'https://example133.com', 'title': 'Page 133', 'timestamp': '2026-05-30T00:35:29.857628'}, {'url': 'https://example132.com', 'title': 'Page 132', 'timestamp': '2026-05-30T00:35:29.855150'}, {'url': 'https://example131.com', 'title': 'Page 131', 'timestamp': '2026-05-30T00:35:29.853422'}, {'url': 'https://example130.com', 'title': 'Page 130', 'timestamp': '2026-05-30T00:35:29.852165'}, {'url': 'https://example129.com', 'title': 'Page 129', 'timestamp': '2026-05-30T00:35:29.850889'}, {'url': 'https://example128.com', 'title': 'Page 128', 'timestamp': '2026-05-30T00:35:29.849642'}, {'url': 'https://example127.com', 'title': 'Page 127', 'timestamp': '2026-05-30T00:35:29.848347'}, {'url': 'https://example126.com', 'title': 'Page 126', 'timestamp': '2026-05-30T00:35:29.847070'}, {'url': 'https://example125.com', 'title': 'Page 125', 'timestamp': '2026-05-30T00:35:29.845470'}, {'url': 'https://example124.com', 'title': 'Page 124', 'timestamp': '2026-05-30T00:35:29.844028'}, {'url': 'https://example123.com', 'title': 'Page 123', 'timestamp': '2026-05-30T00:35:29.842113'}, {'url': 'https://example122.com', 'title': 'Page 122', 'timestamp': '2026-05-30T00:35:29.839344'}, {'url': 'https://example121.com', 'title': 'Page 121', 'timestamp': '2026-05-30T00:35:29.837379'}, {'url': 'https://example120.com', 'title': 'Page 120', 'timestamp': '2026-05-30T00:35:29.836072'}, {'url': 'https://example119.com', 'title': 'Page 119', 'timestamp': '2026-05-30T00:35:29.834822'}, {'url': 'https://example118.com', 'title': 'Page 118', 'timestamp': '2026-05-30T00:35:29.833524'}, {'url': 'https://example117.com', 'title': 'Page 117', 'timestamp': '2026-05-30T00:35:29.832223'}, {'url': 'https://example116.com', 'title': 'Page 116', 'timestamp': '2026-05-30T00:35:29.830935'}, {'url': 'https://example115.com', 'title': 'Page 115', 'timestamp': '2026-05-30T00:35:29.829440'}, {'url': 'https://example114.com', 'title': 'Page 114', 'timestamp': '2026-05-30T00:35:29.828023'}, {'url': 'https://example113.com', 'title': 'Page 113', 'timestamp': '2026-05-30T00:35:29.826694'}, {'url': 'https://example112.com', 'title': 'Page 112', 'timestamp': '2026-05-30T00:35:29.824868'}, {'url': 'https://example111.com', 'title': 'Page 111', 'timestamp': '2026-05-30T00:35:29.822269'}, {'url': 'https://example110.com', 'title': 'Page 110', 'timestamp': '2026-05-30T00:35:29.820669'}, {'url': 'https://example109.com', 'title': 'Page 109', 'timestamp': '2026-05-30T00:35:29.819454'}, {'url': 'https://example108.com', 'title': 'Page 108', 'timestamp': '2026-05-30T00:35:29.818205'}, {'url': 'https://example107.com', 'title': 'Page 107', 'timestamp': '2026-05-30T00:35:29.816878'}, {'url': 'https://example106.com', 'title': 'Page 106', 'timestamp': '2026-05-30T00:35:29.815495'}, {'url': 'https://example105.com', 'title': 'Page 105', 'timestamp': '2026-05-30T00:35:29.814065'}, {'url': 'https://example104.com', 'title': 'Page 104', 'timestamp': '2026-05-30T00:35:29.812581'}, {'url': 'https://example103.com', 'title': 'Page 103', 'timestamp': '2026-05-30T00:35:29.811282'}, {'url': 'https://example102.com', 'title': 'Page 102', 'timestamp': '2026-05-30T00:35:29.809762'}, {'url': 'https://example101.com', 'title': 'Page 101', 'timestamp': '2026-05-30T00:35:29.807635'}, {'url': 'https://example100.com', 'title': 'Page 100', 'timestamp': '2026-05-30T00:35:29.805034'}, {'url': 'https://example99.com', 'title': 'Page 99', 'timestamp': '2026-05-30T00:35:29.803669'}, {'url': 'https://example98.com', 'title': 'Page 98', 'timestamp': '2026-05-30T00:35:29.802387'}, {'url': 'https://example97.com', 'title': 'Page 97', 'timestamp': '2026-05-30T00:35:29.801073'}, {'url': 'https://example96.com', 'title': 'Page 96', 'timestamp': '2026-05-30T00:35:29.799820'}, {'url': 'https://example95.com', 'title': 'Page 95', 'timestamp': '2026-05-30T00:35:29.798388'}, {'url': 'https://example94.com', 'title': 'Page 94', 'timestamp': '2026-05-30T00:35:29.796599'}, {'url': 'https://example93.com', 'title': 'Page 93', 'timestamp': '2026-05-30T00:35:29.794993'}, {'url': 'https://example92.com', 'title': 'Page 92', 'timestamp': '2026-05-30T00:35:29.793437'}, {'url': 'https://example91.com', 'title': 'Page 91', 'timestamp': '2026-05-30T00:35:29.791613'}, {'url': 'https://example90.com', 'title': 'Page 90', 'timestamp': '2026-05-30T00:35:29.788786'}, {'url': 'https://example89.com', 'title': 'Page 89', 'timestamp': '2026-05-30T00:35:29.787321'}, {'url': 'https://example88.com', 'title': 'Page 88', 'timestamp': '2026-05-30T00:35:29.786054'}, {'url': 'https://example87.com', 'title': 'Page 87', 'timestamp': '2026-05-30T00:35:29.784675'}, {'url': 'https://example86.com', 'title': 'Page 86', 'timestamp': '2026-05-30T00:35:29.783271'}, {'url': 'https://example85.com', 'title': 'Page 85', 'timestamp': '2026-05-30T00:35:29.781538'}, {'url': 'https://example84.com', 'title': 'Page 84', 'timestamp': '2026-05-30T00:35:29.780041'}, {'url': 'https://example83.com', 'title': 'Page 83', 'timestamp': '2026-05-30T00:35:29.778572'}, {'url': 'https://example82.com', 'title': 'Page 82', 'timestamp': '2026-05-30T00:35:29.776995'}, {'url': 'https://example81.com', 'title': 'Page 81', 'timestamp': '2026-05-30T00:35:29.775533'}, {'url': 'https://example80.com', 'title': 'Page 80', 'timestamp': '2026-05-30T00:35:29.773201'}, {'url': 'https://example79.com', 'title': 'Page 79', 'timestamp': '2026-05-30T00:35:29.770910'}, {'url': 'https://example78.com', 'title': 'Page 78', 'timestamp': '2026-05-30T00:35:29.769487'}, {'url': 'https://example77.com', 'title': 'Page 77', 'timestamp': '2026-05-30T00:35:29.768246'}, {'url': 'https://example76.com', 'title': 'Page 76', 'timestamp': '2026-05-30T00:35:29.766954'}, {'url': 'https://example75.com', 'title': 'Page 75', 'timestamp': '2026-05-30T00:35:29.765411'}, {'url': 'https://example74.com', 'title': 'Page 74', 'timestamp': '2026-05-30T00:35:29.764149'}, {'url': 'https://example73.com', 'title': 'Page 73', 'timestamp': '2026-05-30T00:35:29.762871'}, {'url': 'https://example72.com', 'title': 'Page 72', 'timestamp': '2026-05-30T00:35:29.761393'}, {'url': 'https://example71.com', 'title': 'Page 71', 'timestamp': '2026-05-30T00:35:29.760131'}, {'url': 'https://example70.com', 'title': 'Page 70', 'timestamp': '2026-05-30T00:35:29.758679'}, {'url': 'https://example69.com', 'title': 'Page 69', 'timestamp': '2026-05-30T00:35:29.756602'}, {'url': 'https://example68.com', 'title': 'Page 68', 'timestamp': '2026-05-30T00:35:29.754614'}, {'url': 'https://example67.com', 'title': 'Page 67', 'timestamp': '2026-05-30T00:35:29.753374'}, {'url': 'https://example66.com', 'title': 'Page 66', 'timestamp': '2026-05-30T00:35:29.752127'}])">tests\test_history_manager.py:64: in test_history_persists_to_disk
    assert len(data) == 1
E   AssertionError: assert 1000 == 1
E    +  where 1000 = len([{'url': 'https://example.com', 'title': 'Example', 'timestamp': '2026-05-30T00:37:03.523053'}, {'url': 'file:///home/user/document.html', 'title': 'Local File', 'timestamp': '2026-05-30T00:37:03.477438'}, {'url': 'https://example9.com', 'title': 'Page https://example9.com', 'timestamp': '2026-05-30T00:37:03.431272'}, {'url': 'https://example8.com', 'title': 'Page https://example8.com', 'timestamp': '2026-05-30T00:37:03.428996'}, {'url': 'https://example7.com', 'title': 'Page https://example7.com', 'timestamp': '2026-05-30T00:37:03.425830'}, {'url': 'https://example6.com', 'title': 'Page https://example6.com', 'timestamp': '2026-05-30T00:37:03.423347'}, {'url': 'https://example5.com', 'title': 'Page https://example5.com', 'timestamp': '2026-05-30T00:37:03.421079'}, {'url': 'https://example4.com', 'title': 'Page https://example4.com', 'timestamp': '2026-05-30T00:37:03.418887'}, {'url': 'https://example3.com', 'title': 'Page https://example3.com', 'timestamp': '2026-05-30T00:37:03.416612'}, {'url': 'https://example2.com', 'title': 'Page https://example2.com', 'timestamp': '2026-05-30T00:37:03.414328'}, {'url': 'https://example1.com', 'title': 'Page https://example1.com', 'timestamp': '2026-05-30T00:37:03.411924'}, {'url': 'https://example0.com', 'title': 'Page https://example0.com', 'timestamp': '2026-05-30T00:37:03.408413'}, {'url': 'https://example.com', 'title': 'Example Domain', 'timestamp': '2026-05-30T00:37:03.377159'}, {'url': 'file:///home/file.html', 'title': 'Test', 'timestamp': '2026-05-30T00:35:31.899236'}, {'url': 'http://example.com', 'title': 'Test', 'timestamp': '2026-05-30T00:35:31.864644'}, {'url': 'https://example.com', 'title': 'Test', 'timestamp': '2026-05-30T00:35:31.834593'}, {'url': 'https://example1049.com', 'title': 'Page 1049', 'timestamp': '2026-05-30T00:35:31.799892'}, {'url': 'https://example1048.com', 'title': 'Page 1048', 'timestamp': '2026-05-30T00:35:31.797353'}, {'url': 'https://example1047.com', 'title': 'Page 1047', 'timestamp': '2026-05-30T00:35:31.794951'}, {'url': 'https://example1046.com', 'title': 'Page 1046', 'timestamp': '2026-05-30T00:35:31.792214'}, {'url': 'https://example1045.com', 'title': 'Page 1045', 'timestamp': '2026-05-30T00:35:31.788854'}, {'url': 'https://example1044.com', 'title': 'Page 1044', 'timestamp': '2026-05-30T00:35:31.786329'}, {'url': 'https://example1043.com', 'title': 'Page 1043', 'timestamp': '2026-05-30T00:35:31.784038'}, {'url': 'https://example1042.com', 'title': 'Page 1042', 'timestamp': '2026-05-30T00:35:31.781490'}, {'url': 'https://example1041.com', 'title': 'Page 1041', 'timestamp': '2026-05-30T00:35:31.778955'}, {'url': 'https://example1040.com', 'title': 'Page 1040', 'timestamp': '2026-05-30T00:35:31.776194'}, {'url': 'https://example1039.com', 'title': 'Page 1039', 'timestamp': '2026-05-30T00:35:31.773050'}, {'url': 'https://example1038.com', 'title': 'Page 1038', 'timestamp': '2026-05-30T00:35:31.770163'}, {'url': 'https://example1037.com', 'title': 'Page 1037', 'timestamp': '2026-05-30T00:35:31.768003'}, {'url': 'https://example1036.com', 'title': 'Page 1036', 'timestamp': '2026-05-30T00:35:31.765738'}, {'url': 'https://example1035.com', 'title': 'Page 1035', 'timestamp': '2026-05-30T00:35:31.763374'}, {'url': 'https://example1034.com', 'title': 'Page 1034', 'timestamp': '2026-05-30T00:35:31.761053'}, {'url': 'https://example1033.com', 'title': 'Page 1033', 'timestamp': '2026-05-30T00:35:31.758403'}, {'url': 'https://example1032.com', 'title': 'Page 1032', 'timestamp': '2026-05-30T00:35:31.754831'}, {'url': 'https://example1031.com', 'title': 'Page 1031', 'timestamp': '2026-05-30T00:35:31.752584'}, {'url': 'https://example1030.com', 'title': 'Page 1030', 'timestamp': '2026-05-30T00:35:31.750425'}, {'url': 'https://example1029.com', 'title': 'Page 1029', 'timestamp': '2026-05-30T00:35:31.747861'}, {'url': 'https://example1028.com', 'title': 'Page 1028', 'timestamp': '2026-05-30T00:35:31.745555'}, {'url': 'https://example1027.com', 'title': 'Page 1027', 'timestamp': '2026-05-30T00:35:31.743040'}, {'url': 'https://example1026.com', 'title': 'Page 1026', 'timestamp': '2026-05-30T00:35:31.740055'}, {'url': 'https://example1025.com', 'title': 'Page 1025', 'timestamp': '2026-05-30T00:35:31.737112'}, {'url': 'https://example1024.com', 'title': 'Page 1024', 'timestamp': '2026-05-30T00:35:31.734825'}, {'url': 'https://example1023.com', 'title': 'Page 1023', 'timestamp': '2026-05-30T00:35:31.732385'}, {'url': 'https://example1022.com', 'title': 'Page 1022', 'timestamp': '2026-05-30T00:35:31.730185'}, {'url': 'https://example1021.com', 'title': 'Page 1021', 'timestamp': '2026-05-30T00:35:31.727788'}, {'url': 'https://example1020.com', 'title': 'Page 1020', 'timestamp': '2026-05-30T00:35:31.725095'}, {'url': 'https://example1019.com', 'title': 'Page 1019', 'timestamp': '2026-05-30T00:35:31.721120'}, {'url': 'https://example1018.com', 'title': 'Page 1018', 'timestamp': '2026-05-30T00:35:31.718877'}, {'url': 'https://example1017.com', 'title': 'Page 1017', 'timestamp': '2026-05-30T00:35:31.716318'}, {'url': 'https://example1016.com', 'title': 'Page 1016', 'timestamp': '2026-05-30T00:35:31.714069'}, {'url': 'https://example1015.com', 'title': 'Page 1015', 'timestamp': '2026-05-30T00:35:31.711635'}, {'url': 'https://example1014.com', 'title': 'Page 1014', 'timestamp': '2026-05-30T00:35:31.709052'}, {'url': 'https://example1013.com', 'title': 'Page 1013', 'timestamp': '2026-05-30T00:35:31.705808'}, {'url': 'https://example1012.com', 'title': 'Page 1012', 'timestamp': '2026-05-30T00:35:31.703136'}, {'url': 'https://example1011.com', 'title': 'Page 1011', 'timestamp': '2026-05-30T00:35:31.701064'}, {'url': 'https://example1010.com', 'title': 'Page 1010', 'timestamp': '2026-05-30T00:35:31.699009'}, {'url': 'https://example1009.com', 'title': 'Page 1009', 'timestamp': '2026-05-30T00:35:31.696705'}, {'url': 'https://example1008.com', 'title': 'Page 1008', 'timestamp': '2026-05-30T00:35:31.694486'}, {'url': 'https://example1007.com', 'title': 'Page 1007', 'timestamp': '2026-05-30T00:35:31.692238'}, {'url': 'https://example1006.com', 'title': 'Page 1006', 'timestamp': '2026-05-30T00:35:31.689295'}, {'url': 'https://example1005.com', 'title': 'Page 1005', 'timestamp': '2026-05-30T00:35:31.686573'}, {'url': 'https://example1004.com', 'title': 'Page 1004', 'timestamp': '2026-05-30T00:35:31.684424'}, {'url': 'https://example1003.com', 'title': 'Page 1003', 'timestamp': '2026-05-30T00:35:31.682287'}, {'url': 'https://example1002.com', 'title': 'Page 1002', 'timestamp': '2026-05-30T00:35:31.679994'}, {'url': 'https://example1001.com', 'title': 'Page 1001', 'timestamp': '2026-05-30T00:35:31.677552'}, {'url': 'https://example1000.com', 'title': 'Page 1000', 'timestamp': '2026-05-30T00:35:31.675233'}, {'url': 'https://example999.com', 'title': 'Page 999', 'timestamp': '2026-05-30T00:35:31.671580'}, {'url': 'https://example998.com', 'title': 'Page 998', 'timestamp': '2026-05-30T00:35:31.669175'}, {'url': 'https://example997.com', 'title': 'Page 997', 'timestamp': '2026-05-30T00:35:31.666962'}, {'url': 'https://example996.com', 'title': 'Page 996', 'timestamp': '2026-05-30T00:35:31.664456'}, {'url': 'https://example995.com', 'title': 'Page 995', 'timestamp': '2026-05-30T00:35:31.662271'}, {'url': 'https://example994.com', 'title': 'Page 994', 'timestamp': '2026-05-30T00:35:31.659984'}, {'url': 'https://example993.com', 'title': 'Page 993', 'timestamp': '2026-05-30T00:35:31.657515'}, {'url': 'https://example992.com', 'title': 'Page 992', 'timestamp': '2026-05-30T00:35:31.654436'}, {'url': 'https://example991.com', 'title': 'Page 991', 'timestamp': '2026-05-30T00:35:31.652368'}, {'url': 'https://example990.com', 'title': 'Page 990', 'timestamp': '2026-05-30T00:35:31.650263'}, {'url': 'https://example989.com', 'title': 'Page 989', 'timestamp': '2026-05-30T00:35:31.647953'}, {'url': 'https://example988.com', 'title': 'Page 988', 'timestamp': '2026-05-30T00:35:31.645892'}, {'url': 'https://example987.com', 'title': 'Page 987', 'timestamp': '2026-05-30T00:35:31.643652'}, {'url': 'https://example986.com', 'title': 'Page 986', 'timestamp': '2026-05-30T00:35:31.641387'}, {'url': 'https://example985.com', 'title': 'Page 985', 'timestamp': '2026-05-30T00:35:31.638246'}, {'url': 'https://example984.com', 'title': 'Page 984', 'timestamp': '2026-05-30T00:35:31.635844'}, {'url': 'https://example983.com', 'title': 'Page 983', 'timestamp': '2026-05-30T00:35:31.633695'}, {'url': 'https://example982.com', 'title': 'Page 982', 'timestamp': '2026-05-30T00:35:31.631308'}, {'url': 'https://example981.com', 'title': 'Page 981', 'timestamp': '2026-05-30T00:35:31.628965'}, {'url': 'https://example980.com', 'title': 'Page 980', 'timestamp': '2026-05-30T00:35:31.626773'}, {'url': 'https://example979.com', 'title': 'Page 979', 'timestamp': '2026-05-30T00:35:31.624478'}, {'url': 'https://example978.com', 'title': 'Page 978', 'timestamp': '2026-05-30T00:35:31.621196'}, {'url': 'https://example977.com', 'title': 'Page 977', 'timestamp': '2026-05-30T00:35:31.618992'}, {'url': 'https://example976.com', 'title': 'Page 976', 'timestamp': '2026-05-30T00:35:31.616563'}, {'url': 'https://example975.com', 'title': 'Page 975', 'timestamp': '2026-05-30T00:35:31.614133'}, {'url': 'https://example974.com', 'title': 'Page 974', 'timestamp': '2026-05-30T00:35:31.611658'}, {'url': 'https://example973.com', 'title': 'Page 973', 'timestamp': '2026-05-30T00:35:31.609403'}, {'url': 'https://example972.com', 'title': 'Page 972', 'timestamp': '2026-05-30T00:35:31.606428'}, {'url': 'https://example971.com', 'title': 'Page 971', 'timestamp': '2026-05-30T00:35:31.603600'}, {'url': 'https://example970.com', 'title': 'Page 970', 'timestamp': '2026-05-30T00:35:31.601257'}, {'url': 'https://example969.com', 'title': 'Page 969', 'timestamp': '2026-05-30T00:35:31.598912'}, {'url': 'https://example968.com', 'title': 'Page 968', 'timestamp': '2026-05-30T00:35:31.596302'}, {'url': 'https://example967.com', 'title': 'Page 967', 'timestamp': '2026-05-30T00:35:31.593955'}, {'url': 'https://example966.com', 'title': 'Page 966', 'timestamp': '2026-05-30T00:35:31.591270'}, {'url': 'https://example965.com', 'title': 'Page 965', 'timestamp': '2026-05-30T00:35:31.587533'}, {'url': 'https://example964.com', 'title': 'Page 964', 'timestamp': '2026-05-30T00:35:31.585196'}, {'url': 'https://example963.com', 'title': 'Page 963', 'timestamp': '2026-05-30T00:35:31.583081'}, {'url': 'https://example962.com', 'title': 'Page 962', 'timestamp': '2026-05-30T00:35:31.580674'}, {'url': 'https://example961.com', 'title': 'Page 961', 'timestamp': '2026-05-30T00:35:31.578566'}, {'url': 'https://example960.com', 'title': 'Page 960', 'timestamp': '2026-05-30T00:35:31.576212'}, {'url': 'https://example959.com', 'title': 'Page 959', 'timestamp': '2026-05-30T00:35:31.572776'}, {'url': 'https://example958.com', 'title': 'Page 958', 'timestamp': '2026-05-30T00:35:31.569673'}, {'url': 'https://example957.com', 'title': 'Page 957', 'timestamp': '2026-05-30T00:35:31.567369'}, {'url': 'https://example956.com', 'title': 'Page 956', 'timestamp': '2026-05-30T00:35:31.565066'}, {'url': 'https://example955.com', 'title': 'Page 955', 'timestamp': '2026-05-30T00:35:31.562837'}, {'url': 'https://example954.com', 'title': 'Page 954', 'timestamp': '2026-05-30T00:35:31.560396'}, {'url': 'https://example953.com', 'title': 'Page 953', 'timestamp': '2026-05-30T00:35:31.557606'}, {'url': 'https://example952.com', 'title': 'Page 952', 'timestamp': '2026-05-30T00:35:31.553884'}, {'url': 'https://example951.com', 'title': 'Page 951', 'timestamp': '2026-05-30T00:35:31.551729'}, {'url': 'https://example950.com', 'title': 'Page 950', 'timestamp': '2026-05-30T00:35:31.549112'}, {'url': 'https://example949.com', 'title': 'Page 949', 'timestamp': '2026-05-30T00:35:31.546813'}, {'url': 'https://example948.com', 'title': 'Page 948', 'timestamp': '2026-05-30T00:35:31.544410'}, {'url': 'https://example947.com', 'title': 'Page 947', 'timestamp': '2026-05-30T00:35:31.541086'}, {'url': 'https://example946.com', 'title': 'Page 946', 'timestamp': '2026-05-30T00:35:31.537576'}, {'url': 'https://example945.com', 'title': 'Page 945', 'timestamp': '2026-05-30T00:35:31.535480'}, {'url': 'https://example944.com', 'title': 'Page 944', 'timestamp': '2026-05-30T00:35:31.533306'}, {'url': 'https://example943.com', 'title': 'Page 943', 'timestamp': '2026-05-30T00:35:31.530821'}, {'url': 'https://example942.com', 'title': 'Page 942', 'timestamp': '2026-05-30T00:35:31.528485'}, {'url': 'https://example941.com', 'title': 'Page 941', 'timestamp': '2026-05-30T00:35:31.525825'}, {'url': 'https://example940.com', 'title': 'Page 940', 'timestamp': '2026-05-30T00:35:31.522617'}, {'url': 'https://example939.com', 'title': 'Page 939', 'timestamp': '2026-05-30T00:35:31.519783'}, {'url': 'https://example938.com', 'title': 'Page 938', 'timestamp': '2026-05-30T00:35:31.517613'}, {'url': 'https://example937.com', 'title': 'Page 937', 'timestamp': '2026-05-30T00:35:31.515365'}, {'url': 'https://example936.com', 'title': 'Page 936', 'timestamp': '2026-05-30T00:35:31.513143'}, {'url': 'https://example935.com', 'title': 'Page 935', 'timestamp': '2026-05-30T00:35:31.510487'}, {'url': 'https://example934.com', 'title': 'Page 934', 'timestamp': '2026-05-30T00:35:31.507131'}, {'url': 'https://example933.com', 'title': 'Page 933', 'timestamp': '2026-05-30T00:35:31.503803'}, {'url': 'https://example932.com', 'title': 'Page 932', 'timestamp': '2026-05-30T00:35:31.501568'}, {'url': 'https://example931.com', 'title': 'Page 931', 'timestamp': '2026-05-30T00:35:31.499349'}, {'url': 'https://example930.com', 'title': 'Page 930', 'timestamp': '2026-05-30T00:35:31.497139'}, {'url': 'https://example929.com', 'title': 'Page 929', 'timestamp': '2026-05-30T00:35:31.494785'}, {'url': 'https://example928.com', 'title': 'Page 928', 'timestamp': '2026-05-30T00:35:31.492298'}, {'url': 'https://example927.com', 'title': 'Page 927', 'timestamp': '2026-05-30T00:35:31.489301'}, {'url': 'https://example926.com', 'title': 'Page 926', 'timestamp': '2026-05-30T00:35:31.486349'}, {'url': 'https://example925.com', 'title': 'Page 925', 'timestamp': '2026-05-30T00:35:31.483829'}, {'url': 'https://example924.com', 'title': 'Page 924', 'timestamp': '2026-05-30T00:35:31.481661'}, {'url': 'https://example923.com', 'title': 'Page 923', 'timestamp': '2026-05-30T00:35:31.479452'}, {'url': 'https://example922.com', 'title': 'Page 922', 'timestamp': '2026-05-30T00:35:31.477054'}, {'url': 'https://example921.com', 'title': 'Page 921', 'timestamp': '2026-05-30T00:35:31.474297'}, {'url': 'https://example920.com', 'title': 'Page 920', 'timestamp': '2026-05-30T00:35:31.471067'}, {'url': 'https://example919.com', 'title': 'Page 919', 'timestamp': '2026-05-30T00:35:31.468590'}, {'url': 'https://example918.com', 'title': 'Page 918', 'timestamp': '2026-05-30T00:35:31.466455'}, {'url': 'https://example917.com', 'title': 'Page 917', 'timestamp': '2026-05-30T00:35:31.463275'}, {'url': 'https://example916.com', 'title': 'Page 916', 'timestamp': '2026-05-30T00:35:31.459359'}, {'url': 'https://example915.com', 'title': 'Page 915', 'timestamp': '2026-05-30T00:35:31.456613'}, {'url': 'https://example914.com', 'title': 'Page 914', 'timestamp': '2026-05-30T00:35:31.453485'}, {'url': 'https://example913.com', 'title': 'Page 913', 'timestamp': '2026-05-30T00:35:31.451397'}, {'url': 'https://example912.com', 'title': 'Page 912', 'timestamp': '2026-05-30T00:35:31.449358'}, {'url': 'https://example911.com', 'title': 'Page 911', 'timestamp': '2026-05-30T00:35:31.447093'}, {'url': 'https://example910.com', 'title': 'Page 910', 'timestamp': '2026-05-30T00:35:31.444262'}, {'url': 'https://example909.com', 'title': 'Page 909', 'timestamp': '2026-05-30T00:35:31.441550'}, {'url': 'https://example908.com', 'title': 'Page 908', 'timestamp': '2026-05-30T00:35:31.437835'}, {'url': 'https://example907.com', 'title': 'Page 907', 'timestamp': '2026-05-30T00:35:31.435661'}, {'url': 'https://example906.com', 'title': 'Page 906', 'timestamp': '2026-05-30T00:35:31.433605'}, {'url': 'https://example905.com', 'title': 'Page 905', 'timestamp': '2026-05-30T00:35:31.431404'}, {'url': 'https://example904.com', 'title': 'Page 904', 'timestamp': '2026-05-30T00:35:31.428844'}, {'url': 'https://example903.com', 'title': 'Page 903', 'timestamp': '2026-05-30T00:35:31.426481'}, {'url': 'https://example902.com', 'title': 'Page 902', 'timestamp': '2026-05-30T00:35:31.423160'}, {'url': 'https://example901.com', 'title': 'Page 901', 'timestamp': '2026-05-30T00:35:31.420265'}, {'url': 'https://example900.com', 'title': 'Page 900', 'timestamp': '2026-05-30T00:35:31.418131'}, {'url': 'https://example899.com', 'title': 'Page 899', 'timestamp': '2026-05-30T00:35:31.416032'}, {'url': 'https://example898.com', 'title': 'Page 898', 'timestamp': '2026-05-30T00:35:31.413926'}, {'url': 'https://example897.com', 'title': 'Page 897', 'timestamp': '2026-05-30T00:35:31.411352'}, {'url': 'https://example896.com', 'title': 'Page 896', 'timestamp': '2026-05-30T00:35:31.409141'}, {'url': 'https://example895.com', 'title': 'Page 895', 'timestamp': '2026-05-30T00:35:31.406392'}, {'url': 'https://example894.com', 'title': 'Page 894', 'timestamp': '2026-05-30T00:35:31.403671'}, {'url': 'https://example893.com', 'title': 'Page 893', 'timestamp': '2026-05-30T00:35:31.401631'}, {'url': 'https://example892.com', 'title': 'Page 892', 'timestamp': '2026-05-30T00:35:31.399538'}, {'url': 'https://example891.com', 'title': 'Page 891', 'timestamp': '2026-05-30T00:35:31.397355'}, {'url': 'https://example890.com', 'title': 'Page 890', 'timestamp': '2026-05-30T00:35:31.395083'}, {'url': 'https://example889.com', 'title': 'Page 889', 'timestamp': '2026-05-30T00:35:31.392923'}, {'url': 'https://example888.com', 'title': 'Page 888', 'timestamp': '2026-05-30T00:35:31.389851'}, {'url': 'https://example887.com', 'title': 'Page 887', 'timestamp': '2026-05-30T00:35:31.386920'}, {'url': 'https://example886.com', 'title': 'Page 886', 'timestamp': '2026-05-30T00:35:31.384766'}, {'url': 'https://example885.com', 'title': 'Page 885', 'timestamp': '2026-05-30T00:35:31.382566'}, {'url': 'https://example884.com', 'title': 'Page 884', 'timestamp': '2026-05-30T00:35:31.378997'}, {'url': 'https://example883.com', 'title': 'Page 883', 'timestamp': '2026-05-30T00:35:31.376683'}, {'url': 'https://example882.com', 'title': 'Page 882', 'timestamp': '2026-05-30T00:35:31.373803'}, {'url': 'https://example881.com', 'title': 'Page 881', 'timestamp': '2026-05-30T00:35:31.370776'}, {'url': 'https://example880.com', 'title': 'Page 880', 'timestamp': '2026-05-30T00:35:31.368678'}, {'url': 'https://example879.com', 'title': 'Page 879', 'timestamp': '2026-05-30T00:35:31.366546'}, {'url': 'https://example878.com', 'title': 'Page 878', 'timestamp': '2026-05-30T00:35:31.364081'}, {'url': 'https://example877.com', 'title': 'Page 877', 'timestamp': '2026-05-30T00:35:31.361927'}, {'url': 'https://example876.com', 'title': 'Page 876', 'timestamp': '2026-05-30T00:35:31.359782'}, {'url': 'https://example875.com', 'title': 'Page 875', 'timestamp': '2026-05-30T00:35:31.355948'}, {'url': 'https://example874.com', 'title': 'Page 874', 'timestamp': '2026-05-30T00:35:31.353254'}, {'url': 'https://example873.com', 'title': 'Page 873', 'timestamp': '2026-05-30T00:35:31.351060'}, {'url': 'https://example872.com', 'title': 'Page 872', 'timestamp': '2026-05-30T00:35:31.348699'}, {'url': 'https://example871.com', 'title': 'Page 871', 'timestamp': '2026-05-30T00:35:31.346524'}, {'url': 'https://example870.com', 'title': 'Page 870', 'timestamp': '2026-05-30T00:35:31.344130'}, {'url': 'https://example869.com', 'title': 'Page 869', 'timestamp': '2026-05-30T00:35:31.340757'}, {'url': 'https://example868.com', 'title': 'Page 868', 'timestamp': '2026-05-30T00:35:31.337443'}, {'url': 'https://example867.com', 'title': 'Page 867', 'timestamp': '2026-05-30T00:35:31.335359'}, {'url': 'https://example866.com', 'title': 'Page 866', 'timestamp': '2026-05-30T00:35:31.332877'}, {'url': 'https://example865.com', 'title': 'Page 865', 'timestamp': '2026-05-30T00:35:31.330807'}, {'url': 'https://example864.com', 'title': 'Page 864', 'timestamp': '2026-05-30T00:35:31.328657'}, {'url': 'https://example863.com', 'title': 'Page 863', 'timestamp': '2026-05-30T00:35:31.326534'}, {'url': 'https://example862.com', 'title': 'Page 862', 'timestamp': '2026-05-30T00:35:31.323200'}, {'url': 'https://example861.com', 'title': 'Page 861', 'timestamp': '2026-05-30T00:35:31.320323'}, {'url': 'https://example860.com', 'title': 'Page 860', 'timestamp': '2026-05-30T00:35:31.318078'}, {'url': 'https://example859.com', 'title': 'Page 859', 'timestamp': '2026-05-30T00:35:31.315610'}, {'url': 'https://example858.com', 'title': 'Page 858', 'timestamp': '2026-05-30T00:35:31.313610'}, {'url': 'https://example857.com', 'title': 'Page 857', 'timestamp': '2026-05-30T00:35:31.311516'}, {'url': 'https://example856.com', 'title': 'Page 856', 'timestamp': '2026-05-30T00:35:31.309104'}, {'url': 'https://example855.com', 'title': 'Page 855', 'timestamp': '2026-05-30T00:35:31.305132'}, {'url': 'https://example854.com', 'title': 'Page 854', 'timestamp': '2026-05-30T00:35:31.302546'}, {'url': 'https://example853.com', 'title': 'Page 853', 'timestamp': '2026-05-30T00:35:31.299688'}, {'url': 'https://example852.com', 'title': 'Page 852', 'timestamp': '2026-05-30T00:35:31.297572'}, {'url': 'https://example851.com', 'title': 'Page 851', 'timestamp': '2026-05-30T00:35:31.295344'}, {'url': 'https://example850.com', 'title': 'Page 850', 'timestamp': '2026-05-30T00:35:31.292871'}, {'url': 'https://example849.com', 'title': 'Page 849', 'timestamp': '2026-05-30T00:35:31.289929'}, {'url': 'https://example848.com', 'title': 'Page 848', 'timestamp': '2026-05-30T00:35:31.286668'}, {'url': 'https://example847.com', 'title': 'Page 847', 'timestamp': '2026-05-30T00:35:31.283938'}, {'url': 'https://example846.com', 'title': 'Page 846', 'timestamp': '2026-05-30T00:35:31.282013'}, {'url': 'https://example845.com', 'title': 'Page 845', 'timestamp': '2026-05-30T00:35:31.280044'}, {'url': 'https://example844.com', 'title': 'Page 844', 'timestamp': '2026-05-30T00:35:31.277831'}, {'url': 'https://example843.com', 'title': 'Page 843', 'timestamp': '2026-05-30T00:35:31.275561'}, {'url': 'https://example842.com', 'title': 'Page 842', 'timestamp': '2026-05-30T00:35:31.272789'}, {'url': 'https://example841.com', 'title': 'Page 841', 'timestamp': '2026-05-30T00:35:31.269921'}, {'url': 'https://example840.com', 'title': 'Page 840', 'timestamp': '2026-05-30T00:35:31.267673'}, {'url': 'https://example839.com', 'title': 'Page 839', 'timestamp': '2026-05-30T00:35:31.265627'}, {'url': 'https://example838.com', 'title': 'Page 838', 'timestamp': '2026-05-30T00:35:31.263445'}, {'url': 'https://example837.com', 'title': 'Page 837', 'timestamp': '2026-05-30T00:35:31.260923'}, {'url': 'https://example836.com', 'title': 'Page 836', 'timestamp': '2026-05-30T00:35:31.258715'}, {'url': 'https://example835.com', 'title': 'Page 835', 'timestamp': '2026-05-30T00:35:31.256058'}, {'url': 'https://example834.com', 'title': 'Page 834', 'timestamp': '2026-05-30T00:35:31.253000'}, {'url': 'https://example833.com', 'title': 'Page 833', 'timestamp': '2026-05-30T00:35:31.250971'}, {'url': 'https://example832.com', 'title': 'Page 832', 'timestamp': '2026-05-30T00:35:31.248903'}, {'url': 'https://example831.com', 'title': 'Page 831', 'timestamp': '2026-05-30T00:35:31.246740'}, {'url': 'https://example830.com', 'title': 'Page 830', 'timestamp': '2026-05-30T00:35:31.244475'}, {'url': 'https://example829.com', 'title': 'Page 829', 'timestamp': '2026-05-30T00:35:31.242251'}, {'url': 'https://example828.com', 'title': 'Page 828', 'timestamp': '2026-05-30T00:35:31.239435'}, {'url': 'https://example827.com', 'title': 'Page 827', 'timestamp': '2026-05-30T00:35:31.236581'}, {'url': 'https://example826.com', 'title': 'Page 826', 'timestamp': '2026-05-30T00:35:31.234584'}, {'url': 'https://example825.com', 'title': 'Page 825', 'timestamp': '2026-05-30T00:35:31.232430'}, {'url': 'https://example824.com', 'title': 'Page 824', 'timestamp': '2026-05-30T00:35:31.230255'}, {'url': 'https://example823.com', 'title': 'Page 823', 'timestamp': '2026-05-30T00:35:31.227842'}, {'url': 'https://example822.com', 'title': 'Page 822', 'timestamp': '2026-05-30T00:35:31.225479'}, {'url': 'https://example821.com', 'title': 'Page 821', 'timestamp': '2026-05-30T00:35:31.221579'}, {'url': 'https://example820.com', 'title': 'Page 820', 'timestamp': '2026-05-30T00:35:31.219381'}, {'url': 'https://example819.com', 'title': 'Page 819', 'timestamp': '2026-05-30T00:35:31.217330'}, {'url': 'https://example818.com', 'title': 'Page 818', 'timestamp': '2026-05-30T00:35:31.215277'}, {'url': 'https://example817.com', 'title': 'Page 817', 'timestamp': '2026-05-30T00:35:31.212885'}, {'url': 'https://example816.com', 'title': 'Page 816', 'timestamp': '2026-05-30T00:35:31.210567'}, {'url': 'https://example815.com', 'title': 'Page 815', 'timestamp': '2026-05-30T00:35:31.208027'}, {'url': 'https://example814.com', 'title': 'Page 814', 'timestamp': '2026-05-30T00:35:31.204126'}, {'url': 'https://example813.com', 'title': 'Page 813', 'timestamp': '2026-05-30T00:35:31.202053'}, {'url': 'https://example812.com', 'title': 'Page 812', 'timestamp': '2026-05-30T00:35:31.200035'}, {'url': 'https://example811.com', 'title': 'Page 811', 'timestamp': '2026-05-30T00:35:31.197593'}, {'url': 'https://example810.com', 'title': 'Page 810', 'timestamp': '2026-05-30T00:35:31.195313'}, {'url': 'https://example809.com', 'title': 'Page 809', 'timestamp': '2026-05-30T00:35:31.192983'}, {'url': 'https://example808.com', 'title': 'Page 808', 'timestamp': '2026-05-30T00:35:31.190130'}, {'url': 'https://example807.com', 'title': 'Page 807', 'timestamp': '2026-05-30T00:35:31.187200'}, {'url': 'https://example806.com', 'title': 'Page 806', 'timestamp': '2026-05-30T00:35:31.185296'}, {'url': 'https://example805.com', 'title': 'Page 805', 'timestamp': '2026-05-30T00:35:31.183285'}, {'url': 'https://example804.com', 'title': 'Page 804', 'timestamp': '2026-05-30T00:35:31.181100'}, {'url': 'https://example803.com', 'title': 'Page 803', 'timestamp': '2026-05-30T00:35:31.178955'}, {'url': 'https://example802.com', 'title': 'Page 802', 'timestamp': '2026-05-30T00:35:31.176778'}, {'url': 'https://example801.com', 'title': 'Page 801', 'timestamp': '2026-05-30T00:35:31.173490'}, {'url': 'https://example800.com', 'title': 'Page 800', 'timestamp': '2026-05-30T00:35:31.170686'}, {'url': 'https://example799.com', 'title': 'Page 799', 'timestamp': '2026-05-30T00:35:31.168621'}, {'url': 'https://example798.com', 'title': 'Page 798', 'timestamp': '2026-05-30T00:35:31.166683'}, {'url': 'https://example797.com', 'title': 'Page 797', 'timestamp': '2026-05-30T00:35:31.164439'}, {'url': 'https://example796.com', 'title': 'Page 796', 'timestamp': '2026-05-30T00:35:31.162428'}, {'url': 'https://example795.com', 'title': 'Page 795', 'timestamp': '2026-05-30T00:35:31.159950'}, {'url': 'https://example794.com', 'title': 'Page 794', 'timestamp': '2026-05-30T00:35:31.155884'}, {'url': 'https://example793.com', 'title': 'Page 793', 'timestamp': '2026-05-30T00:35:31.153415'}, {'url': 'https://example792.com', 'title': 'Page 792', 'timestamp': '2026-05-30T00:35:31.151359'}, {'url': 'https://example791.com', 'title': 'Page 791', 'timestamp': '2026-05-30T00:35:31.149225'}, {'url': 'https://example790.com', 'title': 'Page 790', 'timestamp': '2026-05-30T00:35:31.147172'}, {'url': 'https://example789.com', 'title': 'Page 789', 'timestamp': '2026-05-30T00:35:31.144949'}, {'url': 'https://example788.com', 'title': 'Page 788', 'timestamp': '2026-05-30T00:35:31.142656'}, {'url': 'https://example787.com', 'title': 'Page 787', 'timestamp': '2026-05-30T00:35:31.139409'}, {'url': 'https://example786.com', 'title': 'Page 786', 'timestamp': '2026-05-30T00:35:31.136829'}, {'url': 'https://example785.com', 'title': 'Page 785', 'timestamp': '2026-05-30T00:35:31.134878'}, {'url': 'https://example784.com', 'title': 'Page 784', 'timestamp': '2026-05-30T00:35:31.132721'}, {'url': 'https://example783.com', 'title': 'Page 783', 'timestamp': '2026-05-30T00:35:31.130684'}, {'url': 'https://example782.com', 'title': 'Page 782', 'timestamp': '2026-05-30T00:35:31.128573'}, {'url': 'https://example781.com', 'title': 'Page 781', 'timestamp': '2026-05-30T00:35:31.126169'}, {'url': 'https://example780.com', 'title': 'Page 780', 'timestamp': '2026-05-30T00:35:31.122673'}, {'url': 'https://example779.com', 'title': 'Page 779', 'timestamp': '2026-05-30T00:35:31.120101'}, {'url': 'https://example778.com', 'title': 'Page 778', 'timestamp': '2026-05-30T00:35:31.117907'}, {'url': 'https://example777.com', 'title': 'Page 777', 'timestamp': '2026-05-30T00:35:31.115668'}, {'url': 'https://example776.com', 'title': 'Page 776', 'timestamp': '2026-05-30T00:35:31.113695'}, {'url': 'https://example775.com', 'title': 'Page 775', 'timestamp': '2026-05-30T00:35:31.111460'}, {'url': 'https://example774.com', 'title': 'Page 774', 'timestamp': '2026-05-30T00:35:31.108695'}, {'url': 'https://example773.com', 'title': 'Page 773', 'timestamp': '2026-05-30T00:35:31.105518'}, {'url': 'https://example772.com', 'title': 'Page 772', 'timestamp': '2026-05-30T00:35:31.102925'}, {'url': 'https://example771.com', 'title': 'Page 771', 'timestamp': '2026-05-30T00:35:31.100251'}, {'url': 'https://example770.com', 'title': 'Page 770', 'timestamp': '2026-05-30T00:35:31.097608'}, {'url': 'https://example769.com', 'title': 'Page 769', 'timestamp': '2026-05-30T00:35:31.094434'}, {'url': 'https://example768.com', 'title': 'Page 768', 'timestamp': '2026-05-30T00:35:31.090809'}, {'url': 'https://example767.com', 'title': 'Page 767', 'timestamp': '2026-05-30T00:35:31.087721'}, {'url': 'https://example766.com', 'title': 'Page 766', 'timestamp': '2026-05-30T00:35:31.085340'}, {'url': 'https://example765.com', 'title': 'Page 765', 'timestamp': '2026-05-30T00:35:31.083039'}, {'url': 'https://example764.com', 'title': 'Page 764', 'timestamp': '2026-05-30T00:35:31.080889'}, {'url': 'https://example763.com', 'title': 'Page 763', 'timestamp': '2026-05-30T00:35:31.078574'}, {'url': 'https://example762.com', 'title': 'Page 762', 'timestamp': '2026-05-30T00:35:31.075982'}, {'url': 'https://example761.com', 'title': 'Page 761', 'timestamp': '2026-05-30T00:35:31.073713'}, {'url': 'https://example760.com', 'title': 'Page 760', 'timestamp': '2026-05-30T00:35:31.070940'}, {'url': 'https://example759.com', 'title': 'Page 759', 'timestamp': '2026-05-30T00:35:31.068838'}, {'url': 'https://example758.com', 'title': 'Page 758', 'timestamp': '2026-05-30T00:35:31.066872'}, {'url': 'https://example757.com', 'title': 'Page 757', 'timestamp': '2026-05-30T00:35:31.064821'}, {'url': 'https://example756.com', 'title': 'Page 756', 'timestamp': '2026-05-30T00:35:31.062785'}, {'url': 'https://example755.com', 'title': 'Page 755', 'timestamp': '2026-05-30T00:35:31.060257'}, {'url': 'https://example754.com', 'title': 'Page 754', 'timestamp': '2026-05-30T00:35:31.057802'}, {'url': 'https://example753.com', 'title': 'Page 753', 'timestamp': '2026-05-30T00:35:31.054865'}, {'url': 'https://example752.com', 'title': 'Page 752', 'timestamp': '2026-05-30T00:35:31.052763'}, {'url': 'https://example751.com', 'title': 'Page 751', 'timestamp': '2026-05-30T00:35:31.050797'}, {'url': 'https://example750.com', 'title': 'Page 750', 'timestamp': '2026-05-30T00:35:31.048848'}, {'url': 'https://example749.com', 'title': 'Page 749', 'timestamp': '2026-05-30T00:35:31.046904'}, {'url': 'https://example748.com', 'title': 'Page 748', 'timestamp': '2026-05-30T00:35:31.044834'}, {'url': 'https://example747.com', 'title': 'Page 747', 'timestamp': '2026-05-30T00:35:31.042386'}, {'url': 'https://example746.com', 'title': 'Page 746', 'timestamp': '2026-05-30T00:35:31.038432'}, {'url': 'https://example745.com', 'title': 'Page 745', 'timestamp': '2026-05-30T00:35:31.036086'}, {'url': 'https://example744.com', 'title': 'Page 744', 'timestamp': '2026-05-30T00:35:31.034017'}, {'url': 'https://example743.com', 'title': 'Page 743', 'timestamp': '2026-05-30T00:35:31.031974'}, {'url': 'https://example742.com', 'title': 'Page 742', 'timestamp': '2026-05-30T00:35:31.029301'}, {'url': 'https://example741.com', 'title': 'Page 741', 'timestamp': '2026-05-30T00:35:31.026718'}, {'url': 'https://example740.com', 'title': 'Page 740', 'timestamp': '2026-05-30T00:35:31.022658'}, {'url': 'https://example739.com', 'title': 'Page 739', 'timestamp': '2026-05-30T00:35:31.019925'}, {'url': 'https://example738.com', 'title': 'Page 738', 'timestamp': '2026-05-30T00:35:31.018003'}, {'url': 'https://example737.com', 'title': 'Page 737', 'timestamp': '2026-05-30T00:35:31.015941'}, {'url': 'https://example736.com', 'title': 'Page 736', 'timestamp': '2026-05-30T00:35:31.013458'}, {'url': 'https://example735.com', 'title': 'Page 735', 'timestamp': '2026-05-30T00:35:31.011146'}, {'url': 'https://example734.com', 'title': 'Page 734', 'timestamp': '2026-05-30T00:35:31.009034'}, {'url': 'https://example733.com', 'title': 'Page 733', 'timestamp': '2026-05-30T00:35:31.006000'}, {'url': 'https://example732.com', 'title': 'Page 732', 'timestamp': '2026-05-30T00:35:31.003210'}, {'url': 'https://example731.com', 'title': 'Page 731', 'timestamp': '2026-05-30T00:35:31.001335'}, {'url': 'https://example730.com', 'title': 'Page 730', 'timestamp': '2026-05-30T00:35:30.999378'}, {'url': 'https://example729.com', 'title': 'Page 729', 'timestamp': '2026-05-30T00:35:30.997154'}, {'url': 'https://example728.com', 'title': 'Page 728', 'timestamp': '2026-05-30T00:35:30.995067'}, {'url': 'https://example727.com', 'title': 'Page 727', 'timestamp': '2026-05-30T00:35:30.993029'}, {'url': 'https://example726.com', 'title': 'Page 726', 'timestamp': '2026-05-30T00:35:30.990585'}, {'url': 'https://example725.com', 'title': 'Page 725', 'timestamp': '2026-05-30T00:35:30.987412'}, {'url': 'https://example724.com', 'title': 'Page 724', 'timestamp': '2026-05-30T00:35:30.985462'}, {'url': 'https://example723.com', 'title': 'Page 723', 'timestamp': '2026-05-30T00:35:30.983442'}, {'url': 'https://example722.com', 'title': 'Page 722', 'timestamp': '2026-05-30T00:35:30.980855'}, {'url': 'https://example721.com', 'title': 'Page 721', 'timestamp': '2026-05-30T00:35:30.978777'}, {'url': 'https://example720.com', 'title': 'Page 720', 'timestamp': '2026-05-30T00:35:30.976844'}, {'url': 'https://example719.com', 'title': 'Page 719', 'timestamp': '2026-05-30T00:35:30.974603'}, {'url': 'https://example718.com', 'title': 'Page 718', 'timestamp': '2026-05-30T00:35:30.971067'}, {'url': 'https://example717.com', 'title': 'Page 717', 'timestamp': '2026-05-30T00:35:30.968902'}, {'url': 'https://example716.com', 'title': 'Page 716', 'timestamp': '2026-05-30T00:35:30.966784'}, {'url': 'https://example715.com', 'title': 'Page 715', 'timestamp': '2026-05-30T00:35:30.964364'}, {'url': 'https://example714.com', 'title': 'Page 714', 'timestamp': '2026-05-30T00:35:30.962409'}, {'url': 'https://example713.com', 'title': 'Page 713', 'timestamp': '2026-05-30T00:35:30.960413'}, {'url': 'https://example712.com', 'title': 'Page 712', 'timestamp': '2026-05-30T00:35:30.958287'}, {'url': 'https://example711.com', 'title': 'Page 711', 'timestamp': '2026-05-30T00:35:30.955092'}, {'url': 'https://example710.com', 'title': 'Page 710', 'timestamp': '2026-05-30T00:35:30.953012'}, {'url': 'https://example709.com', 'title': 'Page 709', 'timestamp': '2026-05-30T00:35:30.951017'}, {'url': 'https://example708.com', 'title': 'Page 708', 'timestamp': '2026-05-30T00:35:30.948701'}, {'url': 'https://example707.com', 'title': 'Page 707', 'timestamp': '2026-05-30T00:35:30.946799'}, {'url': 'https://example706.com', 'title': 'Page 706', 'timestamp': '2026-05-30T00:35:30.944840'}, {'url': 'https://example705.com', 'title': 'Page 705', 'timestamp': '2026-05-30T00:35:30.942769'}, {'url': 'https://example704.com', 'title': 'Page 704', 'timestamp': '2026-05-30T00:35:30.940139'}, {'url': 'https://example703.com', 'title': 'Page 703', 'timestamp': '2026-05-30T00:35:30.937149'}, {'url': 'https://example702.com', 'title': 'Page 702', 'timestamp': '2026-05-30T00:35:30.935120'}, {'url': 'https://example701.com', 'title': 'Page 701', 'timestamp': '2026-05-30T00:35:30.932120'}, {'url': 'https://example700.com', 'title': 'Page 700', 'timestamp': '2026-05-30T00:35:30.930114'}, {'url': 'https://example699.com', 'title': 'Page 699', 'timestamp': '2026-05-30T00:35:30.928202'}, {'url': 'https://example698.com', 'title': 'Page 698', 'timestamp': '2026-05-30T00:35:30.926196'}, {'url': 'https://example697.com', 'title': 'Page 697', 'timestamp': '2026-05-30T00:35:30.923884'}, {'url': 'https://example696.com', 'title': 'Page 696', 'timestamp': '2026-05-30T00:35:30.920953'}, {'url': 'https://example695.com', 'title': 'Page 695', 'timestamp': '2026-05-30T00:35:30.918629'}, {'url': 'https://example694.com', 'title': 'Page 694', 'timestamp': '2026-05-30T00:35:30.915958'}, {'url': 'https://example693.com', 'title': 'Page 693', 'timestamp': '2026-05-30T00:35:30.914030'}, {'url': 'https://example692.com', 'title': 'Page 692', 'timestamp': '2026-05-30T00:35:30.912227'}, {'url': 'https://example691.com', 'title': 'Page 691', 'timestamp': '2026-05-30T00:35:30.910269'}, {'url': 'https://example690.com', 'title': 'Page 690', 'timestamp': '2026-05-30T00:35:30.907919'}, {'url': 'https://example689.com', 'title': 'Page 689', 'timestamp': '2026-05-30T00:35:30.904843'}, {'url': 'https://example688.com', 'title': 'Page 688', 'timestamp': '2026-05-30T00:35:30.902804'}, {'url': 'https://example687.com', 'title': 'Page 687', 'timestamp': '2026-05-30T00:35:30.900399'}, {'url': 'https://example686.com', 'title': 'Page 686', 'timestamp': '2026-05-30T00:35:30.898590'}, {'url': 'https://example685.com', 'title': 'Page 685', 'timestamp': '2026-05-30T00:35:30.896708'}, {'url': 'https://example684.com', 'title': 'Page 684', 'timestamp': '2026-05-30T00:35:30.894661'}, {'url': 'https://example683.com', 'title': 'Page 683', 'timestamp': '2026-05-30T00:35:30.892217'}, {'url': 'https://example682.com', 'title': 'Page 682', 'timestamp': '2026-05-30T00:35:30.889906'}, {'url': 'https://example681.com', 'title': 'Page 681', 'timestamp': '2026-05-30T00:35:30.887307'}, {'url': 'https://example680.com', 'title': 'Page 680', 'timestamp': '2026-05-30T00:35:30.885380'}, {'url': 'https://example679.com', 'title': 'Page 679', 'timestamp': '2026-05-30T00:35:30.883455'}, {'url': 'https://example678.com', 'title': 'Page 678', 'timestamp': '2026-05-30T00:35:30.881680'}, {'url': 'https://example677.com', 'title': 'Page 677', 'timestamp': '2026-05-30T00:35:30.879798'}, {'url': 'https://example676.com', 'title': 'Page 676', 'timestamp': '2026-05-30T00:35:30.877632'}, {'url': 'https://example675.com', 'title': 'Page 675', 'timestamp': '2026-05-30T00:35:30.875405'}, {'url': 'https://example674.com', 'title': 'Page 674', 'timestamp': '2026-05-30T00:35:30.872571'}, {'url': 'https://example673.com', 'title': 'Page 673', 'timestamp': '2026-05-30T00:35:30.870016'}, {'url': 'https://example672.com', 'title': 'Page 672', 'timestamp': '2026-05-30T00:35:30.867904'}, {'url': 'https://example671.com', 'title': 'Page 671', 'timestamp': '2026-05-30T00:35:30.866104'}, {'url': 'https://example670.com', 'title': 'Page 670', 'timestamp': '2026-05-30T00:35:30.864243'}, {'url': 'https://example669.com', 'title': 'Page 669', 'timestamp': '2026-05-30T00:35:30.862199'}, {'url': 'https://example668.com', 'title': 'Page 668', 'timestamp': '2026-05-30T00:35:30.859946'}, {'url': 'https://example667.com', 'title': 'Page 667', 'timestamp': '2026-05-30T00:35:30.857771'}, {'url': 'https://example666.com', 'title': 'Page 666', 'timestamp': '2026-05-30T00:35:30.854118'}, {'url': 'https://example665.com', 'title': 'Page 665', 'timestamp': '2026-05-30T00:35:30.851976'}, {'url': 'https://example664.com', 'title': 'Page 664', 'timestamp': '2026-05-30T00:35:30.850164'}, {'url': 'https://example663.com', 'title': 'Page 663', 'timestamp': '2026-05-30T00:35:30.848318'}, {'url': 'https://example662.com', 'title': 'Page 662', 'timestamp': '2026-05-30T00:35:30.846280'}, {'url': 'https://example661.com', 'title': 'Page 661', 'timestamp': '2026-05-30T00:35:30.844009'}, {'url': 'https://example660.com', 'title': 'Page 660', 'timestamp': '2026-05-30T00:35:30.841753'}, {'url': 'https://example659.com', 'title': 'Page 659', 'timestamp': '2026-05-30T00:35:30.839008'}, {'url': 'https://example658.com', 'title': 'Page 658', 'timestamp': '2026-05-30T00:35:30.836485'}, {'url': 'https://example657.com', 'title': 'Page 657', 'timestamp': '2026-05-30T00:35:30.834652'}, {'url': 'https://example656.com', 'title': 'Page 656', 'timestamp': '2026-05-30T00:35:30.832805'}, {'url': 'https://example655.com', 'title': 'Page 655', 'timestamp': '2026-05-30T00:35:30.830858'}, {'url': 'https://example654.com', 'title': 'Page 654', 'timestamp': '2026-05-30T00:35:30.828683'}, {'url': 'https://example653.com', 'title': 'Page 653', 'timestamp': '2026-05-30T00:35:30.826751'}, {'url': 'https://example652.com', 'title': 'Page 652', 'timestamp': '2026-05-30T00:35:30.824560'}, {'url': 'https://example651.com', 'title': 'Page 651', 'timestamp': '2026-05-30T00:35:30.821033'}, {'url': 'https://example650.com', 'title': 'Page 650', 'timestamp': '2026-05-30T00:35:30.819251'}, {'url': 'https://example649.com', 'title': 'Page 649', 'timestamp': '2026-05-30T00:35:30.817316'}, {'url': 'https://example648.com', 'title': 'Page 648', 'timestamp': '2026-05-30T00:35:30.815407'}, {'url': 'https://example647.com', 'title': 'Page 647', 'timestamp': '2026-05-30T00:35:30.813349'}, {'url': 'https://example646.com', 'title': 'Page 646', 'timestamp': '2026-05-30T00:35:30.811381'}, {'url': 'https://example645.com', 'title': 'Page 645', 'timestamp': '2026-05-30T00:35:30.809315'}, {'url': 'https://example644.com', 'title': 'Page 644', 'timestamp': '2026-05-30T00:35:30.806607'}, {'url': 'https://example643.com', 'title': 'Page 643', 'timestamp': '2026-05-30T00:35:30.803779'}, {'url': 'https://example642.com', 'title': 'Page 642', 'timestamp': '2026-05-30T00:35:30.801998'}, {'url': 'https://example641.com', 'title': 'Page 641', 'timestamp': '2026-05-30T00:35:30.800135'}, {'url': 'https://example640.com', 'title': 'Page 640', 'timestamp': '2026-05-30T00:35:30.797905'}, {'url': 'https://example639.com', 'title': 'Page 639', 'timestamp': '2026-05-30T00:35:30.795748'}, {'url': 'https://example638.com', 'title': 'Page 638', 'timestamp': '2026-05-30T00:35:30.792992'}, {'url': 'https://example637.com', 'title': 'Page 637', 'timestamp': '2026-05-30T00:35:30.788872'}, {'url': 'https://example636.com', 'title': 'Page 636', 'timestamp': '2026-05-30T00:35:30.786765'}, {'url': 'https://example635.com', 'title': 'Page 635', 'timestamp': '2026-05-30T00:35:30.784945'}, {'url': 'https://example634.com', 'title': 'Page 634', 'timestamp': '2026-05-30T00:35:30.783017'}, {'url': 'https://example633.com', 'title': 'Page 633', 'timestamp': '2026-05-30T00:35:30.780636'}, {'url': 'https://example632.com', 'title': 'Page 632', 'timestamp': '2026-05-30T00:35:30.778781'}, {'url': 'https://example631.com', 'title': 'Page 631', 'timestamp': '2026-05-30T00:35:30.776577'}, {'url': 'https://example630.com', 'title': 'Page 630', 'timestamp': '2026-05-30T00:35:30.772707'}, {'url': 'https://example629.com', 'title': 'Page 629', 'timestamp': '2026-05-30T00:35:30.770314'}, {'url': 'https://example628.com', 'title': 'Page 628', 'timestamp': '2026-05-30T00:35:30.768366'}, {'url': 'https://example627.com', 'title': 'Page 627', 'timestamp': '2026-05-30T00:35:30.766441'}, {'url': 'https://example626.com', 'title': 'Page 626', 'timestamp': '2026-05-30T00:35:30.764308'}, {'url': 'https://example625.com', 'title': 'Page 625', 'timestamp': '2026-05-30T00:35:30.762148'}, {'url': 'https://example624.com', 'title': 'Page 624', 'timestamp': '2026-05-30T00:35:30.759985'}, {'url': 'https://example623.com', 'title': 'Page 623', 'timestamp': '2026-05-30T00:35:30.756198'}, {'url': 'https://example622.com', 'title': 'Page 622', 'timestamp': '2026-05-30T00:35:30.753644'}, {'url': 'https://example621.com', 'title': 'Page 621', 'timestamp': '2026-05-30T00:35:30.751790'}, {'url': 'https://example620.com', 'title': 'Page 620', 'timestamp': '2026-05-30T00:35:30.749735'}, {'url': 'https://example619.com', 'title': 'Page 619', 'timestamp': '2026-05-30T00:35:30.747804'}, {'url': 'https://example618.com', 'title': 'Page 618', 'timestamp': '2026-05-30T00:35:30.745898'}, {'url': 'https://example617.com', 'title': 'Page 617', 'timestamp': '2026-05-30T00:35:30.743987'}, {'url': 'https://example616.com', 'title': 'Page 616', 'timestamp': '2026-05-30T00:35:30.741449'}, {'url': 'https://example615.com', 'title': 'Page 615', 'timestamp': '2026-05-30T00:35:30.738513'}, {'url': 'https://example614.com', 'title': 'Page 614', 'timestamp': '2026-05-30T00:35:30.736450'}, {'url': 'https://example613.com', 'title': 'Page 613', 'timestamp': '2026-05-30T00:35:30.734233'}, {'url': 'https://example612.com', 'title': 'Page 612', 'timestamp': '2026-05-30T00:35:30.731997'}, {'url': 'https://example611.com', 'title': 'Page 611', 'timestamp': '2026-05-30T00:35:30.730017'}, {'url': 'https://example610.com', 'title': 'Page 610', 'timestamp': '2026-05-30T00:35:30.727530'}, {'url': 'https://example609.com', 'title': 'Page 609', 'timestamp': '2026-05-30T00:35:30.725180'}, {'url': 'https://example608.com', 'title': 'Page 608', 'timestamp': '2026-05-30T00:35:30.722560'}, {'url': 'https://example607.com', 'title': 'Page 607', 'timestamp': '2026-05-30T00:35:30.720234'}, {'url': 'https://example606.com', 'title': 'Page 606', 'timestamp': '2026-05-30T00:35:30.718408'}, {'url': 'https://example605.com', 'title': 'Page 605', 'timestamp': '2026-05-30T00:35:30.716395'}, {'url': 'https://example604.com', 'title': 'Page 604', 'timestamp': '2026-05-30T00:35:30.714694'}, {'url': 'https://example603.com', 'title': 'Page 603', 'timestamp': '2026-05-30T00:35:30.712898'}, {'url': 'https://example602.com', 'title': 'Page 602', 'timestamp': '2026-05-30T00:35:30.710912'}, {'url': 'https://example601.com', 'title': 'Page 601', 'timestamp': '2026-05-30T00:35:30.708736'}, {'url': 'https://example600.com', 'title': 'Page 600', 'timestamp': '2026-05-30T00:35:30.706299'}, {'url': 'https://example599.com', 'title': 'Page 599', 'timestamp': '2026-05-30T00:35:30.703856'}, {'url': 'https://example598.com', 'title': 'Page 598', 'timestamp': '2026-05-30T00:35:30.701608'}, {'url': 'https://example597.com', 'title': 'Page 597', 'timestamp': '2026-05-30T00:35:30.699535'}, {'url': 'https://example596.com', 'title': 'Page 596', 'timestamp': '2026-05-30T00:35:30.697672'}, {'url': 'https://example595.com', 'title': 'Page 595', 'timestamp': '2026-05-30T00:35:30.695396'}, {'url': 'https://example594.com', 'title': 'Page 594', 'timestamp': '2026-05-30T00:35:30.693307'}, {'url': 'https://example593.com', 'title': 'Page 593', 'timestamp': '2026-05-30T00:35:30.691159'}, {'url': 'https://example592.com', 'title': 'Page 592', 'timestamp': '2026-05-30T00:35:30.688126'}, {'url': 'https://example591.com', 'title': 'Page 591', 'timestamp': '2026-05-30T00:35:30.686280'}, {'url': 'https://example590.com', 'title': 'Page 590', 'timestamp': '2026-05-30T00:35:30.684179'}, {'url': 'https://example589.com', 'title': 'Page 589', 'timestamp': '2026-05-30T00:35:30.682352'}, {'url': 'https://example588.com', 'title': 'Page 588', 'timestamp': '2026-05-30T00:35:30.680496'}, {'url': 'https://example587.com', 'title': 'Page 587', 'timestamp': '2026-05-30T00:35:30.678547'}, {'url': 'https://example586.com', 'title': 'Page 586', 'timestamp': '2026-05-30T00:35:30.676506'}, {'url': 'https://example585.com', 'title': 'Page 585', 'timestamp': '2026-05-30T00:35:30.674524'}, {'url': 'https://example584.com', 'title': 'Page 584', 'timestamp': '2026-05-30T00:35:30.671492'}, {'url': 'https://example583.com', 'title': 'Page 583', 'timestamp': '2026-05-30T00:35:30.669200'}, {'url': 'https://example582.com', 'title': 'Page 582', 'timestamp': '2026-05-30T00:35:30.667167'}, {'url': 'https://example581.com', 'title': 'Page 581', 'timestamp': '2026-05-30T00:35:30.665186'}, {'url': 'https://example580.com', 'title': 'Page 580', 'timestamp': '2026-05-30T00:35:30.662999'}, {'url': 'https://example579.com', 'title': 'Page 579', 'timestamp': '2026-05-30T00:35:30.661055'}, {'url': 'https://example578.com', 'title': 'Page 578', 'timestamp': '2026-05-30T00:35:30.659155'}, {'url': 'https://example577.com', 'title': 'Page 577', 'timestamp': '2026-05-30T00:35:30.656461'}, {'url': 'https://example576.com', 'title': 'Page 576', 'timestamp': '2026-05-30T00:35:30.653779'}, {'url': 'https://example575.com', 'title': 'Page 575', 'timestamp': '2026-05-30T00:35:30.651871'}, {'url': 'https://example574.com', 'title': 'Page 574', 'timestamp': '2026-05-30T00:35:30.650109'}, {'url': 'https://example573.com', 'title': 'Page 573', 'timestamp': '2026-05-30T00:35:30.647942'}, {'url': 'https://example572.com', 'title': 'Page 572', 'timestamp': '2026-05-30T00:35:30.646115'}, {'url': 'https://example571.com', 'title': 'Page 571', 'timestamp': '2026-05-30T00:35:30.643941'}, {'url': 'https://example570.com', 'title': 'Page 570', 'timestamp': '2026-05-30T00:35:30.642063'}, {'url': 'https://example569.com', 'title': 'Page 569', 'timestamp': '2026-05-30T00:35:30.639350'}, {'url': 'https://example568.com', 'title': 'Page 568', 'timestamp': '2026-05-30T00:35:30.636720'}, {'url': 'https://example567.com', 'title': 'Page 567', 'timestamp': '2026-05-30T00:35:30.634860'}, {'url': 'https://example566.com', 'title': 'Page 566', 'timestamp': '2026-05-30T00:35:30.632821'}, {'url': 'https://example565.com', 'title': 'Page 565', 'timestamp': '2026-05-30T00:35:30.630842'}, {'url': 'https://example564.com', 'title': 'Page 564', 'timestamp': '2026-05-30T00:35:30.629045'}, {'url': 'https://example563.com', 'title': 'Page 563', 'timestamp': '2026-05-30T00:35:30.627218'}, {'url': 'https://example562.com', 'title': 'Page 562', 'timestamp': '2026-05-30T00:35:30.625323'}, {'url': 'https://example561.com', 'title': 'Page 561', 'timestamp': '2026-05-30T00:35:30.622050'}, {'url': 'https://example560.com', 'title': 'Page 560', 'timestamp': '2026-05-30T00:35:30.619927'}, {'url': 'https://example559.com', 'title': 'Page 559', 'timestamp': '2026-05-30T00:35:30.618131'}, {'url': 'https://example558.com', 'title': 'Page 558', 'timestamp': '2026-05-30T00:35:30.616179'}, {'url': 'https://example557.com', 'title': 'Page 557', 'timestamp': '2026-05-30T00:35:30.614388'}, {'url': 'https://example556.com', 'title': 'Page 556', 'timestamp': '2026-05-30T00:35:30.612326'}, {'url': 'https://example555.com', 'title': 'Page 555', 'timestamp': '2026-05-30T00:35:30.609784'}, {'url': 'https://example554.com', 'title': 'Page 554', 'timestamp': '2026-05-30T00:35:30.606166'}, {'url': 'https://example553.com', 'title': 'Page 553', 'timestamp': '2026-05-30T00:35:30.603593'}, {'url': 'https://example552.com', 'title': 'Page 552', 'timestamp': '2026-05-30T00:35:30.601693'}, {'url': 'https://example551.com', 'title': 'Page 551', 'timestamp': '2026-05-30T00:35:30.599580'}, {'url': 'https://example550.com', 'title': 'Page 550', 'timestamp': '2026-05-30T00:35:30.597857'}, {'url': 'https://example549.com', 'title': 'Page 549', 'timestamp': '2026-05-30T00:35:30.596072'}, {'url': 'https://example548.com', 'title': 'Page 548', 'timestamp': '2026-05-30T00:35:30.594295'}, {'url': 'https://example547.com', 'title': 'Page 547', 'timestamp': '2026-05-30T00:35:30.592497'}, {'url': 'https://example546.com', 'title': 'Page 546', 'timestamp': '2026-05-30T00:35:30.589629'}, {'url': 'https://example545.com', 'title': 'Page 545', 'timestamp': '2026-05-30T00:35:30.587196'}, {'url': 'https://example544.com', 'title': 'Page 544', 'timestamp': '2026-05-30T00:35:30.585483'}, {'url': 'https://example543.com', 'title': 'Page 543', 'timestamp': '2026-05-30T00:35:30.583598'}, {'url': 'https://example542.com', 'title': 'Page 542', 'timestamp': '2026-05-30T00:35:30.581907'}, {'url': 'https://example541.com', 'title': 'Page 541', 'timestamp': '2026-05-30T00:35:30.580235'}, {'url': 'https://example540.com', 'title': 'Page 540', 'timestamp': '2026-05-30T00:35:30.578593'}, {'url': 'https://example539.com', 'title': 'Page 539', 'timestamp': '2026-05-30T00:35:30.576901'}, {'url': 'https://example538.com', 'title': 'Page 538', 'timestamp': '2026-05-30T00:35:30.574931'}, {'url': 'https://example537.com', 'title': 'Page 537', 'timestamp': '2026-05-30T00:35:30.571513'}, {'url': 'https://example536.com', 'title': 'Page 536', 'timestamp': '2026-05-30T00:35:30.569072'}, {'url': 'https://example535.com', 'title': 'Page 535', 'timestamp': '2026-05-30T00:35:30.567353'}, {'url': 'https://example534.com', 'title': 'Page 534', 'timestamp': '2026-05-30T00:35:30.565606'}, {'url': 'https://example533.com', 'title': 'Page 533', 'timestamp': '2026-05-30T00:35:30.563832'}, {'url': 'https://example532.com', 'title': 'Page 532', 'timestamp': '2026-05-30T00:35:30.561993'}, {'url': 'https://example531.com', 'title': 'Page 531', 'timestamp': '2026-05-30T00:35:30.560009'}, {'url': 'https://example530.com', 'title': 'Page 530', 'timestamp': '2026-05-30T00:35:30.557710'}, {'url': 'https://example529.com', 'title': 'Page 529', 'timestamp': '2026-05-30T00:35:30.554860'}, {'url': 'https://example528.com', 'title': 'Page 528', 'timestamp': '2026-05-30T00:35:30.552784'}, {'url': 'https://example527.com', 'title': 'Page 527', 'timestamp': '2026-05-30T00:35:30.551140'}, {'url': 'https://example526.com', 'title': 'Page 526', 'timestamp': '2026-05-30T00:35:30.549452'}, {'url': 'https://example525.com', 'title': 'Page 525', 'timestamp': '2026-05-30T00:35:30.547553'}, {'url': 'https://example524.com', 'title': 'Page 524', 'timestamp': '2026-05-30T00:35:30.545660'}, {'url': 'https://example523.com', 'title': 'Page 523', 'timestamp': '2026-05-30T00:35:30.543672'}, {'url': 'https://example522.com', 'title': 'Page 522', 'timestamp': '2026-05-30T00:35:30.541782'}, {'url': 'https://example521.com', 'title': 'Page 521', 'timestamp': '2026-05-30T00:35:30.538387'}, {'url': 'https://example520.com', 'title': 'Page 520', 'timestamp': '2026-05-30T00:35:30.536191'}, {'url': 'https://example519.com', 'title': 'Page 519', 'timestamp': '2026-05-30T00:35:30.534492'}, {'url': 'https://example518.com', 'title': 'Page 518', 'timestamp': '2026-05-30T00:35:30.532738'}, {'url': 'https://example517.com', 'title': 'Page 517', 'timestamp': '2026-05-30T00:35:30.530919'}, {'url': 'https://example516.com', 'title': 'Page 516', 'timestamp': '2026-05-30T00:35:30.529023'}, {'url': 'https://example515.com', 'title': 'Page 515', 'timestamp': '2026-05-30T00:35:30.527236'}, {'url': 'https://example514.com', 'title': 'Page 514', 'timestamp': '2026-05-30T00:35:30.525381'}, {'url': 'https://example513.com', 'title': 'Page 513', 'timestamp': '2026-05-30T00:35:30.522898'}, {'url': 'https://example512.com', 'title': 'Page 512', 'timestamp': '2026-05-30T00:35:30.520489'}, {'url': 'https://example511.com', 'title': 'Page 511', 'timestamp': '2026-05-30T00:35:30.518767'}, {'url': 'https://example510.com', 'title': 'Page 510', 'timestamp': '2026-05-30T00:35:30.517044'}, {'url': 'https://example509.com', 'title': 'Page 509', 'timestamp': '2026-05-30T00:35:30.515307'}, {'url': 'https://example508.com', 'title': 'Page 508', 'timestamp': '2026-05-30T00:35:30.513502'}, {'url': 'https://example507.com', 'title': 'Page 507', 'timestamp': '2026-05-30T00:35:30.511530'}, {'url': 'https://example506.com', 'title': 'Page 506', 'timestamp': '2026-05-30T00:35:30.509478'}, {'url': 'https://example505.com', 'title': 'Page 505', 'timestamp': '2026-05-30T00:35:30.507304'}, {'url': 'https://example504.com', 'title': 'Page 504', 'timestamp': '2026-05-30T00:35:30.504227'}, {'url': 'https://example503.com', 'title': 'Page 503', 'timestamp': '2026-05-30T00:35:30.502509'}, {'url': 'https://example502.com', 'title': 'Page 502', 'timestamp': '2026-05-30T00:35:30.500832'}, {'url': 'https://example501.com', 'title': 'Page 501', 'timestamp': '2026-05-30T00:35:30.499130'}, {'url': 'https://example500.com', 'title': 'Page 500', 'timestamp': '2026-05-30T00:35:30.497496'}, {'url': 'https://example499.com', 'title': 'Page 499', 'timestamp': '2026-05-30T00:35:30.495685'}, {'url': 'https://example498.com', 'title': 'Page 498', 'timestamp': '2026-05-30T00:35:30.493879'}, {'url': 'https://example497.com', 'title': 'Page 497', 'timestamp': '2026-05-30T00:35:30.491852'}, {'url': 'https://example496.com', 'title': 'Page 496', 'timestamp': '2026-05-30T00:35:30.489385'}, {'url': 'https://example495.com', 'title': 'Page 495', 'timestamp': '2026-05-30T00:35:30.486968'}, {'url': 'https://example494.com', 'title': 'Page 494', 'timestamp': '2026-05-30T00:35:30.485361'}, {'url': 'https://example493.com', 'title': 'Page 493', 'timestamp': '2026-05-30T00:35:30.483721'}, {'url': 'https://example492.com', 'title': 'Page 492', 'timestamp': '2026-05-30T00:35:30.481949'}, {'url': 'https://example491.com', 'title': 'Page 491', 'timestamp': '2026-05-30T00:35:30.480099'}, {'url': 'https://example490.com', 'title': 'Page 490', 'timestamp': '2026-05-30T00:35:30.478173'}, {'url': 'https://example489.com', 'title': 'Page 489', 'timestamp': '2026-05-30T00:35:30.475836'}, {'url': 'https://example488.com', 'title': 'Page 488', 'timestamp': '2026-05-30T00:35:30.472657'}, {'url': 'https://example487.com', 'title': 'Page 487', 'timestamp': '2026-05-30T00:35:30.470438'}, {'url': 'https://example486.com', 'title': 'Page 486', 'timestamp': '2026-05-30T00:35:30.468785'}, {'url': 'https://example485.com', 'title': 'Page 485', 'timestamp': '2026-05-30T00:35:30.467069'}, {'url': 'https://example484.com', 'title': 'Page 484', 'timestamp': '2026-05-30T00:35:30.465375'}, {'url': 'https://example483.com', 'title': 'Page 483', 'timestamp': '2026-05-30T00:35:30.463624'}, {'url': 'https://example482.com', 'title': 'Page 482', 'timestamp': '2026-05-30T00:35:30.461875'}, {'url': 'https://example481.com', 'title': 'Page 481', 'timestamp': '2026-05-30T00:35:30.460147'}, {'url': 'https://example480.com', 'title': 'Page 480', 'timestamp': '2026-05-30T00:35:30.457887'}, {'url': 'https://example479.com', 'title': 'Page 479', 'timestamp': '2026-05-30T00:35:30.455327'}, {'url': 'https://example478.com', 'title': 'Page 478', 'timestamp': '2026-05-30T00:35:30.453454'}, {'url': 'https://example477.com', 'title': 'Page 477', 'timestamp': '2026-05-30T00:35:30.451607'}, {'url': 'https://example476.com', 'title': 'Page 476', 'timestamp': '2026-05-30T00:35:30.449821'}, {'url': 'https://example475.com', 'title': 'Page 475', 'timestamp': '2026-05-30T00:35:30.448089'}, {'url': 'https://example474.com', 'title': 'Page 474', 'timestamp': '2026-05-30T00:35:30.446213'}, {'url': 'https://example473.com', 'title': 'Page 473', 'timestamp': '2026-05-30T00:35:30.444444'}, {'url': 'https://example472.com', 'title': 'Page 472', 'timestamp': '2026-05-30T00:35:30.442235'}, {'url': 'https://example471.com', 'title': 'Page 471', 'timestamp': '2026-05-30T00:35:30.439995'}, {'url': 'https://example470.com', 'title': 'Page 470', 'timestamp': '2026-05-30T00:35:30.437470'}, {'url': 'https://example469.com', 'title': 'Page 469', 'timestamp': '2026-05-30T00:35:30.435890'}, {'url': 'https://example468.com', 'title': 'Page 468', 'timestamp': '2026-05-30T00:35:30.434284'}, {'url': 'https://example467.com', 'title': 'Page 467', 'timestamp': '2026-05-30T00:35:30.432604'}, {'url': 'https://example466.com', 'title': 'Page 466', 'timestamp': '2026-05-30T00:35:30.430910'}, {'url': 'https://example465.com', 'title': 'Page 465', 'timestamp': '2026-05-30T00:35:30.429259'}, {'url': 'https://example464.com', 'title': 'Page 464', 'timestamp': '2026-05-30T00:35:30.427629'}, {'url': 'https://example463.com', 'title': 'Page 463', 'timestamp': '2026-05-30T00:35:30.425857'}, {'url': 'https://example462.com', 'title': 'Page 462', 'timestamp': '2026-05-30T00:35:30.424114'}, {'url': 'https://example461.com', 'title': 'Page 461', 'timestamp': '2026-05-30T00:35:30.421511'}, {'url': 'https://example460.com', 'title': 'Page 460', 'timestamp': '2026-05-30T00:35:30.419825'}, {'url': 'https://example459.com', 'title': 'Page 459', 'timestamp': '2026-05-30T00:35:30.418093'}, {'url': 'https://example458.com', 'title': 'Page 458', 'timestamp': '2026-05-30T00:35:30.416511'}, {'url': 'https://example457.com', 'title': 'Page 457', 'timestamp': '2026-05-30T00:35:30.414973'}, {'url': 'https://example456.com', 'title': 'Page 456', 'timestamp': '2026-05-30T00:35:30.413300'}, {'url': 'https://example455.com', 'title': 'Page 455', 'timestamp': '2026-05-30T00:35:30.411592'}, {'url': 'https://example454.com', 'title': 'Page 454', 'timestamp': '2026-05-30T00:35:30.409756'}, {'url': 'https://example453.com', 'title': 'Page 453', 'timestamp': '2026-05-30T00:35:30.407814'}, {'url': 'https://example452.com', 'title': 'Page 452', 'timestamp': '2026-05-30T00:35:30.405267'}, {'url': 'https://example451.com', 'title': 'Page 451', 'timestamp': '2026-05-30T00:35:30.403488'}, {'url': 'https://example450.com', 'title': 'Page 450', 'timestamp': '2026-05-30T00:35:30.401923'}, {'url': 'https://example449.com', 'title': 'Page 449', 'timestamp': '2026-05-30T00:35:30.400323'}, {'url': 'https://example448.com', 'title': 'Page 448', 'timestamp': '2026-05-30T00:35:30.398777'}, {'url': 'https://example447.com', 'title': 'Page 447', 'timestamp': '2026-05-30T00:35:30.397124'}, {'url': 'https://example446.com', 'title': 'Page 446', 'timestamp': '2026-05-30T00:35:30.395471'}, {'url': 'https://example445.com', 'title': 'Page 445', 'timestamp': '2026-05-30T00:35:30.393792'}, {'url': 'https://example444.com', 'title': 'Page 444', 'timestamp': '2026-05-30T00:35:30.392020'}, {'url': 'https://example443.com', 'title': 'Page 443', 'timestamp': '2026-05-30T00:35:30.389423'}, {'url': 'https://example442.com', 'title': 'Page 442', 'timestamp': '2026-05-30T00:35:30.387176'}, {'url': 'https://example441.com', 'title': 'Page 441', 'timestamp': '2026-05-30T00:35:30.385483'}, {'url': 'https://example440.com', 'title': 'Page 440', 'timestamp': '2026-05-30T00:35:30.383752'}, {'url': 'https://example439.com', 'title': 'Page 439', 'timestamp': '2026-05-30T00:35:30.381888'}, {'url': 'https://example438.com', 'title': 'Page 438', 'timestamp': '2026-05-30T00:35:30.380171'}, {'url': 'https://example437.com', 'title': 'Page 437', 'timestamp': '2026-05-30T00:35:30.378228'}, {'url': 'https://example436.com', 'title': 'Page 436', 'timestamp': '2026-05-30T00:35:30.376549'}, {'url': 'https://example435.com', 'title': 'Page 435', 'timestamp': '2026-05-30T00:35:30.374792'}, {'url': 'https://example434.com', 'title': 'Page 434', 'timestamp': '2026-05-30T00:35:30.372104'}, {'url': 'https://example433.com', 'title': 'Page 433', 'timestamp': '2026-05-30T00:35:30.370181'}, {'url': 'https://example432.com', 'title': 'Page 432', 'timestamp': '2026-05-30T00:35:30.368567'}, {'url': 'https://example431.com', 'title': 'Page 431', 'timestamp': '2026-05-30T00:35:30.366968'}, {'url': 'https://example430.com', 'title': 'Page 430', 'timestamp': '2026-05-30T00:35:30.365312'}, {'url': 'https://example429.com', 'title': 'Page 429', 'timestamp': '2026-05-30T00:35:30.363613'}, {'url': 'https://example428.com', 'title': 'Page 428', 'timestamp': '2026-05-30T00:35:30.361916'}, {'url': 'https://example427.com', 'title': 'Page 427', 'timestamp': '2026-05-30T00:35:30.360337'}, {'url': 'https://example426.com', 'title': 'Page 426', 'timestamp': '2026-05-30T00:35:30.358781'}, {'url': 'https://example425.com', 'title': 'Page 425', 'timestamp': '2026-05-30T00:35:30.356893'}, {'url': 'https://example424.com', 'title': 'Page 424', 'timestamp': '2026-05-30T00:35:30.354424'}, {'url': 'https://example423.com', 'title': 'Page 423', 'timestamp': '2026-05-30T00:35:30.352797'}, {'url': 'https://example422.com', 'title': 'Page 422', 'timestamp': '2026-05-30T00:35:30.351127'}, {'url': 'https://example421.com', 'title': 'Page 421', 'timestamp': '2026-05-30T00:35:30.349516'}, {'url': 'https://example420.com', 'title': 'Page 420', 'timestamp': '2026-05-30T00:35:30.347230'}, {'url': 'https://example419.com', 'title': 'Page 419', 'timestamp': '2026-05-30T00:35:30.345626'}, {'url': 'https://example418.com', 'title': 'Page 418', 'timestamp': '2026-05-30T00:35:30.344018'}, {'url': 'https://example417.com', 'title': 'Page 417', 'timestamp': '2026-05-30T00:35:30.342270'}, {'url': 'https://example416.com', 'title': 'Page 416', 'timestamp': '2026-05-30T00:35:30.339607'}, {'url': 'https://example415.com', 'title': 'Page 415', 'timestamp': '2026-05-30T00:35:30.337244'}, {'url': 'https://example414.com', 'title': 'Page 414', 'timestamp': '2026-05-30T00:35:30.335664'}, {'url': 'https://example413.com', 'title': 'Page 413', 'timestamp': '2026-05-30T00:35:30.333939'}, {'url': 'https://example412.com', 'title': 'Page 412', 'timestamp': '2026-05-30T00:35:30.332361'}, {'url': 'https://example411.com', 'title': 'Page 411', 'timestamp': '2026-05-30T00:35:30.330592'}, {'url': 'https://example410.com', 'title': 'Page 410', 'timestamp': '2026-05-30T00:35:30.329064'}, {'url': 'https://example409.com', 'title': 'Page 409', 'timestamp': '2026-05-30T00:35:30.327517'}, {'url': 'https://example408.com', 'title': 'Page 408', 'timestamp': '2026-05-30T00:35:30.325810'}, {'url': 'https://example407.com', 'title': 'Page 407', 'timestamp': '2026-05-30T00:35:30.323759'}, {'url': 'https://example406.com', 'title': 'Page 406', 'timestamp': '2026-05-30T00:35:30.321003'}, {'url': 'https://example405.com', 'title': 'Page 405', 'timestamp': '2026-05-30T00:35:30.319440'}, {'url': 'https://example404.com', 'title': 'Page 404', 'timestamp': '2026-05-30T00:35:30.317864'}, {'url': 'https://example403.com', 'title': 'Page 403', 'timestamp': '2026-05-30T00:35:30.316309'}, {'url': 'https://example402.com', 'title': 'Page 402', 'timestamp': '2026-05-30T00:35:30.314614'}, {'url': 'https://example401.com', 'title': 'Page 401', 'timestamp': '2026-05-30T00:35:30.313020'}, {'url': 'https://example400.com', 'title': 'Page 400', 'timestamp': '2026-05-30T00:35:30.311447'}, {'url': 'https://example399.com', 'title': 'Page 399', 'timestamp': '2026-05-30T00:35:30.309882'}, {'url': 'https://example398.com', 'title': 'Page 398', 'timestamp': '2026-05-30T00:35:30.308309'}, {'url': 'https://example397.com', 'title': 'Page 397', 'timestamp': '2026-05-30T00:35:30.306359'}, {'url': 'https://example396.com', 'title': 'Page 396', 'timestamp': '2026-05-30T00:35:30.303937'}, {'url': 'https://example395.com', 'title': 'Page 395', 'timestamp': '2026-05-30T00:35:30.302309'}, {'url': 'https://example394.com', 'title': 'Page 394', 'timestamp': '2026-05-30T00:35:30.300594'}, {'url': 'https://example393.com', 'title': 'Page 393', 'timestamp': '2026-05-30T00:35:30.298609'}, {'url': 'https://example392.com', 'title': 'Page 392', 'timestamp': '2026-05-30T00:35:30.297016'}, {'url': 'https://example391.com', 'title': 'Page 391', 'timestamp': '2026-05-30T00:35:30.295399'}, {'url': 'https://example390.com', 'title': 'Page 390', 'timestamp': '2026-05-30T00:35:30.293794'}, {'url': 'https://example389.com', 'title': 'Page 389', 'timestamp': '2026-05-30T00:35:30.292125'}, {'url': 'https://example388.com', 'title': 'Page 388', 'timestamp': '2026-05-30T00:35:30.289630'}, {'url': 'https://example387.com', 'title': 'Page 387', 'timestamp': '2026-05-30T00:35:30.287186'}, {'url': 'https://example386.com', 'title': 'Page 386', 'timestamp': '2026-05-30T00:35:30.285637'}, {'url': 'https://example385.com', 'title': 'Page 385', 'timestamp': '2026-05-30T00:35:30.284048'}, {'url': 'https://example384.com', 'title': 'Page 384', 'timestamp': '2026-05-30T00:35:30.282270'}, {'url': 'https://example383.com', 'title': 'Page 383', 'timestamp': '2026-05-30T00:35:30.280798'}, {'url': 'https://example382.com', 'title': 'Page 382', 'timestamp': '2026-05-30T00:35:30.279260'}, {'url': 'https://example381.com', 'title': 'Page 381', 'timestamp': '2026-05-30T00:35:30.277656'}, {'url': 'https://example380.com', 'title': 'Page 380', 'timestamp': '2026-05-30T00:35:30.276124'}, {'url': 'https://example379.com', 'title': 'Page 379', 'timestamp': '2026-05-30T00:35:30.273983'}, {'url': 'https://example378.com', 'title': 'Page 378', 'timestamp': '2026-05-30T00:35:30.270998'}, {'url': 'https://example377.com', 'title': 'Page 377', 'timestamp': '2026-05-30T00:35:30.269223'}, {'url': 'https://example376.com', 'title': 'Page 376', 'timestamp': '2026-05-30T00:35:30.267449'}, {'url': 'https://example375.com', 'title': 'Page 375', 'timestamp': '2026-05-30T00:35:30.265949'}, {'url': 'https://example374.com', 'title': 'Page 374', 'timestamp': '2026-05-30T00:35:30.264475'}, {'url': 'https://example373.com', 'title': 'Page 373', 'timestamp': '2026-05-30T00:35:30.262999'}, {'url': 'https://example372.com', 'title': 'Page 372', 'timestamp': '2026-05-30T00:35:30.261448'}, {'url': 'https://example371.com', 'title': 'Page 371', 'timestamp': '2026-05-30T00:35:30.259772'}, {'url': 'https://example370.com', 'title': 'Page 370', 'timestamp': '2026-05-30T00:35:30.257142'}, {'url': 'https://example369.com', 'title': 'Page 369', 'timestamp': '2026-05-30T00:35:30.254380'}, {'url': 'https://example368.com', 'title': 'Page 368', 'timestamp': '2026-05-30T00:35:30.252563'}, {'url': 'https://example367.com', 'title': 'Page 367', 'timestamp': '2026-05-30T00:35:30.250713'}, {'url': 'https://example366.com', 'title': 'Page 366', 'timestamp': '2026-05-30T00:35:30.249051'}, {'url': 'https://example365.com', 'title': 'Page 365', 'timestamp': '2026-05-30T00:35:30.247403'}, {'url': 'https://example364.com', 'title': 'Page 364', 'timestamp': '2026-05-30T00:35:30.245564'}, {'url': 'https://example363.com', 'title': 'Page 363', 'timestamp': '2026-05-30T00:35:30.244039'}, {'url': 'https://example362.com', 'title': 'Page 362', 'timestamp': '2026-05-30T00:35:30.242343'}, {'url': 'https://example361.com', 'title': 'Page 361', 'timestamp': '2026-05-30T00:35:30.239942'}, {'url': 'https://example360.com', 'title': 'Page 360', 'timestamp': '2026-05-30T00:35:30.237306'}, {'url': 'https://example359.com', 'title': 'Page 359', 'timestamp': '2026-05-30T00:35:30.235589'}, {'url': 'https://example358.com', 'title': 'Page 358', 'timestamp': '2026-05-30T00:35:30.234049'}, {'url': 'https://example357.com', 'title': 'Page 357', 'timestamp': '2026-05-30T00:35:30.232523'}, {'url': 'https://example356.com', 'title': 'Page 356', 'timestamp': '2026-05-30T00:35:30.230883'}, {'url': 'https://example355.com', 'title': 'Page 355', 'timestamp': '2026-05-30T00:35:30.229304'}, {'url': 'https://example354.com', 'title': 'Page 354', 'timestamp': '2026-05-30T00:35:30.227785'}, {'url': 'https://example353.com', 'title': 'Page 353', 'timestamp': '2026-05-30T00:35:30.226090'}, {'url': 'https://example352.com', 'title': 'Page 352', 'timestamp': '2026-05-30T00:35:30.223850'}, {'url': 'https://example351.com', 'title': 'Page 351', 'timestamp': '2026-05-30T00:35:30.220515'}, {'url': 'https://example350.com', 'title': 'Page 350', 'timestamp': '2026-05-30T00:35:30.219063'}, {'url': 'https://example349.com', 'title': 'Page 349', 'timestamp': '2026-05-30T00:35:30.217502'}, {'url': 'https://example348.com', 'title': 'Page 348', 'timestamp': '2026-05-30T00:35:30.215914'}, {'url': 'https://example347.com', 'title': 'Page 347', 'timestamp': '2026-05-30T00:35:30.214475'}, {'url': 'https://example346.com', 'title': 'Page 346', 'timestamp': '2026-05-30T00:35:30.212938'}, {'url': 'https://example345.com', 'title': 'Page 345', 'timestamp': '2026-05-30T00:35:30.211417'}, {'url': 'https://example344.com', 'title': 'Page 344', 'timestamp': '2026-05-30T00:35:30.209750'}, {'url': 'https://example343.com', 'title': 'Page 343', 'timestamp': '2026-05-30T00:35:30.205784'}, {'url': 'https://example342.com', 'title': 'Page 342', 'timestamp': '2026-05-30T00:35:30.203624'}, {'url': 'https://example341.com', 'title': 'Page 341', 'timestamp': '2026-05-30T00:35:30.202132'}, {'url': 'https://example340.com', 'title': 'Page 340', 'timestamp': '2026-05-30T00:35:30.200608'}, {'url': 'https://example339.com', 'title': 'Page 339', 'timestamp': '2026-05-30T00:35:30.199137'}, {'url': 'https://example338.com', 'title': 'Page 338', 'timestamp': '2026-05-30T00:35:30.197615'}, {'url': 'https://example337.com', 'title': 'Page 337', 'timestamp': '2026-05-30T00:35:30.196152'}, {'url': 'https://example336.com', 'title': 'Page 336', 'timestamp': '2026-05-30T00:35:30.194679'}, {'url': 'https://example335.com', 'title': 'Page 335', 'timestamp': '2026-05-30T00:35:30.193194'}, {'url': 'https://example334.com', 'title': 'Page 334', 'timestamp': '2026-05-30T00:35:30.191495'}, {'url': 'https://example333.com', 'title': 'Page 333', 'timestamp': '2026-05-30T00:35:30.188969'}, {'url': 'https://example332.com', 'title': 'Page 332', 'timestamp': '2026-05-30T00:35:30.187119'}, {'url': 'https://example331.com', 'title': 'Page 331', 'timestamp': '2026-05-30T00:35:30.185651'}, {'url': 'https://example330.com', 'title': 'Page 330', 'timestamp': '2026-05-30T00:35:30.184136'}, {'url': 'https://example329.com', 'title': 'Page 329', 'timestamp': '2026-05-30T00:35:30.182658'}, {'url': 'https://example328.com', 'title': 'Page 328', 'timestamp': '2026-05-30T00:35:30.181133'}, {'url': 'https://example327.com', 'title': 'Page 327', 'timestamp': '2026-05-30T00:35:30.179667'}, {'url': 'https://example326.com', 'title': 'Page 326', 'timestamp': '2026-05-30T00:35:30.178183'}, {'url': 'https://example325.com', 'title': 'Page 325', 'timestamp': '2026-05-30T00:35:30.176615'}, {'url': 'https://example324.com', 'title': 'Page 324', 'timestamp': '2026-05-30T00:35:30.174780'}, {'url': 'https://example323.com', 'title': 'Page 323', 'timestamp': '2026-05-30T00:35:30.171787'}, {'url': 'https://example322.com', 'title': 'Page 322', 'timestamp': '2026-05-30T00:35:30.170145'}, {'url': 'https://example321.com', 'title': 'Page 321', 'timestamp': '2026-05-30T00:35:30.168653'}, {'url': 'https://example320.com', 'title': 'Page 320', 'timestamp': '2026-05-30T00:35:30.167218'}, {'url': 'https://example319.com', 'title': 'Page 319', 'timestamp': '2026-05-30T00:35:30.165711'}, {'url': 'https://example318.com', 'title': 'Page 318', 'timestamp': '2026-05-30T00:35:30.164146'}, {'url': 'https://example317.com', 'title': 'Page 317', 'timestamp': '2026-05-30T00:35:30.162423'}, {'url': 'https://example316.com', 'title': 'Page 316', 'timestamp': '2026-05-30T00:35:30.160771'}, {'url': 'https://example315.com', 'title': 'Page 315', 'timestamp': '2026-05-30T00:35:30.159020'}, {'url': 'https://example314.com', 'title': 'Page 314', 'timestamp': '2026-05-30T00:35:30.156590'}, {'url': 'https://example313.com', 'title': 'Page 313', 'timestamp': '2026-05-30T00:35:30.154286'}, {'url': 'https://example312.com', 'title': 'Page 312', 'timestamp': '2026-05-30T00:35:30.152821'}, {'url': 'https://example311.com', 'title': 'Page 311', 'timestamp': '2026-05-30T00:35:30.151350'}, {'url': 'https://example310.com', 'title': 'Page 310', 'timestamp': '2026-05-30T00:35:30.149849'}, {'url': 'https://example309.com', 'title': 'Page 309', 'timestamp': '2026-05-30T00:35:30.148399'}, {'url': 'https://example308.com', 'title': 'Page 308', 'timestamp': '2026-05-30T00:35:30.146917'}, {'url': 'https://example307.com', 'title': 'Page 307', 'timestamp': '2026-05-30T00:35:30.145406'}, {'url': 'https://example306.com', 'title': 'Page 306', 'timestamp': '2026-05-30T00:35:30.143911'}, {'url': 'https://example305.com', 'title': 'Page 305', 'timestamp': '2026-05-30T00:35:30.142234'}, {'url': 'https://example304.com', 'title': 'Page 304', 'timestamp': '2026-05-30T00:35:30.140001'}, {'url': 'https://example303.com', 'title': 'Page 303', 'timestamp': '2026-05-30T00:35:30.137687'}, {'url': 'https://example302.com', 'title': 'Page 302', 'timestamp': '2026-05-30T00:35:30.136232'}, {'url': 'https://example301.com', 'title': 'Page 301', 'timestamp': '2026-05-30T00:35:30.134736'}, {'url': 'https://example300.com', 'title': 'Page 300', 'timestamp': '2026-05-30T00:35:30.133188'}, {'url': 'https://example299.com', 'title': 'Page 299', 'timestamp': '2026-05-30T00:35:30.131765'}, {'url': 'https://example298.com', 'title': 'Page 298', 'timestamp': '2026-05-30T00:35:30.130356'}, {'url': 'https://example297.com', 'title': 'Page 297', 'timestamp': '2026-05-30T00:35:30.128979'}, {'url': 'https://example296.com', 'title': 'Page 296', 'timestamp': '2026-05-30T00:35:30.127566'}, {'url': 'https://example295.com', 'title': 'Page 295', 'timestamp': '2026-05-30T00:35:30.126061'}, {'url': 'https://example294.com', 'title': 'Page 294', 'timestamp': '2026-05-30T00:35:30.124297'}, {'url': 'https://example293.com', 'title': 'Page 293', 'timestamp': '2026-05-30T00:35:30.121680'}, {'url': 'https://example292.com', 'title': 'Page 292', 'timestamp': '2026-05-30T00:35:30.120136'}, {'url': 'https://example291.com', 'title': 'Page 291', 'timestamp': '2026-05-30T00:35:30.118659'}, {'url': 'https://example290.com', 'title': 'Page 290', 'timestamp': '2026-05-30T00:35:30.117114'}, {'url': 'https://example289.com', 'title': 'Page 289', 'timestamp': '2026-05-30T00:35:30.115660'}, {'url': 'https://example288.com', 'title': 'Page 288', 'timestamp': '2026-05-30T00:35:30.114173'}, {'url': 'https://example287.com', 'title': 'Page 287', 'timestamp': '2026-05-30T00:35:30.112751'}, {'url': 'https://example286.com', 'title': 'Page 286', 'timestamp': '2026-05-30T00:35:30.111197'}, {'url': 'https://example285.com', 'title': 'Page 285', 'timestamp': '2026-05-30T00:35:30.109408'}, {'url': 'https://example284.com', 'title': 'Page 284', 'timestamp': '2026-05-30T00:35:30.107796'}, {'url': 'https://example283.com', 'title': 'Page 283', 'timestamp': '2026-05-30T00:35:30.105279'}, {'url': 'https://example282.com', 'title': 'Page 282', 'timestamp': '2026-05-30T00:35:30.103556'}, {'url': 'https://example281.com', 'title': 'Page 281', 'timestamp': '2026-05-30T00:35:30.102124'}, {'url': 'https://example280.com', 'title': 'Page 280', 'timestamp': '2026-05-30T00:35:30.100646'}, {'url': 'https://example279.com', 'title': 'Page 279', 'timestamp': '2026-05-30T00:35:30.099128'}, {'url': 'https://example278.com', 'title': 'Page 278', 'timestamp': '2026-05-30T00:35:30.097616'}, {'url': 'https://example277.com', 'title': 'Page 277', 'timestamp': '2026-05-30T00:35:30.096105'}, {'url': 'https://example276.com', 'title': 'Page 276', 'timestamp': '2026-05-30T00:35:30.094544'}, {'url': 'https://example275.com', 'title': 'Page 275', 'timestamp': '2026-05-30T00:35:30.092858'}, {'url': 'https://example274.com', 'title': 'Page 274', 'timestamp': '2026-05-30T00:35:30.091285'}, {'url': 'https://example273.com', 'title': 'Page 273', 'timestamp': '2026-05-30T00:35:30.089189'}, {'url': 'https://example272.com', 'title': 'Page 272', 'timestamp': '2026-05-30T00:35:30.087396'}, {'url': 'https://example271.com', 'title': 'Page 271', 'timestamp': '2026-05-30T00:35:30.086035'}, {'url': 'https://example270.com', 'title': 'Page 270', 'timestamp': '2026-05-30T00:35:30.084623'}, {'url': 'https://example269.com', 'title': 'Page 269', 'timestamp': '2026-05-30T00:35:30.083202'}, {'url': 'https://example268.com', 'title': 'Page 268', 'timestamp': '2026-05-30T00:35:30.081622'}, {'url': 'https://example267.com', 'title': 'Page 267', 'timestamp': '2026-05-30T00:35:30.080120'}, {'url': 'https://example266.com', 'title': 'Page 266', 'timestamp': '2026-05-30T00:35:30.078659'}, {'url': 'https://example265.com', 'title': 'Page 265', 'timestamp': '2026-05-30T00:35:30.077130'}, {'url': 'https://example264.com', 'title': 'Page 264', 'timestamp': '2026-05-30T00:35:30.075687'}, {'url': 'https://example263.com', 'title': 'Page 263', 'timestamp': '2026-05-30T00:35:30.073969'}, {'url': 'https://example262.com', 'title': 'Page 262', 'timestamp': '2026-05-30T00:35:30.071294'}, {'url': 'https://example261.com', 'title': 'Page 261', 'timestamp': '2026-05-30T00:35:30.069878'}, {'url': 'https://example260.com', 'title': 'Page 260', 'timestamp': '2026-05-30T00:35:30.068508'}, {'url': 'https://example259.com', 'title': 'Page 259', 'timestamp': '2026-05-30T00:35:30.067113'}, {'url': 'https://example258.com', 'title': 'Page 258', 'timestamp': '2026-05-30T00:35:30.065710'}, {'url': 'https://example257.com', 'title': 'Page 257', 'timestamp': '2026-05-30T00:35:30.064258'}, {'url': 'https://example256.com', 'title': 'Page 256', 'timestamp': '2026-05-30T00:35:30.062687'}, {'url': 'https://example255.com', 'title': 'Page 255', 'timestamp': '2026-05-30T00:35:30.061031'}, {'url': 'https://example254.com', 'title': 'Page 254', 'timestamp': '2026-05-30T00:35:30.059227'}, {'url': 'https://example253.com', 'title': 'Page 253', 'timestamp': '2026-05-30T00:35:30.057268'}, {'url': 'https://example252.com', 'title': 'Page 252', 'timestamp': '2026-05-30T00:35:30.054743'}, {'url': 'https://example251.com', 'title': 'Page 251', 'timestamp': '2026-05-30T00:35:30.053204'}, {'url': 'https://example250.com', 'title': 'Page 250', 'timestamp': '2026-05-30T00:35:30.051590'}, {'url': 'https://example249.com', 'title': 'Page 249', 'timestamp': '2026-05-30T00:35:30.050057'}, {'url': 'https://example248.com', 'title': 'Page 248', 'timestamp': '2026-05-30T00:35:30.048509'}, {'url': 'https://example247.com', 'title': 'Page 247', 'timestamp': '2026-05-30T00:35:30.046970'}, {'url': 'https://example246.com', 'title': 'Page 246', 'timestamp': '2026-05-30T00:35:30.044980'}, {'url': 'https://example245.com', 'title': 'Page 245', 'timestamp': '2026-05-30T00:35:30.043176'}, {'url': 'https://example244.com', 'title': 'Page 244', 'timestamp': '2026-05-30T00:35:30.041358'}, {'url': 'https://example243.com', 'title': 'Page 243', 'timestamp': '2026-05-30T00:35:30.038630'}, {'url': 'https://example242.com', 'title': 'Page 242', 'timestamp': '2026-05-30T00:35:30.036773'}, {'url': 'https://example241.com', 'title': 'Page 241', 'timestamp': '2026-05-30T00:35:30.035074'}, {'url': 'https://example240.com', 'title': 'Page 240', 'timestamp': '2026-05-30T00:35:30.033363'}, {'url': 'https://example239.com', 'title': 'Page 239', 'timestamp': '2026-05-30T00:35:30.031777'}, {'url': 'https://example238.com', 'title': 'Page 238', 'timestamp': '2026-05-30T00:35:30.029821'}, {'url': 'https://example237.com', 'title': 'Page 237', 'timestamp': '2026-05-30T00:35:30.028186'}, {'url': 'https://example236.com', 'title': 'Page 236', 'timestamp': '2026-05-30T00:35:30.026754'}, {'url': 'https://example235.com', 'title': 'Page 235', 'timestamp': '2026-05-30T00:35:30.025195'}, {'url': 'https://example234.com', 'title': 'Page 234', 'timestamp': '2026-05-30T00:35:30.023179'}, {'url': 'https://example233.com', 'title': 'Page 233', 'timestamp': '2026-05-30T00:35:30.021065'}, {'url': 'https://example232.com', 'title': 'Page 232', 'timestamp': '2026-05-30T00:35:30.019629'}, {'url': 'https://example231.com', 'title': 'Page 231', 'timestamp': '2026-05-30T00:35:30.018159'}, {'url': 'https://example230.com', 'title': 'Page 230', 'timestamp': '2026-05-30T00:35:30.016619'}, {'url': 'https://example229.com', 'title': 'Page 229', 'timestamp': '2026-05-30T00:35:30.015087'}, {'url': 'https://example228.com', 'title': 'Page 228', 'timestamp': '2026-05-30T00:35:30.013528'}, {'url': 'https://example227.com', 'title': 'Page 227', 'timestamp': '2026-05-30T00:35:30.012182'}, {'url': 'https://example226.com', 'title': 'Page 226', 'timestamp': '2026-05-30T00:35:30.010742'}, {'url': 'https://example225.com', 'title': 'Page 225', 'timestamp': '2026-05-30T00:35:30.009198'}, {'url': 'https://example224.com', 'title': 'Page 224', 'timestamp': '2026-05-30T00:35:30.007336'}, {'url': 'https://example223.com', 'title': 'Page 223', 'timestamp': '2026-05-30T00:35:30.004584'}, {'url': 'https://example222.com', 'title': 'Page 222', 'timestamp': '2026-05-30T00:35:30.003179'}, {'url': 'https://example221.com', 'title': 'Page 221', 'timestamp': '2026-05-30T00:35:30.001844'}, {'url': 'https://example220.com', 'title': 'Page 220', 'timestamp': '2026-05-30T00:35:30.000430'}, {'url': 'https://example219.com', 'title': 'Page 219', 'timestamp': '2026-05-30T00:35:29.998979'}, {'url': 'https://example218.com', 'title': 'Page 218', 'timestamp': '2026-05-30T00:35:29.997003'}, {'url': 'https://example217.com', 'title': 'Page 217', 'timestamp': '2026-05-30T00:35:29.995609'}, {'url': 'https://example216.com', 'title': 'Page 216', 'timestamp': '2026-05-30T00:35:29.994172'}, {'url': 'https://example215.com', 'title': 'Page 215', 'timestamp': '2026-05-30T00:35:29.992788'}, {'url': 'https://example214.com', 'title': 'Page 214', 'timestamp': '2026-05-30T00:35:29.991002'}, {'url': 'https://example213.com', 'title': 'Page 213', 'timestamp': '2026-05-30T00:35:29.988474'}, {'url': 'https://example212.com', 'title': 'Page 212', 'timestamp': '2026-05-30T00:35:29.987054'}, {'url': 'https://example211.com', 'title': 'Page 211', 'timestamp': '2026-05-30T00:35:29.985723'}, {'url': 'https://example210.com', 'title': 'Page 210', 'timestamp': '2026-05-30T00:35:29.984353'}, {'url': 'https://example209.com', 'title': 'Page 209', 'timestamp': '2026-05-30T00:35:29.982913'}, {'url': 'https://example208.com', 'title': 'Page 208', 'timestamp': '2026-05-30T00:35:29.981117'}, {'url': 'https://example207.com', 'title': 'Page 207', 'timestamp': '2026-05-30T00:35:29.979795'}, {'url': 'https://example206.com', 'title': 'Page 206', 'timestamp': '2026-05-30T00:35:29.978403'}, {'url': 'https://example205.com', 'title': 'Page 205', 'timestamp': '2026-05-30T00:35:29.976904'}, {'url': 'https://example204.com', 'title': 'Page 204', 'timestamp': '2026-05-30T00:35:29.975183'}, {'url': 'https://example203.com', 'title': 'Page 203', 'timestamp': '2026-05-30T00:35:29.972736'}, {'url': 'https://example202.com', 'title': 'Page 202', 'timestamp': '2026-05-30T00:35:29.970888'}, {'url': 'https://example201.com', 'title': 'Page 201', 'timestamp': '2026-05-30T00:35:29.969513'}, {'url': 'https://example200.com', 'title': 'Page 200', 'timestamp': '2026-05-30T00:35:29.968056'}, {'url': 'https://example199.com', 'title': 'Page 199', 'timestamp': '2026-05-30T00:35:29.965993'}, {'url': 'https://example198.com', 'title': 'Page 198', 'timestamp': '2026-05-30T00:35:29.964424'}, {'url': 'https://example197.com', 'title': 'Page 197', 'timestamp': '2026-05-30T00:35:29.963033'}, {'url': 'https://example196.com', 'title': 'Page 196', 'timestamp': '2026-05-30T00:35:29.961625'}, {'url': 'https://example195.com', 'title': 'Page 195', 'timestamp': '2026-05-30T00:35:29.960228'}, {'url': 'https://example194.com', 'title': 'Page 194', 'timestamp': '2026-05-30T00:35:29.958421'}, {'url': 'https://example193.com', 'title': 'Page 193', 'timestamp': '2026-05-30T00:35:29.954977'}, {'url': 'https://example192.com', 'title': 'Page 192', 'timestamp': '2026-05-30T00:35:29.953498'}, {'url': 'https://example191.com', 'title': 'Page 191', 'timestamp': '2026-05-30T00:35:29.952033'}, {'url': 'https://example190.com', 'title': 'Page 190', 'timestamp': '2026-05-30T00:35:29.950371'}, {'url': 'https://example189.com', 'title': 'Page 189', 'timestamp': '2026-05-30T00:35:29.948747'}, {'url': 'https://example188.com', 'title': 'Page 188', 'timestamp': '2026-05-30T00:35:29.947419'}, {'url': 'https://example187.com', 'title': 'Page 187', 'timestamp': '2026-05-30T00:35:29.946073'}, {'url': 'https://example186.com', 'title': 'Page 186', 'timestamp': '2026-05-30T00:35:29.944686'}, {'url': 'https://example185.com', 'title': 'Page 185', 'timestamp': '2026-05-30T00:35:29.942707'}, {'url': 'https://example184.com', 'title': 'Page 184', 'timestamp': '2026-05-30T00:35:29.939701'}, {'url': 'https://example183.com', 'title': 'Page 183', 'timestamp': '2026-05-30T00:35:29.937650'}, {'url': 'https://example182.com', 'title': 'Page 182', 'timestamp': '2026-05-30T00:35:29.936234'}, {'url': 'https://example181.com', 'title': 'Page 181', 'timestamp': '2026-05-30T00:35:29.934534'}, {'url': 'https://example180.com', 'title': 'Page 180', 'timestamp': '2026-05-30T00:35:29.932816'}, {'url': 'https://example179.com', 'title': 'Page 179', 'timestamp': '2026-05-30T00:35:29.931454'}, {'url': 'https://example178.com', 'title': 'Page 178', 'timestamp': '2026-05-30T00:35:29.930075'}, {'url': 'https://example177.com', 'title': 'Page 177', 'timestamp': '2026-05-30T00:35:29.928648'}, {'url': 'https://example176.com', 'title': 'Page 176', 'timestamp': '2026-05-30T00:35:29.927300'}, {'url': 'https://example175.com', 'title': 'Page 175', 'timestamp': '2026-05-30T00:35:29.925378'}, {'url': 'https://example174.com', 'title': 'Page 174', 'timestamp': '2026-05-30T00:35:29.923231'}, {'url': 'https://example173.com', 'title': 'Page 173', 'timestamp': '2026-05-30T00:35:29.921188'}, {'url': 'https://example172.com', 'title': 'Page 172', 'timestamp': '2026-05-30T00:35:29.919783'}, {'url': 'https://example171.com', 'title': 'Page 171', 'timestamp': '2026-05-30T00:35:29.918261'}, {'url': 'https://example170.com', 'title': 'Page 170', 'timestamp': '2026-05-30T00:35:29.916737'}, {'url': 'https://example169.com', 'title': 'Page 169', 'timestamp': '2026-05-30T00:35:29.915398'}, {'url': 'https://example168.com', 'title': 'Page 168', 'timestamp': '2026-05-30T00:35:29.913935'}, {'url': 'https://example167.com', 'title': 'Page 167', 'timestamp': '2026-05-30T00:35:29.912559'}, {'url': 'https://example166.com', 'title': 'Page 166', 'timestamp': '2026-05-30T00:35:29.910992'}, {'url': 'https://example165.com', 'title': 'Page 165', 'timestamp': '2026-05-30T00:35:29.908850'}, {'url': 'https://example164.com', 'title': 'Page 164', 'timestamp': '2026-05-30T00:35:29.906714'}, {'url': 'https://example163.com', 'title': 'Page 163', 'timestamp': '2026-05-30T00:35:29.904399'}, {'url': 'https://example162.com', 'title': 'Page 162', 'timestamp': '2026-05-30T00:35:29.902785'}, {'url': 'https://example161.com', 'title': 'Page 161', 'timestamp': '2026-05-30T00:35:29.901204'}, {'url': 'https://example160.com', 'title': 'Page 160', 'timestamp': '2026-05-30T00:35:29.899885'}, {'url': 'https://example159.com', 'title': 'Page 159', 'timestamp': '2026-05-30T00:35:29.898593'}, {'url': 'https://example158.com', 'title': 'Page 158', 'timestamp': '2026-05-30T00:35:29.897291'}, {'url': 'https://example157.com', 'title': 'Page 157', 'timestamp': '2026-05-30T00:35:29.895926'}, {'url': 'https://example156.com', 'title': 'Page 156', 'timestamp': '2026-05-30T00:35:29.894576'}, {'url': 'https://example155.com', 'title': 'Page 155', 'timestamp': '2026-05-30T00:35:29.892752'}, {'url': 'https://example154.com', 'title': 'Page 154', 'timestamp': '2026-05-30T00:35:29.891175'}, {'url': 'https://example153.com', 'title': 'Page 153', 'timestamp': '2026-05-30T00:35:29.888476'}, {'url': 'https://example152.com', 'title': 'Page 152', 'timestamp': '2026-05-30T00:35:29.886726'}, {'url': 'https://example151.com', 'title': 'Page 151', 'timestamp': '2026-05-30T00:35:29.885154'}, {'url': 'https://example150.com', 'title': 'Page 150', 'timestamp': '2026-05-30T00:35:29.883890'}, {'url': 'https://example149.com', 'title': 'Page 149', 'timestamp': '2026-05-30T00:35:29.882592'}, {'url': 'https://example148.com', 'title': 'Page 148', 'timestamp': '2026-05-30T00:35:29.881203'}, {'url': 'https://example147.com', 'title': 'Page 147', 'timestamp': '2026-05-30T00:35:29.879818'}, {'url': 'https://example146.com', 'title': 'Page 146', 'timestamp': '2026-05-30T00:35:29.878260'}, {'url': 'https://example145.com', 'title': 'Page 145', 'timestamp': '2026-05-30T00:35:29.876537'}, {'url': 'https://example144.com', 'title': 'Page 144', 'timestamp': '2026-05-30T00:35:29.874815'}, {'url': 'https://example143.com', 'title': 'Page 143', 'timestamp': '2026-05-30T00:35:29.872453'}, {'url': 'https://example142.com', 'title': 'Page 142', 'timestamp': '2026-05-30T00:35:29.870638'}, {'url': 'https://example141.com', 'title': 'Page 141', 'timestamp': '2026-05-30T00:35:29.868900'}, {'url': 'https://example140.com', 'title': 'Page 140', 'timestamp': '2026-05-30T00:35:29.867663'}, {'url': 'https://example139.com', 'title': 'Page 139', 'timestamp': '2026-05-30T00:35:29.866368'}, {'url': 'https://example138.com', 'title': 'Page 138', 'timestamp': '2026-05-30T00:35:29.865113'}, {'url': 'https://example137.com', 'title': 'Page 137', 'timestamp': '2026-05-30T00:35:29.863843'}, {'url': 'https://example136.com', 'title': 'Page 136', 'timestamp': '2026-05-30T00:35:29.862459'}, {'url': 'https://example135.com', 'title': 'Page 135', 'timestamp': '2026-05-30T00:35:29.860793'}, {'url': 'https://example134.com', 'title': 'Page 134', 'timestamp': '2026-05-30T00:35:29.859412'}, {'url': 'https://example133.com', 'title': 'Page 133', 'timestamp': '2026-05-30T00:35:29.857628'}, {'url': 'https://example132.com', 'title': 'Page 132', 'timestamp': '2026-05-30T00:35:29.855150'}, {'url': 'https://example131.com', 'title': 'Page 131', 'timestamp': '2026-05-30T00:35:29.853422'}, {'url': 'https://example130.com', 'title': 'Page 130', 'timestamp': '2026-05-30T00:35:29.852165'}, {'url': 'https://example129.com', 'title': 'Page 129', 'timestamp': '2026-05-30T00:35:29.850889'}, {'url': 'https://example128.com', 'title': 'Page 128', 'timestamp': '2026-05-30T00:35:29.849642'}, {'url': 'https://example127.com', 'title': 'Page 127', 'timestamp': '2026-05-30T00:35:29.848347'}, {'url': 'https://example126.com', 'title': 'Page 126', 'timestamp': '2026-05-30T00:35:29.847070'}, {'url': 'https://example125.com', 'title': 'Page 125', 'timestamp': '2026-05-30T00:35:29.845470'}, {'url': 'https://example124.com', 'title': 'Page 124', 'timestamp': '2026-05-30T00:35:29.844028'}, {'url': 'https://example123.com', 'title': 'Page 123', 'timestamp': '2026-05-30T00:35:29.842113'}, {'url': 'https://example122.com', 'title': 'Page 122', 'timestamp': '2026-05-30T00:35:29.839344'}, {'url': 'https://example121.com', 'title': 'Page 121', 'timestamp': '2026-05-30T00:35:29.837379'}, {'url': 'https://example120.com', 'title': 'Page 120', 'timestamp': '2026-05-30T00:35:29.836072'}, {'url': 'https://example119.com', 'title': 'Page 119', 'timestamp': '2026-05-30T00:35:29.834822'}, {'url': 'https://example118.com', 'title': 'Page 118', 'timestamp': '2026-05-30T00:35:29.833524'}, {'url': 'https://example117.com', 'title': 'Page 117', 'timestamp': '2026-05-30T00:35:29.832223'}, {'url': 'https://example116.com', 'title': 'Page 116', 'timestamp': '2026-05-30T00:35:29.830935'}, {'url': 'https://example115.com', 'title': 'Page 115', 'timestamp': '2026-05-30T00:35:29.829440'}, {'url': 'https://example114.com', 'title': 'Page 114', 'timestamp': '2026-05-30T00:35:29.828023'}, {'url': 'https://example113.com', 'title': 'Page 113', 'timestamp': '2026-05-30T00:35:29.826694'}, {'url': 'https://example112.com', 'title': 'Page 112', 'timestamp': '2026-05-30T00:35:29.824868'}, {'url': 'https://example111.com', 'title': 'Page 111', 'timestamp': '2026-05-30T00:35:29.822269'}, {'url': 'https://example110.com', 'title': 'Page 110', 'timestamp': '2026-05-30T00:35:29.820669'}, {'url': 'https://example109.com', 'title': 'Page 109', 'timestamp': '2026-05-30T00:35:29.819454'}, {'url': 'https://example108.com', 'title': 'Page 108', 'timestamp': '2026-05-30T00:35:29.818205'}, {'url': 'https://example107.com', 'title': 'Page 107', 'timestamp': '2026-05-30T00:35:29.816878'}, {'url': 'https://example106.com', 'title': 'Page 106', 'timestamp': '2026-05-30T00:35:29.815495'}, {'url': 'https://example105.com', 'title': 'Page 105', 'timestamp': '2026-05-30T00:35:29.814065'}, {'url': 'https://example104.com', 'title': 'Page 104', 'timestamp': '2026-05-30T00:35:29.812581'}, {'url': 'https://example103.com', 'title': 'Page 103', 'timestamp': '2026-05-30T00:35:29.811282'}, {'url': 'https://example102.com', 'title': 'Page 102', 'timestamp': '2026-05-30T00:35:29.809762'}, {'url': 'https://example101.com', 'title': 'Page 101', 'timestamp': '2026-05-30T00:35:29.807635'}, {'url': 'https://example100.com', 'title': 'Page 100', 'timestamp': '2026-05-30T00:35:29.805034'}, {'url': 'https://example99.com', 'title': 'Page 99', 'timestamp': '2026-05-30T00:35:29.803669'}, {'url': 'https://example98.com', 'title': 'Page 98', 'timestamp': '2026-05-30T00:35:29.802387'}, {'url': 'https://example97.com', 'title': 'Page 97', 'timestamp': '2026-05-30T00:35:29.801073'}, {'url': 'https://example96.com', 'title': 'Page 96', 'timestamp': '2026-05-30T00:35:29.799820'}, {'url': 'https://example95.com', 'title': 'Page 95', 'timestamp': '2026-05-30T00:35:29.798388'}, {'url': 'https://example94.com', 'title': 'Page 94', 'timestamp': '2026-05-30T00:35:29.796599'}, {'url': 'https://example93.com', 'title': 'Page 93', 'timestamp': '2026-05-30T00:35:29.794993'}, {'url': 'https://example92.com', 'title': 'Page 92', 'timestamp': '2026-05-30T00:35:29.793437'}, {'url': 'https://example91.com', 'title': 'Page 91', 'timestamp': '2026-05-30T00:35:29.791613'}, {'url': 'https://example90.com', 'title': 'Page 90', 'timestamp': '2026-05-30T00:35:29.788786'}, {'url': 'https://example89.com', 'title': 'Page 89', 'timestamp': '2026-05-30T00:35:29.787321'}, {'url': 'https://example88.com', 'title': 'Page 88', 'timestamp': '2026-05-30T00:35:29.786054'}, {'url': 'https://example87.com', 'title': 'Page 87', 'timestamp': '2026-05-30T00:35:29.784675'}, {'url': 'https://example86.com', 'title': 'Page 86', 'timestamp': '2026-05-30T00:35:29.783271'}, {'url': 'https://example85.com', 'title': 'Page 85', 'timestamp': '2026-05-30T00:35:29.781538'}, {'url': 'https://example84.com', 'title': 'Page 84', 'timestamp': '2026-05-30T00:35:29.780041'}, {'url': 'https://example83.com', 'title': 'Page 83', 'timestamp': '2026-05-30T00:35:29.778572'}, {'url': 'https://example82.com', 'title': 'Page 82', 'timestamp': '2026-05-30T00:35:29.776995'}, {'url': 'https://example81.com', 'title': 'Page 81', 'timestamp': '2026-05-30T00:35:29.775533'}, {'url': 'https://example80.com', 'title': 'Page 80', 'timestamp': '2026-05-30T00:35:29.773201'}, {'url': 'https://example79.com', 'title': 'Page 79', 'timestamp': '2026-05-30T00:35:29.770910'}, {'url': 'https://example78.com', 'title': 'Page 78', 'timestamp': '2026-05-30T00:35:29.769487'}, {'url': 'https://example77.com', 'title': 'Page 77', 'timestamp': '2026-05-30T00:35:29.768246'}, {'url': 'https://example76.com', 'title': 'Page 76', 'timestamp': '2026-05-30T00:35:29.766954'}, {'url': 'https://example75.com', 'title': 'Page 75', 'timestamp': '2026-05-30T00:35:29.765411'}, {'url': 'https://example74.com', 'title': 'Page 74', 'timestamp': '2026-05-30T00:35:29.764149'}, {'url': 'https://example73.com', 'title': 'Page 73', 'timestamp': '2026-05-30T00:35:29.762871'}, {'url': 'https://example72.com', 'title': 'Page 72', 'timestamp': '2026-05-30T00:35:29.761393'}, {'url': 'https://example71.com', 'title': 'Page 71', 'timestamp': '2026-05-30T00:35:29.760131'}, {'url': 'https://example70.com', 'title': 'Page 70', 'timestamp': '2026-05-30T00:35:29.758679'}, {'url': 'https://example69.com', 'title': 'Page 69', 'timestamp': '2026-05-30T00:35:29.756602'}, {'url': 'https://example68.com', 'title': 'Page 68', 'timestamp': '2026-05-30T00:35:29.754614'}, {'url': 'https://example67.com', 'title': 'Page 67', 'timestamp': '2026-05-30T00:35:29.753374'}, {'url': 'https://example66.com', 'title': 'Page 66', 'timestamp': '2026-05-30T00:35:29.752127'}])</failure></testcase><testcase classname="tests.test_history_manager.TestHistoryManagerPersistence" name="test_history_loads_from_disk" time="0.035" /><testcase classname="tests.test_history_manager.TestHistoryManagerPersistence" name="test_history_entries_include_timestamp" time="0.009"><failure message="AssertionError: assert 1000 == 1&#10; +  where 1000 = len([{'url': 'https://example.com', 'title': 'Example', 'timestamp': '2026-05-30T00:37:03.622301'}, {'url': 'https://example2.com', 'title': 'Example 2', 'timestamp': '2026-05-30T00:37:03.589436'}, {'url': 'https://example1.com', 'title': 'Example 1', 'timestamp': '2026-05-30T00:37:03.586849'}, {'url': 'https://example.com', 'title': 'Example', 'timestamp': '2026-05-30T00:37:03.523053'}, {'url': 'file:///home/user/document.html', 'title': 'Local File', 'timestamp': '2026-05-30T00:37:03.477438'}, {'url': 'https://example9.com', 'title': 'Page https://example9.com', 'timestamp': '2026-05-30T00:37:03.431272'}, {'url': 'https://example8.com', 'title': 'Page https://example8.com', 'timestamp': '2026-05-30T00:37:03.428996'}, {'url': 'https://example7.com', 'title': 'Page https://example7.com', 'timestamp': '2026-05-30T00:37:03.425830'}, {'url': 'https://example6.com', 'title': 'Page https://example6.com', 'timestamp': '2026-05-30T00:37:03.423347'}, {'url': 'https://example5.com', 'title': 'Page https://example5.com', 'timestamp': '2026-05-30T00:37:03.421079'}, {'url': 'https://example4.com', 'title': 'Page https://example4.com', 'timestamp': '2026-05-30T00:37:03.418887'}, {'url': 'https://example3.com', 'title': 'Page https://example3.com', 'timestamp': '2026-05-30T00:37:03.416612'}, {'url': 'https://example2.com', 'title': 'Page https://example2.com', 'timestamp': '2026-05-30T00:37:03.414328'}, {'url': 'https://example1.com', 'title': 'Page https://example1.com', 'timestamp': '2026-05-30T00:37:03.411924'}, {'url': 'https://example0.com', 'title': 'Page https://example0.com', 'timestamp': '2026-05-30T00:37:03.408413'}, {'url': 'https://example.com', 'title': 'Example Domain', 'timestamp': '2026-05-30T00:37:03.377159'}, {'url': 'file:///home/file.html', 'title': 'Test', 'timestamp': '2026-05-30T00:35:31.899236'}, {'url': 'http://example.com', 'title': 'Test', 'timestamp': '2026-05-30T00:35:31.864644'}, {'url': 'https://example.com', 'title': 'Test', 'timestamp': '2026-05-30T00:35:31.834593'}, {'url': 'https://example1049.com', 'title': 'Page 1049', 'timestamp': '2026-05-30T00:35:31.799892'}, {'url': 'https://example1048.com', 'title': 'Page 1048', 'timestamp': '2026-05-30T00:35:31.797353'}, {'url': 'https://example1047.com', 'title': 'Page 1047', 'timestamp': '2026-05-30T00:35:31.794951'}, {'url': 'https://example1046.com', 'title': 'Page 1046', 'timestamp': '2026-05-30T00:35:31.792214'}, {'url': 'https://example1045.com', 'title': 'Page 1045', 'timestamp': '2026-05-30T00:35:31.788854'}, {'url': 'https://example1044.com', 'title': 'Page 1044', 'timestamp': '2026-05-30T00:35:31.786329'}, {'url': 'https://example1043.com', 'title': 'Page 1043', 'timestamp': '2026-05-30T00:35:31.784038'}, {'url': 'https://example1042.com', 'title': 'Page 1042', 'timestamp': '2026-05-30T00:35:31.781490'}, {'url': 'https://example1041.com', 'title': 'Page 1041', 'timestamp': '2026-05-30T00:35:31.778955'}, {'url': 'https://example1040.com', 'title': 'Page 1040', 'timestamp': '2026-05-30T00:35:31.776194'}, {'url': 'https://example1039.com', 'title': 'Page 1039', 'timestamp': '2026-05-30T00:35:31.773050'}, {'url': 'https://example1038.com', 'title': 'Page 1038', 'timestamp': '2026-05-30T00:35:31.770163'}, {'url': 'https://example1037.com', 'title': 'Page 1037', 'timestamp': '2026-05-30T00:35:31.768003'}, {'url': 'https://example1036.com', 'title': 'Page 1036', 'timestamp': '2026-05-30T00:35:31.765738'}, {'url': 'https://example1035.com', 'title': 'Page 1035', 'timestamp': '2026-05-30T00:35:31.763374'}, {'url': 'https://example1034.com', 'title': 'Page 1034', 'timestamp': '2026-05-30T00:35:31.761053'}, {'url': 'https://example1033.com', 'title': 'Page 1033', 'timestamp': '2026-05-30T00:35:31.758403'}, {'url': 'https://example1032.com', 'title': 'Page 1032', 'timestamp': '2026-05-30T00:35:31.754831'}, {'url': 'https://example1031.com', 'title': 'Page 1031', 'timestamp': '2026-05-30T00:35:31.752584'}, {'url': 'https://example1030.com', 'title': 'Page 1030', 'timestamp': '2026-05-30T00:35:31.750425'}, {'url': 'https://example1029.com', 'title': 'Page 1029', 'timestamp': '2026-05-30T00:35:31.747861'}, {'url': 'https://example1028.com', 'title': 'Page 1028', 'timestamp': '2026-05-30T00:35:31.745555'}, {'url': 'https://example1027.com', 'title': 'Page 1027', 'timestamp': '2026-05-30T00:35:31.743040'}, {'url': 'https://example1026.com', 'title': 'Page 1026', 'timestamp': '2026-05-30T00:35:31.740055'}, {'url': 'https://example1025.com', 'title': 'Page 1025', 'timestamp': '2026-05-30T00:35:31.737112'}, {'url': 'https://example1024.com', 'title': 'Page 1024', 'timestamp': '2026-05-30T00:35:31.734825'}, {'url': 'https://example1023.com', 'title': 'Page 1023', 'timestamp': '2026-05-30T00:35:31.732385'}, {'url': 'https://example1022.com', 'title': 'Page 1022', 'timestamp': '2026-05-30T00:35:31.730185'}, {'url': 'https://example1021.com', 'title': 'Page 1021', 'timestamp': '2026-05-30T00:35:31.727788'}, {'url': 'https://example1020.com', 'title': 'Page 1020', 'timestamp': '2026-05-30T00:35:31.725095'}, {'url': 'https://example1019.com', 'title': 'Page 1019', 'timestamp': '2026-05-30T00:35:31.721120'}, {'url': 'https://example1018.com', 'title': 'Page 1018', 'timestamp': '2026-05-30T00:35:31.718877'}, {'url': 'https://example1017.com', 'title': 'Page 1017', 'timestamp': '2026-05-30T00:35:31.716318'}, {'url': 'https://example1016.com', 'title': 'Page 1016', 'timestamp': '2026-05-30T00:35:31.714069'}, {'url': 'https://example1015.com', 'title': 'Page 1015', 'timestamp': '2026-05-30T00:35:31.711635'}, {'url': 'https://example1014.com', 'title': 'Page 1014', 'timestamp': '2026-05-30T00:35:31.709052'}, {'url': 'https://example1013.com', 'title': 'Page 1013', 'timestamp': '2026-05-30T00:35:31.705808'}, {'url': 'https://example1012.com', 'title': 'Page 1012', 'timestamp': '2026-05-30T00:35:31.703136'}, {'url': 'https://example1011.com', 'title': 'Page 1011', 'timestamp': '2026-05-30T00:35:31.701064'}, {'url': 'https://example1010.com', 'title': 'Page 1010', 'timestamp': '2026-05-30T00:35:31.699009'}, {'url': 'https://example1009.com', 'title': 'Page 1009', 'timestamp': '2026-05-30T00:35:31.696705'}, {'url': 'https://example1008.com', 'title': 'Page 1008', 'timestamp': '2026-05-30T00:35:31.694486'}, {'url': 'https://example1007.com', 'title': 'Page 1007', 'timestamp': '2026-05-30T00:35:31.692238'}, {'url': 'https://example1006.com', 'title': 'Page 1006', 'timestamp': '2026-05-30T00:35:31.689295'}, {'url': 'https://example1005.com', 'title': 'Page 1005', 'timestamp': '2026-05-30T00:35:31.686573'}, {'url': 'https://example1004.com', 'title': 'Page 1004', 'timestamp': '2026-05-30T00:35:31.684424'}, {'url': 'https://example1003.com', 'title': 'Page 1003', 'timestamp': '2026-05-30T00:35:31.682287'}, {'url': 'https://example1002.com', 'title': 'Page 1002', 'timestamp': '2026-05-30T00:35:31.679994'}, {'url': 'https://example1001.com', 'title': 'Page 1001', 'timestamp': '2026-05-30T00:35:31.677552'}, {'url': 'https://example1000.com', 'title': 'Page 1000', 'timestamp': '2026-05-30T00:35:31.675233'}, {'url': 'https://example999.com', 'title': 'Page 999', 'timestamp': '2026-05-30T00:35:31.671580'}, {'url': 'https://example998.com', 'title': 'Page 998', 'timestamp': '2026-05-30T00:35:31.669175'}, {'url': 'https://example997.com', 'title': 'Page 997', 'timestamp': '2026-05-30T00:35:31.666962'}, {'url': 'https://example996.com', 'title': 'Page 996', 'timestamp': '2026-05-30T00:35:31.664456'}, {'url': 'https://example995.com', 'title': 'Page 995', 'timestamp': '2026-05-30T00:35:31.662271'}, {'url': 'https://example994.com', 'title': 'Page 994', 'timestamp': '2026-05-30T00:35:31.659984'}, {'url': 'https://example993.com', 'title': 'Page 993', 'timestamp': '2026-05-30T00:35:31.657515'}, {'url': 'https://example992.com', 'title': 'Page 992', 'timestamp': '2026-05-30T00:35:31.654436'}, {'url': 'https://example991.com', 'title': 'Page 991', 'timestamp': '2026-05-30T00:35:31.652368'}, {'url': 'https://example990.com', 'title': 'Page 990', 'timestamp': '2026-05-30T00:35:31.650263'}, {'url': 'https://example989.com', 'title': 'Page 989', 'timestamp': '2026-05-30T00:35:31.647953'}, {'url': 'https://example988.com', 'title': 'Page 988', 'timestamp': '2026-05-30T00:35:31.645892'}, {'url': 'https://example987.com', 'title': 'Page 987', 'timestamp': '2026-05-30T00:35:31.643652'}, {'url': 'https://example986.com', 'title': 'Page 986', 'timestamp': '2026-05-30T00:35:31.641387'}, {'url': 'https://example985.com', 'title': 'Page 985', 'timestamp': '2026-05-30T00:35:31.638246'}, {'url': 'https://example984.com', 'title': 'Page 984', 'timestamp': '2026-05-30T00:35:31.635844'}, {'url': 'https://example983.com', 'title': 'Page 983', 'timestamp': '2026-05-30T00:35:31.633695'}, {'url': 'https://example982.com', 'title': 'Page 982', 'timestamp': '2026-05-30T00:35:31.631308'}, {'url': 'https://example981.com', 'title': 'Page 981', 'timestamp': '2026-05-30T00:35:31.628965'}, {'url': 'https://example980.com', 'title': 'Page 980', 'timestamp': '2026-05-30T00:35:31.626773'}, {'url': 'https://example979.com', 'title': 'Page 979', 'timestamp': '2026-05-30T00:35:31.624478'}, {'url': 'https://example978.com', 'title': 'Page 978', 'timestamp': '2026-05-30T00:35:31.621196'}, {'url': 'https://example977.com', 'title': 'Page 977', 'timestamp': '2026-05-30T00:35:31.618992'}, {'url': 'https://example976.com', 'title': 'Page 976', 'timestamp': '2026-05-30T00:35:31.616563'}, {'url': 'https://example975.com', 'title': 'Page 975', 'timestamp': '2026-05-30T00:35:31.614133'}, {'url': 'https://example974.com', 'title': 'Page 974', 'timestamp': '2026-05-30T00:35:31.611658'}, {'url': 'https://example973.com', 'title': 'Page 973', 'timestamp': '2026-05-30T00:35:31.609403'}, {'url': 'https://example972.com', 'title': 'Page 972', 'timestamp': '2026-05-30T00:35:31.606428'}, {'url': 'https://example971.com', 'title': 'Page 971', 'timestamp': '2026-05-30T00:35:31.603600'}, {'url': 'https://example970.com', 'title': 'Page 970', 'timestamp': '2026-05-30T00:35:31.601257'}, {'url': 'https://example969.com', 'title': 'Page 969', 'timestamp': '2026-05-30T00:35:31.598912'}, {'url': 'https://example968.com', 'title': 'Page 968', 'timestamp': '2026-05-30T00:35:31.596302'}, {'url': 'https://example967.com', 'title': 'Page 967', 'timestamp': '2026-05-30T00:35:31.593955'}, {'url': 'https://example966.com', 'title': 'Page 966', 'timestamp': '2026-05-30T00:35:31.591270'}, {'url': 'https://example965.com', 'title': 'Page 965', 'timestamp': '2026-05-30T00:35:31.587533'}, {'url': 'https://example964.com', 'title': 'Page 964', 'timestamp': '2026-05-30T00:35:31.585196'}, {'url': 'https://example963.com', 'title': 'Page 963', 'timestamp': '2026-05-30T00:35:31.583081'}, {'url': 'https://example962.com', 'title': 'Page 962', 'timestamp': '2026-05-30T00:35:31.580674'}, {'url': 'https://example961.com', 'title': 'Page 961', 'timestamp': '2026-05-30T00:35:31.578566'}, {'url': 'https://example960.com', 'title': 'Page 960', 'timestamp': '2026-05-30T00:35:31.576212'}, {'url': 'https://example959.com', 'title': 'Page 959', 'timestamp': '2026-05-30T00:35:31.572776'}, {'url': 'https://example958.com', 'title': 'Page 958', 'timestamp': '2026-05-30T00:35:31.569673'}, {'url': 'https://example957.com', 'title': 'Page 957', 'timestamp': '2026-05-30T00:35:31.567369'}, {'url': 'https://example956.com', 'title': 'Page 956', 'timestamp': '2026-05-30T00:35:31.565066'}, {'url': 'https://example955.com', 'title': 'Page 955', 'timestamp': '2026-05-30T00:35:31.562837'}, {'url': 'https://example954.com', 'title': 'Page 954', 'timestamp': '2026-05-30T00:35:31.560396'}, {'url': 'https://example953.com', 'title': 'Page 953', 'timestamp': '2026-05-30T00:35:31.557606'}, {'url': 'https://example952.com', 'title': 'Page 952', 'timestamp': '2026-05-30T00:35:31.553884'}, {'url': 'https://example951.com', 'title': 'Page 951', 'timestamp': '2026-05-30T00:35:31.551729'}, {'url': 'https://example950.com', 'title': 'Page 950', 'timestamp': '2026-05-30T00:35:31.549112'}, {'url': 'https://example949.com', 'title': 'Page 949', 'timestamp': '2026-05-30T00:35:31.546813'}, {'url': 'https://example948.com', 'title': 'Page 948', 'timestamp': '2026-05-30T00:35:31.544410'}, {'url': 'https://example947.com', 'title': 'Page 947', 'timestamp': '2026-05-30T00:35:31.541086'}, {'url': 'https://example946.com', 'title': 'Page 946', 'timestamp': '2026-05-30T00:35:31.537576'}, {'url': 'https://example945.com', 'title': 'Page 945', 'timestamp': '2026-05-30T00:35:31.535480'}, {'url': 'https://example944.com', 'title': 'Page 944', 'timestamp': '2026-05-30T00:35:31.533306'}, {'url': 'https://example943.com', 'title': 'Page 943', 'timestamp': '2026-05-30T00:35:31.530821'}, {'url': 'https://example942.com', 'title': 'Page 942', 'timestamp': '2026-05-30T00:35:31.528485'}, {'url': 'https://example941.com', 'title': 'Page 941', 'timestamp': '2026-05-30T00:35:31.525825'}, {'url': 'https://example940.com', 'title': 'Page 940', 'timestamp': '2026-05-30T00:35:31.522617'}, {'url': 'https://example939.com', 'title': 'Page 939', 'timestamp': '2026-05-30T00:35:31.519783'}, {'url': 'https://example938.com', 'title': 'Page 938', 'timestamp': '2026-05-30T00:35:31.517613'}, {'url': 'https://example937.com', 'title': 'Page 937', 'timestamp': '2026-05-30T00:35:31.515365'}, {'url': 'https://example936.com', 'title': 'Page 936', 'timestamp': '2026-05-30T00:35:31.513143'}, {'url': 'https://example935.com', 'title': 'Page 935', 'timestamp': '2026-05-30T00:35:31.510487'}, {'url': 'https://example934.com', 'title': 'Page 934', 'timestamp': '2026-05-30T00:35:31.507131'}, {'url': 'https://example933.com', 'title': 'Page 933', 'timestamp': '2026-05-30T00:35:31.503803'}, {'url': 'https://example932.com', 'title': 'Page 932', 'timestamp': '2026-05-30T00:35:31.501568'}, {'url': 'https://example931.com', 'title': 'Page 931', 'timestamp': '2026-05-30T00:35:31.499349'}, {'url': 'https://example930.com', 'title': 'Page 930', 'timestamp': '2026-05-30T00:35:31.497139'}, {'url': 'https://example929.com', 'title': 'Page 929', 'timestamp': '2026-05-30T00:35:31.494785'}, {'url': 'https://example928.com', 'title': 'Page 928', 'timestamp': '2026-05-30T00:35:31.492298'}, {'url': 'https://example927.com', 'title': 'Page 927', 'timestamp': '2026-05-30T00:35:31.489301'}, {'url': 'https://example926.com', 'title': 'Page 926', 'timestamp': '2026-05-30T00:35:31.486349'}, {'url': 'https://example925.com', 'title': 'Page 925', 'timestamp': '2026-05-30T00:35:31.483829'}, {'url': 'https://example924.com', 'title': 'Page 924', 'timestamp': '2026-05-30T00:35:31.481661'}, {'url': 'https://example923.com', 'title': 'Page 923', 'timestamp': '2026-05-30T00:35:31.479452'}, {'url': 'https://example922.com', 'title': 'Page 922', 'timestamp': '2026-05-30T00:35:31.477054'}, {'url': 'https://example921.com', 'title': 'Page 921', 'timestamp': '2026-05-30T00:35:31.474297'}, {'url': 'https://example920.com', 'title': 'Page 920', 'timestamp': '2026-05-30T00:35:31.471067'}, {'url': 'https://example919.com', 'title': 'Page 919', 'timestamp': '2026-05-30T00:35:31.468590'}, {'url': 'https://example918.com', 'title': 'Page 918', 'timestamp': '2026-05-30T00:35:31.466455'}, {'url': 'https://example917.com', 'title': 'Page 917', 'timestamp': '2026-05-30T00:35:31.463275'}, {'url': 'https://example916.com', 'title': 'Page 916', 'timestamp': '2026-05-30T00:35:31.459359'}, {'url': 'https://example915.com', 'title': 'Page 915', 'timestamp': '2026-05-30T00:35:31.456613'}, {'url': 'https://example914.com', 'title': 'Page 914', 'timestamp': '2026-05-30T00:35:31.453485'}, {'url': 'https://example913.com', 'title': 'Page 913', 'timestamp': '2026-05-30T00:35:31.451397'}, {'url': 'https://example912.com', 'title': 'Page 912', 'timestamp': '2026-05-30T00:35:31.449358'}, {'url': 'https://example911.com', 'title': 'Page 911', 'timestamp': '2026-05-30T00:35:31.447093'}, {'url': 'https://example910.com', 'title': 'Page 910', 'timestamp': '2026-05-30T00:35:31.444262'}, {'url': 'https://example909.com', 'title': 'Page 909', 'timestamp': '2026-05-30T00:35:31.441550'}, {'url': 'https://example908.com', 'title': 'Page 908', 'timestamp': '2026-05-30T00:35:31.437835'}, {'url': 'https://example907.com', 'title': 'Page 907', 'timestamp': '2026-05-30T00:35:31.435661'}, {'url': 'https://example906.com', 'title': 'Page 906', 'timestamp': '2026-05-30T00:35:31.433605'}, {'url': 'https://example905.com', 'title': 'Page 905', 'timestamp': '2026-05-30T00:35:31.431404'}, {'url': 'https://example904.com', 'title': 'Page 904', 'timestamp': '2026-05-30T00:35:31.428844'}, {'url': 'https://example903.com', 'title': 'Page 903', 'timestamp': '2026-05-30T00:35:31.426481'}, {'url': 'https://example902.com', 'title': 'Page 902', 'timestamp': '2026-05-30T00:35:31.423160'}, {'url': 'https://example901.com', 'title': 'Page 901', 'timestamp': '2026-05-30T00:35:31.420265'}, {'url': 'https://example900.com', 'title': 'Page 900', 'timestamp': '2026-05-30T00:35:31.418131'}, {'url': 'https://example899.com', 'title': 'Page 899', 'timestamp': '2026-05-30T00:35:31.416032'}, {'url': 'https://example898.com', 'title': 'Page 898', 'timestamp': '2026-05-30T00:35:31.413926'}, {'url': 'https://example897.com', 'title': 'Page 897', 'timestamp': '2026-05-30T00:35:31.411352'}, {'url': 'https://example896.com', 'title': 'Page 896', 'timestamp': '2026-05-30T00:35:31.409141'}, {'url': 'https://example895.com', 'title': 'Page 895', 'timestamp': '2026-05-30T00:35:31.406392'}, {'url': 'https://example894.com', 'title': 'Page 894', 'timestamp': '2026-05-30T00:35:31.403671'}, {'url': 'https://example893.com', 'title': 'Page 893', 'timestamp': '2026-05-30T00:35:31.401631'}, {'url': 'https://example892.com', 'title': 'Page 892', 'timestamp': '2026-05-30T00:35:31.399538'}, {'url': 'https://example891.com', 'title': 'Page 891', 'timestamp': '2026-05-30T00:35:31.397355'}, {'url': 'https://example890.com', 'title': 'Page 890', 'timestamp': '2026-05-30T00:35:31.395083'}, {'url': 'https://example889.com', 'title': 'Page 889', 'timestamp': '2026-05-30T00:35:31.392923'}, {'url': 'https://example888.com', 'title': 'Page 888', 'timestamp': '2026-05-30T00:35:31.389851'}, {'url': 'https://example887.com', 'title': 'Page 887', 'timestamp': '2026-05-30T00:35:31.386920'}, {'url': 'https://example886.com', 'title': 'Page 886', 'timestamp': '2026-05-30T00:35:31.384766'}, {'url': 'https://example885.com', 'title': 'Page 885', 'timestamp': '2026-05-30T00:35:31.382566'}, {'url': 'https://example884.com', 'title': 'Page 884', 'timestamp': '2026-05-30T00:35:31.378997'}, {'url': 'https://example883.com', 'title': 'Page 883', 'timestamp': '2026-05-30T00:35:31.376683'}, {'url': 'https://example882.com', 'title': 'Page 882', 'timestamp': '2026-05-30T00:35:31.373803'}, {'url': 'https://example881.com', 'title': 'Page 881', 'timestamp': '2026-05-30T00:35:31.370776'}, {'url': 'https://example880.com', 'title': 'Page 880', 'timestamp': '2026-05-30T00:35:31.368678'}, {'url': 'https://example879.com', 'title': 'Page 879', 'timestamp': '2026-05-30T00:35:31.366546'}, {'url': 'https://example878.com', 'title': 'Page 878', 'timestamp': '2026-05-30T00:35:31.364081'}, {'url': 'https://example877.com', 'title': 'Page 877', 'timestamp': '2026-05-30T00:35:31.361927'}, {'url': 'https://example876.com', 'title': 'Page 876', 'timestamp': '2026-05-30T00:35:31.359782'}, {'url': 'https://example875.com', 'title': 'Page 875', 'timestamp': '2026-05-30T00:35:31.355948'}, {'url': 'https://example874.com', 'title': 'Page 874', 'timestamp': '2026-05-30T00:35:31.353254'}, {'url': 'https://example873.com', 'title': 'Page 873', 'timestamp': '2026-05-30T00:35:31.351060'}, {'url': 'https://example872.com', 'title': 'Page 872', 'timestamp': '2026-05-30T00:35:31.348699'}, {'url': 'https://example871.com', 'title': 'Page 871', 'timestamp': '2026-05-30T00:35:31.346524'}, {'url': 'https://example870.com', 'title': 'Page 870', 'timestamp': '2026-05-30T00:35:31.344130'}, {'url': 'https://example869.com', 'title': 'Page 869', 'timestamp': '2026-05-30T00:35:31.340757'}, {'url': 'https://example868.com', 'title': 'Page 868', 'timestamp': '2026-05-30T00:35:31.337443'}, {'url': 'https://example867.com', 'title': 'Page 867', 'timestamp': '2026-05-30T00:35:31.335359'}, {'url': 'https://example866.com', 'title': 'Page 866', 'timestamp': '2026-05-30T00:35:31.332877'}, {'url': 'https://example865.com', 'title': 'Page 865', 'timestamp': '2026-05-30T00:35:31.330807'}, {'url': 'https://example864.com', 'title': 'Page 864', 'timestamp': '2026-05-30T00:35:31.328657'}, {'url': 'https://example863.com', 'title': 'Page 863', 'timestamp': '2026-05-30T00:35:31.326534'}, {'url': 'https://example862.com', 'title': 'Page 862', 'timestamp': '2026-05-30T00:35:31.323200'}, {'url': 'https://example861.com', 'title': 'Page 861', 'timestamp': '2026-05-30T00:35:31.320323'}, {'url': 'https://example860.com', 'title': 'Page 860', 'timestamp': '2026-05-30T00:35:31.318078'}, {'url': 'https://example859.com', 'title': 'Page 859', 'timestamp': '2026-05-30T00:35:31.315610'}, {'url': 'https://example858.com', 'title': 'Page 858', 'timestamp': '2026-05-30T00:35:31.313610'}, {'url': 'https://example857.com', 'title': 'Page 857', 'timestamp': '2026-05-30T00:35:31.311516'}, {'url': 'https://example856.com', 'title': 'Page 856', 'timestamp': '2026-05-30T00:35:31.309104'}, {'url': 'https://example855.com', 'title': 'Page 855', 'timestamp': '2026-05-30T00:35:31.305132'}, {'url': 'https://example854.com', 'title': 'Page 854', 'timestamp': '2026-05-30T00:35:31.302546'}, {'url': 'https://example853.com', 'title': 'Page 853', 'timestamp': '2026-05-30T00:35:31.299688'}, {'url': 'https://example852.com', 'title': 'Page 852', 'timestamp': '2026-05-30T00:35:31.297572'}, {'url': 'https://example851.com', 'title': 'Page 851', 'timestamp': '2026-05-30T00:35:31.295344'}, {'url': 'https://example850.com', 'title': 'Page 850', 'timestamp': '2026-05-30T00:35:31.292871'}, {'url': 'https://example849.com', 'title': 'Page 849', 'timestamp': '2026-05-30T00:35:31.289929'}, {'url': 'https://example848.com', 'title': 'Page 848', 'timestamp': '2026-05-30T00:35:31.286668'}, {'url': 'https://example847.com', 'title': 'Page 847', 'timestamp': '2026-05-30T00:35:31.283938'}, {'url': 'https://example846.com', 'title': 'Page 846', 'timestamp': '2026-05-30T00:35:31.282013'}, {'url': 'https://example845.com', 'title': 'Page 845', 'timestamp': '2026-05-30T00:35:31.280044'}, {'url': 'https://example844.com', 'title': 'Page 844', 'timestamp': '2026-05-30T00:35:31.277831'}, {'url': 'https://example843.com', 'title': 'Page 843', 'timestamp': '2026-05-30T00:35:31.275561'}, {'url': 'https://example842.com', 'title': 'Page 842', 'timestamp': '2026-05-30T00:35:31.272789'}, {'url': 'https://example841.com', 'title': 'Page 841', 'timestamp': '2026-05-30T00:35:31.269921'}, {'url': 'https://example840.com', 'title': 'Page 840', 'timestamp': '2026-05-30T00:35:31.267673'}, {'url': 'https://example839.com', 'title': 'Page 839', 'timestamp': '2026-05-30T00:35:31.265627'}, {'url': 'https://example838.com', 'title': 'Page 838', 'timestamp': '2026-05-30T00:35:31.263445'}, {'url': 'https://example837.com', 'title': 'Page 837', 'timestamp': '2026-05-30T00:35:31.260923'}, {'url': 'https://example836.com', 'title': 'Page 836', 'timestamp': '2026-05-30T00:35:31.258715'}, {'url': 'https://example835.com', 'title': 'Page 835', 'timestamp': '2026-05-30T00:35:31.256058'}, {'url': 'https://example834.com', 'title': 'Page 834', 'timestamp': '2026-05-30T00:35:31.253000'}, {'url': 'https://example833.com', 'title': 'Page 833', 'timestamp': '2026-05-30T00:35:31.250971'}, {'url': 'https://example832.com', 'title': 'Page 832', 'timestamp': '2026-05-30T00:35:31.248903'}, {'url': 'https://example831.com', 'title': 'Page 831', 'timestamp': '2026-05-30T00:35:31.246740'}, {'url': 'https://example830.com', 'title': 'Page 830', 'timestamp': '2026-05-30T00:35:31.244475'}, {'url': 'https://example829.com', 'title': 'Page 829', 'timestamp': '2026-05-30T00:35:31.242251'}, {'url': 'https://example828.com', 'title': 'Page 828', 'timestamp': '2026-05-30T00:35:31.239435'}, {'url': 'https://example827.com', 'title': 'Page 827', 'timestamp': '2026-05-30T00:35:31.236581'}, {'url': 'https://example826.com', 'title': 'Page 826', 'timestamp': '2026-05-30T00:35:31.234584'}, {'url': 'https://example825.com', 'title': 'Page 825', 'timestamp': '2026-05-30T00:35:31.232430'}, {'url': 'https://example824.com', 'title': 'Page 824', 'timestamp': '2026-05-30T00:35:31.230255'}, {'url': 'https://example823.com', 'title': 'Page 823', 'timestamp': '2026-05-30T00:35:31.227842'}, {'url': 'https://example822.com', 'title': 'Page 822', 'timestamp': '2026-05-30T00:35:31.225479'}, {'url': 'https://example821.com', 'title': 'Page 821', 'timestamp': '2026-05-30T00:35:31.221579'}, {'url': 'https://example820.com', 'title': 'Page 820', 'timestamp': '2026-05-30T00:35:31.219381'}, {'url': 'https://example819.com', 'title': 'Page 819', 'timestamp': '2026-05-30T00:35:31.217330'}, {'url': 'https://example818.com', 'title': 'Page 818', 'timestamp': '2026-05-30T00:35:31.215277'}, {'url': 'https://example817.com', 'title': 'Page 817', 'timestamp': '2026-05-30T00:35:31.212885'}, {'url': 'https://example816.com', 'title': 'Page 816', 'timestamp': '2026-05-30T00:35:31.210567'}, {'url': 'https://example815.com', 'title': 'Page 815', 'timestamp': '2026-05-30T00:35:31.208027'}, {'url': 'https://example814.com', 'title': 'Page 814', 'timestamp': '2026-05-30T00:35:31.204126'}, {'url': 'https://example813.com', 'title': 'Page 813', 'timestamp': '2026-05-30T00:35:31.202053'}, {'url': 'https://example812.com', 'title': 'Page 812', 'timestamp': '2026-05-30T00:35:31.200035'}, {'url': 'https://example811.com', 'title': 'Page 811', 'timestamp': '2026-05-30T00:35:31.197593'}, {'url': 'https://example810.com', 'title': 'Page 810', 'timestamp': '2026-05-30T00:35:31.195313'}, {'url': 'https://example809.com', 'title': 'Page 809', 'timestamp': '2026-05-30T00:35:31.192983'}, {'url': 'https://example808.com', 'title': 'Page 808', 'timestamp': '2026-05-30T00:35:31.190130'}, {'url': 'https://example807.com', 'title': 'Page 807', 'timestamp': '2026-05-30T00:35:31.187200'}, {'url': 'https://example806.com', 'title': 'Page 806', 'timestamp': '2026-05-30T00:35:31.185296'}, {'url': 'https://example805.com', 'title': 'Page 805', 'timestamp': '2026-05-30T00:35:31.183285'}, {'url': 'https://example804.com', 'title': 'Page 804', 'timestamp': '2026-05-30T00:35:31.181100'}, {'url': 'https://example803.com', 'title': 'Page 803', 'timestamp': '2026-05-30T00:35:31.178955'}, {'url': 'https://example802.com', 'title': 'Page 802', 'timestamp': '2026-05-30T00:35:31.176778'}, {'url': 'https://example801.com', 'title': 'Page 801', 'timestamp': '2026-05-30T00:35:31.173490'}, {'url': 'https://example800.com', 'title': 'Page 800', 'timestamp': '2026-05-30T00:35:31.170686'}, {'url': 'https://example799.com', 'title': 'Page 799', 'timestamp': '2026-05-30T00:35:31.168621'}, {'url': 'https://example798.com', 'title': 'Page 798', 'timestamp': '2026-05-30T00:35:31.166683'}, {'url': 'https://example797.com', 'title': 'Page 797', 'timestamp': '2026-05-30T00:35:31.164439'}, {'url': 'https://example796.com', 'title': 'Page 796', 'timestamp': '2026-05-30T00:35:31.162428'}, {'url': 'https://example795.com', 'title': 'Page 795', 'timestamp': '2026-05-30T00:35:31.159950'}, {'url': 'https://example794.com', 'title': 'Page 794', 'timestamp': '2026-05-30T00:35:31.155884'}, {'url': 'https://example793.com', 'title': 'Page 793', 'timestamp': '2026-05-30T00:35:31.153415'}, {'url': 'https://example792.com', 'title': 'Page 792', 'timestamp': '2026-05-30T00:35:31.151359'}, {'url': 'https://example791.com', 'title': 'Page 791', 'timestamp': '2026-05-30T00:35:31.149225'}, {'url': 'https://example790.com', 'title': 'Page 790', 'timestamp': '2026-05-30T00:35:31.147172'}, {'url': 'https://example789.com', 'title': 'Page 789', 'timestamp': '2026-05-30T00:35:31.144949'}, {'url': 'https://example788.com', 'title': 'Page 788', 'timestamp': '2026-05-30T00:35:31.142656'}, {'url': 'https://example787.com', 'title': 'Page 787', 'timestamp': '2026-05-30T00:35:31.139409'}, {'url': 'https://example786.com', 'title': 'Page 786', 'timestamp': '2026-05-30T00:35:31.136829'}, {'url': 'https://example785.com', 'title': 'Page 785', 'timestamp': '2026-05-30T00:35:31.134878'}, {'url': 'https://example784.com', 'title': 'Page 784', 'timestamp': '2026-05-30T00:35:31.132721'}, {'url': 'https://example783.com', 'title': 'Page 783', 'timestamp': '2026-05-30T00:35:31.130684'}, {'url': 'https://example782.com', 'title': 'Page 782', 'timestamp': '2026-05-30T00:35:31.128573'}, {'url': 'https://example781.com', 'title': 'Page 781', 'timestamp': '2026-05-30T00:35:31.126169'}, {'url': 'https://example780.com', 'title': 'Page 780', 'timestamp': '2026-05-30T00:35:31.122673'}, {'url': 'https://example779.com', 'title': 'Page 779', 'timestamp': '2026-05-30T00:35:31.120101'}, {'url': 'https://example778.com', 'title': 'Page 778', 'timestamp': '2026-05-30T00:35:31.117907'}, {'url': 'https://example777.com', 'title': 'Page 777', 'timestamp': '2026-05-30T00:35:31.115668'}, {'url': 'https://example776.com', 'title': 'Page 776', 'timestamp': '2026-05-30T00:35:31.113695'}, {'url': 'https://example775.com', 'title': 'Page 775', 'timestamp': '2026-05-30T00:35:31.111460'}, {'url': 'https://example774.com', 'title': 'Page 774', 'timestamp': '2026-05-30T00:35:31.108695'}, {'url': 'https://example773.com', 'title': 'Page 773', 'timestamp': '2026-05-30T00:35:31.105518'}, {'url': 'https://example772.com', 'title': 'Page 772', 'timestamp': '2026-05-30T00:35:31.102925'}, {'url': 'https://example771.com', 'title': 'Page 771', 'timestamp': '2026-05-30T00:35:31.100251'}, {'url': 'https://example770.com', 'title': 'Page 770', 'timestamp': '2026-05-30T00:35:31.097608'}, {'url': 'https://example769.com', 'title': 'Page 769', 'timestamp': '2026-05-30T00:35:31.094434'}, {'url': 'https://example768.com', 'title': 'Page 768', 'timestamp': '2026-05-30T00:35:31.090809'}, {'url': 'https://example767.com', 'title': 'Page 767', 'timestamp': '2026-05-30T00:35:31.087721'}, {'url': 'https://example766.com', 'title': 'Page 766', 'timestamp': '2026-05-30T00:35:31.085340'}, {'url': 'https://example765.com', 'title': 'Page 765', 'timestamp': '2026-05-30T00:35:31.083039'}, {'url': 'https://example764.com', 'title': 'Page 764', 'timestamp': '2026-05-30T00:35:31.080889'}, {'url': 'https://example763.com', 'title': 'Page 763', 'timestamp': '2026-05-30T00:35:31.078574'}, {'url': 'https://example762.com', 'title': 'Page 762', 'timestamp': '2026-05-30T00:35:31.075982'}, {'url': 'https://example761.com', 'title': 'Page 761', 'timestamp': '2026-05-30T00:35:31.073713'}, {'url': 'https://example760.com', 'title': 'Page 760', 'timestamp': '2026-05-30T00:35:31.070940'}, {'url': 'https://example759.com', 'title': 'Page 759', 'timestamp': '2026-05-30T00:35:31.068838'}, {'url': 'https://example758.com', 'title': 'Page 758', 'timestamp': '2026-05-30T00:35:31.066872'}, {'url': 'https://example757.com', 'title': 'Page 757', 'timestamp': '2026-05-30T00:35:31.064821'}, {'url': 'https://example756.com', 'title': 'Page 756', 'timestamp': '2026-05-30T00:35:31.062785'}, {'url': 'https://example755.com', 'title': 'Page 755', 'timestamp': '2026-05-30T00:35:31.060257'}, {'url': 'https://example754.com', 'title': 'Page 754', 'timestamp': '2026-05-30T00:35:31.057802'}, {'url': 'https://example753.com', 'title': 'Page 753', 'timestamp': '2026-05-30T00:35:31.054865'}, {'url': 'https://example752.com', 'title': 'Page 752', 'timestamp': '2026-05-30T00:35:31.052763'}, {'url': 'https://example751.com', 'title': 'Page 751', 'timestamp': '2026-05-30T00:35:31.050797'}, {'url': 'https://example750.com', 'title': 'Page 750', 'timestamp': '2026-05-30T00:35:31.048848'}, {'url': 'https://example749.com', 'title': 'Page 749', 'timestamp': '2026-05-30T00:35:31.046904'}, {'url': 'https://example748.com', 'title': 'Page 748', 'timestamp': '2026-05-30T00:35:31.044834'}, {'url': 'https://example747.com', 'title': 'Page 747', 'timestamp': '2026-05-30T00:35:31.042386'}, {'url': 'https://example746.com', 'title': 'Page 746', 'timestamp': '2026-05-30T00:35:31.038432'}, {'url': 'https://example745.com', 'title': 'Page 745', 'timestamp': '2026-05-30T00:35:31.036086'}, {'url': 'https://example744.com', 'title': 'Page 744', 'timestamp': '2026-05-30T00:35:31.034017'}, {'url': 'https://example743.com', 'title': 'Page 743', 'timestamp': '2026-05-30T00:35:31.031974'}, {'url': 'https://example742.com', 'title': 'Page 742', 'timestamp': '2026-05-30T00:35:31.029301'}, {'url': 'https://example741.com', 'title': 'Page 741', 'timestamp': '2026-05-30T00:35:31.026718'}, {'url': 'https://example740.com', 'title': 'Page 740', 'timestamp': '2026-05-30T00:35:31.022658'}, {'url': 'https://example739.com', 'title': 'Page 739', 'timestamp': '2026-05-30T00:35:31.019925'}, {'url': 'https://example738.com', 'title': 'Page 738', 'timestamp': '2026-05-30T00:35:31.018003'}, {'url': 'https://example737.com', 'title': 'Page 737', 'timestamp': '2026-05-30T00:35:31.015941'}, {'url': 'https://example736.com', 'title': 'Page 736', 'timestamp': '2026-05-30T00:35:31.013458'}, {'url': 'https://example735.com', 'title': 'Page 735', 'timestamp': '2026-05-30T00:35:31.011146'}, {'url': 'https://example734.com', 'title': 'Page 734', 'timestamp': '2026-05-30T00:35:31.009034'}, {'url': 'https://example733.com', 'title': 'Page 733', 'timestamp': '2026-05-30T00:35:31.006000'}, {'url': 'https://example732.com', 'title': 'Page 732', 'timestamp': '2026-05-30T00:35:31.003210'}, {'url': 'https://example731.com', 'title': 'Page 731', 'timestamp': '2026-05-30T00:35:31.001335'}, {'url': 'https://example730.com', 'title': 'Page 730', 'timestamp': '2026-05-30T00:35:30.999378'}, {'url': 'https://example729.com', 'title': 'Page 729', 'timestamp': '2026-05-30T00:35:30.997154'}, {'url': 'https://example728.com', 'title': 'Page 728', 'timestamp': '2026-05-30T00:35:30.995067'}, {'url': 'https://example727.com', 'title': 'Page 727', 'timestamp': '2026-05-30T00:35:30.993029'}, {'url': 'https://example726.com', 'title': 'Page 726', 'timestamp': '2026-05-30T00:35:30.990585'}, {'url': 'https://example725.com', 'title': 'Page 725', 'timestamp': '2026-05-30T00:35:30.987412'}, {'url': 'https://example724.com', 'title': 'Page 724', 'timestamp': '2026-05-30T00:35:30.985462'}, {'url': 'https://example723.com', 'title': 'Page 723', 'timestamp': '2026-05-30T00:35:30.983442'}, {'url': 'https://example722.com', 'title': 'Page 722', 'timestamp': '2026-05-30T00:35:30.980855'}, {'url': 'https://example721.com', 'title': 'Page 721', 'timestamp': '2026-05-30T00:35:30.978777'}, {'url': 'https://example720.com', 'title': 'Page 720', 'timestamp': '2026-05-30T00:35:30.976844'}, {'url': 'https://example719.com', 'title': 'Page 719', 'timestamp': '2026-05-30T00:35:30.974603'}, {'url': 'https://example718.com', 'title': 'Page 718', 'timestamp': '2026-05-30T00:35:30.971067'}, {'url': 'https://example717.com', 'title': 'Page 717', 'timestamp': '2026-05-30T00:35:30.968902'}, {'url': 'https://example716.com', 'title': 'Page 716', 'timestamp': '2026-05-30T00:35:30.966784'}, {'url': 'https://example715.com', 'title': 'Page 715', 'timestamp': '2026-05-30T00:35:30.964364'}, {'url': 'https://example714.com', 'title': 'Page 714', 'timestamp': '2026-05-30T00:35:30.962409'}, {'url': 'https://example713.com', 'title': 'Page 713', 'timestamp': '2026-05-30T00:35:30.960413'}, {'url': 'https://example712.com', 'title': 'Page 712', 'timestamp': '2026-05-30T00:35:30.958287'}, {'url': 'https://example711.com', 'title': 'Page 711', 'timestamp': '2026-05-30T00:35:30.955092'}, {'url': 'https://example710.com', 'title': 'Page 710', 'timestamp': '2026-05-30T00:35:30.953012'}, {'url': 'https://example709.com', 'title': 'Page 709', 'timestamp': '2026-05-30T00:35:30.951017'}, {'url': 'https://example708.com', 'title': 'Page 708', 'timestamp': '2026-05-30T00:35:30.948701'}, {'url': 'https://example707.com', 'title': 'Page 707', 'timestamp': '2026-05-30T00:35:30.946799'}, {'url': 'https://example706.com', 'title': 'Page 706', 'timestamp': '2026-05-30T00:35:30.944840'}, {'url': 'https://example705.com', 'title': 'Page 705', 'timestamp': '2026-05-30T00:35:30.942769'}, {'url': 'https://example704.com', 'title': 'Page 704', 'timestamp': '2026-05-30T00:35:30.940139'}, {'url': 'https://example703.com', 'title': 'Page 703', 'timestamp': '2026-05-30T00:35:30.937149'}, {'url': 'https://example702.com', 'title': 'Page 702', 'timestamp': '2026-05-30T00:35:30.935120'}, {'url': 'https://example701.com', 'title': 'Page 701', 'timestamp': '2026-05-30T00:35:30.932120'}, {'url': 'https://example700.com', 'title': 'Page 700', 'timestamp': '2026-05-30T00:35:30.930114'}, {'url': 'https://example699.com', 'title': 'Page 699', 'timestamp': '2026-05-30T00:35:30.928202'}, {'url': 'https://example698.com', 'title': 'Page 698', 'timestamp': '2026-05-30T00:35:30.926196'}, {'url': 'https://example697.com', 'title': 'Page 697', 'timestamp': '2026-05-30T00:35:30.923884'}, {'url': 'https://example696.com', 'title': 'Page 696', 'timestamp': '2026-05-30T00:35:30.920953'}, {'url': 'https://example695.com', 'title': 'Page 695', 'timestamp': '2026-05-30T00:35:30.918629'}, {'url': 'https://example694.com', 'title': 'Page 694', 'timestamp': '2026-05-30T00:35:30.915958'}, {'url': 'https://example693.com', 'title': 'Page 693', 'timestamp': '2026-05-30T00:35:30.914030'}, {'url': 'https://example692.com', 'title': 'Page 692', 'timestamp': '2026-05-30T00:35:30.912227'}, {'url': 'https://example691.com', 'title': 'Page 691', 'timestamp': '2026-05-30T00:35:30.910269'}, {'url': 'https://example690.com', 'title': 'Page 690', 'timestamp': '2026-05-30T00:35:30.907919'}, {'url': 'https://example689.com', 'title': 'Page 689', 'timestamp': '2026-05-30T00:35:30.904843'}, {'url': 'https://example688.com', 'title': 'Page 688', 'timestamp': '2026-05-30T00:35:30.902804'}, {'url': 'https://example687.com', 'title': 'Page 687', 'timestamp': '2026-05-30T00:35:30.900399'}, {'url': 'https://example686.com', 'title': 'Page 686', 'timestamp': '2026-05-30T00:35:30.898590'}, {'url': 'https://example685.com', 'title': 'Page 685', 'timestamp': '2026-05-30T00:35:30.896708'}, {'url': 'https://example684.com', 'title': 'Page 684', 'timestamp': '2026-05-30T00:35:30.894661'}, {'url': 'https://example683.com', 'title': 'Page 683', 'timestamp': '2026-05-30T00:35:30.892217'}, {'url': 'https://example682.com', 'title': 'Page 682', 'timestamp': '2026-05-30T00:35:30.889906'}, {'url': 'https://example681.com', 'title': 'Page 681', 'timestamp': '2026-05-30T00:35:30.887307'}, {'url': 'https://example680.com', 'title': 'Page 680', 'timestamp': '2026-05-30T00:35:30.885380'}, {'url': 'https://example679.com', 'title': 'Page 679', 'timestamp': '2026-05-30T00:35:30.883455'}, {'url': 'https://example678.com', 'title': 'Page 678', 'timestamp': '2026-05-30T00:35:30.881680'}, {'url': 'https://example677.com', 'title': 'Page 677', 'timestamp': '2026-05-30T00:35:30.879798'}, {'url': 'https://example676.com', 'title': 'Page 676', 'timestamp': '2026-05-30T00:35:30.877632'}, {'url': 'https://example675.com', 'title': 'Page 675', 'timestamp': '2026-05-30T00:35:30.875405'}, {'url': 'https://example674.com', 'title': 'Page 674', 'timestamp': '2026-05-30T00:35:30.872571'}, {'url': 'https://example673.com', 'title': 'Page 673', 'timestamp': '2026-05-30T00:35:30.870016'}, {'url': 'https://example672.com', 'title': 'Page 672', 'timestamp': '2026-05-30T00:35:30.867904'}, {'url': 'https://example671.com', 'title': 'Page 671', 'timestamp': '2026-05-30T00:35:30.866104'}, {'url': 'https://example670.com', 'title': 'Page 670', 'timestamp': '2026-05-30T00:35:30.864243'}, {'url': 'https://example669.com', 'title': 'Page 669', 'timestamp': '2026-05-30T00:35:30.862199'}, {'url': 'https://example668.com', 'title': 'Page 668', 'timestamp': '2026-05-30T00:35:30.859946'}, {'url': 'https://example667.com', 'title': 'Page 667', 'timestamp': '2026-05-30T00:35:30.857771'}, {'url': 'https://example666.com', 'title': 'Page 666', 'timestamp': '2026-05-30T00:35:30.854118'}, {'url': 'https://example665.com', 'title': 'Page 665', 'timestamp': '2026-05-30T00:35:30.851976'}, {'url': 'https://example664.com', 'title': 'Page 664', 'timestamp': '2026-05-30T00:35:30.850164'}, {'url': 'https://example663.com', 'title': 'Page 663', 'timestamp': '2026-05-30T00:35:30.848318'}, {'url': 'https://example662.com', 'title': 'Page 662', 'timestamp': '2026-05-30T00:35:30.846280'}, {'url': 'https://example661.com', 'title': 'Page 661', 'timestamp': '2026-05-30T00:35:30.844009'}, {'url': 'https://example660.com', 'title': 'Page 660', 'timestamp': '2026-05-30T00:35:30.841753'}, {'url': 'https://example659.com', 'title': 'Page 659', 'timestamp': '2026-05-30T00:35:30.839008'}, {'url': 'https://example658.com', 'title': 'Page 658', 'timestamp': '2026-05-30T00:35:30.836485'}, {'url': 'https://example657.com', 'title': 'Page 657', 'timestamp': '2026-05-30T00:35:30.834652'}, {'url': 'https://example656.com', 'title': 'Page 656', 'timestamp': '2026-05-30T00:35:30.832805'}, {'url': 'https://example655.com', 'title': 'Page 655', 'timestamp': '2026-05-30T00:35:30.830858'}, {'url': 'https://example654.com', 'title': 'Page 654', 'timestamp': '2026-05-30T00:35:30.828683'}, {'url': 'https://example653.com', 'title': 'Page 653', 'timestamp': '2026-05-30T00:35:30.826751'}, {'url': 'https://example652.com', 'title': 'Page 652', 'timestamp': '2026-05-30T00:35:30.824560'}, {'url': 'https://example651.com', 'title': 'Page 651', 'timestamp': '2026-05-30T00:35:30.821033'}, {'url': 'https://example650.com', 'title': 'Page 650', 'timestamp': '2026-05-30T00:35:30.819251'}, {'url': 'https://example649.com', 'title': 'Page 649', 'timestamp': '2026-05-30T00:35:30.817316'}, {'url': 'https://example648.com', 'title': 'Page 648', 'timestamp': '2026-05-30T00:35:30.815407'}, {'url': 'https://example647.com', 'title': 'Page 647', 'timestamp': '2026-05-30T00:35:30.813349'}, {'url': 'https://example646.com', 'title': 'Page 646', 'timestamp': '2026-05-30T00:35:30.811381'}, {'url': 'https://example645.com', 'title': 'Page 645', 'timestamp': '2026-05-30T00:35:30.809315'}, {'url': 'https://example644.com', 'title': 'Page 644', 'timestamp': '2026-05-30T00:35:30.806607'}, {'url': 'https://example643.com', 'title': 'Page 643', 'timestamp': '2026-05-30T00:35:30.803779'}, {'url': 'https://example642.com', 'title': 'Page 642', 'timestamp': '2026-05-30T00:35:30.801998'}, {'url': 'https://example641.com', 'title': 'Page 641', 'timestamp': '2026-05-30T00:35:30.800135'}, {'url': 'https://example640.com', 'title': 'Page 640', 'timestamp': '2026-05-30T00:35:30.797905'}, {'url': 'https://example639.com', 'title': 'Page 639', 'timestamp': '2026-05-30T00:35:30.795748'}, {'url': 'https://example638.com', 'title': 'Page 638', 'timestamp': '2026-05-30T00:35:30.792992'}, {'url': 'https://example637.com', 'title': 'Page 637', 'timestamp': '2026-05-30T00:35:30.788872'}, {'url': 'https://example636.com', 'title': 'Page 636', 'timestamp': '2026-05-30T00:35:30.786765'}, {'url': 'https://example635.com', 'title': 'Page 635', 'timestamp': '2026-05-30T00:35:30.784945'}, {'url': 'https://example634.com', 'title': 'Page 634', 'timestamp': '2026-05-30T00:35:30.783017'}, {'url': 'https://example633.com', 'title': 'Page 633', 'timestamp': '2026-05-30T00:35:30.780636'}, {'url': 'https://example632.com', 'title': 'Page 632', 'timestamp': '2026-05-30T00:35:30.778781'}, {'url': 'https://example631.com', 'title': 'Page 631', 'timestamp': '2026-05-30T00:35:30.776577'}, {'url': 'https://example630.com', 'title': 'Page 630', 'timestamp': '2026-05-30T00:35:30.772707'}, {'url': 'https://example629.com', 'title': 'Page 629', 'timestamp': '2026-05-30T00:35:30.770314'}, {'url': 'https://example628.com', 'title': 'Page 628', 'timestamp': '2026-05-30T00:35:30.768366'}, {'url': 'https://example627.com', 'title': 'Page 627', 'timestamp': '2026-05-30T00:35:30.766441'}, {'url': 'https://example626.com', 'title': 'Page 626', 'timestamp': '2026-05-30T00:35:30.764308'}, {'url': 'https://example625.com', 'title': 'Page 625', 'timestamp': '2026-05-30T00:35:30.762148'}, {'url': 'https://example624.com', 'title': 'Page 624', 'timestamp': '2026-05-30T00:35:30.759985'}, {'url': 'https://example623.com', 'title': 'Page 623', 'timestamp': '2026-05-30T00:35:30.756198'}, {'url': 'https://example622.com', 'title': 'Page 622', 'timestamp': '2026-05-30T00:35:30.753644'}, {'url': 'https://example621.com', 'title': 'Page 621', 'timestamp': '2026-05-30T00:35:30.751790'}, {'url': 'https://example620.com', 'title': 'Page 620', 'timestamp': '2026-05-30T00:35:30.749735'}, {'url': 'https://example619.com', 'title': 'Page 619', 'timestamp': '2026-05-30T00:35:30.747804'}, {'url': 'https://example618.com', 'title': 'Page 618', 'timestamp': '2026-05-30T00:35:30.745898'}, {'url': 'https://example617.com', 'title': 'Page 617', 'timestamp': '2026-05-30T00:35:30.743987'}, {'url': 'https://example616.com', 'title': 'Page 616', 'timestamp': '2026-05-30T00:35:30.741449'}, {'url': 'https://example615.com', 'title': 'Page 615', 'timestamp': '2026-05-30T00:35:30.738513'}, {'url': 'https://example614.com', 'title': 'Page 614', 'timestamp': '2026-05-30T00:35:30.736450'}, {'url': 'https://example613.com', 'title': 'Page 613', 'timestamp': '2026-05-30T00:35:30.734233'}, {'url': 'https://example612.com', 'title': 'Page 612', 'timestamp': '2026-05-30T00:35:30.731997'}, {'url': 'https://example611.com', 'title': 'Page 611', 'timestamp': '2026-05-30T00:35:30.730017'}, {'url': 'https://example610.com', 'title': 'Page 610', 'timestamp': '2026-05-30T00:35:30.727530'}, {'url': 'https://example609.com', 'title': 'Page 609', 'timestamp': '2026-05-30T00:35:30.725180'}, {'url': 'https://example608.com', 'title': 'Page 608', 'timestamp': '2026-05-30T00:35:30.722560'}, {'url': 'https://example607.com', 'title': 'Page 607', 'timestamp': '2026-05-30T00:35:30.720234'}, {'url': 'https://example606.com', 'title': 'Page 606', 'timestamp': '2026-05-30T00:35:30.718408'}, {'url': 'https://example605.com', 'title': 'Page 605', 'timestamp': '2026-05-30T00:35:30.716395'}, {'url': 'https://example604.com', 'title': 'Page 604', 'timestamp': '2026-05-30T00:35:30.714694'}, {'url': 'https://example603.com', 'title': 'Page 603', 'timestamp': '2026-05-30T00:35:30.712898'}, {'url': 'https://example602.com', 'title': 'Page 602', 'timestamp': '2026-05-30T00:35:30.710912'}, {'url': 'https://example601.com', 'title': 'Page 601', 'timestamp': '2026-05-30T00:35:30.708736'}, {'url': 'https://example600.com', 'title': 'Page 600', 'timestamp': '2026-05-30T00:35:30.706299'}, {'url': 'https://example599.com', 'title': 'Page 599', 'timestamp': '2026-05-30T00:35:30.703856'}, {'url': 'https://example598.com', 'title': 'Page 598', 'timestamp': '2026-05-30T00:35:30.701608'}, {'url': 'https://example597.com', 'title': 'Page 597', 'timestamp': '2026-05-30T00:35:30.699535'}, {'url': 'https://example596.com', 'title': 'Page 596', 'timestamp': '2026-05-30T00:35:30.697672'}, {'url': 'https://example595.com', 'title': 'Page 595', 'timestamp': '2026-05-30T00:35:30.695396'}, {'url': 'https://example594.com', 'title': 'Page 594', 'timestamp': '2026-05-30T00:35:30.693307'}, {'url': 'https://example593.com', 'title': 'Page 593', 'timestamp': '2026-05-30T00:35:30.691159'}, {'url': 'https://example592.com', 'title': 'Page 592', 'timestamp': '2026-05-30T00:35:30.688126'}, {'url': 'https://example591.com', 'title': 'Page 591', 'timestamp': '2026-05-30T00:35:30.686280'}, {'url': 'https://example590.com', 'title': 'Page 590', 'timestamp': '2026-05-30T00:35:30.684179'}, {'url': 'https://example589.com', 'title': 'Page 589', 'timestamp': '2026-05-30T00:35:30.682352'}, {'url': 'https://example588.com', 'title': 'Page 588', 'timestamp': '2026-05-30T00:35:30.680496'}, {'url': 'https://example587.com', 'title': 'Page 587', 'timestamp': '2026-05-30T00:35:30.678547'}, {'url': 'https://example586.com', 'title': 'Page 586', 'timestamp': '2026-05-30T00:35:30.676506'}, {'url': 'https://example585.com', 'title': 'Page 585', 'timestamp': '2026-05-30T00:35:30.674524'}, {'url': 'https://example584.com', 'title': 'Page 584', 'timestamp': '2026-05-30T00:35:30.671492'}, {'url': 'https://example583.com', 'title': 'Page 583', 'timestamp': '2026-05-30T00:35:30.669200'}, {'url': 'https://example582.com', 'title': 'Page 582', 'timestamp': '2026-05-30T00:35:30.667167'}, {'url': 'https://example581.com', 'title': 'Page 581', 'timestamp': '2026-05-30T00:35:30.665186'}, {'url': 'https://example580.com', 'title': 'Page 580', 'timestamp': '2026-05-30T00:35:30.662999'}, {'url': 'https://example579.com', 'title': 'Page 579', 'timestamp': '2026-05-30T00:35:30.661055'}, {'url': 'https://example578.com', 'title': 'Page 578', 'timestamp': '2026-05-30T00:35:30.659155'}, {'url': 'https://example577.com', 'title': 'Page 577', 'timestamp': '2026-05-30T00:35:30.656461'}, {'url': 'https://example576.com', 'title': 'Page 576', 'timestamp': '2026-05-30T00:35:30.653779'}, {'url': 'https://example575.com', 'title': 'Page 575', 'timestamp': '2026-05-30T00:35:30.651871'}, {'url': 'https://example574.com', 'title': 'Page 574', 'timestamp': '2026-05-30T00:35:30.650109'}, {'url': 'https://example573.com', 'title': 'Page 573', 'timestamp': '2026-05-30T00:35:30.647942'}, {'url': 'https://example572.com', 'title': 'Page 572', 'timestamp': '2026-05-30T00:35:30.646115'}, {'url': 'https://example571.com', 'title': 'Page 571', 'timestamp': '2026-05-30T00:35:30.643941'}, {'url': 'https://example570.com', 'title': 'Page 570', 'timestamp': '2026-05-30T00:35:30.642063'}, {'url': 'https://example569.com', 'title': 'Page 569', 'timestamp': '2026-05-30T00:35:30.639350'}, {'url': 'https://example568.com', 'title': 'Page 568', 'timestamp': '2026-05-30T00:35:30.636720'}, {'url': 'https://example567.com', 'title': 'Page 567', 'timestamp': '2026-05-30T00:35:30.634860'}, {'url': 'https://example566.com', 'title': 'Page 566', 'timestamp': '2026-05-30T00:35:30.632821'}, {'url': 'https://example565.com', 'title': 'Page 565', 'timestamp': '2026-05-30T00:35:30.630842'}, {'url': 'https://example564.com', 'title': 'Page 564', 'timestamp': '2026-05-30T00:35:30.629045'}, {'url': 'https://example563.com', 'title': 'Page 563', 'timestamp': '2026-05-30T00:35:30.627218'}, {'url': 'https://example562.com', 'title': 'Page 562', 'timestamp': '2026-05-30T00:35:30.625323'}, {'url': 'https://example561.com', 'title': 'Page 561', 'timestamp': '2026-05-30T00:35:30.622050'}, {'url': 'https://example560.com', 'title': 'Page 560', 'timestamp': '2026-05-30T00:35:30.619927'}, {'url': 'https://example559.com', 'title': 'Page 559', 'timestamp': '2026-05-30T00:35:30.618131'}, {'url': 'https://example558.com', 'title': 'Page 558', 'timestamp': '2026-05-30T00:35:30.616179'}, {'url': 'https://example557.com', 'title': 'Page 557', 'timestamp': '2026-05-30T00:35:30.614388'}, {'url': 'https://example556.com', 'title': 'Page 556', 'timestamp': '2026-05-30T00:35:30.612326'}, {'url': 'https://example555.com', 'title': 'Page 555', 'timestamp': '2026-05-30T00:35:30.609784'}, {'url': 'https://example554.com', 'title': 'Page 554', 'timestamp': '2026-05-30T00:35:30.606166'}, {'url': 'https://example553.com', 'title': 'Page 553', 'timestamp': '2026-05-30T00:35:30.603593'}, {'url': 'https://example552.com', 'title': 'Page 552', 'timestamp': '2026-05-30T00:35:30.601693'}, {'url': 'https://example551.com', 'title': 'Page 551', 'timestamp': '2026-05-30T00:35:30.599580'}, {'url': 'https://example550.com', 'title': 'Page 550', 'timestamp': '2026-05-30T00:35:30.597857'}, {'url': 'https://example549.com', 'title': 'Page 549', 'timestamp': '2026-05-30T00:35:30.596072'}, {'url': 'https://example548.com', 'title': 'Page 548', 'timestamp': '2026-05-30T00:35:30.594295'}, {'url': 'https://example547.com', 'title': 'Page 547', 'timestamp': '2026-05-30T00:35:30.592497'}, {'url': 'https://example546.com', 'title': 'Page 546', 'timestamp': '2026-05-30T00:35:30.589629'}, {'url': 'https://example545.com', 'title': 'Page 545', 'timestamp': '2026-05-30T00:35:30.587196'}, {'url': 'https://example544.com', 'title': 'Page 544', 'timestamp': '2026-05-30T00:35:30.585483'}, {'url': 'https://example543.com', 'title': 'Page 543', 'timestamp': '2026-05-30T00:35:30.583598'}, {'url': 'https://example542.com', 'title': 'Page 542', 'timestamp': '2026-05-30T00:35:30.581907'}, {'url': 'https://example541.com', 'title': 'Page 541', 'timestamp': '2026-05-30T00:35:30.580235'}, {'url': 'https://example540.com', 'title': 'Page 540', 'timestamp': '2026-05-30T00:35:30.578593'}, {'url': 'https://example539.com', 'title': 'Page 539', 'timestamp': '2026-05-30T00:35:30.576901'}, {'url': 'https://example538.com', 'title': 'Page 538', 'timestamp': '2026-05-30T00:35:30.574931'}, {'url': 'https://example537.com', 'title': 'Page 537', 'timestamp': '2026-05-30T00:35:30.571513'}, {'url': 'https://example536.com', 'title': 'Page 536', 'timestamp': '2026-05-30T00:35:30.569072'}, {'url': 'https://example535.com', 'title': 'Page 535', 'timestamp': '2026-05-30T00:35:30.567353'}, {'url': 'https://example534.com', 'title': 'Page 534', 'timestamp': '2026-05-30T00:35:30.565606'}, {'url': 'https://example533.com', 'title': 'Page 533', 'timestamp': '2026-05-30T00:35:30.563832'}, {'url': 'https://example532.com', 'title': 'Page 532', 'timestamp': '2026-05-30T00:35:30.561993'}, {'url': 'https://example531.com', 'title': 'Page 531', 'timestamp': '2026-05-30T00:35:30.560009'}, {'url': 'https://example530.com', 'title': 'Page 530', 'timestamp': '2026-05-30T00:35:30.557710'}, {'url': 'https://example529.com', 'title': 'Page 529', 'timestamp': '2026-05-30T00:35:30.554860'}, {'url': 'https://example528.com', 'title': 'Page 528', 'timestamp': '2026-05-30T00:35:30.552784'}, {'url': 'https://example527.com', 'title': 'Page 527', 'timestamp': '2026-05-30T00:35:30.551140'}, {'url': 'https://example526.com', 'title': 'Page 526', 'timestamp': '2026-05-30T00:35:30.549452'}, {'url': 'https://example525.com', 'title': 'Page 525', 'timestamp': '2026-05-30T00:35:30.547553'}, {'url': 'https://example524.com', 'title': 'Page 524', 'timestamp': '2026-05-30T00:35:30.545660'}, {'url': 'https://example523.com', 'title': 'Page 523', 'timestamp': '2026-05-30T00:35:30.543672'}, {'url': 'https://example522.com', 'title': 'Page 522', 'timestamp': '2026-05-30T00:35:30.541782'}, {'url': 'https://example521.com', 'title': 'Page 521', 'timestamp': '2026-05-30T00:35:30.538387'}, {'url': 'https://example520.com', 'title': 'Page 520', 'timestamp': '2026-05-30T00:35:30.536191'}, {'url': 'https://example519.com', 'title': 'Page 519', 'timestamp': '2026-05-30T00:35:30.534492'}, {'url': 'https://example518.com', 'title': 'Page 518', 'timestamp': '2026-05-30T00:35:30.532738'}, {'url': 'https://example517.com', 'title': 'Page 517', 'timestamp': '2026-05-30T00:35:30.530919'}, {'url': 'https://example516.com', 'title': 'Page 516', 'timestamp': '2026-05-30T00:35:30.529023'}, {'url': 'https://example515.com', 'title': 'Page 515', 'timestamp': '2026-05-30T00:35:30.527236'}, {'url': 'https://example514.com', 'title': 'Page 514', 'timestamp': '2026-05-30T00:35:30.525381'}, {'url': 'https://example513.com', 'title': 'Page 513', 'timestamp': '2026-05-30T00:35:30.522898'}, {'url': 'https://example512.com', 'title': 'Page 512', 'timestamp': '2026-05-30T00:35:30.520489'}, {'url': 'https://example511.com', 'title': 'Page 511', 'timestamp': '2026-05-30T00:35:30.518767'}, {'url': 'https://example510.com', 'title': 'Page 510', 'timestamp': '2026-05-30T00:35:30.517044'}, {'url': 'https://example509.com', 'title': 'Page 509', 'timestamp': '2026-05-30T00:35:30.515307'}, {'url': 'https://example508.com', 'title': 'Page 508', 'timestamp': '2026-05-30T00:35:30.513502'}, {'url': 'https://example507.com', 'title': 'Page 507', 'timestamp': '2026-05-30T00:35:30.511530'}, {'url': 'https://example506.com', 'title': 'Page 506', 'timestamp': '2026-05-30T00:35:30.509478'}, {'url': 'https://example505.com', 'title': 'Page 505', 'timestamp': '2026-05-30T00:35:30.507304'}, {'url': 'https://example504.com', 'title': 'Page 504', 'timestamp': '2026-05-30T00:35:30.504227'}, {'url': 'https://example503.com', 'title': 'Page 503', 'timestamp': '2026-05-30T00:35:30.502509'}, {'url': 'https://example502.com', 'title': 'Page 502', 'timestamp': '2026-05-30T00:35:30.500832'}, {'url': 'https://example501.com', 'title': 'Page 501', 'timestamp': '2026-05-30T00:35:30.499130'}, {'url': 'https://example500.com', 'title': 'Page 500', 'timestamp': '2026-05-30T00:35:30.497496'}, {'url': 'https://example499.com', 'title': 'Page 499', 'timestamp': '2026-05-30T00:35:30.495685'}, {'url': 'https://example498.com', 'title': 'Page 498', 'timestamp': '2026-05-30T00:35:30.493879'}, {'url': 'https://example497.com', 'title': 'Page 497', 'timestamp': '2026-05-30T00:35:30.491852'}, {'url': 'https://example496.com', 'title': 'Page 496', 'timestamp': '2026-05-30T00:35:30.489385'}, {'url': 'https://example495.com', 'title': 'Page 495', 'timestamp': '2026-05-30T00:35:30.486968'}, {'url': 'https://example494.com', 'title': 'Page 494', 'timestamp': '2026-05-30T00:35:30.485361'}, {'url': 'https://example493.com', 'title': 'Page 493', 'timestamp': '2026-05-30T00:35:30.483721'}, {'url': 'https://example492.com', 'title': 'Page 492', 'timestamp': '2026-05-30T00:35:30.481949'}, {'url': 'https://example491.com', 'title': 'Page 491', 'timestamp': '2026-05-30T00:35:30.480099'}, {'url': 'https://example490.com', 'title': 'Page 490', 'timestamp': '2026-05-30T00:35:30.478173'}, {'url': 'https://example489.com', 'title': 'Page 489', 'timestamp': '2026-05-30T00:35:30.475836'}, {'url': 'https://example488.com', 'title': 'Page 488', 'timestamp': '2026-05-30T00:35:30.472657'}, {'url': 'https://example487.com', 'title': 'Page 487', 'timestamp': '2026-05-30T00:35:30.470438'}, {'url': 'https://example486.com', 'title': 'Page 486', 'timestamp': '2026-05-30T00:35:30.468785'}, {'url': 'https://example485.com', 'title': 'Page 485', 'timestamp': '2026-05-30T00:35:30.467069'}, {'url': 'https://example484.com', 'title': 'Page 484', 'timestamp': '2026-05-30T00:35:30.465375'}, {'url': 'https://example483.com', 'title': 'Page 483', 'timestamp': '2026-05-30T00:35:30.463624'}, {'url': 'https://example482.com', 'title': 'Page 482', 'timestamp': '2026-05-30T00:35:30.461875'}, {'url': 'https://example481.com', 'title': 'Page 481', 'timestamp': '2026-05-30T00:35:30.460147'}, {'url': 'https://example480.com', 'title': 'Page 480', 'timestamp': '2026-05-30T00:35:30.457887'}, {'url': 'https://example479.com', 'title': 'Page 479', 'timestamp': '2026-05-30T00:35:30.455327'}, {'url': 'https://example478.com', 'title': 'Page 478', 'timestamp': '2026-05-30T00:35:30.453454'}, {'url': 'https://example477.com', 'title': 'Page 477', 'timestamp': '2026-05-30T00:35:30.451607'}, {'url': 'https://example476.com', 'title': 'Page 476', 'timestamp': '2026-05-30T00:35:30.449821'}, {'url': 'https://example475.com', 'title': 'Page 475', 'timestamp': '2026-05-30T00:35:30.448089'}, {'url': 'https://example474.com', 'title': 'Page 474', 'timestamp': '2026-05-30T00:35:30.446213'}, {'url': 'https://example473.com', 'title': 'Page 473', 'timestamp': '2026-05-30T00:35:30.444444'}, {'url': 'https://example472.com', 'title': 'Page 472', 'timestamp': '2026-05-30T00:35:30.442235'}, {'url': 'https://example471.com', 'title': 'Page 471', 'timestamp': '2026-05-30T00:35:30.439995'}, {'url': 'https://example470.com', 'title': 'Page 470', 'timestamp': '2026-05-30T00:35:30.437470'}, {'url': 'https://example469.com', 'title': 'Page 469', 'timestamp': '2026-05-30T00:35:30.435890'}, {'url': 'https://example468.com', 'title': 'Page 468', 'timestamp': '2026-05-30T00:35:30.434284'}, {'url': 'https://example467.com', 'title': 'Page 467', 'timestamp': '2026-05-30T00:35:30.432604'}, {'url': 'https://example466.com', 'title': 'Page 466', 'timestamp': '2026-05-30T00:35:30.430910'}, {'url': 'https://example465.com', 'title': 'Page 465', 'timestamp': '2026-05-30T00:35:30.429259'}, {'url': 'https://example464.com', 'title': 'Page 464', 'timestamp': '2026-05-30T00:35:30.427629'}, {'url': 'https://example463.com', 'title': 'Page 463', 'timestamp': '2026-05-30T00:35:30.425857'}, {'url': 'https://example462.com', 'title': 'Page 462', 'timestamp': '2026-05-30T00:35:30.424114'}, {'url': 'https://example461.com', 'title': 'Page 461', 'timestamp': '2026-05-30T00:35:30.421511'}, {'url': 'https://example460.com', 'title': 'Page 460', 'timestamp': '2026-05-30T00:35:30.419825'}, {'url': 'https://example459.com', 'title': 'Page 459', 'timestamp': '2026-05-30T00:35:30.418093'}, {'url': 'https://example458.com', 'title': 'Page 458', 'timestamp': '2026-05-30T00:35:30.416511'}, {'url': 'https://example457.com', 'title': 'Page 457', 'timestamp': '2026-05-30T00:35:30.414973'}, {'url': 'https://example456.com', 'title': 'Page 456', 'timestamp': '2026-05-30T00:35:30.413300'}, {'url': 'https://example455.com', 'title': 'Page 455', 'timestamp': '2026-05-30T00:35:30.411592'}, {'url': 'https://example454.com', 'title': 'Page 454', 'timestamp': '2026-05-30T00:35:30.409756'}, {'url': 'https://example453.com', 'title': 'Page 453', 'timestamp': '2026-05-30T00:35:30.407814'}, {'url': 'https://example452.com', 'title': 'Page 452', 'timestamp': '2026-05-30T00:35:30.405267'}, {'url': 'https://example451.com', 'title': 'Page 451', 'timestamp': '2026-05-30T00:35:30.403488'}, {'url': 'https://example450.com', 'title': 'Page 450', 'timestamp': '2026-05-30T00:35:30.401923'}, {'url': 'https://example449.com', 'title': 'Page 449', 'timestamp': '2026-05-30T00:35:30.400323'}, {'url': 'https://example448.com', 'title': 'Page 448', 'timestamp': '2026-05-30T00:35:30.398777'}, {'url': 'https://example447.com', 'title': 'Page 447', 'timestamp': '2026-05-30T00:35:30.397124'}, {'url': 'https://example446.com', 'title': 'Page 446', 'timestamp': '2026-05-30T00:35:30.395471'}, {'url': 'https://example445.com', 'title': 'Page 445', 'timestamp': '2026-05-30T00:35:30.393792'}, {'url': 'https://example444.com', 'title': 'Page 444', 'timestamp': '2026-05-30T00:35:30.392020'}, {'url': 'https://example443.com', 'title': 'Page 443', 'timestamp': '2026-05-30T00:35:30.389423'}, {'url': 'https://example442.com', 'title': 'Page 442', 'timestamp': '2026-05-30T00:35:30.387176'}, {'url': 'https://example441.com', 'title': 'Page 441', 'timestamp': '2026-05-30T00:35:30.385483'}, {'url': 'https://example440.com', 'title': 'Page 440', 'timestamp': '2026-05-30T00:35:30.383752'}, {'url': 'https://example439.com', 'title': 'Page 439', 'timestamp': '2026-05-30T00:35:30.381888'}, {'url': 'https://example438.com', 'title': 'Page 438', 'timestamp': '2026-05-30T00:35:30.380171'}, {'url': 'https://example437.com', 'title': 'Page 437', 'timestamp': '2026-05-30T00:35:30.378228'}, {'url': 'https://example436.com', 'title': 'Page 436', 'timestamp': '2026-05-30T00:35:30.376549'}, {'url': 'https://example435.com', 'title': 'Page 435', 'timestamp': '2026-05-30T00:35:30.374792'}, {'url': 'https://example434.com', 'title': 'Page 434', 'timestamp': '2026-05-30T00:35:30.372104'}, {'url': 'https://example433.com', 'title': 'Page 433', 'timestamp': '2026-05-30T00:35:30.370181'}, {'url': 'https://example432.com', 'title': 'Page 432', 'timestamp': '2026-05-30T00:35:30.368567'}, {'url': 'https://example431.com', 'title': 'Page 431', 'timestamp': '2026-05-30T00:35:30.366968'}, {'url': 'https://example430.com', 'title': 'Page 430', 'timestamp': '2026-05-30T00:35:30.365312'}, {'url': 'https://example429.com', 'title': 'Page 429', 'timestamp': '2026-05-30T00:35:30.363613'}, {'url': 'https://example428.com', 'title': 'Page 428', 'timestamp': '2026-05-30T00:35:30.361916'}, {'url': 'https://example427.com', 'title': 'Page 427', 'timestamp': '2026-05-30T00:35:30.360337'}, {'url': 'https://example426.com', 'title': 'Page 426', 'timestamp': '2026-05-30T00:35:30.358781'}, {'url': 'https://example425.com', 'title': 'Page 425', 'timestamp': '2026-05-30T00:35:30.356893'}, {'url': 'https://example424.com', 'title': 'Page 424', 'timestamp': '2026-05-30T00:35:30.354424'}, {'url': 'https://example423.com', 'title': 'Page 423', 'timestamp': '2026-05-30T00:35:30.352797'}, {'url': 'https://example422.com', 'title': 'Page 422', 'timestamp': '2026-05-30T00:35:30.351127'}, {'url': 'https://example421.com', 'title': 'Page 421', 'timestamp': '2026-05-30T00:35:30.349516'}, {'url': 'https://example420.com', 'title': 'Page 420', 'timestamp': '2026-05-30T00:35:30.347230'}, {'url': 'https://example419.com', 'title': 'Page 419', 'timestamp': '2026-05-30T00:35:30.345626'}, {'url': 'https://example418.com', 'title': 'Page 418', 'timestamp': '2026-05-30T00:35:30.344018'}, {'url': 'https://example417.com', 'title': 'Page 417', 'timestamp': '2026-05-30T00:35:30.342270'}, {'url': 'https://example416.com', 'title': 'Page 416', 'timestamp': '2026-05-30T00:35:30.339607'}, {'url': 'https://example415.com', 'title': 'Page 415', 'timestamp': '2026-05-30T00:35:30.337244'}, {'url': 'https://example414.com', 'title': 'Page 414', 'timestamp': '2026-05-30T00:35:30.335664'}, {'url': 'https://example413.com', 'title': 'Page 413', 'timestamp': '2026-05-30T00:35:30.333939'}, {'url': 'https://example412.com', 'title': 'Page 412', 'timestamp': '2026-05-30T00:35:30.332361'}, {'url': 'https://example411.com', 'title': 'Page 411', 'timestamp': '2026-05-30T00:35:30.330592'}, {'url': 'https://example410.com', 'title': 'Page 410', 'timestamp': '2026-05-30T00:35:30.329064'}, {'url': 'https://example409.com', 'title': 'Page 409', 'timestamp': '2026-05-30T00:35:30.327517'}, {'url': 'https://example408.com', 'title': 'Page 408', 'timestamp': '2026-05-30T00:35:30.325810'}, {'url': 'https://example407.com', 'title': 'Page 407', 'timestamp': '2026-05-30T00:35:30.323759'}, {'url': 'https://example406.com', 'title': 'Page 406', 'timestamp': '2026-05-30T00:35:30.321003'}, {'url': 'https://example405.com', 'title': 'Page 405', 'timestamp': '2026-05-30T00:35:30.319440'}, {'url': 'https://example404.com', 'title': 'Page 404', 'timestamp': '2026-05-30T00:35:30.317864'}, {'url': 'https://example403.com', 'title': 'Page 403', 'timestamp': '2026-05-30T00:35:30.316309'}, {'url': 'https://example402.com', 'title': 'Page 402', 'timestamp': '2026-05-30T00:35:30.314614'}, {'url': 'https://example401.com', 'title': 'Page 401', 'timestamp': '2026-05-30T00:35:30.313020'}, {'url': 'https://example400.com', 'title': 'Page 400', 'timestamp': '2026-05-30T00:35:30.311447'}, {'url': 'https://example399.com', 'title': 'Page 399', 'timestamp': '2026-05-30T00:35:30.309882'}, {'url': 'https://example398.com', 'title': 'Page 398', 'timestamp': '2026-05-30T00:35:30.308309'}, {'url': 'https://example397.com', 'title': 'Page 397', 'timestamp': '2026-05-30T00:35:30.306359'}, {'url': 'https://example396.com', 'title': 'Page 396', 'timestamp': '2026-05-30T00:35:30.303937'}, {'url': 'https://example395.com', 'title': 'Page 395', 'timestamp': '2026-05-30T00:35:30.302309'}, {'url': 'https://example394.com', 'title': 'Page 394', 'timestamp': '2026-05-30T00:35:30.300594'}, {'url': 'https://example393.com', 'title': 'Page 393', 'timestamp': '2026-05-30T00:35:30.298609'}, {'url': 'https://example392.com', 'title': 'Page 392', 'timestamp': '2026-05-30T00:35:30.297016'}, {'url': 'https://example391.com', 'title': 'Page 391', 'timestamp': '2026-05-30T00:35:30.295399'}, {'url': 'https://example390.com', 'title': 'Page 390', 'timestamp': '2026-05-30T00:35:30.293794'}, {'url': 'https://example389.com', 'title': 'Page 389', 'timestamp': '2026-05-30T00:35:30.292125'}, {'url': 'https://example388.com', 'title': 'Page 388', 'timestamp': '2026-05-30T00:35:30.289630'}, {'url': 'https://example387.com', 'title': 'Page 387', 'timestamp': '2026-05-30T00:35:30.287186'}, {'url': 'https://example386.com', 'title': 'Page 386', 'timestamp': '2026-05-30T00:35:30.285637'}, {'url': 'https://example385.com', 'title': 'Page 385', 'timestamp': '2026-05-30T00:35:30.284048'}, {'url': 'https://example384.com', 'title': 'Page 384', 'timestamp': '2026-05-30T00:35:30.282270'}, {'url': 'https://example383.com', 'title': 'Page 383', 'timestamp': '2026-05-30T00:35:30.280798'}, {'url': 'https://example382.com', 'title': 'Page 382', 'timestamp': '2026-05-30T00:35:30.279260'}, {'url': 'https://example381.com', 'title': 'Page 381', 'timestamp': '2026-05-30T00:35:30.277656'}, {'url': 'https://example380.com', 'title': 'Page 380', 'timestamp': '2026-05-30T00:35:30.276124'}, {'url': 'https://example379.com', 'title': 'Page 379', 'timestamp': '2026-05-30T00:35:30.273983'}, {'url': 'https://example378.com', 'title': 'Page 378', 'timestamp': '2026-05-30T00:35:30.270998'}, {'url': 'https://example377.com', 'title': 'Page 377', 'timestamp': '2026-05-30T00:35:30.269223'}, {'url': 'https://example376.com', 'title': 'Page 376', 'timestamp': '2026-05-30T00:35:30.267449'}, {'url': 'https://example375.com', 'title': 'Page 375', 'timestamp': '2026-05-30T00:35:30.265949'}, {'url': 'https://example374.com', 'title': 'Page 374', 'timestamp': '2026-05-30T00:35:30.264475'}, {'url': 'https://example373.com', 'title': 'Page 373', 'timestamp': '2026-05-30T00:35:30.262999'}, {'url': 'https://example372.com', 'title': 'Page 372', 'timestamp': '2026-05-30T00:35:30.261448'}, {'url': 'https://example371.com', 'title': 'Page 371', 'timestamp': '2026-05-30T00:35:30.259772'}, {'url': 'https://example370.com', 'title': 'Page 370', 'timestamp': '2026-05-30T00:35:30.257142'}, {'url': 'https://example369.com', 'title': 'Page 369', 'timestamp': '2026-05-30T00:35:30.254380'}, {'url': 'https://example368.com', 'title': 'Page 368', 'timestamp': '2026-05-30T00:35:30.252563'}, {'url': 'https://example367.com', 'title': 'Page 367', 'timestamp': '2026-05-30T00:35:30.250713'}, {'url': 'https://example366.com', 'title': 'Page 366', 'timestamp': '2026-05-30T00:35:30.249051'}, {'url': 'https://example365.com', 'title': 'Page 365', 'timestamp': '2026-05-30T00:35:30.247403'}, {'url': 'https://example364.com', 'title': 'Page 364', 'timestamp': '2026-05-30T00:35:30.245564'}, {'url': 'https://example363.com', 'title': 'Page 363', 'timestamp': '2026-05-30T00:35:30.244039'}, {'url': 'https://example362.com', 'title': 'Page 362', 'timestamp': '2026-05-30T00:35:30.242343'}, {'url': 'https://example361.com', 'title': 'Page 361', 'timestamp': '2026-05-30T00:35:30.239942'}, {'url': 'https://example360.com', 'title': 'Page 360', 'timestamp': '2026-05-30T00:35:30.237306'}, {'url': 'https://example359.com', 'title': 'Page 359', 'timestamp': '2026-05-30T00:35:30.235589'}, {'url': 'https://example358.com', 'title': 'Page 358', 'timestamp': '2026-05-30T00:35:30.234049'}, {'url': 'https://example357.com', 'title': 'Page 357', 'timestamp': '2026-05-30T00:35:30.232523'}, {'url': 'https://example356.com', 'title': 'Page 356', 'timestamp': '2026-05-30T00:35:30.230883'}, {'url': 'https://example355.com', 'title': 'Page 355', 'timestamp': '2026-05-30T00:35:30.229304'}, {'url': 'https://example354.com', 'title': 'Page 354', 'timestamp': '2026-05-30T00:35:30.227785'}, {'url': 'https://example353.com', 'title': 'Page 353', 'timestamp': '2026-05-30T00:35:30.226090'}, {'url': 'https://example352.com', 'title': 'Page 352', 'timestamp': '2026-05-30T00:35:30.223850'}, {'url': 'https://example351.com', 'title': 'Page 351', 'timestamp': '2026-05-30T00:35:30.220515'}, {'url': 'https://example350.com', 'title': 'Page 350', 'timestamp': '2026-05-30T00:35:30.219063'}, {'url': 'https://example349.com', 'title': 'Page 349', 'timestamp': '2026-05-30T00:35:30.217502'}, {'url': 'https://example348.com', 'title': 'Page 348', 'timestamp': '2026-05-30T00:35:30.215914'}, {'url': 'https://example347.com', 'title': 'Page 347', 'timestamp': '2026-05-30T00:35:30.214475'}, {'url': 'https://example346.com', 'title': 'Page 346', 'timestamp': '2026-05-30T00:35:30.212938'}, {'url': 'https://example345.com', 'title': 'Page 345', 'timestamp': '2026-05-30T00:35:30.211417'}, {'url': 'https://example344.com', 'title': 'Page 344', 'timestamp': '2026-05-30T00:35:30.209750'}, {'url': 'https://example343.com', 'title': 'Page 343', 'timestamp': '2026-05-30T00:35:30.205784'}, {'url': 'https://example342.com', 'title': 'Page 342', 'timestamp': '2026-05-30T00:35:30.203624'}, {'url': 'https://example341.com', 'title': 'Page 341', 'timestamp': '2026-05-30T00:35:30.202132'}, {'url': 'https://example340.com', 'title': 'Page 340', 'timestamp': '2026-05-30T00:35:30.200608'}, {'url': 'https://example339.com', 'title': 'Page 339', 'timestamp': '2026-05-30T00:35:30.199137'}, {'url': 'https://example338.com', 'title': 'Page 338', 'timestamp': '2026-05-30T00:35:30.197615'}, {'url': 'https://example337.com', 'title': 'Page 337', 'timestamp': '2026-05-30T00:35:30.196152'}, {'url': 'https://example336.com', 'title': 'Page 336', 'timestamp': '2026-05-30T00:35:30.194679'}, {'url': 'https://example335.com', 'title': 'Page 335', 'timestamp': '2026-05-30T00:35:30.193194'}, {'url': 'https://example334.com', 'title': 'Page 334', 'timestamp': '2026-05-30T00:35:30.191495'}, {'url': 'https://example333.com', 'title': 'Page 333', 'timestamp': '2026-05-30T00:35:30.188969'}, {'url': 'https://example332.com', 'title': 'Page 332', 'timestamp': '2026-05-30T00:35:30.187119'}, {'url': 'https://example331.com', 'title': 'Page 331', 'timestamp': '2026-05-30T00:35:30.185651'}, {'url': 'https://example330.com', 'title': 'Page 330', 'timestamp': '2026-05-30T00:35:30.184136'}, {'url': 'https://example329.com', 'title': 'Page 329', 'timestamp': '2026-05-30T00:35:30.182658'}, {'url': 'https://example328.com', 'title': 'Page 328', 'timestamp': '2026-05-30T00:35:30.181133'}, {'url': 'https://example327.com', 'title': 'Page 327', 'timestamp': '2026-05-30T00:35:30.179667'}, {'url': 'https://example326.com', 'title': 'Page 326', 'timestamp': '2026-05-30T00:35:30.178183'}, {'url': 'https://example325.com', 'title': 'Page 325', 'timestamp': '2026-05-30T00:35:30.176615'}, {'url': 'https://example324.com', 'title': 'Page 324', 'timestamp': '2026-05-30T00:35:30.174780'}, {'url': 'https://example323.com', 'title': 'Page 323', 'timestamp': '2026-05-30T00:35:30.171787'}, {'url': 'https://example322.com', 'title': 'Page 322', 'timestamp': '2026-05-30T00:35:30.170145'}, {'url': 'https://example321.com', 'title': 'Page 321', 'timestamp': '2026-05-30T00:35:30.168653'}, {'url': 'https://example320.com', 'title': 'Page 320', 'timestamp': '2026-05-30T00:35:30.167218'}, {'url': 'https://example319.com', 'title': 'Page 319', 'timestamp': '2026-05-30T00:35:30.165711'}, {'url': 'https://example318.com', 'title': 'Page 318', 'timestamp': '2026-05-30T00:35:30.164146'}, {'url': 'https://example317.com', 'title': 'Page 317', 'timestamp': '2026-05-30T00:35:30.162423'}, {'url': 'https://example316.com', 'title': 'Page 316', 'timestamp': '2026-05-30T00:35:30.160771'}, {'url': 'https://example315.com', 'title': 'Page 315', 'timestamp': '2026-05-30T00:35:30.159020'}, {'url': 'https://example314.com', 'title': 'Page 314', 'timestamp': '2026-05-30T00:35:30.156590'}, {'url': 'https://example313.com', 'title': 'Page 313', 'timestamp': '2026-05-30T00:35:30.154286'}, {'url': 'https://example312.com', 'title': 'Page 312', 'timestamp': '2026-05-30T00:35:30.152821'}, {'url': 'https://example311.com', 'title': 'Page 311', 'timestamp': '2026-05-30T00:35:30.151350'}, {'url': 'https://example310.com', 'title': 'Page 310', 'timestamp': '2026-05-30T00:35:30.149849'}, {'url': 'https://example309.com', 'title': 'Page 309', 'timestamp': '2026-05-30T00:35:30.148399'}, {'url': 'https://example308.com', 'title': 'Page 308', 'timestamp': '2026-05-30T00:35:30.146917'}, {'url': 'https://example307.com', 'title': 'Page 307', 'timestamp': '2026-05-30T00:35:30.145406'}, {'url': 'https://example306.com', 'title': 'Page 306', 'timestamp': '2026-05-30T00:35:30.143911'}, {'url': 'https://example305.com', 'title': 'Page 305', 'timestamp': '2026-05-30T00:35:30.142234'}, {'url': 'https://example304.com', 'title': 'Page 304', 'timestamp': '2026-05-30T00:35:30.140001'}, {'url': 'https://example303.com', 'title': 'Page 303', 'timestamp': '2026-05-30T00:35:30.137687'}, {'url': 'https://example302.com', 'title': 'Page 302', 'timestamp': '2026-05-30T00:35:30.136232'}, {'url': 'https://example301.com', 'title': 'Page 301', 'timestamp': '2026-05-30T00:35:30.134736'}, {'url': 'https://example300.com', 'title': 'Page 300', 'timestamp': '2026-05-30T00:35:30.133188'}, {'url': 'https://example299.com', 'title': 'Page 299', 'timestamp': '2026-05-30T00:35:30.131765'}, {'url': 'https://example298.com', 'title': 'Page 298', 'timestamp': '2026-05-30T00:35:30.130356'}, {'url': 'https://example297.com', 'title': 'Page 297', 'timestamp': '2026-05-30T00:35:30.128979'}, {'url': 'https://example296.com', 'title': 'Page 296', 'timestamp': '2026-05-30T00:35:30.127566'}, {'url': 'https://example295.com', 'title': 'Page 295', 'timestamp': '2026-05-30T00:35:30.126061'}, {'url': 'https://example294.com', 'title': 'Page 294', 'timestamp': '2026-05-30T00:35:30.124297'}, {'url': 'https://example293.com', 'title': 'Page 293', 'timestamp': '2026-05-30T00:35:30.121680'}, {'url': 'https://example292.com', 'title': 'Page 292', 'timestamp': '2026-05-30T00:35:30.120136'}, {'url': 'https://example291.com', 'title': 'Page 291', 'timestamp': '2026-05-30T00:35:30.118659'}, {'url': 'https://example290.com', 'title': 'Page 290', 'timestamp': '2026-05-30T00:35:30.117114'}, {'url': 'https://example289.com', 'title': 'Page 289', 'timestamp': '2026-05-30T00:35:30.115660'}, {'url': 'https://example288.com', 'title': 'Page 288', 'timestamp': '2026-05-30T00:35:30.114173'}, {'url': 'https://example287.com', 'title': 'Page 287', 'timestamp': '2026-05-30T00:35:30.112751'}, {'url': 'https://example286.com', 'title': 'Page 286', 'timestamp': '2026-05-30T00:35:30.111197'}, {'url': 'https://example285.com', 'title': 'Page 285', 'timestamp': '2026-05-30T00:35:30.109408'}, {'url': 'https://example284.com', 'title': 'Page 284', 'timestamp': '2026-05-30T00:35:30.107796'}, {'url': 'https://example283.com', 'title': 'Page 283', 'timestamp': '2026-05-30T00:35:30.105279'}, {'url': 'https://example282.com', 'title': 'Page 282', 'timestamp': '2026-05-30T00:35:30.103556'}, {'url': 'https://example281.com', 'title': 'Page 281', 'timestamp': '2026-05-30T00:35:30.102124'}, {'url': 'https://example280.com', 'title': 'Page 280', 'timestamp': '2026-05-30T00:35:30.100646'}, {'url': 'https://example279.com', 'title': 'Page 279', 'timestamp': '2026-05-30T00:35:30.099128'}, {'url': 'https://example278.com', 'title': 'Page 278', 'timestamp': '2026-05-30T00:35:30.097616'}, {'url': 'https://example277.com', 'title': 'Page 277', 'timestamp': '2026-05-30T00:35:30.096105'}, {'url': 'https://example276.com', 'title': 'Page 276', 'timestamp': '2026-05-30T00:35:30.094544'}, {'url': 'https://example275.com', 'title': 'Page 275', 'timestamp': '2026-05-30T00:35:30.092858'}, {'url': 'https://example274.com', 'title': 'Page 274', 'timestamp': '2026-05-30T00:35:30.091285'}, {'url': 'https://example273.com', 'title': 'Page 273', 'timestamp': '2026-05-30T00:35:30.089189'}, {'url': 'https://example272.com', 'title': 'Page 272', 'timestamp': '2026-05-30T00:35:30.087396'}, {'url': 'https://example271.com', 'title': 'Page 271', 'timestamp': '2026-05-30T00:35:30.086035'}, {'url': 'https://example270.com', 'title': 'Page 270', 'timestamp': '2026-05-30T00:35:30.084623'}, {'url': 'https://example269.com', 'title': 'Page 269', 'timestamp': '2026-05-30T00:35:30.083202'}, {'url': 'https://example268.com', 'title': 'Page 268', 'timestamp': '2026-05-30T00:35:30.081622'}, {'url': 'https://example267.com', 'title': 'Page 267', 'timestamp': '2026-05-30T00:35:30.080120'}, {'url': 'https://example266.com', 'title': 'Page 266', 'timestamp': '2026-05-30T00:35:30.078659'}, {'url': 'https://example265.com', 'title': 'Page 265', 'timestamp': '2026-05-30T00:35:30.077130'}, {'url': 'https://example264.com', 'title': 'Page 264', 'timestamp': '2026-05-30T00:35:30.075687'}, {'url': 'https://example263.com', 'title': 'Page 263', 'timestamp': '2026-05-30T00:35:30.073969'}, {'url': 'https://example262.com', 'title': 'Page 262', 'timestamp': '2026-05-30T00:35:30.071294'}, {'url': 'https://example261.com', 'title': 'Page 261', 'timestamp': '2026-05-30T00:35:30.069878'}, {'url': 'https://example260.com', 'title': 'Page 260', 'timestamp': '2026-05-30T00:35:30.068508'}, {'url': 'https://example259.com', 'title': 'Page 259', 'timestamp': '2026-05-30T00:35:30.067113'}, {'url': 'https://example258.com', 'title': 'Page 258', 'timestamp': '2026-05-30T00:35:30.065710'}, {'url': 'https://example257.com', 'title': 'Page 257', 'timestamp': '2026-05-30T00:35:30.064258'}, {'url': 'https://example256.com', 'title': 'Page 256', 'timestamp': '2026-05-30T00:35:30.062687'}, {'url': 'https://example255.com', 'title': 'Page 255', 'timestamp': '2026-05-30T00:35:30.061031'}, {'url': 'https://example254.com', 'title': 'Page 254', 'timestamp': '2026-05-30T00:35:30.059227'}, {'url': 'https://example253.com', 'title': 'Page 253', 'timestamp': '2026-05-30T00:35:30.057268'}, {'url': 'https://example252.com', 'title': 'Page 252', 'timestamp': '2026-05-30T00:35:30.054743'}, {'url': 'https://example251.com', 'title': 'Page 251', 'timestamp': '2026-05-30T00:35:30.053204'}, {'url': 'https://example250.com', 'title': 'Page 250', 'timestamp': '2026-05-30T00:35:30.051590'}, {'url': 'https://example249.com', 'title': 'Page 249', 'timestamp': '2026-05-30T00:35:30.050057'}, {'url': 'https://example248.com', 'title': 'Page 248', 'timestamp': '2026-05-30T00:35:30.048509'}, {'url': 'https://example247.com', 'title': 'Page 247', 'timestamp': '2026-05-30T00:35:30.046970'}, {'url': 'https://example246.com', 'title': 'Page 246', 'timestamp': '2026-05-30T00:35:30.044980'}, {'url': 'https://example245.com', 'title': 'Page 245', 'timestamp': '2026-05-30T00:35:30.043176'}, {'url': 'https://example244.com', 'title': 'Page 244', 'timestamp': '2026-05-30T00:35:30.041358'}, {'url': 'https://example243.com', 'title': 'Page 243', 'timestamp': '2026-05-30T00:35:30.038630'}, {'url': 'https://example242.com', 'title': 'Page 242', 'timestamp': '2026-05-30T00:35:30.036773'}, {'url': 'https://example241.com', 'title': 'Page 241', 'timestamp': '2026-05-30T00:35:30.035074'}, {'url': 'https://example240.com', 'title': 'Page 240', 'timestamp': '2026-05-30T00:35:30.033363'}, {'url': 'https://example239.com', 'title': 'Page 239', 'timestamp': '2026-05-30T00:35:30.031777'}, {'url': 'https://example238.com', 'title': 'Page 238', 'timestamp': '2026-05-30T00:35:30.029821'}, {'url': 'https://example237.com', 'title': 'Page 237', 'timestamp': '2026-05-30T00:35:30.028186'}, {'url': 'https://example236.com', 'title': 'Page 236', 'timestamp': '2026-05-30T00:35:30.026754'}, {'url': 'https://example235.com', 'title': 'Page 235', 'timestamp': '2026-05-30T00:35:30.025195'}, {'url': 'https://example234.com', 'title': 'Page 234', 'timestamp': '2026-05-30T00:35:30.023179'}, {'url': 'https://example233.com', 'title': 'Page 233', 'timestamp': '2026-05-30T00:35:30.021065'}, {'url': 'https://example232.com', 'title': 'Page 232', 'timestamp': '2026-05-30T00:35:30.019629'}, {'url': 'https://example231.com', 'title': 'Page 231', 'timestamp': '2026-05-30T00:35:30.018159'}, {'url': 'https://example230.com', 'title': 'Page 230', 'timestamp': '2026-05-30T00:35:30.016619'}, {'url': 'https://example229.com', 'title': 'Page 229', 'timestamp': '2026-05-30T00:35:30.015087'}, {'url': 'https://example228.com', 'title': 'Page 228', 'timestamp': '2026-05-30T00:35:30.013528'}, {'url': 'https://example227.com', 'title': 'Page 227', 'timestamp': '2026-05-30T00:35:30.012182'}, {'url': 'https://example226.com', 'title': 'Page 226', 'timestamp': '2026-05-30T00:35:30.010742'}, {'url': 'https://example225.com', 'title': 'Page 225', 'timestamp': '2026-05-30T00:35:30.009198'}, {'url': 'https://example224.com', 'title': 'Page 224', 'timestamp': '2026-05-30T00:35:30.007336'}, {'url': 'https://example223.com', 'title': 'Page 223', 'timestamp': '2026-05-30T00:35:30.004584'}, {'url': 'https://example222.com', 'title': 'Page 222', 'timestamp': '2026-05-30T00:35:30.003179'}, {'url': 'https://example221.com', 'title': 'Page 221', 'timestamp': '2026-05-30T00:35:30.001844'}, {'url': 'https://example220.com', 'title': 'Page 220', 'timestamp': '2026-05-30T00:35:30.000430'}, {'url': 'https://example219.com', 'title': 'Page 219', 'timestamp': '2026-05-30T00:35:29.998979'}, {'url': 'https://example218.com', 'title': 'Page 218', 'timestamp': '2026-05-30T00:35:29.997003'}, {'url': 'https://example217.com', 'title': 'Page 217', 'timestamp': '2026-05-30T00:35:29.995609'}, {'url': 'https://example216.com', 'title': 'Page 216', 'timestamp': '2026-05-30T00:35:29.994172'}, {'url': 'https://example215.com', 'title': 'Page 215', 'timestamp': '2026-05-30T00:35:29.992788'}, {'url': 'https://example214.com', 'title': 'Page 214', 'timestamp': '2026-05-30T00:35:29.991002'}, {'url': 'https://example213.com', 'title': 'Page 213', 'timestamp': '2026-05-30T00:35:29.988474'}, {'url': 'https://example212.com', 'title': 'Page 212', 'timestamp': '2026-05-30T00:35:29.987054'}, {'url': 'https://example211.com', 'title': 'Page 211', 'timestamp': '2026-05-30T00:35:29.985723'}, {'url': 'https://example210.com', 'title': 'Page 210', 'timestamp': '2026-05-30T00:35:29.984353'}, {'url': 'https://example209.com', 'title': 'Page 209', 'timestamp': '2026-05-30T00:35:29.982913'}, {'url': 'https://example208.com', 'title': 'Page 208', 'timestamp': '2026-05-30T00:35:29.981117'}, {'url': 'https://example207.com', 'title': 'Page 207', 'timestamp': '2026-05-30T00:35:29.979795'}, {'url': 'https://example206.com', 'title': 'Page 206', 'timestamp': '2026-05-30T00:35:29.978403'}, {'url': 'https://example205.com', 'title': 'Page 205', 'timestamp': '2026-05-30T00:35:29.976904'}, {'url': 'https://example204.com', 'title': 'Page 204', 'timestamp': '2026-05-30T00:35:29.975183'}, {'url': 'https://example203.com', 'title': 'Page 203', 'timestamp': '2026-05-30T00:35:29.972736'}, {'url': 'https://example202.com', 'title': 'Page 202', 'timestamp': '2026-05-30T00:35:29.970888'}, {'url': 'https://example201.com', 'title': 'Page 201', 'timestamp': '2026-05-30T00:35:29.969513'}, {'url': 'https://example200.com', 'title': 'Page 200', 'timestamp': '2026-05-30T00:35:29.968056'}, {'url': 'https://example199.com', 'title': 'Page 199', 'timestamp': '2026-05-30T00:35:29.965993'}, {'url': 'https://example198.com', 'title': 'Page 198', 'timestamp': '2026-05-30T00:35:29.964424'}, {'url': 'https://example197.com', 'title': 'Page 197', 'timestamp': '2026-05-30T00:35:29.963033'}, {'url': 'https://example196.com', 'title': 'Page 196', 'timestamp': '2026-05-30T00:35:29.961625'}, {'url': 'https://example195.com', 'title': 'Page 195', 'timestamp': '2026-05-30T00:35:29.960228'}, {'url': 'https://example194.com', 'title': 'Page 194', 'timestamp': '2026-05-30T00:35:29.958421'}, {'url': 'https://example193.com', 'title': 'Page 193', 'timestamp': '2026-05-30T00:35:29.954977'}, {'url': 'https://example192.com', 'title': 'Page 192', 'timestamp': '2026-05-30T00:35:29.953498'}, {'url': 'https://example191.com', 'title': 'Page 191', 'timestamp': '2026-05-30T00:35:29.952033'}, {'url': 'https://example190.com', 'title': 'Page 190', 'timestamp': '2026-05-30T00:35:29.950371'}, {'url': 'https://example189.com', 'title': 'Page 189', 'timestamp': '2026-05-30T00:35:29.948747'}, {'url': 'https://example188.com', 'title': 'Page 188', 'timestamp': '2026-05-30T00:35:29.947419'}, {'url': 'https://example187.com', 'title': 'Page 187', 'timestamp': '2026-05-30T00:35:29.946073'}, {'url': 'https://example186.com', 'title': 'Page 186', 'timestamp': '2026-05-30T00:35:29.944686'}, {'url': 'https://example185.com', 'title': 'Page 185', 'timestamp': '2026-05-30T00:35:29.942707'}, {'url': 'https://example184.com', 'title': 'Page 184', 'timestamp': '2026-05-30T00:35:29.939701'}, {'url': 'https://example183.com', 'title': 'Page 183', 'timestamp': '2026-05-30T00:35:29.937650'}, {'url': 'https://example182.com', 'title': 'Page 182', 'timestamp': '2026-05-30T00:35:29.936234'}, {'url': 'https://example181.com', 'title': 'Page 181', 'timestamp': '2026-05-30T00:35:29.934534'}, {'url': 'https://example180.com', 'title': 'Page 180', 'timestamp': '2026-05-30T00:35:29.932816'}, {'url': 'https://example179.com', 'title': 'Page 179', 'timestamp': '2026-05-30T00:35:29.931454'}, {'url': 'https://example178.com', 'title': 'Page 178', 'timestamp': '2026-05-30T00:35:29.930075'}, {'url': 'https://example177.com', 'title': 'Page 177', 'timestamp': '2026-05-30T00:35:29.928648'}, {'url': 'https://example176.com', 'title': 'Page 176', 'timestamp': '2026-05-30T00:35:29.927300'}, {'url': 'https://example175.com', 'title': 'Page 175', 'timestamp': '2026-05-30T00:35:29.925378'}, {'url': 'https://example174.com', 'title': 'Page 174', 'timestamp': '2026-05-30T00:35:29.923231'}, {'url': 'https://example173.com', 'title': 'Page 173', 'timestamp': '2026-05-30T00:35:29.921188'}, {'url': 'https://example172.com', 'title': 'Page 172', 'timestamp': '2026-05-30T00:35:29.919783'}, {'url': 'https://example171.com', 'title': 'Page 171', 'timestamp': '2026-05-30T00:35:29.918261'}, {'url': 'https://example170.com', 'title': 'Page 170', 'timestamp': '2026-05-30T00:35:29.916737'}, {'url': 'https://example169.com', 'title': 'Page 169', 'timestamp': '2026-05-30T00:35:29.915398'}, {'url': 'https://example168.com', 'title': 'Page 168', 'timestamp': '2026-05-30T00:35:29.913935'}, {'url': 'https://example167.com', 'title': 'Page 167', 'timestamp': '2026-05-30T00:35:29.912559'}, {'url': 'https://example166.com', 'title': 'Page 166', 'timestamp': '2026-05-30T00:35:29.910992'}, {'url': 'https://example165.com', 'title': 'Page 165', 'timestamp': '2026-05-30T00:35:29.908850'}, {'url': 'https://example164.com', 'title': 'Page 164', 'timestamp': '2026-05-30T00:35:29.906714'}, {'url': 'https://example163.com', 'title': 'Page 163', 'timestamp': '2026-05-30T00:35:29.904399'}, {'url': 'https://example162.com', 'title': 'Page 162', 'timestamp': '2026-05-30T00:35:29.902785'}, {'url': 'https://example161.com', 'title': 'Page 161', 'timestamp': '2026-05-30T00:35:29.901204'}, {'url': 'https://example160.com', 'title': 'Page 160', 'timestamp': '2026-05-30T00:35:29.899885'}, {'url': 'https://example159.com', 'title': 'Page 159', 'timestamp': '2026-05-30T00:35:29.898593'}, {'url': 'https://example158.com', 'title': 'Page 158', 'timestamp': '2026-05-30T00:35:29.897291'}, {'url': 'https://example157.com', 'title': 'Page 157', 'timestamp': '2026-05-30T00:35:29.895926'}, {'url': 'https://example156.com', 'title': 'Page 156', 'timestamp': '2026-05-30T00:35:29.894576'}, {'url': 'https://example155.com', 'title': 'Page 155', 'timestamp': '2026-05-30T00:35:29.892752'}, {'url': 'https://example154.com', 'title': 'Page 154', 'timestamp': '2026-05-30T00:35:29.891175'}, {'url': 'https://example153.com', 'title': 'Page 153', 'timestamp': '2026-05-30T00:35:29.888476'}, {'url': 'https://example152.com', 'title': 'Page 152', 'timestamp': '2026-05-30T00:35:29.886726'}, {'url': 'https://example151.com', 'title': 'Page 151', 'timestamp': '2026-05-30T00:35:29.885154'}, {'url': 'https://example150.com', 'title': 'Page 150', 'timestamp': '2026-05-30T00:35:29.883890'}, {'url': 'https://example149.com', 'title': 'Page 149', 'timestamp': '2026-05-30T00:35:29.882592'}, {'url': 'https://example148.com', 'title': 'Page 148', 'timestamp': '2026-05-30T00:35:29.881203'}, {'url': 'https://example147.com', 'title': 'Page 147', 'timestamp': '2026-05-30T00:35:29.879818'}, {'url': 'https://example146.com', 'title': 'Page 146', 'timestamp': '2026-05-30T00:35:29.878260'}, {'url': 'https://example145.com', 'title': 'Page 145', 'timestamp': '2026-05-30T00:35:29.876537'}, {'url': 'https://example144.com', 'title': 'Page 144', 'timestamp': '2026-05-30T00:35:29.874815'}, {'url': 'https://example143.com', 'title': 'Page 143', 'timestamp': '2026-05-30T00:35:29.872453'}, {'url': 'https://example142.com', 'title': 'Page 142', 'timestamp': '2026-05-30T00:35:29.870638'}, {'url': 'https://example141.com', 'title': 'Page 141', 'timestamp': '2026-05-30T00:35:29.868900'}, {'url': 'https://example140.com', 'title': 'Page 140', 'timestamp': '2026-05-30T00:35:29.867663'}, {'url': 'https://example139.com', 'title': 'Page 139', 'timestamp': '2026-05-30T00:35:29.866368'}, {'url': 'https://example138.com', 'title': 'Page 138', 'timestamp': '2026-05-30T00:35:29.865113'}, {'url': 'https://example137.com', 'title': 'Page 137', 'timestamp': '2026-05-30T00:35:29.863843'}, {'url': 'https://example136.com', 'title': 'Page 136', 'timestamp': '2026-05-30T00:35:29.862459'}, {'url': 'https://example135.com', 'title': 'Page 135', 'timestamp': '2026-05-30T00:35:29.860793'}, {'url': 'https://example134.com', 'title': 'Page 134', 'timestamp': '2026-05-30T00:35:29.859412'}, {'url': 'https://example133.com', 'title': 'Page 133', 'timestamp': '2026-05-30T00:35:29.857628'}, {'url': 'https://example132.com', 'title': 'Page 132', 'timestamp': '2026-05-30T00:35:29.855150'}, {'url': 'https://example131.com', 'title': 'Page 131', 'timestamp': '2026-05-30T00:35:29.853422'}, {'url': 'https://example130.com', 'title': 'Page 130', 'timestamp': '2026-05-30T00:35:29.852165'}, {'url': 'https://example129.com', 'title': 'Page 129', 'timestamp': '2026-05-30T00:35:29.850889'}, {'url': 'https://example128.com', 'title': 'Page 128', 'timestamp': '2026-05-30T00:35:29.849642'}, {'url': 'https://example127.com', 'title': 'Page 127', 'timestamp': '2026-05-30T00:35:29.848347'}, {'url': 'https://example126.com', 'title': 'Page 126', 'timestamp': '2026-05-30T00:35:29.847070'}, {'url': 'https://example125.com', 'title': 'Page 125', 'timestamp': '2026-05-30T00:35:29.845470'}, {'url': 'https://example124.com', 'title': 'Page 124', 'timestamp': '2026-05-30T00:35:29.844028'}, {'url': 'https://example123.com', 'title': 'Page 123', 'timestamp': '2026-05-30T00:35:29.842113'}, {'url': 'https://example122.com', 'title': 'Page 122', 'timestamp': '2026-05-30T00:35:29.839344'}, {'url': 'https://example121.com', 'title': 'Page 121', 'timestamp': '2026-05-30T00:35:29.837379'}, {'url': 'https://example120.com', 'title': 'Page 120', 'timestamp': '2026-05-30T00:35:29.836072'}, {'url': 'https://example119.com', 'title': 'Page 119', 'timestamp': '2026-05-30T00:35:29.834822'}, {'url': 'https://example118.com', 'title': 'Page 118', 'timestamp': '2026-05-30T00:35:29.833524'}, {'url': 'https://example117.com', 'title': 'Page 117', 'timestamp': '2026-05-30T00:35:29.832223'}, {'url': 'https://example116.com', 'title': 'Page 116', 'timestamp': '2026-05-30T00:35:29.830935'}, {'url': 'https://example115.com', 'title': 'Page 115', 'timestamp': '2026-05-30T00:35:29.829440'}, {'url': 'https://example114.com', 'title': 'Page 114', 'timestamp': '2026-05-30T00:35:29.828023'}, {'url': 'https://example113.com', 'title': 'Page 113', 'timestamp': '2026-05-30T00:35:29.826694'}, {'url': 'https://example112.com', 'title': 'Page 112', 'timestamp': '2026-05-30T00:35:29.824868'}, {'url': 'https://example111.com', 'title': 'Page 111', 'timestamp': '2026-05-30T00:35:29.822269'}, {'url': 'https://example110.com', 'title': 'Page 110', 'timestamp': '2026-05-30T00:35:29.820669'}, {'url': 'https://example109.com', 'title': 'Page 109', 'timestamp': '2026-05-30T00:35:29.819454'}, {'url': 'https://example108.com', 'title': 'Page 108', 'timestamp': '2026-05-30T00:35:29.818205'}, {'url': 'https://example107.com', 'title': 'Page 107', 'timestamp': '2026-05-30T00:35:29.816878'}, {'url': 'https://example106.com', 'title': 'Page 106', 'timestamp': '2026-05-30T00:35:29.815495'}, {'url': 'https://example105.com', 'title': 'Page 105', 'timestamp': '2026-05-30T00:35:29.814065'}, {'url': 'https://example104.com', 'title': 'Page 104', 'timestamp': '2026-05-30T00:35:29.812581'}, {'url': 'https://example103.com', 'title': 'Page 103', 'timestamp': '2026-05-30T00:35:29.811282'}, {'url': 'https://example102.com', 'title': 'Page 102', 'timestamp': '2026-05-30T00:35:29.809762'}, {'url': 'https://example101.com', 'title': 'Page 101', 'timestamp': '2026-05-30T00:35:29.807635'}, {'url': 'https://example100.com', 'title': 'Page 100', 'timestamp': '2026-05-30T00:35:29.805034'}, {'url': 'https://example99.com', 'title': 'Page 99', 'timestamp': '2026-05-30T00:35:29.803669'}, {'url': 'https://example98.com', 'title': 'Page 98', 'timestamp': '2026-05-30T00:35:29.802387'}, {'url': 'https://example97.com', 'title': 'Page 97', 'timestamp': '2026-05-30T00:35:29.801073'}, {'url': 'https://example96.com', 'title': 'Page 96', 'timestamp': '2026-05-30T00:35:29.799820'}, {'url': 'https://example95.com', 'title': 'Page 95', 'timestamp': '2026-05-30T00:35:29.798388'}, {'url': 'https://example94.com', 'title': 'Page 94', 'timestamp': '2026-05-30T00:35:29.796599'}, {'url': 'https://example93.com', 'title': 'Page 93', 'timestamp': '2026-05-30T00:35:29.794993'}, {'url': 'https://example92.com', 'title': 'Page 92', 'timestamp': '2026-05-30T00:35:29.793437'}, {'url': 'https://example91.com', 'title': 'Page 91', 'timestamp': '2026-05-30T00:35:29.791613'}, {'url': 'https://example90.com', 'title': 'Page 90', 'timestamp': '2026-05-30T00:35:29.788786'}, {'url': 'https://example89.com', 'title': 'Page 89', 'timestamp': '2026-05-30T00:35:29.787321'}, {'url': 'https://example88.com', 'title': 'Page 88', 'timestamp': '2026-05-30T00:35:29.786054'}, {'url': 'https://example87.com', 'title': 'Page 87', 'timestamp': '2026-05-30T00:35:29.784675'}, {'url': 'https://example86.com', 'title': 'Page 86', 'timestamp': '2026-05-30T00:35:29.783271'}, {'url': 'https://example85.com', 'title': 'Page 85', 'timestamp': '2026-05-30T00:35:29.781538'}, {'url': 'https://example84.com', 'title': 'Page 84', 'timestamp': '2026-05-30T00:35:29.780041'}, {'url': 'https://example83.com', 'title': 'Page 83', 'timestamp': '2026-05-30T00:35:29.778572'}, {'url': 'https://example82.com', 'title': 'Page 82', 'timestamp': '2026-05-30T00:35:29.776995'}, {'url': 'https://example81.com', 'title': 'Page 81', 'timestamp': '2026-05-30T00:35:29.775533'}, {'url': 'https://example80.com', 'title': 'Page 80', 'timestamp': '2026-05-30T00:35:29.773201'}, {'url': 'https://example79.com', 'title': 'Page 79', 'timestamp': '2026-05-30T00:35:29.770910'}, {'url': 'https://example78.com', 'title': 'Page 78', 'timestamp': '2026-05-30T00:35:29.769487'}, {'url': 'https://example77.com', 'title': 'Page 77', 'timestamp': '2026-05-30T00:35:29.768246'}, {'url': 'https://example76.com', 'title': 'Page 76', 'timestamp': '2026-05-30T00:35:29.766954'}, {'url': 'https://example75.com', 'title': 'Page 75', 'timestamp': '2026-05-30T00:35:29.765411'}, {'url': 'https://example74.com', 'title': 'Page 74', 'timestamp': '2026-05-30T00:35:29.764149'}, {'url': 'https://example73.com', 'title': 'Page 73', 'timestamp': '2026-05-30T00:35:29.762871'}, {'url': 'https://example72.com', 'title': 'Page 72', 'timestamp': '2026-05-30T00:35:29.761393'}, {'url': 'https://example71.com', 'title': 'Page 71', 'timestamp': '2026-05-30T00:35:29.760131'}, {'url': 'https://example70.com', 'title': 'Page 70', 'timestamp': '2026-05-30T00:35:29.758679'}, {'url': 'https://example69.com', 'title': 'Page 69', 'timestamp': '2026-05-30T00:35:29.756602'}])&#10; +    where [{'url': 'https://example.com', 'title': 'Example', 'timestamp': '2026-05-30T00:37:03.622301'}, {'url': 'https://example2.com', 'title': 'Example 2', 'timestamp': '2026-05-30T00:37:03.589436'}, {'url': 'https://example1.com', 'title': 'Example 1', 'timestamp': '2026-05-30T00:37:03.586849'}, {'url': 'https://example.com', 'title': 'Example', 'timestamp': '2026-05-30T00:37:03.523053'}, {'url': 'file:///home/user/document.html', 'title': 'Local File', 'timestamp': '2026-05-30T00:37:03.477438'}, {'url': 'https://example9.com', 'title': 'Page https://example9.com', 'timestamp': '2026-05-30T00:37:03.431272'}, {'url': 'https://example8.com', 'title': 'Page https://example8.com', 'timestamp': '2026-05-30T00:37:03.428996'}, {'url': 'https://example7.com', 'title': 'Page https://example7.com', 'timestamp': '2026-05-30T00:37:03.425830'}, {'url': 'https://example6.com', 'title': 'Page https://example6.com', 'timestamp': '2026-05-30T00:37:03.423347'}, {'url': 'https://example5.com', 'title': 'Page https://example5.com', 'timestamp': '2026-05-30T00:37:03.421079'}, {'url': 'https://example4.com', 'title': 'Page https://example4.com', 'timestamp': '2026-05-30T00:37:03.418887'}, {'url': 'https://example3.com', 'title': 'Page https://example3.com', 'timestamp': '2026-05-30T00:37:03.416612'}, {'url': 'https://example2.com', 'title': 'Page https://example2.com', 'timestamp': '2026-05-30T00:37:03.414328'}, {'url': 'https://example1.com', 'title': 'Page https://example1.com', 'timestamp': '2026-05-30T00:37:03.411924'}, {'url': 'https://example0.com', 'title': 'Page https://example0.com', 'timestamp': '2026-05-30T00:37:03.408413'}, {'url': 'https://example.com', 'title': 'Example Domain', 'timestamp': '2026-05-30T00:37:03.377159'}, {'url': 'file:///home/file.html', 'title': 'Test', 'timestamp': '2026-05-30T00:35:31.899236'}, {'url': 'http://example.com', 'title': 'Test', 'timestamp': '2026-05-30T00:35:31.864644'}, {'url': 'https://example.com', 'title': 'Test', 'timestamp': '2026-05-30T00:35:31.834593'}, {'url': 'https://example1049.com', 'title': 'Page 1049', 'timestamp': '2026-05-30T00:35:31.799892'}, {'url': 'https://example1048.com', 'title': 'Page 1048', 'timestamp': '2026-05-30T00:35:31.797353'}, {'url': 'https://example1047.com', 'title': 'Page 1047', 'timestamp': '2026-05-30T00:35:31.794951'}, {'url': 'https://example1046.com', 'title': 'Page 1046', 'timestamp': '2026-05-30T00:35:31.792214'}, {'url': 'https://example1045.com', 'title': 'Page 1045', 'timestamp': '2026-05-30T00:35:31.788854'}, {'url': 'https://example1044.com', 'title': 'Page 1044', 'timestamp': '2026-05-30T00:35:31.786329'}, {'url': 'https://example1043.com', 'title': 'Page 1043', 'timestamp': '2026-05-30T00:35:31.784038'}, {'url': 'https://example1042.com', 'title': 'Page 1042', 'timestamp': '2026-05-30T00:35:31.781490'}, {'url': 'https://example1041.com', 'title': 'Page 1041', 'timestamp': '2026-05-30T00:35:31.778955'}, {'url': 'https://example1040.com', 'title': 'Page 1040', 'timestamp': '2026-05-30T00:35:31.776194'}, {'url': 'https://example1039.com', 'title': 'Page 1039', 'timestamp': '2026-05-30T00:35:31.773050'}, {'url': 'https://example1038.com', 'title': 'Page 1038', 'timestamp': '2026-05-30T00:35:31.770163'}, {'url': 'https://example1037.com', 'title': 'Page 1037', 'timestamp': '2026-05-30T00:35:31.768003'}, {'url': 'https://example1036.com', 'title': 'Page 1036', 'timestamp': '2026-05-30T00:35:31.765738'}, {'url': 'https://example1035.com', 'title': 'Page 1035', 'timestamp': '2026-05-30T00:35:31.763374'}, {'url': 'https://example1034.com', 'title': 'Page 1034', 'timestamp': '2026-05-30T00:35:31.761053'}, {'url': 'https://example1033.com', 'title': 'Page 1033', 'timestamp': '2026-05-30T00:35:31.758403'}, {'url': 'https://example1032.com', 'title': 'Page 1032', 'timestamp': '2026-05-30T00:35:31.754831'}, {'url': 'https://example1031.com', 'title': 'Page 1031', 'timestamp': '2026-05-30T00:35:31.752584'}, {'url': 'https://example1030.com', 'title': 'Page 1030', 'timestamp': '2026-05-30T00:35:31.750425'}, {'url': 'https://example1029.com', 'title': 'Page 1029', 'timestamp': '2026-05-30T00:35:31.747861'}, {'url': 'https://example1028.com', 'title': 'Page 1028', 'timestamp': '2026-05-30T00:35:31.745555'}, {'url': 'https://example1027.com', 'title': 'Page 1027', 'timestamp': '2026-05-30T00:35:31.743040'}, {'url': 'https://example1026.com', 'title': 'Page 1026', 'timestamp': '2026-05-30T00:35:31.740055'}, {'url': 'https://example1025.com', 'title': 'Page 1025', 'timestamp': '2026-05-30T00:35:31.737112'}, {'url': 'https://example1024.com', 'title': 'Page 1024', 'timestamp': '2026-05-30T00:35:31.734825'}, {'url': 'https://example1023.com', 'title': 'Page 1023', 'timestamp': '2026-05-30T00:35:31.732385'}, {'url': 'https://example1022.com', 'title': 'Page 1022', 'timestamp': '2026-05-30T00:35:31.730185'}, {'url': 'https://example1021.com', 'title': 'Page 1021', 'timestamp': '2026-05-30T00:35:31.727788'}, {'url': 'https://example1020.com', 'title': 'Page 1020', 'timestamp': '2026-05-30T00:35:31.725095'}, {'url': 'https://example1019.com', 'title': 'Page 1019', 'timestamp': '2026-05-30T00:35:31.721120'}, {'url': 'https://example1018.com', 'title': 'Page 1018', 'timestamp': '2026-05-30T00:35:31.718877'}, {'url': 'https://example1017.com', 'title': 'Page 1017', 'timestamp': '2026-05-30T00:35:31.716318'}, {'url': 'https://example1016.com', 'title': 'Page 1016', 'timestamp': '2026-05-30T00:35:31.714069'}, {'url': 'https://example1015.com', 'title': 'Page 1015', 'timestamp': '2026-05-30T00:35:31.711635'}, {'url': 'https://example1014.com', 'title': 'Page 1014', 'timestamp': '2026-05-30T00:35:31.709052'}, {'url': 'https://example1013.com', 'title': 'Page 1013', 'timestamp': '2026-05-30T00:35:31.705808'}, {'url': 'https://example1012.com', 'title': 'Page 1012', 'timestamp': '2026-05-30T00:35:31.703136'}, {'url': 'https://example1011.com', 'title': 'Page 1011', 'timestamp': '2026-05-30T00:35:31.701064'}, {'url': 'https://example1010.com', 'title': 'Page 1010', 'timestamp': '2026-05-30T00:35:31.699009'}, {'url': 'https://example1009.com', 'title': 'Page 1009', 'timestamp': '2026-05-30T00:35:31.696705'}, {'url': 'https://example1008.com', 'title': 'Page 1008', 'timestamp': '2026-05-30T00:35:31.694486'}, {'url': 'https://example1007.com', 'title': 'Page 1007', 'timestamp': '2026-05-30T00:35:31.692238'}, {'url': 'https://example1006.com', 'title': 'Page 1006', 'timestamp': '2026-05-30T00:35:31.689295'}, {'url': 'https://example1005.com', 'title': 'Page 1005', 'timestamp': '2026-05-30T00:35:31.686573'}, {'url': 'https://example1004.com', 'title': 'Page 1004', 'timestamp': '2026-05-30T00:35:31.684424'}, {'url': 'https://example1003.com', 'title': 'Page 1003', 'timestamp': '2026-05-30T00:35:31.682287'}, {'url': 'https://example1002.com', 'title': 'Page 1002', 'timestamp': '2026-05-30T00:35:31.679994'}, {'url': 'https://example1001.com', 'title': 'Page 1001', 'timestamp': '2026-05-30T00:35:31.677552'}, {'url': 'https://example1000.com', 'title': 'Page 1000', 'timestamp': '2026-05-30T00:35:31.675233'}, {'url': 'https://example999.com', 'title': 'Page 999', 'timestamp': '2026-05-30T00:35:31.671580'}, {'url': 'https://example998.com', 'title': 'Page 998', 'timestamp': '2026-05-30T00:35:31.669175'}, {'url': 'https://example997.com', 'title': 'Page 997', 'timestamp': '2026-05-30T00:35:31.666962'}, {'url': 'https://example996.com', 'title': 'Page 996', 'timestamp': '2026-05-30T00:35:31.664456'}, {'url': 'https://example995.com', 'title': 'Page 995', 'timestamp': '2026-05-30T00:35:31.662271'}, {'url': 'https://example994.com', 'title': 'Page 994', 'timestamp': '2026-05-30T00:35:31.659984'}, {'url': 'https://example993.com', 'title': 'Page 993', 'timestamp': '2026-05-30T00:35:31.657515'}, {'url': 'https://example992.com', 'title': 'Page 992', 'timestamp': '2026-05-30T00:35:31.654436'}, {'url': 'https://example991.com', 'title': 'Page 991', 'timestamp': '2026-05-30T00:35:31.652368'}, {'url': 'https://example990.com', 'title': 'Page 990', 'timestamp': '2026-05-30T00:35:31.650263'}, {'url': 'https://example989.com', 'title': 'Page 989', 'timestamp': '2026-05-30T00:35:31.647953'}, {'url': 'https://example988.com', 'title': 'Page 988', 'timestamp': '2026-05-30T00:35:31.645892'}, {'url': 'https://example987.com', 'title': 'Page 987', 'timestamp': '2026-05-30T00:35:31.643652'}, {'url': 'https://example986.com', 'title': 'Page 986', 'timestamp': '2026-05-30T00:35:31.641387'}, {'url': 'https://example985.com', 'title': 'Page 985', 'timestamp': '2026-05-30T00:35:31.638246'}, {'url': 'https://example984.com', 'title': 'Page 984', 'timestamp': '2026-05-30T00:35:31.635844'}, {'url': 'https://example983.com', 'title': 'Page 983', 'timestamp': '2026-05-30T00:35:31.633695'}, {'url': 'https://example982.com', 'title': 'Page 982', 'timestamp': '2026-05-30T00:35:31.631308'}, {'url': 'https://example981.com', 'title': 'Page 981', 'timestamp': '2026-05-30T00:35:31.628965'}, {'url': 'https://example980.com', 'title': 'Page 980', 'timestamp': '2026-05-30T00:35:31.626773'}, {'url': 'https://example979.com', 'title': 'Page 979', 'timestamp': '2026-05-30T00:35:31.624478'}, {'url': 'https://example978.com', 'title': 'Page 978', 'timestamp': '2026-05-30T00:35:31.621196'}, {'url': 'https://example977.com', 'title': 'Page 977', 'timestamp': '2026-05-30T00:35:31.618992'}, {'url': 'https://example976.com', 'title': 'Page 976', 'timestamp': '2026-05-30T00:35:31.616563'}, {'url': 'https://example975.com', 'title': 'Page 975', 'timestamp': '2026-05-30T00:35:31.614133'}, {'url': 'https://example974.com', 'title': 'Page 974', 'timestamp': '2026-05-30T00:35:31.611658'}, {'url': 'https://example973.com', 'title': 'Page 973', 'timestamp': '2026-05-30T00:35:31.609403'}, {'url': 'https://example972.com', 'title': 'Page 972', 'timestamp': '2026-05-30T00:35:31.606428'}, {'url': 'https://example971.com', 'title': 'Page 971', 'timestamp': '2026-05-30T00:35:31.603600'}, {'url': 'https://example970.com', 'title': 'Page 970', 'timestamp': '2026-05-30T00:35:31.601257'}, {'url': 'https://example969.com', 'title': 'Page 969', 'timestamp': '2026-05-30T00:35:31.598912'}, {'url': 'https://example968.com', 'title': 'Page 968', 'timestamp': '2026-05-30T00:35:31.596302'}, {'url': 'https://example967.com', 'title': 'Page 967', 'timestamp': '2026-05-30T00:35:31.593955'}, {'url': 'https://example966.com', 'title': 'Page 966', 'timestamp': '2026-05-30T00:35:31.591270'}, {'url': 'https://example965.com', 'title': 'Page 965', 'timestamp': '2026-05-30T00:35:31.587533'}, {'url': 'https://example964.com', 'title': 'Page 964', 'timestamp': '2026-05-30T00:35:31.585196'}, {'url': 'https://example963.com', 'title': 'Page 963', 'timestamp': '2026-05-30T00:35:31.583081'}, {'url': 'https://example962.com', 'title': 'Page 962', 'timestamp': '2026-05-30T00:35:31.580674'}, {'url': 'https://example961.com', 'title': 'Page 961', 'timestamp': '2026-05-30T00:35:31.578566'}, {'url': 'https://example960.com', 'title': 'Page 960', 'timestamp': '2026-05-30T00:35:31.576212'}, {'url': 'https://example959.com', 'title': 'Page 959', 'timestamp': '2026-05-30T00:35:31.572776'}, {'url': 'https://example958.com', 'title': 'Page 958', 'timestamp': '2026-05-30T00:35:31.569673'}, {'url': 'https://example957.com', 'title': 'Page 957', 'timestamp': '2026-05-30T00:35:31.567369'}, {'url': 'https://example956.com', 'title': 'Page 956', 'timestamp': '2026-05-30T00:35:31.565066'}, {'url': 'https://example955.com', 'title': 'Page 955', 'timestamp': '2026-05-30T00:35:31.562837'}, {'url': 'https://example954.com', 'title': 'Page 954', 'timestamp': '2026-05-30T00:35:31.560396'}, {'url': 'https://example953.com', 'title': 'Page 953', 'timestamp': '2026-05-30T00:35:31.557606'}, {'url': 'https://example952.com', 'title': 'Page 952', 'timestamp': '2026-05-30T00:35:31.553884'}, {'url': 'https://example951.com', 'title': 'Page 951', 'timestamp': '2026-05-30T00:35:31.551729'}, {'url': 'https://example950.com', 'title': 'Page 950', 'timestamp': '2026-05-30T00:35:31.549112'}, {'url': 'https://example949.com', 'title': 'Page 949', 'timestamp': '2026-05-30T00:35:31.546813'}, {'url': 'https://example948.com', 'title': 'Page 948', 'timestamp': '2026-05-30T00:35:31.544410'}, {'url': 'https://example947.com', 'title': 'Page 947', 'timestamp': '2026-05-30T00:35:31.541086'}, {'url': 'https://example946.com', 'title': 'Page 946', 'timestamp': '2026-05-30T00:35:31.537576'}, {'url': 'https://example945.com', 'title': 'Page 945', 'timestamp': '2026-05-30T00:35:31.535480'}, {'url': 'https://example944.com', 'title': 'Page 944', 'timestamp': '2026-05-30T00:35:31.533306'}, {'url': 'https://example943.com', 'title': 'Page 943', 'timestamp': '2026-05-30T00:35:31.530821'}, {'url': 'https://example942.com', 'title': 'Page 942', 'timestamp': '2026-05-30T00:35:31.528485'}, {'url': 'https://example941.com', 'title': 'Page 941', 'timestamp': '2026-05-30T00:35:31.525825'}, {'url': 'https://example940.com', 'title': 'Page 940', 'timestamp': '2026-05-30T00:35:31.522617'}, {'url': 'https://example939.com', 'title': 'Page 939', 'timestamp': '2026-05-30T00:35:31.519783'}, {'url': 'https://example938.com', 'title': 'Page 938', 'timestamp': '2026-05-30T00:35:31.517613'}, {'url': 'https://example937.com', 'title': 'Page 937', 'timestamp': '2026-05-30T00:35:31.515365'}, {'url': 'https://example936.com', 'title': 'Page 936', 'timestamp': '2026-05-30T00:35:31.513143'}, {'url': 'https://example935.com', 'title': 'Page 935', 'timestamp': '2026-05-30T00:35:31.510487'}, {'url': 'https://example934.com', 'title': 'Page 934', 'timestamp': '2026-05-30T00:35:31.507131'}, {'url': 'https://example933.com', 'title': 'Page 933', 'timestamp': '2026-05-30T00:35:31.503803'}, {'url': 'https://example932.com', 'title': 'Page 932', 'timestamp': '2026-05-30T00:35:31.501568'}, {'url': 'https://example931.com', 'title': 'Page 931', 'timestamp': '2026-05-30T00:35:31.499349'}, {'url': 'https://example930.com', 'title': 'Page 930', 'timestamp': '2026-05-30T00:35:31.497139'}, {'url': 'https://example929.com', 'title': 'Page 929', 'timestamp': '2026-05-30T00:35:31.494785'}, {'url': 'https://example928.com', 'title': 'Page 928', 'timestamp': '2026-05-30T00:35:31.492298'}, {'url': 'https://example927.com', 'title': 'Page 927', 'timestamp': '2026-05-30T00:35:31.489301'}, {'url': 'https://example926.com', 'title': 'Page 926', 'timestamp': '2026-05-30T00:35:31.486349'}, {'url': 'https://example925.com', 'title': 'Page 925', 'timestamp': '2026-05-30T00:35:31.483829'}, {'url': 'https://example924.com', 'title': 'Page 924', 'timestamp': '2026-05-30T00:35:31.481661'}, {'url': 'https://example923.com', 'title': 'Page 923', 'timestamp': '2026-05-30T00:35:31.479452'}, {'url': 'https://example922.com', 'title': 'Page 922', 'timestamp': '2026-05-30T00:35:31.477054'}, {'url': 'https://example921.com', 'title': 'Page 921', 'timestamp': '2026-05-30T00:35:31.474297'}, {'url': 'https://example920.com', 'title': 'Page 920', 'timestamp': '2026-05-30T00:35:31.471067'}, {'url': 'https://example919.com', 'title': 'Page 919', 'timestamp': '2026-05-30T00:35:31.468590'}, {'url': 'https://example918.com', 'title': 'Page 918', 'timestamp': '2026-05-30T00:35:31.466455'}, {'url': 'https://example917.com', 'title': 'Page 917', 'timestamp': '2026-05-30T00:35:31.463275'}, {'url': 'https://example916.com', 'title': 'Page 916', 'timestamp': '2026-05-30T00:35:31.459359'}, {'url': 'https://example915.com', 'title': 'Page 915', 'timestamp': '2026-05-30T00:35:31.456613'}, {'url': 'https://example914.com', 'title': 'Page 914', 'timestamp': '2026-05-30T00:35:31.453485'}, {'url': 'https://example913.com', 'title': 'Page 913', 'timestamp': '2026-05-30T00:35:31.451397'}, {'url': 'https://example912.com', 'title': 'Page 912', 'timestamp': '2026-05-30T00:35:31.449358'}, {'url': 'https://example911.com', 'title': 'Page 911', 'timestamp': '2026-05-30T00:35:31.447093'}, {'url': 'https://example910.com', 'title': 'Page 910', 'timestamp': '2026-05-30T00:35:31.444262'}, {'url': 'https://example909.com', 'title': 'Page 909', 'timestamp': '2026-05-30T00:35:31.441550'}, {'url': 'https://example908.com', 'title': 'Page 908', 'timestamp': '2026-05-30T00:35:31.437835'}, {'url': 'https://example907.com', 'title': 'Page 907', 'timestamp': '2026-05-30T00:35:31.435661'}, {'url': 'https://example906.com', 'title': 'Page 906', 'timestamp': '2026-05-30T00:35:31.433605'}, {'url': 'https://example905.com', 'title': 'Page 905', 'timestamp': '2026-05-30T00:35:31.431404'}, {'url': 'https://example904.com', 'title': 'Page 904', 'timestamp': '2026-05-30T00:35:31.428844'}, {'url': 'https://example903.com', 'title': 'Page 903', 'timestamp': '2026-05-30T00:35:31.426481'}, {'url': 'https://example902.com', 'title': 'Page 902', 'timestamp': '2026-05-30T00:35:31.423160'}, {'url': 'https://example901.com', 'title': 'Page 901', 'timestamp': '2026-05-30T00:35:31.420265'}, {'url': 'https://example900.com', 'title': 'Page 900', 'timestamp': '2026-05-30T00:35:31.418131'}, {'url': 'https://example899.com', 'title': 'Page 899', 'timestamp': '2026-05-30T00:35:31.416032'}, {'url': 'https://example898.com', 'title': 'Page 898', 'timestamp': '2026-05-30T00:35:31.413926'}, {'url': 'https://example897.com', 'title': 'Page 897', 'timestamp': '2026-05-30T00:35:31.411352'}, {'url': 'https://example896.com', 'title': 'Page 896', 'timestamp': '2026-05-30T00:35:31.409141'}, {'url': 'https://example895.com', 'title': 'Page 895', 'timestamp': '2026-05-30T00:35:31.406392'}, {'url': 'https://example894.com', 'title': 'Page 894', 'timestamp': '2026-05-30T00:35:31.403671'}, {'url': 'https://example893.com', 'title': 'Page 893', 'timestamp': '2026-05-30T00:35:31.401631'}, {'url': 'https://example892.com', 'title': 'Page 892', 'timestamp': '2026-05-30T00:35:31.399538'}, {'url': 'https://example891.com', 'title': 'Page 891', 'timestamp': '2026-05-30T00:35:31.397355'}, {'url': 'https://example890.com', 'title': 'Page 890', 'timestamp': '2026-05-30T00:35:31.395083'}, {'url': 'https://example889.com', 'title': 'Page 889', 'timestamp': '2026-05-30T00:35:31.392923'}, {'url': 'https://example888.com', 'title': 'Page 888', 'timestamp': '2026-05-30T00:35:31.389851'}, {'url': 'https://example887.com', 'title': 'Page 887', 'timestamp': '2026-05-30T00:35:31.386920'}, {'url': 'https://example886.com', 'title': 'Page 886', 'timestamp': '2026-05-30T00:35:31.384766'}, {'url': 'https://example885.com', 'title': 'Page 885', 'timestamp': '2026-05-30T00:35:31.382566'}, {'url': 'https://example884.com', 'title': 'Page 884', 'timestamp': '2026-05-30T00:35:31.378997'}, {'url': 'https://example883.com', 'title': 'Page 883', 'timestamp': '2026-05-30T00:35:31.376683'}, {'url': 'https://example882.com', 'title': 'Page 882', 'timestamp': '2026-05-30T00:35:31.373803'}, {'url': 'https://example881.com', 'title': 'Page 881', 'timestamp': '2026-05-30T00:35:31.370776'}, {'url': 'https://example880.com', 'title': 'Page 880', 'timestamp': '2026-05-30T00:35:31.368678'}, {'url': 'https://example879.com', 'title': 'Page 879', 'timestamp': '2026-05-30T00:35:31.366546'}, {'url': 'https://example878.com', 'title': 'Page 878', 'timestamp': '2026-05-30T00:35:31.364081'}, {'url': 'https://example877.com', 'title': 'Page 877', 'timestamp': '2026-05-30T00:35:31.361927'}, {'url': 'https://example876.com', 'title': 'Page 876', 'timestamp': '2026-05-30T00:35:31.359782'}, {'url': 'https://example875.com', 'title': 'Page 875', 'timestamp': '2026-05-30T00:35:31.355948'}, {'url': 'https://example874.com', 'title': 'Page 874', 'timestamp': '2026-05-30T00:35:31.353254'}, {'url': 'https://example873.com', 'title': 'Page 873', 'timestamp': '2026-05-30T00:35:31.351060'}, {'url': 'https://example872.com', 'title': 'Page 872', 'timestamp': '2026-05-30T00:35:31.348699'}, {'url': 'https://example871.com', 'title': 'Page 871', 'timestamp': '2026-05-30T00:35:31.346524'}, {'url': 'https://example870.com', 'title': 'Page 870', 'timestamp': '2026-05-30T00:35:31.344130'}, {'url': 'https://example869.com', 'title': 'Page 869', 'timestamp': '2026-05-30T00:35:31.340757'}, {'url': 'https://example868.com', 'title': 'Page 868', 'timestamp': '2026-05-30T00:35:31.337443'}, {'url': 'https://example867.com', 'title': 'Page 867', 'timestamp': '2026-05-30T00:35:31.335359'}, {'url': 'https://example866.com', 'title': 'Page 866', 'timestamp': '2026-05-30T00:35:31.332877'}, {'url': 'https://example865.com', 'title': 'Page 865', 'timestamp': '2026-05-30T00:35:31.330807'}, {'url': 'https://example864.com', 'title': 'Page 864', 'timestamp': '2026-05-30T00:35:31.328657'}, {'url': 'https://example863.com', 'title': 'Page 863', 'timestamp': '2026-05-30T00:35:31.326534'}, {'url': 'https://example862.com', 'title': 'Page 862', 'timestamp': '2026-05-30T00:35:31.323200'}, {'url': 'https://example861.com', 'title': 'Page 861', 'timestamp': '2026-05-30T00:35:31.320323'}, {'url': 'https://example860.com', 'title': 'Page 860', 'timestamp': '2026-05-30T00:35:31.318078'}, {'url': 'https://example859.com', 'title': 'Page 859', 'timestamp': '2026-05-30T00:35:31.315610'}, {'url': 'https://example858.com', 'title': 'Page 858', 'timestamp': '2026-05-30T00:35:31.313610'}, {'url': 'https://example857.com', 'title': 'Page 857', 'timestamp': '2026-05-30T00:35:31.311516'}, {'url': 'https://example856.com', 'title': 'Page 856', 'timestamp': '2026-05-30T00:35:31.309104'}, {'url': 'https://example855.com', 'title': 'Page 855', 'timestamp': '2026-05-30T00:35:31.305132'}, {'url': 'https://example854.com', 'title': 'Page 854', 'timestamp': '2026-05-30T00:35:31.302546'}, {'url': 'https://example853.com', 'title': 'Page 853', 'timestamp': '2026-05-30T00:35:31.299688'}, {'url': 'https://example852.com', 'title': 'Page 852', 'timestamp': '2026-05-30T00:35:31.297572'}, {'url': 'https://example851.com', 'title': 'Page 851', 'timestamp': '2026-05-30T00:35:31.295344'}, {'url': 'https://example850.com', 'title': 'Page 850', 'timestamp': '2026-05-30T00:35:31.292871'}, {'url': 'https://example849.com', 'title': 'Page 849', 'timestamp': '2026-05-30T00:35:31.289929'}, {'url': 'https://example848.com', 'title': 'Page 848', 'timestamp': '2026-05-30T00:35:31.286668'}, {'url': 'https://example847.com', 'title': 'Page 847', 'timestamp': '2026-05-30T00:35:31.283938'}, {'url': 'https://example846.com', 'title': 'Page 846', 'timestamp': '2026-05-30T00:35:31.282013'}, {'url': 'https://example845.com', 'title': 'Page 845', 'timestamp': '2026-05-30T00:35:31.280044'}, {'url': 'https://example844.com', 'title': 'Page 844', 'timestamp': '2026-05-30T00:35:31.277831'}, {'url': 'https://example843.com', 'title': 'Page 843', 'timestamp': '2026-05-30T00:35:31.275561'}, {'url': 'https://example842.com', 'title': 'Page 842', 'timestamp': '2026-05-30T00:35:31.272789'}, {'url': 'https://example841.com', 'title': 'Page 841', 'timestamp': '2026-05-30T00:35:31.269921'}, {'url': 'https://example840.com', 'title': 'Page 840', 'timestamp': '2026-05-30T00:35:31.267673'}, {'url': 'https://example839.com', 'title': 'Page 839', 'timestamp': '2026-05-30T00:35:31.265627'}, {'url': 'https://example838.com', 'title': 'Page 838', 'timestamp': '2026-05-30T00:35:31.263445'}, {'url': 'https://example837.com', 'title': 'Page 837', 'timestamp': '2026-05-30T00:35:31.260923'}, {'url': 'https://example836.com', 'title': 'Page 836', 'timestamp': '2026-05-30T00:35:31.258715'}, {'url': 'https://example835.com', 'title': 'Page 835', 'timestamp': '2026-05-30T00:35:31.256058'}, {'url': 'https://example834.com', 'title': 'Page 834', 'timestamp': '2026-05-30T00:35:31.253000'}, {'url': 'https://example833.com', 'title': 'Page 833', 'timestamp': '2026-05-30T00:35:31.250971'}, {'url': 'https://example832.com', 'title': 'Page 832', 'timestamp': '2026-05-30T00:35:31.248903'}, {'url': 'https://example831.com', 'title': 'Page 831', 'timestamp': '2026-05-30T00:35:31.246740'}, {'url': 'https://example830.com', 'title': 'Page 830', 'timestamp': '2026-05-30T00:35:31.244475'}, {'url': 'https://example829.com', 'title': 'Page 829', 'timestamp': '2026-05-30T00:35:31.242251'}, {'url': 'https://example828.com', 'title': 'Page 828', 'timestamp': '2026-05-30T00:35:31.239435'}, {'url': 'https://example827.com', 'title': 'Page 827', 'timestamp': '2026-05-30T00:35:31.236581'}, {'url': 'https://example826.com', 'title': 'Page 826', 'timestamp': '2026-05-30T00:35:31.234584'}, {'url': 'https://example825.com', 'title': 'Page 825', 'timestamp': '2026-05-30T00:35:31.232430'}, {'url': 'https://example824.com', 'title': 'Page 824', 'timestamp': '2026-05-30T00:35:31.230255'}, {'url': 'https://example823.com', 'title': 'Page 823', 'timestamp': '2026-05-30T00:35:31.227842'}, {'url': 'https://example822.com', 'title': 'Page 822', 'timestamp': '2026-05-30T00:35:31.225479'}, {'url': 'https://example821.com', 'title': 'Page 821', 'timestamp': '2026-05-30T00:35:31.221579'}, {'url': 'https://example820.com', 'title': 'Page 820', 'timestamp': '2026-05-30T00:35:31.219381'}, {'url': 'https://example819.com', 'title': 'Page 819', 'timestamp': '2026-05-30T00:35:31.217330'}, {'url': 'https://example818.com', 'title': 'Page 818', 'timestamp': '2026-05-30T00:35:31.215277'}, {'url': 'https://example817.com', 'title': 'Page 817', 'timestamp': '2026-05-30T00:35:31.212885'}, {'url': 'https://example816.com', 'title': 'Page 816', 'timestamp': '2026-05-30T00:35:31.210567'}, {'url': 'https://example815.com', 'title': 'Page 815', 'timestamp': '2026-05-30T00:35:31.208027'}, {'url': 'https://example814.com', 'title': 'Page 814', 'timestamp': '2026-05-30T00:35:31.204126'}, {'url': 'https://example813.com', 'title': 'Page 813', 'timestamp': '2026-05-30T00:35:31.202053'}, {'url': 'https://example812.com', 'title': 'Page 812', 'timestamp': '2026-05-30T00:35:31.200035'}, {'url': 'https://example811.com', 'title': 'Page 811', 'timestamp': '2026-05-30T00:35:31.197593'}, {'url': 'https://example810.com', 'title': 'Page 810', 'timestamp': '2026-05-30T00:35:31.195313'}, {'url': 'https://example809.com', 'title': 'Page 809', 'timestamp': '2026-05-30T00:35:31.192983'}, {'url': 'https://example808.com', 'title': 'Page 808', 'timestamp': '2026-05-30T00:35:31.190130'}, {'url': 'https://example807.com', 'title': 'Page 807', 'timestamp': '2026-05-30T00:35:31.187200'}, {'url': 'https://example806.com', 'title': 'Page 806', 'timestamp': '2026-05-30T00:35:31.185296'}, {'url': 'https://example805.com', 'title': 'Page 805', 'timestamp': '2026-05-30T00:35:31.183285'}, {'url': 'https://example804.com', 'title': 'Page 804', 'timestamp': '2026-05-30T00:35:31.181100'}, {'url': 'https://example803.com', 'title': 'Page 803', 'timestamp': '2026-05-30T00:35:31.178955'}, {'url': 'https://example802.com', 'title': 'Page 802', 'timestamp': '2026-05-30T00:35:31.176778'}, {'url': 'https://example801.com', 'title': 'Page 801', 'timestamp': '2026-05-30T00:35:31.173490'}, {'url': 'https://example800.com', 'title': 'Page 800', 'timestamp': '2026-05-30T00:35:31.170686'}, {'url': 'https://example799.com', 'title': 'Page 799', 'timestamp': '2026-05-30T00:35:31.168621'}, {'url': 'https://example798.com', 'title': 'Page 798', 'timestamp': '2026-05-30T00:35:31.166683'}, {'url': 'https://example797.com', 'title': 'Page 797', 'timestamp': '2026-05-30T00:35:31.164439'}, {'url': 'https://example796.com', 'title': 'Page 796', 'timestamp': '2026-05-30T00:35:31.162428'}, {'url': 'https://example795.com', 'title': 'Page 795', 'timestamp': '2026-05-30T00:35:31.159950'}, {'url': 'https://example794.com', 'title': 'Page 794', 'timestamp': '2026-05-30T00:35:31.155884'}, {'url': 'https://example793.com', 'title': 'Page 793', 'timestamp': '2026-05-30T00:35:31.153415'}, {'url': 'https://example792.com', 'title': 'Page 792', 'timestamp': '2026-05-30T00:35:31.151359'}, {'url': 'https://example791.com', 'title': 'Page 791', 'timestamp': '2026-05-30T00:35:31.149225'}, {'url': 'https://example790.com', 'title': 'Page 790', 'timestamp': '2026-05-30T00:35:31.147172'}, {'url': 'https://example789.com', 'title': 'Page 789', 'timestamp': '2026-05-30T00:35:31.144949'}, {'url': 'https://example788.com', 'title': 'Page 788', 'timestamp': '2026-05-30T00:35:31.142656'}, {'url': 'https://example787.com', 'title': 'Page 787', 'timestamp': '2026-05-30T00:35:31.139409'}, {'url': 'https://example786.com', 'title': 'Page 786', 'timestamp': '2026-05-30T00:35:31.136829'}, {'url': 'https://example785.com', 'title': 'Page 785', 'timestamp': '2026-05-30T00:35:31.134878'}, {'url': 'https://example784.com', 'title': 'Page 784', 'timestamp': '2026-05-30T00:35:31.132721'}, {'url': 'https://example783.com', 'title': 'Page 783', 'timestamp': '2026-05-30T00:35:31.130684'}, {'url': 'https://example782.com', 'title': 'Page 782', 'timestamp': '2026-05-30T00:35:31.128573'}, {'url': 'https://example781.com', 'title': 'Page 781', 'timestamp': '2026-05-30T00:35:31.126169'}, {'url': 'https://example780.com', 'title': 'Page 780', 'timestamp': '2026-05-30T00:35:31.122673'}, {'url': 'https://example779.com', 'title': 'Page 779', 'timestamp': '2026-05-30T00:35:31.120101'}, {'url': 'https://example778.com', 'title': 'Page 778', 'timestamp': '2026-05-30T00:35:31.117907'}, {'url': 'https://example777.com', 'title': 'Page 777', 'timestamp': '2026-05-30T00:35:31.115668'}, {'url': 'https://example776.com', 'title': 'Page 776', 'timestamp': '2026-05-30T00:35:31.113695'}, {'url': 'https://example775.com', 'title': 'Page 775', 'timestamp': '2026-05-30T00:35:31.111460'}, {'url': 'https://example774.com', 'title': 'Page 774', 'timestamp': '2026-05-30T00:35:31.108695'}, {'url': 'https://example773.com', 'title': 'Page 773', 'timestamp': '2026-05-30T00:35:31.105518'}, {'url': 'https://example772.com', 'title': 'Page 772', 'timestamp': '2026-05-30T00:35:31.102925'}, {'url': 'https://example771.com', 'title': 'Page 771', 'timestamp': '2026-05-30T00:35:31.100251'}, {'url': 'https://example770.com', 'title': 'Page 770', 'timestamp': '2026-05-30T00:35:31.097608'}, {'url': 'https://example769.com', 'title': 'Page 769', 'timestamp': '2026-05-30T00:35:31.094434'}, {'url': 'https://example768.com', 'title': 'Page 768', 'timestamp': '2026-05-30T00:35:31.090809'}, {'url': 'https://example767.com', 'title': 'Page 767', 'timestamp': '2026-05-30T00:35:31.087721'}, {'url': 'https://example766.com', 'title': 'Page 766', 'timestamp': '2026-05-30T00:35:31.085340'}, {'url': 'https://example765.com', 'title': 'Page 765', 'timestamp': '2026-05-30T00:35:31.083039'}, {'url': 'https://example764.com', 'title': 'Page 764', 'timestamp': '2026-05-30T00:35:31.080889'}, {'url': 'https://example763.com', 'title': 'Page 763', 'timestamp': '2026-05-30T00:35:31.078574'}, {'url': 'https://example762.com', 'title': 'Page 762', 'timestamp': '2026-05-30T00:35:31.075982'}, {'url': 'https://example761.com', 'title': 'Page 761', 'timestamp': '2026-05-30T00:35:31.073713'}, {'url': 'https://example760.com', 'title': 'Page 760', 'timestamp': '2026-05-30T00:35:31.070940'}, {'url': 'https://example759.com', 'title': 'Page 759', 'timestamp': '2026-05-30T00:35:31.068838'}, {'url': 'https://example758.com', 'title': 'Page 758', 'timestamp': '2026-05-30T00:35:31.066872'}, {'url': 'https://example757.com', 'title': 'Page 757', 'timestamp': '2026-05-30T00:35:31.064821'}, {'url': 'https://example756.com', 'title': 'Page 756', 'timestamp': '2026-05-30T00:35:31.062785'}, {'url': 'https://example755.com', 'title': 'Page 755', 'timestamp': '2026-05-30T00:35:31.060257'}, {'url': 'https://example754.com', 'title': 'Page 754', 'timestamp': '2026-05-30T00:35:31.057802'}, {'url': 'https://example753.com', 'title': 'Page 753', 'timestamp': '2026-05-30T00:35:31.054865'}, {'url': 'https://example752.com', 'title': 'Page 752', 'timestamp': '2026-05-30T00:35:31.052763'}, {'url': 'https://example751.com', 'title': 'Page 751', 'timestamp': '2026-05-30T00:35:31.050797'}, {'url': 'https://example750.com', 'title': 'Page 750', 'timestamp': '2026-05-30T00:35:31.048848'}, {'url': 'https://example749.com', 'title': 'Page 749', 'timestamp': '2026-05-30T00:35:31.046904'}, {'url': 'https://example748.com', 'title': 'Page 748', 'timestamp': '2026-05-30T00:35:31.044834'}, {'url': 'https://example747.com', 'title': 'Page 747', 'timestamp': '2026-05-30T00:35:31.042386'}, {'url': 'https://example746.com', 'title': 'Page 746', 'timestamp': '2026-05-30T00:35:31.038432'}, {'url': 'https://example745.com', 'title': 'Page 745', 'timestamp': '2026-05-30T00:35:31.036086'}, {'url': 'https://example744.com', 'title': 'Page 744', 'timestamp': '2026-05-30T00:35:31.034017'}, {'url': 'https://example743.com', 'title': 'Page 743', 'timestamp': '2026-05-30T00:35:31.031974'}, {'url': 'https://example742.com', 'title': 'Page 742', 'timestamp': '2026-05-30T00:35:31.029301'}, {'url': 'https://example741.com', 'title': 'Page 741', 'timestamp': '2026-05-30T00:35:31.026718'}, {'url': 'https://example740.com', 'title': 'Page 740', 'timestamp': '2026-05-30T00:35:31.022658'}, {'url': 'https://example739.com', 'title': 'Page 739', 'timestamp': '2026-05-30T00:35:31.019925'}, {'url': 'https://example738.com', 'title': 'Page 738', 'timestamp': '2026-05-30T00:35:31.018003'}, {'url': 'https://example737.com', 'title': 'Page 737', 'timestamp': '2026-05-30T00:35:31.015941'}, {'url': 'https://example736.com', 'title': 'Page 736', 'timestamp': '2026-05-30T00:35:31.013458'}, {'url': 'https://example735.com', 'title': 'Page 735', 'timestamp': '2026-05-30T00:35:31.011146'}, {'url': 'https://example734.com', 'title': 'Page 734', 'timestamp': '2026-05-30T00:35:31.009034'}, {'url': 'https://example733.com', 'title': 'Page 733', 'timestamp': '2026-05-30T00:35:31.006000'}, {'url': 'https://example732.com', 'title': 'Page 732', 'timestamp': '2026-05-30T00:35:31.003210'}, {'url': 'https://example731.com', 'title': 'Page 731', 'timestamp': '2026-05-30T00:35:31.001335'}, {'url': 'https://example730.com', 'title': 'Page 730', 'timestamp': '2026-05-30T00:35:30.999378'}, {'url': 'https://example729.com', 'title': 'Page 729', 'timestamp': '2026-05-30T00:35:30.997154'}, {'url': 'https://example728.com', 'title': 'Page 728', 'timestamp': '2026-05-30T00:35:30.995067'}, {'url': 'https://example727.com', 'title': 'Page 727', 'timestamp': '2026-05-30T00:35:30.993029'}, {'url': 'https://example726.com', 'title': 'Page 726', 'timestamp': '2026-05-30T00:35:30.990585'}, {'url': 'https://example725.com', 'title': 'Page 725', 'timestamp': '2026-05-30T00:35:30.987412'}, {'url': 'https://example724.com', 'title': 'Page 724', 'timestamp': '2026-05-30T00:35:30.985462'}, {'url': 'https://example723.com', 'title': 'Page 723', 'timestamp': '2026-05-30T00:35:30.983442'}, {'url': 'https://example722.com', 'title': 'Page 722', 'timestamp': '2026-05-30T00:35:30.980855'}, {'url': 'https://example721.com', 'title': 'Page 721', 'timestamp': '2026-05-30T00:35:30.978777'}, {'url': 'https://example720.com', 'title': 'Page 720', 'timestamp': '2026-05-30T00:35:30.976844'}, {'url': 'https://example719.com', 'title': 'Page 719', 'timestamp': '2026-05-30T00:35:30.974603'}, {'url': 'https://example718.com', 'title': 'Page 718', 'timestamp': '2026-05-30T00:35:30.971067'}, {'url': 'https://example717.com', 'title': 'Page 717', 'timestamp': '2026-05-30T00:35:30.968902'}, {'url': 'https://example716.com', 'title': 'Page 716', 'timestamp': '2026-05-30T00:35:30.966784'}, {'url': 'https://example715.com', 'title': 'Page 715', 'timestamp': '2026-05-30T00:35:30.964364'}, {'url': 'https://example714.com', 'title': 'Page 714', 'timestamp': '2026-05-30T00:35:30.962409'}, {'url': 'https://example713.com', 'title': 'Page 713', 'timestamp': '2026-05-30T00:35:30.960413'}, {'url': 'https://example712.com', 'title': 'Page 712', 'timestamp': '2026-05-30T00:35:30.958287'}, {'url': 'https://example711.com', 'title': 'Page 711', 'timestamp': '2026-05-30T00:35:30.955092'}, {'url': 'https://example710.com', 'title': 'Page 710', 'timestamp': '2026-05-30T00:35:30.953012'}, {'url': 'https://example709.com', 'title': 'Page 709', 'timestamp': '2026-05-30T00:35:30.951017'}, {'url': 'https://example708.com', 'title': 'Page 708', 'timestamp': '2026-05-30T00:35:30.948701'}, {'url': 'https://example707.com', 'title': 'Page 707', 'timestamp': '2026-05-30T00:35:30.946799'}, {'url': 'https://example706.com', 'title': 'Page 706', 'timestamp': '2026-05-30T00:35:30.944840'}, {'url': 'https://example705.com', 'title': 'Page 705', 'timestamp': '2026-05-30T00:35:30.942769'}, {'url': 'https://example704.com', 'title': 'Page 704', 'timestamp': '2026-05-30T00:35:30.940139'}, {'url': 'https://example703.com', 'title': 'Page 703', 'timestamp': '2026-05-30T00:35:30.937149'}, {'url': 'https://example702.com', 'title': 'Page 702', 'timestamp': '2026-05-30T00:35:30.935120'}, {'url': 'https://example701.com', 'title': 'Page 701', 'timestamp': '2026-05-30T00:35:30.932120'}, {'url': 'https://example700.com', 'title': 'Page 700', 'timestamp': '2026-05-30T00:35:30.930114'}, {'url': 'https://example699.com', 'title': 'Page 699', 'timestamp': '2026-05-30T00:35:30.928202'}, {'url': 'https://example698.com', 'title': 'Page 698', 'timestamp': '2026-05-30T00:35:30.926196'}, {'url': 'https://example697.com', 'title': 'Page 697', 'timestamp': '2026-05-30T00:35:30.923884'}, {'url': 'https://example696.com', 'title': 'Page 696', 'timestamp': '2026-05-30T00:35:30.920953'}, {'url': 'https://example695.com', 'title': 'Page 695', 'timestamp': '2026-05-30T00:35:30.918629'}, {'url': 'https://example694.com', 'title': 'Page 694', 'timestamp': '2026-05-30T00:35:30.915958'}, {'url': 'https://example693.com', 'title': 'Page 693', 'timestamp': '2026-05-30T00:35:30.914030'}, {'url': 'https://example692.com', 'title': 'Page 692', 'timestamp': '2026-05-30T00:35:30.912227'}, {'url': 'https://example691.com', 'title': 'Page 691', 'timestamp': '2026-05-30T00:35:30.910269'}, {'url': 'https://example690.com', 'title': 'Page 690', 'timestamp': '2026-05-30T00:35:30.907919'}, {'url': 'https://example689.com', 'title': 'Page 689', 'timestamp': '2026-05-30T00:35:30.904843'}, {'url': 'https://example688.com', 'title': 'Page 688', 'timestamp': '2026-05-30T00:35:30.902804'}, {'url': 'https://example687.com', 'title': 'Page 687', 'timestamp': '2026-05-30T00:35:30.900399'}, {'url': 'https://example686.com', 'title': 'Page 686', 'timestamp': '2026-05-30T00:35:30.898590'}, {'url': 'https://example685.com', 'title': 'Page 685', 'timestamp': '2026-05-30T00:35:30.896708'}, {'url': 'https://example684.com', 'title': 'Page 684', 'timestamp': '2026-05-30T00:35:30.894661'}, {'url': 'https://example683.com', 'title': 'Page 683', 'timestamp': '2026-05-30T00:35:30.892217'}, {'url': 'https://example682.com', 'title': 'Page 682', 'timestamp': '2026-05-30T00:35:30.889906'}, {'url': 'https://example681.com', 'title': 'Page 681', 'timestamp': '2026-05-30T00:35:30.887307'}, {'url': 'https://example680.com', 'title': 'Page 680', 'timestamp': '2026-05-30T00:35:30.885380'}, {'url': 'https://example679.com', 'title': 'Page 679', 'timestamp': '2026-05-30T00:35:30.883455'}, {'url': 'https://example678.com', 'title': 'Page 678', 'timestamp': '2026-05-30T00:35:30.881680'}, {'url': 'https://example677.com', 'title': 'Page 677', 'timestamp': '2026-05-30T00:35:30.879798'}, {'url': 'https://example676.com', 'title': 'Page 676', 'timestamp': '2026-05-30T00:35:30.877632'}, {'url': 'https://example675.com', 'title': 'Page 675', 'timestamp': '2026-05-30T00:35:30.875405'}, {'url': 'https://example674.com', 'title': 'Page 674', 'timestamp': '2026-05-30T00:35:30.872571'}, {'url': 'https://example673.com', 'title': 'Page 673', 'timestamp': '2026-05-30T00:35:30.870016'}, {'url': 'https://example672.com', 'title': 'Page 672', 'timestamp': '2026-05-30T00:35:30.867904'}, {'url': 'https://example671.com', 'title': 'Page 671', 'timestamp': '2026-05-30T00:35:30.866104'}, {'url': 'https://example670.com', 'title': 'Page 670', 'timestamp': '2026-05-30T00:35:30.864243'}, {'url': 'https://example669.com', 'title': 'Page 669', 'timestamp': '2026-05-30T00:35:30.862199'}, {'url': 'https://example668.com', 'title': 'Page 668', 'timestamp': '2026-05-30T00:35:30.859946'}, {'url': 'https://example667.com', 'title': 'Page 667', 'timestamp': '2026-05-30T00:35:30.857771'}, {'url': 'https://example666.com', 'title': 'Page 666', 'timestamp': '2026-05-30T00:35:30.854118'}, {'url': 'https://example665.com', 'title': 'Page 665', 'timestamp': '2026-05-30T00:35:30.851976'}, {'url': 'https://example664.com', 'title': 'Page 664', 'timestamp': '2026-05-30T00:35:30.850164'}, {'url': 'https://example663.com', 'title': 'Page 663', 'timestamp': '2026-05-30T00:35:30.848318'}, {'url': 'https://example662.com', 'title': 'Page 662', 'timestamp': '2026-05-30T00:35:30.846280'}, {'url': 'https://example661.com', 'title': 'Page 661', 'timestamp': '2026-05-30T00:35:30.844009'}, {'url': 'https://example660.com', 'title': 'Page 660', 'timestamp': '2026-05-30T00:35:30.841753'}, {'url': 'https://example659.com', 'title': 'Page 659', 'timestamp': '2026-05-30T00:35:30.839008'}, {'url': 'https://example658.com', 'title': 'Page 658', 'timestamp': '2026-05-30T00:35:30.836485'}, {'url': 'https://example657.com', 'title': 'Page 657', 'timestamp': '2026-05-30T00:35:30.834652'}, {'url': 'https://example656.com', 'title': 'Page 656', 'timestamp': '2026-05-30T00:35:30.832805'}, {'url': 'https://example655.com', 'title': 'Page 655', 'timestamp': '2026-05-30T00:35:30.830858'}, {'url': 'https://example654.com', 'title': 'Page 654', 'timestamp': '2026-05-30T00:35:30.828683'}, {'url': 'https://example653.com', 'title': 'Page 653', 'timestamp': '2026-05-30T00:35:30.826751'}, {'url': 'https://example652.com', 'title': 'Page 652', 'timestamp': '2026-05-30T00:35:30.824560'}, {'url': 'https://example651.com', 'title': 'Page 651', 'timestamp': '2026-05-30T00:35:30.821033'}, {'url': 'https://example650.com', 'title': 'Page 650', 'timestamp': '2026-05-30T00:35:30.819251'}, {'url': 'https://example649.com', 'title': 'Page 649', 'timestamp': '2026-05-30T00:35:30.817316'}, {'url': 'https://example648.com', 'title': 'Page 648', 'timestamp': '2026-05-30T00:35:30.815407'}, {'url': 'https://example647.com', 'title': 'Page 647', 'timestamp': '2026-05-30T00:35:30.813349'}, {'url': 'https://example646.com', 'title': 'Page 646', 'timestamp': '2026-05-30T00:35:30.811381'}, {'url': 'https://example645.com', 'title': 'Page 645', 'timestamp': '2026-05-30T00:35:30.809315'}, {'url': 'https://example644.com', 'title': 'Page 644', 'timestamp': '2026-05-30T00:35:30.806607'}, {'url': 'https://example643.com', 'title': 'Page 643', 'timestamp': '2026-05-30T00:35:30.803779'}, {'url': 'https://example642.com', 'title': 'Page 642', 'timestamp': '2026-05-30T00:35:30.801998'}, {'url': 'https://example641.com', 'title': 'Page 641', 'timestamp': '2026-05-30T00:35:30.800135'}, {'url': 'https://example640.com', 'title': 'Page 640', 'timestamp': '2026-05-30T00:35:30.797905'}, {'url': 'https://example639.com', 'title': 'Page 639', 'timestamp': '2026-05-30T00:35:30.795748'}, {'url': 'https://example638.com', 'title': 'Page 638', 'timestamp': '2026-05-30T00:35:30.792992'}, {'url': 'https://example637.com', 'title': 'Page 637', 'timestamp': '2026-05-30T00:35:30.788872'}, {'url': 'https://example636.com', 'title': 'Page 636', 'timestamp': '2026-05-30T00:35:30.786765'}, {'url': 'https://example635.com', 'title': 'Page 635', 'timestamp': '2026-05-30T00:35:30.784945'}, {'url': 'https://example634.com', 'title': 'Page 634', 'timestamp': '2026-05-30T00:35:30.783017'}, {'url': 'https://example633.com', 'title': 'Page 633', 'timestamp': '2026-05-30T00:35:30.780636'}, {'url': 'https://example632.com', 'title': 'Page 632', 'timestamp': '2026-05-30T00:35:30.778781'}, {'url': 'https://example631.com', 'title': 'Page 631', 'timestamp': '2026-05-30T00:35:30.776577'}, {'url': 'https://example630.com', 'title': 'Page 630', 'timestamp': '2026-05-30T00:35:30.772707'}, {'url': 'https://example629.com', 'title': 'Page 629', 'timestamp': '2026-05-30T00:35:30.770314'}, {'url': 'https://example628.com', 'title': 'Page 628', 'timestamp': '2026-05-30T00:35:30.768366'}, {'url': 'https://example627.com', 'title': 'Page 627', 'timestamp': '2026-05-30T00:35:30.766441'}, {'url': 'https://example626.com', 'title': 'Page 626', 'timestamp': '2026-05-30T00:35:30.764308'}, {'url': 'https://example625.com', 'title': 'Page 625', 'timestamp': '2026-05-30T00:35:30.762148'}, {'url': 'https://example624.com', 'title': 'Page 624', 'timestamp': '2026-05-30T00:35:30.759985'}, {'url': 'https://example623.com', 'title': 'Page 623', 'timestamp': '2026-05-30T00:35:30.756198'}, {'url': 'https://example622.com', 'title': 'Page 622', 'timestamp': '2026-05-30T00:35:30.753644'}, {'url': 'https://example621.com', 'title': 'Page 621', 'timestamp': '2026-05-30T00:35:30.751790'}, {'url': 'https://example620.com', 'title': 'Page 620', 'timestamp': '2026-05-30T00:35:30.749735'}, {'url': 'https://example619.com', 'title': 'Page 619', 'timestamp': '2026-05-30T00:35:30.747804'}, {'url': 'https://example618.com', 'title': 'Page 618', 'timestamp': '2026-05-30T00:35:30.745898'}, {'url': 'https://example617.com', 'title': 'Page 617', 'timestamp': '2026-05-30T00:35:30.743987'}, {'url': 'https://example616.com', 'title': 'Page 616', 'timestamp': '2026-05-30T00:35:30.741449'}, {'url': 'https://example615.com', 'title': 'Page 615', 'timestamp': '2026-05-30T00:35:30.738513'}, {'url': 'https://example614.com', 'title': 'Page 614', 'timestamp': '2026-05-30T00:35:30.736450'}, {'url': 'https://example613.com', 'title': 'Page 613', 'timestamp': '2026-05-30T00:35:30.734233'}, {'url': 'https://example612.com', 'title': 'Page 612', 'timestamp': '2026-05-30T00:35:30.731997'}, {'url': 'https://example611.com', 'title': 'Page 611', 'timestamp': '2026-05-30T00:35:30.730017'}, {'url': 'https://example610.com', 'title': 'Page 610', 'timestamp': '2026-05-30T00:35:30.727530'}, {'url': 'https://example609.com', 'title': 'Page 609', 'timestamp': '2026-05-30T00:35:30.725180'}, {'url': 'https://example608.com', 'title': 'Page 608', 'timestamp': '2026-05-30T00:35:30.722560'}, {'url': 'https://example607.com', 'title': 'Page 607', 'timestamp': '2026-05-30T00:35:30.720234'}, {'url': 'https://example606.com', 'title': 'Page 606', 'timestamp': '2026-05-30T00:35:30.718408'}, {'url': 'https://example605.com', 'title': 'Page 605', 'timestamp': '2026-05-30T00:35:30.716395'}, {'url': 'https://example604.com', 'title': 'Page 604', 'timestamp': '2026-05-30T00:35:30.714694'}, {'url': 'https://example603.com', 'title': 'Page 603', 'timestamp': '2026-05-30T00:35:30.712898'}, {'url': 'https://example602.com', 'title': 'Page 602', 'timestamp': '2026-05-30T00:35:30.710912'}, {'url': 'https://example601.com', 'title': 'Page 601', 'timestamp': '2026-05-30T00:35:30.708736'}, {'url': 'https://example600.com', 'title': 'Page 600', 'timestamp': '2026-05-30T00:35:30.706299'}, {'url': 'https://example599.com', 'title': 'Page 599', 'timestamp': '2026-05-30T00:35:30.703856'}, {'url': 'https://example598.com', 'title': 'Page 598', 'timestamp': '2026-05-30T00:35:30.701608'}, {'url': 'https://example597.com', 'title': 'Page 597', 'timestamp': '2026-05-30T00:35:30.699535'}, {'url': 'https://example596.com', 'title': 'Page 596', 'timestamp': '2026-05-30T00:35:30.697672'}, {'url': 'https://example595.com', 'title': 'Page 595', 'timestamp': '2026-05-30T00:35:30.695396'}, {'url': 'https://example594.com', 'title': 'Page 594', 'timestamp': '2026-05-30T00:35:30.693307'}, {'url': 'https://example593.com', 'title': 'Page 593', 'timestamp': '2026-05-30T00:35:30.691159'}, {'url': 'https://example592.com', 'title': 'Page 592', 'timestamp': '2026-05-30T00:35:30.688126'}, {'url': 'https://example591.com', 'title': 'Page 591', 'timestamp': '2026-05-30T00:35:30.686280'}, {'url': 'https://example590.com', 'title': 'Page 590', 'timestamp': '2026-05-30T00:35:30.684179'}, {'url': 'https://example589.com', 'title': 'Page 589', 'timestamp': '2026-05-30T00:35:30.682352'}, {'url': 'https://example588.com', 'title': 'Page 588', 'timestamp': '2026-05-30T00:35:30.680496'}, {'url': 'https://example587.com', 'title': 'Page 587', 'timestamp': '2026-05-30T00:35:30.678547'}, {'url': 'https://example586.com', 'title': 'Page 586', 'timestamp': '2026-05-30T00:35:30.676506'}, {'url': 'https://example585.com', 'title': 'Page 585', 'timestamp': '2026-05-30T00:35:30.674524'}, {'url': 'https://example584.com', 'title': 'Page 584', 'timestamp': '2026-05-30T00:35:30.671492'}, {'url': 'https://example583.com', 'title': 'Page 583', 'timestamp': '2026-05-30T00:35:30.669200'}, {'url': 'https://example582.com', 'title': 'Page 582', 'timestamp': '2026-05-30T00:35:30.667167'}, {'url': 'https://example581.com', 'title': 'Page 581', 'timestamp': '2026-05-30T00:35:30.665186'}, {'url': 'https://example580.com', 'title': 'Page 580', 'timestamp': '2026-05-30T00:35:30.662999'}, {'url': 'https://example579.com', 'title': 'Page 579', 'timestamp': '2026-05-30T00:35:30.661055'}, {'url': 'https://example578.com', 'title': 'Page 578', 'timestamp': '2026-05-30T00:35:30.659155'}, {'url': 'https://example577.com', 'title': 'Page 577', 'timestamp': '2026-05-30T00:35:30.656461'}, {'url': 'https://example576.com', 'title': 'Page 576', 'timestamp': '2026-05-30T00:35:30.653779'}, {'url': 'https://example575.com', 'title': 'Page 575', 'timestamp': '2026-05-30T00:35:30.651871'}, {'url': 'https://example574.com', 'title': 'Page 574', 'timestamp': '2026-05-30T00:35:30.650109'}, {'url': 'https://example573.com', 'title': 'Page 573', 'timestamp': '2026-05-30T00:35:30.647942'}, {'url': 'https://example572.com', 'title': 'Page 572', 'timestamp': '2026-05-30T00:35:30.646115'}, {'url': 'https://example571.com', 'title': 'Page 571', 'timestamp': '2026-05-30T00:35:30.643941'}, {'url': 'https://example570.com', 'title': 'Page 570', 'timestamp': '2026-05-30T00:35:30.642063'}, {'url': 'https://example569.com', 'title': 'Page 569', 'timestamp': '2026-05-30T00:35:30.639350'}, {'url': 'https://example568.com', 'title': 'Page 568', 'timestamp': '2026-05-30T00:35:30.636720'}, {'url': 'https://example567.com', 'title': 'Page 567', 'timestamp': '2026-05-30T00:35:30.634860'}, {'url': 'https://example566.com', 'title': 'Page 566', 'timestamp': '2026-05-30T00:35:30.632821'}, {'url': 'https://example565.com', 'title': 'Page 565', 'timestamp': '2026-05-30T00:35:30.630842'}, {'url': 'https://example564.com', 'title': 'Page 564', 'timestamp': '2026-05-30T00:35:30.629045'}, {'url': 'https://example563.com', 'title': 'Page 563', 'timestamp': '2026-05-30T00:35:30.627218'}, {'url': 'https://example562.com', 'title': 'Page 562', 'timestamp': '2026-05-30T00:35:30.625323'}, {'url': 'https://example561.com', 'title': 'Page 561', 'timestamp': '2026-05-30T00:35:30.622050'}, {'url': 'https://example560.com', 'title': 'Page 560', 'timestamp': '2026-05-30T00:35:30.619927'}, {'url': 'https://example559.com', 'title': 'Page 559', 'timestamp': '2026-05-30T00:35:30.618131'}, {'url': 'https://example558.com', 'title': 'Page 558', 'timestamp': '2026-05-30T00:35:30.616179'}, {'url': 'https://example557.com', 'title': 'Page 557', 'timestamp': '2026-05-30T00:35:30.614388'}, {'url': 'https://example556.com', 'title': 'Page 556', 'timestamp': '2026-05-30T00:35:30.612326'}, {'url': 'https://example555.com', 'title': 'Page 555', 'timestamp': '2026-05-30T00:35:30.609784'}, {'url': 'https://example554.com', 'title': 'Page 554', 'timestamp': '2026-05-30T00:35:30.606166'}, {'url': 'https://example553.com', 'title': 'Page 553', 'timestamp': '2026-05-30T00:35:30.603593'}, {'url': 'https://example552.com', 'title': 'Page 552', 'timestamp': '2026-05-30T00:35:30.601693'}, {'url': 'https://example551.com', 'title': 'Page 551', 'timestamp': '2026-05-30T00:35:30.599580'}, {'url': 'https://example550.com', 'title': 'Page 550', 'timestamp': '2026-05-30T00:35:30.597857'}, {'url': 'https://example549.com', 'title': 'Page 549', 'timestamp': '2026-05-30T00:35:30.596072'}, {'url': 'https://example548.com', 'title': 'Page 548', 'timestamp': '2026-05-30T00:35:30.594295'}, {'url': 'https://example547.com', 'title': 'Page 547', 'timestamp': '2026-05-30T00:35:30.592497'}, {'url': 'https://example546.com', 'title': 'Page 546', 'timestamp': '2026-05-30T00:35:30.589629'}, {'url': 'https://example545.com', 'title': 'Page 545', 'timestamp': '2026-05-30T00:35:30.587196'}, {'url': 'https://example544.com', 'title': 'Page 544', 'timestamp': '2026-05-30T00:35:30.585483'}, {'url': 'https://example543.com', 'title': 'Page 543', 'timestamp': '2026-05-30T00:35:30.583598'}, {'url': 'https://example542.com', 'title': 'Page 542', 'timestamp': '2026-05-30T00:35:30.581907'}, {'url': 'https://example541.com', 'title': 'Page 541', 'timestamp': '2026-05-30T00:35:30.580235'}, {'url': 'https://example540.com', 'title': 'Page 540', 'timestamp': '2026-05-30T00:35:30.578593'}, {'url': 'https://example539.com', 'title': 'Page 539', 'timestamp': '2026-05-30T00:35:30.576901'}, {'url': 'https://example538.com', 'title': 'Page 538', 'timestamp': '2026-05-30T00:35:30.574931'}, {'url': 'https://example537.com', 'title': 'Page 537', 'timestamp': '2026-05-30T00:35:30.571513'}, {'url': 'https://example536.com', 'title': 'Page 536', 'timestamp': '2026-05-30T00:35:30.569072'}, {'url': 'https://example535.com', 'title': 'Page 535', 'timestamp': '2026-05-30T00:35:30.567353'}, {'url': 'https://example534.com', 'title': 'Page 534', 'timestamp': '2026-05-30T00:35:30.565606'}, {'url': 'https://example533.com', 'title': 'Page 533', 'timestamp': '2026-05-30T00:35:30.563832'}, {'url': 'https://example532.com', 'title': 'Page 532', 'timestamp': '2026-05-30T00:35:30.561993'}, {'url': 'https://example531.com', 'title': 'Page 531', 'timestamp': '2026-05-30T00:35:30.560009'}, {'url': 'https://example530.com', 'title': 'Page 530', 'timestamp': '2026-05-30T00:35:30.557710'}, {'url': 'https://example529.com', 'title': 'Page 529', 'timestamp': '2026-05-30T00:35:30.554860'}, {'url': 'https://example528.com', 'title': 'Page 528', 'timestamp': '2026-05-30T00:35:30.552784'}, {'url': 'https://example527.com', 'title': 'Page 527', 'timestamp': '2026-05-30T00:35:30.551140'}, {'url': 'https://example526.com', 'title': 'Page 526', 'timestamp': '2026-05-30T00:35:30.549452'}, {'url': 'https://example525.com', 'title': 'Page 525', 'timestamp': '2026-05-30T00:35:30.547553'}, {'url': 'https://example524.com', 'title': 'Page 524', 'timestamp': '2026-05-30T00:35:30.545660'}, {'url': 'https://example523.com', 'title': 'Page 523', 'timestamp': '2026-05-30T00:35:30.543672'}, {'url': 'https://example522.com', 'title': 'Page 522', 'timestamp': '2026-05-30T00:35:30.541782'}, {'url': 'https://example521.com', 'title': 'Page 521', 'timestamp': '2026-05-30T00:35:30.538387'}, {'url': 'https://example520.com', 'title': 'Page 520', 'timestamp': '2026-05-30T00:35:30.536191'}, {'url': 'https://example519.com', 'title': 'Page 519', 'timestamp': '2026-05-30T00:35:30.534492'}, {'url': 'https://example518.com', 'title': 'Page 518', 'timestamp': '2026-05-30T00:35:30.532738'}, {'url': 'https://example517.com', 'title': 'Page 517', 'timestamp': '2026-05-30T00:35:30.530919'}, {'url': 'https://example516.com', 'title': 'Page 516', 'timestamp': '2026-05-30T00:35:30.529023'}, {'url': 'https://example515.com', 'title': 'Page 515', 'timestamp': '2026-05-30T00:35:30.527236'}, {'url': 'https://example514.com', 'title': 'Page 514', 'timestamp': '2026-05-30T00:35:30.525381'}, {'url': 'https://example513.com', 'title': 'Page 513', 'timestamp': '2026-05-30T00:35:30.522898'}, {'url': 'https://example512.com', 'title': 'Page 512', 'timestamp': '2026-05-30T00:35:30.520489'}, {'url': 'https://example511.com', 'title': 'Page 511', 'timestamp': '2026-05-30T00:35:30.518767'}, {'url': 'https://example510.com', 'title': 'Page 510', 'timestamp': '2026-05-30T00:35:30.517044'}, {'url': 'https://example509.com', 'title': 'Page 509', 'timestamp': '2026-05-30T00:35:30.515307'}, {'url': 'https://example508.com', 'title': 'Page 508', 'timestamp': '2026-05-30T00:35:30.513502'}, {'url': 'https://example507.com', 'title': 'Page 507', 'timestamp': '2026-05-30T00:35:30.511530'}, {'url': 'https://example506.com', 'title': 'Page 506', 'timestamp': '2026-05-30T00:35:30.509478'}, {'url': 'https://example505.com', 'title': 'Page 505', 'timestamp': '2026-05-30T00:35:30.507304'}, {'url': 'https://example504.com', 'title': 'Page 504', 'timestamp': '2026-05-30T00:35:30.504227'}, {'url': 'https://example503.com', 'title': 'Page 503', 'timestamp': '2026-05-30T00:35:30.502509'}, {'url': 'https://example502.com', 'title': 'Page 502', 'timestamp': '2026-05-30T00:35:30.500832'}, {'url': 'https://example501.com', 'title': 'Page 501', 'timestamp': '2026-05-30T00:35:30.499130'}, {'url': 'https://example500.com', 'title': 'Page 500', 'timestamp': '2026-05-30T00:35:30.497496'}, {'url': 'https://example499.com', 'title': 'Page 499', 'timestamp': '2026-05-30T00:35:30.495685'}, {'url': 'https://example498.com', 'title': 'Page 498', 'timestamp': '2026-05-30T00:35:30.493879'}, {'url': 'https://example497.com', 'title': 'Page 497', 'timestamp': '2026-05-30T00:35:30.491852'}, {'url': 'https://example496.com', 'title': 'Page 496', 'timestamp': '2026-05-30T00:35:30.489385'}, {'url': 'https://example495.com', 'title': 'Page 495', 'timestamp': '2026-05-30T00:35:30.486968'}, {'url': 'https://example494.com', 'title': 'Page 494', 'timestamp': '2026-05-30T00:35:30.485361'}, {'url': 'https://example493.com', 'title': 'Page 493', 'timestamp': '2026-05-30T00:35:30.483721'}, {'url': 'https://example492.com', 'title': 'Page 492', 'timestamp': '2026-05-30T00:35:30.481949'}, {'url': 'https://example491.com', 'title': 'Page 491', 'timestamp': '2026-05-30T00:35:30.480099'}, {'url': 'https://example490.com', 'title': 'Page 490', 'timestamp': '2026-05-30T00:35:30.478173'}, {'url': 'https://example489.com', 'title': 'Page 489', 'timestamp': '2026-05-30T00:35:30.475836'}, {'url': 'https://example488.com', 'title': 'Page 488', 'timestamp': '2026-05-30T00:35:30.472657'}, {'url': 'https://example487.com', 'title': 'Page 487', 'timestamp': '2026-05-30T00:35:30.470438'}, {'url': 'https://example486.com', 'title': 'Page 486', 'timestamp': '2026-05-30T00:35:30.468785'}, {'url': 'https://example485.com', 'title': 'Page 485', 'timestamp': '2026-05-30T00:35:30.467069'}, {'url': 'https://example484.com', 'title': 'Page 484', 'timestamp': '2026-05-30T00:35:30.465375'}, {'url': 'https://example483.com', 'title': 'Page 483', 'timestamp': '2026-05-30T00:35:30.463624'}, {'url': 'https://example482.com', 'title': 'Page 482', 'timestamp': '2026-05-30T00:35:30.461875'}, {'url': 'https://example481.com', 'title': 'Page 481', 'timestamp': '2026-05-30T00:35:30.460147'}, {'url': 'https://example480.com', 'title': 'Page 480', 'timestamp': '2026-05-30T00:35:30.457887'}, {'url': 'https://example479.com', 'title': 'Page 479', 'timestamp': '2026-05-30T00:35:30.455327'}, {'url': 'https://example478.com', 'title': 'Page 478', 'timestamp': '2026-05-30T00:35:30.453454'}, {'url': 'https://example477.com', 'title': 'Page 477', 'timestamp': '2026-05-30T00:35:30.451607'}, {'url': 'https://example476.com', 'title': 'Page 476', 'timestamp': '2026-05-30T00:35:30.449821'}, {'url': 'https://example475.com', 'title': 'Page 475', 'timestamp': '2026-05-30T00:35:30.448089'}, {'url': 'https://example474.com', 'title': 'Page 474', 'timestamp': '2026-05-30T00:35:30.446213'}, {'url': 'https://example473.com', 'title': 'Page 473', 'timestamp': '2026-05-30T00:35:30.444444'}, {'url': 'https://example472.com', 'title': 'Page 472', 'timestamp': '2026-05-30T00:35:30.442235'}, {'url': 'https://example471.com', 'title': 'Page 471', 'timestamp': '2026-05-30T00:35:30.439995'}, {'url': 'https://example470.com', 'title': 'Page 470', 'timestamp': '2026-05-30T00:35:30.437470'}, {'url': 'https://example469.com', 'title': 'Page 469', 'timestamp': '2026-05-30T00:35:30.435890'}, {'url': 'https://example468.com', 'title': 'Page 468', 'timestamp': '2026-05-30T00:35:30.434284'}, {'url': 'https://example467.com', 'title': 'Page 467', 'timestamp': '2026-05-30T00:35:30.432604'}, {'url': 'https://example466.com', 'title': 'Page 466', 'timestamp': '2026-05-30T00:35:30.430910'}, {'url': 'https://example465.com', 'title': 'Page 465', 'timestamp': '2026-05-30T00:35:30.429259'}, {'url': 'https://example464.com', 'title': 'Page 464', 'timestamp': '2026-05-30T00:35:30.427629'}, {'url': 'https://example463.com', 'title': 'Page 463', 'timestamp': '2026-05-30T00:35:30.425857'}, {'url': 'https://example462.com', 'title': 'Page 462', 'timestamp': '2026-05-30T00:35:30.424114'}, {'url': 'https://example461.com', 'title': 'Page 461', 'timestamp': '2026-05-30T00:35:30.421511'}, {'url': 'https://example460.com', 'title': 'Page 460', 'timestamp': '2026-05-30T00:35:30.419825'}, {'url': 'https://example459.com', 'title': 'Page 459', 'timestamp': '2026-05-30T00:35:30.418093'}, {'url': 'https://example458.com', 'title': 'Page 458', 'timestamp': '2026-05-30T00:35:30.416511'}, {'url': 'https://example457.com', 'title': 'Page 457', 'timestamp': '2026-05-30T00:35:30.414973'}, {'url': 'https://example456.com', 'title': 'Page 456', 'timestamp': '2026-05-30T00:35:30.413300'}, {'url': 'https://example455.com', 'title': 'Page 455', 'timestamp': '2026-05-30T00:35:30.411592'}, {'url': 'https://example454.com', 'title': 'Page 454', 'timestamp': '2026-05-30T00:35:30.409756'}, {'url': 'https://example453.com', 'title': 'Page 453', 'timestamp': '2026-05-30T00:35:30.407814'}, {'url': 'https://example452.com', 'title': 'Page 452', 'timestamp': '2026-05-30T00:35:30.405267'}, {'url': 'https://example451.com', 'title': 'Page 451', 'timestamp': '2026-05-30T00:35:30.403488'}, {'url': 'https://example450.com', 'title': 'Page 450', 'timestamp': '2026-05-30T00:35:30.401923'}, {'url': 'https://example449.com', 'title': 'Page 449', 'timestamp': '2026-05-30T00:35:30.400323'}, {'url': 'https://example448.com', 'title': 'Page 448', 'timestamp': '2026-05-30T00:35:30.398777'}, {'url': 'https://example447.com', 'title': 'Page 447', 'timestamp': '2026-05-30T00:35:30.397124'}, {'url': 'https://example446.com', 'title': 'Page 446', 'timestamp': '2026-05-30T00:35:30.395471'}, {'url': 'https://example445.com', 'title': 'Page 445', 'timestamp': '2026-05-30T00:35:30.393792'}, {'url': 'https://example444.com', 'title': 'Page 444', 'timestamp': '2026-05-30T00:35:30.392020'}, {'url': 'https://example443.com', 'title': 'Page 443', 'timestamp': '2026-05-30T00:35:30.389423'}, {'url': 'https://example442.com', 'title': 'Page 442', 'timestamp': '2026-05-30T00:35:30.387176'}, {'url': 'https://example441.com', 'title': 'Page 441', 'timestamp': '2026-05-30T00:35:30.385483'}, {'url': 'https://example440.com', 'title': 'Page 440', 'timestamp': '2026-05-30T00:35:30.383752'}, {'url': 'https://example439.com', 'title': 'Page 439', 'timestamp': '2026-05-30T00:35:30.381888'}, {'url': 'https://example438.com', 'title': 'Page 438', 'timestamp': '2026-05-30T00:35:30.380171'}, {'url': 'https://example437.com', 'title': 'Page 437', 'timestamp': '2026-05-30T00:35:30.378228'}, {'url': 'https://example436.com', 'title': 'Page 436', 'timestamp': '2026-05-30T00:35:30.376549'}, {'url': 'https://example435.com', 'title': 'Page 435', 'timestamp': '2026-05-30T00:35:30.374792'}, {'url': 'https://example434.com', 'title': 'Page 434', 'timestamp': '2026-05-30T00:35:30.372104'}, {'url': 'https://example433.com', 'title': 'Page 433', 'timestamp': '2026-05-30T00:35:30.370181'}, {'url': 'https://example432.com', 'title': 'Page 432', 'timestamp': '2026-05-30T00:35:30.368567'}, {'url': 'https://example431.com', 'title': 'Page 431', 'timestamp': '2026-05-30T00:35:30.366968'}, {'url': 'https://example430.com', 'title': 'Page 430', 'timestamp': '2026-05-30T00:35:30.365312'}, {'url': 'https://example429.com', 'title': 'Page 429', 'timestamp': '2026-05-30T00:35:30.363613'}, {'url': 'https://example428.com', 'title': 'Page 428', 'timestamp': '2026-05-30T00:35:30.361916'}, {'url': 'https://example427.com', 'title': 'Page 427', 'timestamp': '2026-05-30T00:35:30.360337'}, {'url': 'https://example426.com', 'title': 'Page 426', 'timestamp': '2026-05-30T00:35:30.358781'}, {'url': 'https://example425.com', 'title': 'Page 425', 'timestamp': '2026-05-30T00:35:30.356893'}, {'url': 'https://example424.com', 'title': 'Page 424', 'timestamp': '2026-05-30T00:35:30.354424'}, {'url': 'https://example423.com', 'title': 'Page 423', 'timestamp': '2026-05-30T00:35:30.352797'}, {'url': 'https://example422.com', 'title': 'Page 422', 'timestamp': '2026-05-30T00:35:30.351127'}, {'url': 'https://example421.com', 'title': 'Page 421', 'timestamp': '2026-05-30T00:35:30.349516'}, {'url': 'https://example420.com', 'title': 'Page 420', 'timestamp': '2026-05-30T00:35:30.347230'}, {'url': 'https://example419.com', 'title': 'Page 419', 'timestamp': '2026-05-30T00:35:30.345626'}, {'url': 'https://example418.com', 'title': 'Page 418', 'timestamp': '2026-05-30T00:35:30.344018'}, {'url': 'https://example417.com', 'title': 'Page 417', 'timestamp': '2026-05-30T00:35:30.342270'}, {'url': 'https://example416.com', 'title': 'Page 416', 'timestamp': '2026-05-30T00:35:30.339607'}, {'url': 'https://example415.com', 'title': 'Page 415', 'timestamp': '2026-05-30T00:35:30.337244'}, {'url': 'https://example414.com', 'title': 'Page 414', 'timestamp': '2026-05-30T00:35:30.335664'}, {'url': 'https://example413.com', 'title': 'Page 413', 'timestamp': '2026-05-30T00:35:30.333939'}, {'url': 'https://example412.com', 'title': 'Page 412', 'timestamp': '2026-05-30T00:35:30.332361'}, {'url': 'https://example411.com', 'title': 'Page 411', 'timestamp': '2026-05-30T00:35:30.330592'}, {'url': 'https://example410.com', 'title': 'Page 410', 'timestamp': '2026-05-30T00:35:30.329064'}, {'url': 'https://example409.com', 'title': 'Page 409', 'timestamp': '2026-05-30T00:35:30.327517'}, {'url': 'https://example408.com', 'title': 'Page 408', 'timestamp': '2026-05-30T00:35:30.325810'}, {'url': 'https://example407.com', 'title': 'Page 407', 'timestamp': '2026-05-30T00:35:30.323759'}, {'url': 'https://example406.com', 'title': 'Page 406', 'timestamp': '2026-05-30T00:35:30.321003'}, {'url': 'https://example405.com', 'title': 'Page 405', 'timestamp': '2026-05-30T00:35:30.319440'}, {'url': 'https://example404.com', 'title': 'Page 404', 'timestamp': '2026-05-30T00:35:30.317864'}, {'url': 'https://example403.com', 'title': 'Page 403', 'timestamp': '2026-05-30T00:35:30.316309'}, {'url': 'https://example402.com', 'title': 'Page 402', 'timestamp': '2026-05-30T00:35:30.314614'}, {'url': 'https://example401.com', 'title': 'Page 401', 'timestamp': '2026-05-30T00:35:30.313020'}, {'url': 'https://example400.com', 'title': 'Page 400', 'timestamp': '2026-05-30T00:35:30.311447'}, {'url': 'https://example399.com', 'title': 'Page 399', 'timestamp': '2026-05-30T00:35:30.309882'}, {'url': 'https://example398.com', 'title': 'Page 398', 'timestamp': '2026-05-30T00:35:30.308309'}, {'url': 'https://example397.com', 'title': 'Page 397', 'timestamp': '2026-05-30T00:35:30.306359'}, {'url': 'https://example396.com', 'title': 'Page 396', 'timestamp': '2026-05-30T00:35:30.303937'}, {'url': 'https://example395.com', 'title': 'Page 395', 'timestamp': '2026-05-30T00:35:30.302309'}, {'url': 'https://example394.com', 'title': 'Page 394', 'timestamp': '2026-05-30T00:35:30.300594'}, {'url': 'https://example393.com', 'title': 'Page 393', 'timestamp': '2026-05-30T00:35:30.298609'}, {'url': 'https://example392.com', 'title': 'Page 392', 'timestamp': '2026-05-30T00:35:30.297016'}, {'url': 'https://example391.com', 'title': 'Page 391', 'timestamp': '2026-05-30T00:35:30.295399'}, {'url': 'https://example390.com', 'title': 'Page 390', 'timestamp': '2026-05-30T00:35:30.293794'}, {'url': 'https://example389.com', 'title': 'Page 389', 'timestamp': '2026-05-30T00:35:30.292125'}, {'url': 'https://example388.com', 'title': 'Page 388', 'timestamp': '2026-05-30T00:35:30.289630'}, {'url': 'https://example387.com', 'title': 'Page 387', 'timestamp': '2026-05-30T00:35:30.287186'}, {'url': 'https://example386.com', 'title': 'Page 386', 'timestamp': '2026-05-30T00:35:30.285637'}, {'url': 'https://example385.com', 'title': 'Page 385', 'timestamp': '2026-05-30T00:35:30.284048'}, {'url': 'https://example384.com', 'title': 'Page 384', 'timestamp': '2026-05-30T00:35:30.282270'}, {'url': 'https://example383.com', 'title': 'Page 383', 'timestamp': '2026-05-30T00:35:30.280798'}, {'url': 'https://example382.com', 'title': 'Page 382', 'timestamp': '2026-05-30T00:35:30.279260'}, {'url': 'https://example381.com', 'title': 'Page 381', 'timestamp': '2026-05-30T00:35:30.277656'}, {'url': 'https://example380.com', 'title': 'Page 380', 'timestamp': '2026-05-30T00:35:30.276124'}, {'url': 'https://example379.com', 'title': 'Page 379', 'timestamp': '2026-05-30T00:35:30.273983'}, {'url': 'https://example378.com', 'title': 'Page 378', 'timestamp': '2026-05-30T00:35:30.270998'}, {'url': 'https://example377.com', 'title': 'Page 377', 'timestamp': '2026-05-30T00:35:30.269223'}, {'url': 'https://example376.com', 'title': 'Page 376', 'timestamp': '2026-05-30T00:35:30.267449'}, {'url': 'https://example375.com', 'title': 'Page 375', 'timestamp': '2026-05-30T00:35:30.265949'}, {'url': 'https://example374.com', 'title': 'Page 374', 'timestamp': '2026-05-30T00:35:30.264475'}, {'url': 'https://example373.com', 'title': 'Page 373', 'timestamp': '2026-05-30T00:35:30.262999'}, {'url': 'https://example372.com', 'title': 'Page 372', 'timestamp': '2026-05-30T00:35:30.261448'}, {'url': 'https://example371.com', 'title': 'Page 371', 'timestamp': '2026-05-30T00:35:30.259772'}, {'url': 'https://example370.com', 'title': 'Page 370', 'timestamp': '2026-05-30T00:35:30.257142'}, {'url': 'https://example369.com', 'title': 'Page 369', 'timestamp': '2026-05-30T00:35:30.254380'}, {'url': 'https://example368.com', 'title': 'Page 368', 'timestamp': '2026-05-30T00:35:30.252563'}, {'url': 'https://example367.com', 'title': 'Page 367', 'timestamp': '2026-05-30T00:35:30.250713'}, {'url': 'https://example366.com', 'title': 'Page 366', 'timestamp': '2026-05-30T00:35:30.249051'}, {'url': 'https://example365.com', 'title': 'Page 365', 'timestamp': '2026-05-30T00:35:30.247403'}, {'url': 'https://example364.com', 'title': 'Page 364', 'timestamp': '2026-05-30T00:35:30.245564'}, {'url': 'https://example363.com', 'title': 'Page 363', 'timestamp': '2026-05-30T00:35:30.244039'}, {'url': 'https://example362.com', 'title': 'Page 362', 'timestamp': '2026-05-30T00:35:30.242343'}, {'url': 'https://example361.com', 'title': 'Page 361', 'timestamp': '2026-05-30T00:35:30.239942'}, {'url': 'https://example360.com', 'title': 'Page 360', 'timestamp': '2026-05-30T00:35:30.237306'}, {'url': 'https://example359.com', 'title': 'Page 359', 'timestamp': '2026-05-30T00:35:30.235589'}, {'url': 'https://example358.com', 'title': 'Page 358', 'timestamp': '2026-05-30T00:35:30.234049'}, {'url': 'https://example357.com', 'title': 'Page 357', 'timestamp': '2026-05-30T00:35:30.232523'}, {'url': 'https://example356.com', 'title': 'Page 356', 'timestamp': '2026-05-30T00:35:30.230883'}, {'url': 'https://example355.com', 'title': 'Page 355', 'timestamp': '2026-05-30T00:35:30.229304'}, {'url': 'https://example354.com', 'title': 'Page 354', 'timestamp': '2026-05-30T00:35:30.227785'}, {'url': 'https://example353.com', 'title': 'Page 353', 'timestamp': '2026-05-30T00:35:30.226090'}, {'url': 'https://example352.com', 'title': 'Page 352', 'timestamp': '2026-05-30T00:35:30.223850'}, {'url': 'https://example351.com', 'title': 'Page 351', 'timestamp': '2026-05-30T00:35:30.220515'}, {'url': 'https://example350.com', 'title': 'Page 350', 'timestamp': '2026-05-30T00:35:30.219063'}, {'url': 'https://example349.com', 'title': 'Page 349', 'timestamp': '2026-05-30T00:35:30.217502'}, {'url': 'https://example348.com', 'title': 'Page 348', 'timestamp': '2026-05-30T00:35:30.215914'}, {'url': 'https://example347.com', 'title': 'Page 347', 'timestamp': '2026-05-30T00:35:30.214475'}, {'url': 'https://example346.com', 'title': 'Page 346', 'timestamp': '2026-05-30T00:35:30.212938'}, {'url': 'https://example345.com', 'title': 'Page 345', 'timestamp': '2026-05-30T00:35:30.211417'}, {'url': 'https://example344.com', 'title': 'Page 344', 'timestamp': '2026-05-30T00:35:30.209750'}, {'url': 'https://example343.com', 'title': 'Page 343', 'timestamp': '2026-05-30T00:35:30.205784'}, {'url': 'https://example342.com', 'title': 'Page 342', 'timestamp': '2026-05-30T00:35:30.203624'}, {'url': 'https://example341.com', 'title': 'Page 341', 'timestamp': '2026-05-30T00:35:30.202132'}, {'url': 'https://example340.com', 'title': 'Page 340', 'timestamp': '2026-05-30T00:35:30.200608'}, {'url': 'https://example339.com', 'title': 'Page 339', 'timestamp': '2026-05-30T00:35:30.199137'}, {'url': 'https://example338.com', 'title': 'Page 338', 'timestamp': '2026-05-30T00:35:30.197615'}, {'url': 'https://example337.com', 'title': 'Page 337', 'timestamp': '2026-05-30T00:35:30.196152'}, {'url': 'https://example336.com', 'title': 'Page 336', 'timestamp': '2026-05-30T00:35:30.194679'}, {'url': 'https://example335.com', 'title': 'Page 335', 'timestamp': '2026-05-30T00:35:30.193194'}, {'url': 'https://example334.com', 'title': 'Page 334', 'timestamp': '2026-05-30T00:35:30.191495'}, {'url': 'https://example333.com', 'title': 'Page 333', 'timestamp': '2026-05-30T00:35:30.188969'}, {'url': 'https://example332.com', 'title': 'Page 332', 'timestamp': '2026-05-30T00:35:30.187119'}, {'url': 'https://example331.com', 'title': 'Page 331', 'timestamp': '2026-05-30T00:35:30.185651'}, {'url': 'https://example330.com', 'title': 'Page 330', 'timestamp': '2026-05-30T00:35:30.184136'}, {'url': 'https://example329.com', 'title': 'Page 329', 'timestamp': '2026-05-30T00:35:30.182658'}, {'url': 'https://example328.com', 'title': 'Page 328', 'timestamp': '2026-05-30T00:35:30.181133'}, {'url': 'https://example327.com', 'title': 'Page 327', 'timestamp': '2026-05-30T00:35:30.179667'}, {'url': 'https://example326.com', 'title': 'Page 326', 'timestamp': '2026-05-30T00:35:30.178183'}, {'url': 'https://example325.com', 'title': 'Page 325', 'timestamp': '2026-05-30T00:35:30.176615'}, {'url': 'https://example324.com', 'title': 'Page 324', 'timestamp': '2026-05-30T00:35:30.174780'}, {'url': 'https://example323.com', 'title': 'Page 323', 'timestamp': '2026-05-30T00:35:30.171787'}, {'url': 'https://example322.com', 'title': 'Page 322', 'timestamp': '2026-05-30T00:35:30.170145'}, {'url': 'https://example321.com', 'title': 'Page 321', 'timestamp': '2026-05-30T00:35:30.168653'}, {'url': 'https://example320.com', 'title': 'Page 320', 'timestamp': '2026-05-30T00:35:30.167218'}, {'url': 'https://example319.com', 'title': 'Page 319', 'timestamp': '2026-05-30T00:35:30.165711'}, {'url': 'https://example318.com', 'title': 'Page 318', 'timestamp': '2026-05-30T00:35:30.164146'}, {'url': 'https://example317.com', 'title': 'Page 317', 'timestamp': '2026-05-30T00:35:30.162423'}, {'url': 'https://example316.com', 'title': 'Page 316', 'timestamp': '2026-05-30T00:35:30.160771'}, {'url': 'https://example315.com', 'title': 'Page 315', 'timestamp': '2026-05-30T00:35:30.159020'}, {'url': 'https://example314.com', 'title': 'Page 314', 'timestamp': '2026-05-30T00:35:30.156590'}, {'url': 'https://example313.com', 'title': 'Page 313', 'timestamp': '2026-05-30T00:35:30.154286'}, {'url': 'https://example312.com', 'title': 'Page 312', 'timestamp': '2026-05-30T00:35:30.152821'}, {'url': 'https://example311.com', 'title': 'Page 311', 'timestamp': '2026-05-30T00:35:30.151350'}, {'url': 'https://example310.com', 'title': 'Page 310', 'timestamp': '2026-05-30T00:35:30.149849'}, {'url': 'https://example309.com', 'title': 'Page 309', 'timestamp': '2026-05-30T00:35:30.148399'}, {'url': 'https://example308.com', 'title': 'Page 308', 'timestamp': '2026-05-30T00:35:30.146917'}, {'url': 'https://example307.com', 'title': 'Page 307', 'timestamp': '2026-05-30T00:35:30.145406'}, {'url': 'https://example306.com', 'title': 'Page 306', 'timestamp': '2026-05-30T00:35:30.143911'}, {'url': 'https://example305.com', 'title': 'Page 305', 'timestamp': '2026-05-30T00:35:30.142234'}, {'url': 'https://example304.com', 'title': 'Page 304', 'timestamp': '2026-05-30T00:35:30.140001'}, {'url': 'https://example303.com', 'title': 'Page 303', 'timestamp': '2026-05-30T00:35:30.137687'}, {'url': 'https://example302.com', 'title': 'Page 302', 'timestamp': '2026-05-30T00:35:30.136232'}, {'url': 'https://example301.com', 'title': 'Page 301', 'timestamp': '2026-05-30T00:35:30.134736'}, {'url': 'https://example300.com', 'title': 'Page 300', 'timestamp': '2026-05-30T00:35:30.133188'}, {'url': 'https://example299.com', 'title': 'Page 299', 'timestamp': '2026-05-30T00:35:30.131765'}, {'url': 'https://example298.com', 'title': 'Page 298', 'timestamp': '2026-05-30T00:35:30.130356'}, {'url': 'https://example297.com', 'title': 'Page 297', 'timestamp': '2026-05-30T00:35:30.128979'}, {'url': 'https://example296.com', 'title': 'Page 296', 'timestamp': '2026-05-30T00:35:30.127566'}, {'url': 'https://example295.com', 'title': 'Page 295', 'timestamp': '2026-05-30T00:35:30.126061'}, {'url': 'https://example294.com', 'title': 'Page 294', 'timestamp': '2026-05-30T00:35:30.124297'}, {'url': 'https://example293.com', 'title': 'Page 293', 'timestamp': '2026-05-30T00:35:30.121680'}, {'url': 'https://example292.com', 'title': 'Page 292', 'timestamp': '2026-05-30T00:35:30.120136'}, {'url': 'https://example291.com', 'title': 'Page 291', 'timestamp': '2026-05-30T00:35:30.118659'}, {'url': 'https://example290.com', 'title': 'Page 290', 'timestamp': '2026-05-30T00:35:30.117114'}, {'url': 'https://example289.com', 'title': 'Page 289', 'timestamp': '2026-05-30T00:35:30.115660'}, {'url': 'https://example288.com', 'title': 'Page 288', 'timestamp': '2026-05-30T00:35:30.114173'}, {'url': 'https://example287.com', 'title': 'Page 287', 'timestamp': '2026-05-30T00:35:30.112751'}, {'url': 'https://example286.com', 'title': 'Page 286', 'timestamp': '2026-05-30T00:35:30.111197'}, {'url': 'https://example285.com', 'title': 'Page 285', 'timestamp': '2026-05-30T00:35:30.109408'}, {'url': 'https://example284.com', 'title': 'Page 284', 'timestamp': '2026-05-30T00:35:30.107796'}, {'url': 'https://example283.com', 'title': 'Page 283', 'timestamp': '2026-05-30T00:35:30.105279'}, {'url': 'https://example282.com', 'title': 'Page 282', 'timestamp': '2026-05-30T00:35:30.103556'}, {'url': 'https://example281.com', 'title': 'Page 281', 'timestamp': '2026-05-30T00:35:30.102124'}, {'url': 'https://example280.com', 'title': 'Page 280', 'timestamp': '2026-05-30T00:35:30.100646'}, {'url': 'https://example279.com', 'title': 'Page 279', 'timestamp': '2026-05-30T00:35:30.099128'}, {'url': 'https://example278.com', 'title': 'Page 278', 'timestamp': '2026-05-30T00:35:30.097616'}, {'url': 'https://example277.com', 'title': 'Page 277', 'timestamp': '2026-05-30T00:35:30.096105'}, {'url': 'https://example276.com', 'title': 'Page 276', 'timestamp': '2026-05-30T00:35:30.094544'}, {'url': 'https://example275.com', 'title': 'Page 275', 'timestamp': '2026-05-30T00:35:30.092858'}, {'url': 'https://example274.com', 'title': 'Page 274', 'timestamp': '2026-05-30T00:35:30.091285'}, {'url': 'https://example273.com', 'title': 'Page 273', 'timestamp': '2026-05-30T00:35:30.089189'}, {'url': 'https://example272.com', 'title': 'Page 272', 'timestamp': '2026-05-30T00:35:30.087396'}, {'url': 'https://example271.com', 'title': 'Page 271', 'timestamp': '2026-05-30T00:35:30.086035'}, {'url': 'https://example270.com', 'title': 'Page 270', 'timestamp': '2026-05-30T00:35:30.084623'}, {'url': 'https://example269.com', 'title': 'Page 269', 'timestamp': '2026-05-30T00:35:30.083202'}, {'url': 'https://example268.com', 'title': 'Page 268', 'timestamp': '2026-05-30T00:35:30.081622'}, {'url': 'https://example267.com', 'title': 'Page 267', 'timestamp': '2026-05-30T00:35:30.080120'}, {'url': 'https://example266.com', 'title': 'Page 266', 'timestamp': '2026-05-30T00:35:30.078659'}, {'url': 'https://example265.com', 'title': 'Page 265', 'timestamp': '2026-05-30T00:35:30.077130'}, {'url': 'https://example264.com', 'title': 'Page 264', 'timestamp': '2026-05-30T00:35:30.075687'}, {'url': 'https://example263.com', 'title': 'Page 263', 'timestamp': '2026-05-30T00:35:30.073969'}, {'url': 'https://example262.com', 'title': 'Page 262', 'timestamp': '2026-05-30T00:35:30.071294'}, {'url': 'https://example261.com', 'title': 'Page 261', 'timestamp': '2026-05-30T00:35:30.069878'}, {'url': 'https://example260.com', 'title': 'Page 260', 'timestamp': '2026-05-30T00:35:30.068508'}, {'url': 'https://example259.com', 'title': 'Page 259', 'timestamp': '2026-05-30T00:35:30.067113'}, {'url': 'https://example258.com', 'title': 'Page 258', 'timestamp': '2026-05-30T00:35:30.065710'}, {'url': 'https://example257.com', 'title': 'Page 257', 'timestamp': '2026-05-30T00:35:30.064258'}, {'url': 'https://example256.com', 'title': 'Page 256', 'timestamp': '2026-05-30T00:35:30.062687'}, {'url': 'https://example255.com', 'title': 'Page 255', 'timestamp': '2026-05-30T00:35:30.061031'}, {'url': 'https://example254.com', 'title': 'Page 254', 'timestamp': '2026-05-30T00:35:30.059227'}, {'url': 'https://example253.com', 'title': 'Page 253', 'timestamp': '2026-05-30T00:35:30.057268'}, {'url': 'https://example252.com', 'title': 'Page 252', 'timestamp': '2026-05-30T00:35:30.054743'}, {'url': 'https://example251.com', 'title': 'Page 251', 'timestamp': '2026-05-30T00:35:30.053204'}, {'url': 'https://example250.com', 'title': 'Page 250', 'timestamp': '2026-05-30T00:35:30.051590'}, {'url': 'https://example249.com', 'title': 'Page 249', 'timestamp': '2026-05-30T00:35:30.050057'}, {'url': 'https://example248.com', 'title': 'Page 248', 'timestamp': '2026-05-30T00:35:30.048509'}, {'url': 'https://example247.com', 'title': 'Page 247', 'timestamp': '2026-05-30T00:35:30.046970'}, {'url': 'https://example246.com', 'title': 'Page 246', 'timestamp': '2026-05-30T00:35:30.044980'}, {'url': 'https://example245.com', 'title': 'Page 245', 'timestamp': '2026-05-30T00:35:30.043176'}, {'url': 'https://example244.com', 'title': 'Page 244', 'timestamp': '2026-05-30T00:35:30.041358'}, {'url': 'https://example243.com', 'title': 'Page 243', 'timestamp': '2026-05-30T00:35:30.038630'}, {'url': 'https://example242.com', 'title': 'Page 242', 'timestamp': '2026-05-30T00:35:30.036773'}, {'url': 'https://example241.com', 'title': 'Page 241', 'timestamp': '2026-05-30T00:35:30.035074'}, {'url': 'https://example240.com', 'title': 'Page 240', 'timestamp': '2026-05-30T00:35:30.033363'}, {'url': 'https://example239.com', 'title': 'Page 239', 'timestamp': '2026-05-30T00:35:30.031777'}, {'url': 'https://example238.com', 'title': 'Page 238', 'timestamp': '2026-05-30T00:35:30.029821'}, {'url': 'https://example237.com', 'title': 'Page 237', 'timestamp': '2026-05-30T00:35:30.028186'}, {'url': 'https://example236.com', 'title': 'Page 236', 'timestamp': '2026-05-30T00:35:30.026754'}, {'url': 'https://example235.com', 'title': 'Page 235', 'timestamp': '2026-05-30T00:35:30.025195'}, {'url': 'https://example234.com', 'title': 'Page 234', 'timestamp': '2026-05-30T00:35:30.023179'}, {'url': 'https://example233.com', 'title': 'Page 233', 'timestamp': '2026-05-30T00:35:30.021065'}, {'url': 'https://example232.com', 'title': 'Page 232', 'timestamp': '2026-05-30T00:35:30.019629'}, {'url': 'https://example231.com', 'title': 'Page 231', 'timestamp': '2026-05-30T00:35:30.018159'}, {'url': 'https://example230.com', 'title': 'Page 230', 'timestamp': '2026-05-30T00:35:30.016619'}, {'url': 'https://example229.com', 'title': 'Page 229', 'timestamp': '2026-05-30T00:35:30.015087'}, {'url': 'https://example228.com', 'title': 'Page 228', 'timestamp': '2026-05-30T00:35:30.013528'}, {'url': 'https://example227.com', 'title': 'Page 227', 'timestamp': '2026-05-30T00:35:30.012182'}, {'url': 'https://example226.com', 'title': 'Page 226', 'timestamp': '2026-05-30T00:35:30.010742'}, {'url': 'https://example225.com', 'title': 'Page 225', 'timestamp': '2026-05-30T00:35:30.009198'}, {'url': 'https://example224.com', 'title': 'Page 224', 'timestamp': '2026-05-30T00:35:30.007336'}, {'url': 'https://example223.com', 'title': 'Page 223', 'timestamp': '2026-05-30T00:35:30.004584'}, {'url': 'https://example222.com', 'title': 'Page 222', 'timestamp': '2026-05-30T00:35:30.003179'}, {'url': 'https://example221.com', 'title': 'Page 221', 'timestamp': '2026-05-30T00:35:30.001844'}, {'url': 'https://example220.com', 'title': 'Page 220', 'timestamp': '2026-05-30T00:35:30.000430'}, {'url': 'https://example219.com', 'title': 'Page 219', 'timestamp': '2026-05-30T00:35:29.998979'}, {'url': 'https://example218.com', 'title': 'Page 218', 'timestamp': '2026-05-30T00:35:29.997003'}, {'url': 'https://example217.com', 'title': 'Page 217', 'timestamp': '2026-05-30T00:35:29.995609'}, {'url': 'https://example216.com', 'title': 'Page 216', 'timestamp': '2026-05-30T00:35:29.994172'}, {'url': 'https://example215.com', 'title': 'Page 215', 'timestamp': '2026-05-30T00:35:29.992788'}, {'url': 'https://example214.com', 'title': 'Page 214', 'timestamp': '2026-05-30T00:35:29.991002'}, {'url': 'https://example213.com', 'title': 'Page 213', 'timestamp': '2026-05-30T00:35:29.988474'}, {'url': 'https://example212.com', 'title': 'Page 212', 'timestamp': '2026-05-30T00:35:29.987054'}, {'url': 'https://example211.com', 'title': 'Page 211', 'timestamp': '2026-05-30T00:35:29.985723'}, {'url': 'https://example210.com', 'title': 'Page 210', 'timestamp': '2026-05-30T00:35:29.984353'}, {'url': 'https://example209.com', 'title': 'Page 209', 'timestamp': '2026-05-30T00:35:29.982913'}, {'url': 'https://example208.com', 'title': 'Page 208', 'timestamp': '2026-05-30T00:35:29.981117'}, {'url': 'https://example207.com', 'title': 'Page 207', 'timestamp': '2026-05-30T00:35:29.979795'}, {'url': 'https://example206.com', 'title': 'Page 206', 'timestamp': '2026-05-30T00:35:29.978403'}, {'url': 'https://example205.com', 'title': 'Page 205', 'timestamp': '2026-05-30T00:35:29.976904'}, {'url': 'https://example204.com', 'title': 'Page 204', 'timestamp': '2026-05-30T00:35:29.975183'}, {'url': 'https://example203.com', 'title': 'Page 203', 'timestamp': '2026-05-30T00:35:29.972736'}, {'url': 'https://example202.com', 'title': 'Page 202', 'timestamp': '2026-05-30T00:35:29.970888'}, {'url': 'https://example201.com', 'title': 'Page 201', 'timestamp': '2026-05-30T00:35:29.969513'}, {'url': 'https://example200.com', 'title': 'Page 200', 'timestamp': '2026-05-30T00:35:29.968056'}, {'url': 'https://example199.com', 'title': 'Page 199', 'timestamp': '2026-05-30T00:35:29.965993'}, {'url': 'https://example198.com', 'title': 'Page 198', 'timestamp': '2026-05-30T00:35:29.964424'}, {'url': 'https://example197.com', 'title': 'Page 197', 'timestamp': '2026-05-30T00:35:29.963033'}, {'url': 'https://example196.com', 'title': 'Page 196', 'timestamp': '2026-05-30T00:35:29.961625'}, {'url': 'https://example195.com', 'title': 'Page 195', 'timestamp': '2026-05-30T00:35:29.960228'}, {'url': 'https://example194.com', 'title': 'Page 194', 'timestamp': '2026-05-30T00:35:29.958421'}, {'url': 'https://example193.com', 'title': 'Page 193', 'timestamp': '2026-05-30T00:35:29.954977'}, {'url': 'https://example192.com', 'title': 'Page 192', 'timestamp': '2026-05-30T00:35:29.953498'}, {'url': 'https://example191.com', 'title': 'Page 191', 'timestamp': '2026-05-30T00:35:29.952033'}, {'url': 'https://example190.com', 'title': 'Page 190', 'timestamp': '2026-05-30T00:35:29.950371'}, {'url': 'https://example189.com', 'title': 'Page 189', 'timestamp': '2026-05-30T00:35:29.948747'}, {'url': 'https://example188.com', 'title': 'Page 188', 'timestamp': '2026-05-30T00:35:29.947419'}, {'url': 'https://example187.com', 'title': 'Page 187', 'timestamp': '2026-05-30T00:35:29.946073'}, {'url': 'https://example186.com', 'title': 'Page 186', 'timestamp': '2026-05-30T00:35:29.944686'}, {'url': 'https://example185.com', 'title': 'Page 185', 'timestamp': '2026-05-30T00:35:29.942707'}, {'url': 'https://example184.com', 'title': 'Page 184', 'timestamp': '2026-05-30T00:35:29.939701'}, {'url': 'https://example183.com', 'title': 'Page 183', 'timestamp': '2026-05-30T00:35:29.937650'}, {'url': 'https://example182.com', 'title': 'Page 182', 'timestamp': '2026-05-30T00:35:29.936234'}, {'url': 'https://example181.com', 'title': 'Page 181', 'timestamp': '2026-05-30T00:35:29.934534'}, {'url': 'https://example180.com', 'title': 'Page 180', 'timestamp': '2026-05-30T00:35:29.932816'}, {'url': 'https://example179.com', 'title': 'Page 179', 'timestamp': '2026-05-30T00:35:29.931454'}, {'url': 'https://example178.com', 'title': 'Page 178', 'timestamp': '2026-05-30T00:35:29.930075'}, {'url': 'https://example177.com', 'title': 'Page 177', 'timestamp': '2026-05-30T00:35:29.928648'}, {'url': 'https://example176.com', 'title': 'Page 176', 'timestamp': '2026-05-30T00:35:29.927300'}, {'url': 'https://example175.com', 'title': 'Page 175', 'timestamp': '2026-05-30T00:35:29.925378'}, {'url': 'https://example174.com', 'title': 'Page 174', 'timestamp': '2026-05-30T00:35:29.923231'}, {'url': 'https://example173.com', 'title': 'Page 173', 'timestamp': '2026-05-30T00:35:29.921188'}, {'url': 'https://example172.com', 'title': 'Page 172', 'timestamp': '2026-05-30T00:35:29.919783'}, {'url': 'https://example171.com', 'title': 'Page 171', 'timestamp': '2026-05-30T00:35:29.918261'}, {'url': 'https://example170.com', 'title': 'Page 170', 'timestamp': '2026-05-30T00:35:29.916737'}, {'url': 'https://example169.com', 'title': 'Page 169', 'timestamp': '2026-05-30T00:35:29.915398'}, {'url': 'https://example168.com', 'title': 'Page 168', 'timestamp': '2026-05-30T00:35:29.913935'}, {'url': 'https://example167.com', 'title': 'Page 167', 'timestamp': '2026-05-30T00:35:29.912559'}, {'url': 'https://example166.com', 'title': 'Page 166', 'timestamp': '2026-05-30T00:35:29.910992'}, {'url': 'https://example165.com', 'title': 'Page 165', 'timestamp': '2026-05-30T00:35:29.908850'}, {'url': 'https://example164.com', 'title': 'Page 164', 'timestamp': '2026-05-30T00:35:29.906714'}, {'url': 'https://example163.com', 'title': 'Page 163', 'timestamp': '2026-05-30T00:35:29.904399'}, {'url': 'https://example162.com', 'title': 'Page 162', 'timestamp': '2026-05-30T00:35:29.902785'}, {'url': 'https://example161.com', 'title': 'Page 161', 'timestamp': '2026-05-30T00:35:29.901204'}, {'url': 'https://example160.com', 'title': 'Page 160', 'timestamp': '2026-05-30T00:35:29.899885'}, {'url': 'https://example159.com', 'title': 'Page 159', 'timestamp': '2026-05-30T00:35:29.898593'}, {'url': 'https://example158.com', 'title': 'Page 158', 'timestamp': '2026-05-30T00:35:29.897291'}, {'url': 'https://example157.com', 'title': 'Page 157', 'timestamp': '2026-05-30T00:35:29.895926'}, {'url': 'https://example156.com', 'title': 'Page 156', 'timestamp': '2026-05-30T00:35:29.894576'}, {'url': 'https://example155.com', 'title': 'Page 155', 'timestamp': '2026-05-30T00:35:29.892752'}, {'url': 'https://example154.com', 'title': 'Page 154', 'timestamp': '2026-05-30T00:35:29.891175'}, {'url': 'https://example153.com', 'title': 'Page 153', 'timestamp': '2026-05-30T00:35:29.888476'}, {'url': 'https://example152.com', 'title': 'Page 152', 'timestamp': '2026-05-30T00:35:29.886726'}, {'url': 'https://example151.com', 'title': 'Page 151', 'timestamp': '2026-05-30T00:35:29.885154'}, {'url': 'https://example150.com', 'title': 'Page 150', 'timestamp': '2026-05-30T00:35:29.883890'}, {'url': 'https://example149.com', 'title': 'Page 149', 'timestamp': '2026-05-30T00:35:29.882592'}, {'url': 'https://example148.com', 'title': 'Page 148', 'timestamp': '2026-05-30T00:35:29.881203'}, {'url': 'https://example147.com', 'title': 'Page 147', 'timestamp': '2026-05-30T00:35:29.879818'}, {'url': 'https://example146.com', 'title': 'Page 146', 'timestamp': '2026-05-30T00:35:29.878260'}, {'url': 'https://example145.com', 'title': 'Page 145', 'timestamp': '2026-05-30T00:35:29.876537'}, {'url': 'https://example144.com', 'title': 'Page 144', 'timestamp': '2026-05-30T00:35:29.874815'}, {'url': 'https://example143.com', 'title': 'Page 143', 'timestamp': '2026-05-30T00:35:29.872453'}, {'url': 'https://example142.com', 'title': 'Page 142', 'timestamp': '2026-05-30T00:35:29.870638'}, {'url': 'https://example141.com', 'title': 'Page 141', 'timestamp': '2026-05-30T00:35:29.868900'}, {'url': 'https://example140.com', 'title': 'Page 140', 'timestamp': '2026-05-30T00:35:29.867663'}, {'url': 'https://example139.com', 'title': 'Page 139', 'timestamp': '2026-05-30T00:35:29.866368'}, {'url': 'https://example138.com', 'title': 'Page 138', 'timestamp': '2026-05-30T00:35:29.865113'}, {'url': 'https://example137.com', 'title': 'Page 137', 'timestamp': '2026-05-30T00:35:29.863843'}, {'url': 'https://example136.com', 'title': 'Page 136', 'timestamp': '2026-05-30T00:35:29.862459'}, {'url': 'https://example135.com', 'title': 'Page 135', 'timestamp': '2026-05-30T00:35:29.860793'}, {'url': 'https://example134.com', 'title': 'Page 134', 'timestamp': '2026-05-30T00:35:29.859412'}, {'url': 'https://example133.com', 'title': 'Page 133', 'timestamp': '2026-05-30T00:35:29.857628'}, {'url': 'https://example132.com', 'title': 'Page 132', 'timestamp': '2026-05-30T00:35:29.855150'}, {'url': 'https://example131.com', 'title': 'Page 131', 'timestamp': '2026-05-30T00:35:29.853422'}, {'url': 'https://example130.com', 'title': 'Page 130', 'timestamp': '2026-05-30T00:35:29.852165'}, {'url': 'https://example129.com', 'title': 'Page 129', 'timestamp': '2026-05-30T00:35:29.850889'}, {'url': 'https://example128.com', 'title': 'Page 128', 'timestamp': '2026-05-30T00:35:29.849642'}, {'url': 'https://example127.com', 'title': 'Page 127', 'timestamp': '2026-05-30T00:35:29.848347'}, {'url': 'https://example126.com', 'title': 'Page 126', 'timestamp': '2026-05-30T00:35:29.847070'}, {'url': 'https://example125.com', 'title': 'Page 125', 'timestamp': '2026-05-30T00:35:29.845470'}, {'url': 'https://example124.com', 'title': 'Page 124', 'timestamp': '2026-05-30T00:35:29.844028'}, {'url': 'https://example123.com', 'title': 'Page 123', 'timestamp': '2026-05-30T00:35:29.842113'}, {'url': 'https://example122.com', 'title': 'Page 122', 'timestamp': '2026-05-30T00:35:29.839344'}, {'url': 'https://example121.com', 'title': 'Page 121', 'timestamp': '2026-05-30T00:35:29.837379'}, {'url': 'https://example120.com', 'title': 'Page 120', 'timestamp': '2026-05-30T00:35:29.836072'}, {'url': 'https://example119.com', 'title': 'Page 119', 'timestamp': '2026-05-30T00:35:29.834822'}, {'url': 'https://example118.com', 'title': 'Page 118', 'timestamp': '2026-05-30T00:35:29.833524'}, {'url': 'https://example117.com', 'title': 'Page 117', 'timestamp': '2026-05-30T00:35:29.832223'}, {'url': 'https://example116.com', 'title': 'Page 116', 'timestamp': '2026-05-30T00:35:29.830935'}, {'url': 'https://example115.com', 'title': 'Page 115', 'timestamp': '2026-05-30T00:35:29.829440'}, {'url': 'https://example114.com', 'title': 'Page 114', 'timestamp': '2026-05-30T00:35:29.828023'}, {'url': 'https://example113.com', 'title': 'Page 113', 'timestamp': '2026-05-30T00:35:29.826694'}, {'url': 'https://example112.com', 'title': 'Page 112', 'timestamp': '2026-05-30T00:35:29.824868'}, {'url': 'https://example111.com', 'title': 'Page 111', 'timestamp': '2026-05-30T00:35:29.822269'}, {'url': 'https://example110.com', 'title': 'Page 110', 'timestamp': '2026-05-30T00:35:29.820669'}, {'url': 'https://example109.com', 'title': 'Page 109', 'timestamp': '2026-05-30T00:35:29.819454'}, {'url': 'https://example108.com', 'title': 'Page 108', 'timestamp': '2026-05-30T00:35:29.818205'}, {'url': 'https://example107.com', 'title': 'Page 107', 'timestamp': '2026-05-30T00:35:29.816878'}, {'url': 'https://example106.com', 'title': 'Page 106', 'timestamp': '2026-05-30T00:35:29.815495'}, {'url': 'https://example105.com', 'title': 'Page 105', 'timestamp': '2026-05-30T00:35:29.814065'}, {'url': 'https://example104.com', 'title': 'Page 104', 'timestamp': '2026-05-30T00:35:29.812581'}, {'url': 'https://example103.com', 'title': 'Page 103', 'timestamp': '2026-05-30T00:35:29.811282'}, {'url': 'https://example102.com', 'title': 'Page 102', 'timestamp': '2026-05-30T00:35:29.809762'}, {'url': 'https://example101.com', 'title': 'Page 101', 'timestamp': '2026-05-30T00:35:29.807635'}, {'url': 'https://example100.com', 'title': 'Page 100', 'timestamp': '2026-05-30T00:35:29.805034'}, {'url': 'https://example99.com', 'title': 'Page 99', 'timestamp': '2026-05-30T00:35:29.803669'}, {'url': 'https://example98.com', 'title': 'Page 98', 'timestamp': '2026-05-30T00:35:29.802387'}, {'url': 'https://example97.com', 'title': 'Page 97', 'timestamp': '2026-05-30T00:35:29.801073'}, {'url': 'https://example96.com', 'title': 'Page 96', 'timestamp': '2026-05-30T00:35:29.799820'}, {'url': 'https://example95.com', 'title': 'Page 95', 'timestamp': '2026-05-30T00:35:29.798388'}, {'url': 'https://example94.com', 'title': 'Page 94', 'timestamp': '2026-05-30T00:35:29.796599'}, {'url': 'https://example93.com', 'title': 'Page 93', 'timestamp': '2026-05-30T00:35:29.794993'}, {'url': 'https://example92.com', 'title': 'Page 92', 'timestamp': '2026-05-30T00:35:29.793437'}, {'url': 'https://example91.com', 'title': 'Page 91', 'timestamp': '2026-05-30T00:35:29.791613'}, {'url': 'https://example90.com', 'title': 'Page 90', 'timestamp': '2026-05-30T00:35:29.788786'}, {'url': 'https://example89.com', 'title': 'Page 89', 'timestamp': '2026-05-30T00:35:29.787321'}, {'url': 'https://example88.com', 'title': 'Page 88', 'timestamp': '2026-05-30T00:35:29.786054'}, {'url': 'https://example87.com', 'title': 'Page 87', 'timestamp': '2026-05-30T00:35:29.784675'}, {'url': 'https://example86.com', 'title': 'Page 86', 'timestamp': '2026-05-30T00:35:29.783271'}, {'url': 'https://example85.com', 'title': 'Page 85', 'timestamp': '2026-05-30T00:35:29.781538'}, {'url': 'https://example84.com', 'title': 'Page 84', 'timestamp': '2026-05-30T00:35:29.780041'}, {'url': 'https://example83.com', 'title': 'Page 83', 'timestamp': '2026-05-30T00:35:29.778572'}, {'url': 'https://example82.com', 'title': 'Page 82', 'timestamp': '2026-05-30T00:35:29.776995'}, {'url': 'https://example81.com', 'title': 'Page 81', 'timestamp': '2026-05-30T00:35:29.775533'}, {'url': 'https://example80.com', 'title': 'Page 80', 'timestamp': '2026-05-30T00:35:29.773201'}, {'url': 'https://example79.com', 'title': 'Page 79', 'timestamp': '2026-05-30T00:35:29.770910'}, {'url': 'https://example78.com', 'title': 'Page 78', 'timestamp': '2026-05-30T00:35:29.769487'}, {'url': 'https://example77.com', 'title': 'Page 77', 'timestamp': '2026-05-30T00:35:29.768246'}, {'url': 'https://example76.com', 'title': 'Page 76', 'timestamp': '2026-05-30T00:35:29.766954'}, {'url': 'https://example75.com', 'title': 'Page 75', 'timestamp': '2026-05-30T00:35:29.765411'}, {'url': 'https://example74.com', 'title': 'Page 74', 'timestamp': '2026-05-30T00:35:29.764149'}, {'url': 'https://example73.com', 'title': 'Page 73', 'timestamp': '2026-05-30T00:35:29.762871'}, {'url': 'https://example72.com', 'title': 'Page 72', 'timestamp': '2026-05-30T00:35:29.761393'}, {'url': 'https://example71.com', 'title': 'Page 71', 'timestamp': '2026-05-30T00:35:29.760131'}, {'url': 'https://example70.com', 'title': 'Page 70', 'timestamp': '2026-05-30T00:35:29.758679'}, {'url': 'https://example69.com', 'title': 'Page 69', 'timestamp': '2026-05-30T00:35:29.756602'}] = &lt;browser.history_manager.HistoryManager object at 0x000001B0FBC3E150&gt;.history">tests\test_history_manager.py:81: in test_history_entries_include_timestamp
    assert len(history_manager.history) == 1
E   AssertionError: assert 1000 == 1
E    +  where 1000 = len([{'url': 'https://example.com', 'title': 'Example', 'timestamp': '2026-05-30T00:37:03.622301'}, {'url': 'https://example2.com', 'title': 'Example 2', 'timestamp': '2026-05-30T00:37:03.589436'}, {'url': 'https://example1.com', 'title': 'Example 1', 'timestamp': '2026-05-30T00:37:03.586849'}, {'url': 'https://example.com', 'title': 'Example', 'timestamp': '2026-05-30T00:37:03.523053'}, {'url': 'file:///home/user/document.html', 'title': 'Local File', 'timestamp': '2026-05-30T00:37:03.477438'}, {'url': 'https://example9.com', 'title': 'Page https://example9.com', 'timestamp': '2026-05-30T00:37:03.431272'}, {'url': 'https://example8.com', 'title': 'Page https://example8.com', 'timestamp': '2026-05-30T00:37:03.428996'}, {'url': 'https://example7.com', 'title': 'Page https://example7.com', 'timestamp': '2026-05-30T00:37:03.425830'}, {'url': 'https://example6.com', 'title': 'Page https://example6.com', 'timestamp': '2026-05-30T00:37:03.423347'}, {'url': 'https://example5.com', 'title': 'Page https://example5.com', 'timestamp': '2026-05-30T00:37:03.421079'}, {'url': 'https://example4.com', 'title': 'Page https://example4.com', 'timestamp': '2026-05-30T00:37:03.418887'}, {'url': 'https://example3.com', 'title': 'Page https://example3.com', 'timestamp': '2026-05-30T00:37:03.416612'}, {'url': 'https://example2.com', 'title': 'Page https://example2.com', 'timestamp': '2026-05-30T00:37:03.414328'}, {'url': 'https://example1.com', 'title': 'Page https://example1.com', 'timestamp': '2026-05-30T00:37:03.411924'}, {'url': 'https://example0.com', 'title': 'Page https://example0.com', 'timestamp': '2026-05-30T00:37:03.408413'}, {'url': 'https://example.com', 'title': 'Example Domain', 'timestamp': '2026-05-30T00:37:03.377159'}, {'url': 'file:///home/file.html', 'title': 'Test', 'timestamp': '2026-05-30T00:35:31.899236'}, {'url': 'http://example.com', 'title': 'Test', 'timestamp': '2026-05-30T00:35:31.864644'}, {'url': 'https://example.com', 'title': 'Test', 'timestamp': '2026-05-30T00:35:31.834593'}, {'url': 'https://example1049.com', 'title': 'Page 1049', 'timestamp': '2026-05-30T00:35:31.799892'}, {'url': 'https://example1048.com', 'title': 'Page 1048', 'timestamp': '2026-05-30T00:35:31.797353'}, {'url': 'https://example1047.com', 'title': 'Page 1047', 'timestamp': '2026-05-30T00:35:31.794951'}, {'url': 'https://example1046.com', 'title': 'Page 1046', 'timestamp': '2026-05-30T00:35:31.792214'}, {'url': 'https://example1045.com', 'title': 'Page 1045', 'timestamp': '2026-05-30T00:35:31.788854'}, {'url': 'https://example1044.com', 'title': 'Page 1044', 'timestamp': '2026-05-30T00:35:31.786329'}, {'url': 'https://example1043.com', 'title': 'Page 1043', 'timestamp': '2026-05-30T00:35:31.784038'}, {'url': 'https://example1042.com', 'title': 'Page 1042', 'timestamp': '2026-05-30T00:35:31.781490'}, {'url': 'https://example1041.com', 'title': 'Page 1041', 'timestamp': '2026-05-30T00:35:31.778955'}, {'url': 'https://example1040.com', 'title': 'Page 1040', 'timestamp': '2026-05-30T00:35:31.776194'}, {'url': 'https://example1039.com', 'title': 'Page 1039', 'timestamp': '2026-05-30T00:35:31.773050'}, {'url': 'https://example1038.com', 'title': 'Page 1038', 'timestamp': '2026-05-30T00:35:31.770163'}, {'url': 'https://example1037.com', 'title': 'Page 1037', 'timestamp': '2026-05-30T00:35:31.768003'}, {'url': 'https://example1036.com', 'title': 'Page 1036', 'timestamp': '2026-05-30T00:35:31.765738'}, {'url': 'https://example1035.com', 'title': 'Page 1035', 'timestamp': '2026-05-30T00:35:31.763374'}, {'url': 'https://example1034.com', 'title': 'Page 1034', 'timestamp': '2026-05-30T00:35:31.761053'}, {'url': 'https://example1033.com', 'title': 'Page 1033', 'timestamp': '2026-05-30T00:35:31.758403'}, {'url': 'https://example1032.com', 'title': 'Page 1032', 'timestamp': '2026-05-30T00:35:31.754831'}, {'url': 'https://example1031.com', 'title': 'Page 1031', 'timestamp': '2026-05-30T00:35:31.752584'}, {'url': 'https://example1030.com', 'title': 'Page 1030', 'timestamp': '2026-05-30T00:35:31.750425'}, {'url': 'https://example1029.com', 'title': 'Page 1029', 'timestamp': '2026-05-30T00:35:31.747861'}, {'url': 'https://example1028.com', 'title': 'Page 1028', 'timestamp': '2026-05-30T00:35:31.745555'}, {'url': 'https://example1027.com', 'title': 'Page 1027', 'timestamp': '2026-05-30T00:35:31.743040'}, {'url': 'https://example1026.com', 'title': 'Page 1026', 'timestamp': '2026-05-30T00:35:31.740055'}, {'url': 'https://example1025.com', 'title': 'Page 1025', 'timestamp': '2026-05-30T00:35:31.737112'}, {'url': 'https://example1024.com', 'title': 'Page 1024', 'timestamp': '2026-05-30T00:35:31.734825'}, {'url': 'https://example1023.com', 'title': 'Page 1023', 'timestamp': '2026-05-30T00:35:31.732385'}, {'url': 'https://example1022.com', 'title': 'Page 1022', 'timestamp': '2026-05-30T00:35:31.730185'}, {'url': 'https://example1021.com', 'title': 'Page 1021', 'timestamp': '2026-05-30T00:35:31.727788'}, {'url': 'https://example1020.com', 'title': 'Page 1020', 'timestamp': '2026-05-30T00:35:31.725095'}, {'url': 'https://example1019.com', 'title': 'Page 1019', 'timestamp': '2026-05-30T00:35:31.721120'}, {'url': 'https://example1018.com', 'title': 'Page 1018', 'timestamp': '2026-05-30T00:35:31.718877'}, {'url': 'https://example1017.com', 'title': 'Page 1017', 'timestamp': '2026-05-30T00:35:31.716318'}, {'url': 'https://example1016.com', 'title': 'Page 1016', 'timestamp': '2026-05-30T00:35:31.714069'}, {'url': 'https://example1015.com', 'title': 'Page 1015', 'timestamp': '2026-05-30T00:35:31.711635'}, {'url': 'https://example1014.com', 'title': 'Page 1014', 'timestamp': '2026-05-30T00:35:31.709052'}, {'url': 'https://example1013.com', 'title': 'Page 1013', 'timestamp': '2026-05-30T00:35:31.705808'}, {'url': 'https://example1012.com', 'title': 'Page 1012', 'timestamp': '2026-05-30T00:35:31.703136'}, {'url': 'https://example1011.com', 'title': 'Page 1011', 'timestamp': '2026-05-30T00:35:31.701064'}, {'url': 'https://example1010.com', 'title': 'Page 1010', 'timestamp': '2026-05-30T00:35:31.699009'}, {'url': 'https://example1009.com', 'title': 'Page 1009', 'timestamp': '2026-05-30T00:35:31.696705'}, {'url': 'https://example1008.com', 'title': 'Page 1008', 'timestamp': '2026-05-30T00:35:31.694486'}, {'url': 'https://example1007.com', 'title': 'Page 1007', 'timestamp': '2026-05-30T00:35:31.692238'}, {'url': 'https://example1006.com', 'title': 'Page 1006', 'timestamp': '2026-05-30T00:35:31.689295'}, {'url': 'https://example1005.com', 'title': 'Page 1005', 'timestamp': '2026-05-30T00:35:31.686573'}, {'url': 'https://example1004.com', 'title': 'Page 1004', 'timestamp': '2026-05-30T00:35:31.684424'}, {'url': 'https://example1003.com', 'title': 'Page 1003', 'timestamp': '2026-05-30T00:35:31.682287'}, {'url': 'https://example1002.com', 'title': 'Page 1002', 'timestamp': '2026-05-30T00:35:31.679994'}, {'url': 'https://example1001.com', 'title': 'Page 1001', 'timestamp': '2026-05-30T00:35:31.677552'}, {'url': 'https://example1000.com', 'title': 'Page 1000', 'timestamp': '2026-05-30T00:35:31.675233'}, {'url': 'https://example999.com', 'title': 'Page 999', 'timestamp': '2026-05-30T00:35:31.671580'}, {'url': 'https://example998.com', 'title': 'Page 998', 'timestamp': '2026-05-30T00:35:31.669175'}, {'url': 'https://example997.com', 'title': 'Page 997', 'timestamp': '2026-05-30T00:35:31.666962'}, {'url': 'https://example996.com', 'title': 'Page 996', 'timestamp': '2026-05-30T00:35:31.664456'}, {'url': 'https://example995.com', 'title': 'Page 995', 'timestamp': '2026-05-30T00:35:31.662271'}, {'url': 'https://example994.com', 'title': 'Page 994', 'timestamp': '2026-05-30T00:35:31.659984'}, {'url': 'https://example993.com', 'title': 'Page 993', 'timestamp': '2026-05-30T00:35:31.657515'}, {'url': 'https://example992.com', 'title': 'Page 992', 'timestamp': '2026-05-30T00:35:31.654436'}, {'url': 'https://example991.com', 'title': 'Page 991', 'timestamp': '2026-05-30T00:35:31.652368'}, {'url': 'https://example990.com', 'title': 'Page 990', 'timestamp': '2026-05-30T00:35:31.650263'}, {'url': 'https://example989.com', 'title': 'Page 989', 'timestamp': '2026-05-30T00:35:31.647953'}, {'url': 'https://example988.com', 'title': 'Page 988', 'timestamp': '2026-05-30T00:35:31.645892'}, {'url': 'https://example987.com', 'title': 'Page 987', 'timestamp': '2026-05-30T00:35:31.643652'}, {'url': 'https://example986.com', 'title': 'Page 986', 'timestamp': '2026-05-30T00:35:31.641387'}, {'url': 'https://example985.com', 'title': 'Page 985', 'timestamp': '2026-05-30T00:35:31.638246'}, {'url': 'https://example984.com', 'title': 'Page 984', 'timestamp': '2026-05-30T00:35:31.635844'}, {'url': 'https://example983.com', 'title': 'Page 983', 'timestamp': '2026-05-30T00:35:31.633695'}, {'url': 'https://example982.com', 'title': 'Page 982', 'timestamp': '2026-05-30T00:35:31.631308'}, {'url': 'https://example981.com', 'title': 'Page 981', 'timestamp': '2026-05-30T00:35:31.628965'}, {'url': 'https://example980.com', 'title': 'Page 980', 'timestamp': '2026-05-30T00:35:31.626773'}, {'url': 'https://example979.com', 'title': 'Page 979', 'timestamp': '2026-05-30T00:35:31.624478'}, {'url': 'https://example978.com', 'title': 'Page 978', 'timestamp': '2026-05-30T00:35:31.621196'}, {'url': 'https://example977.com', 'title': 'Page 977', 'timestamp': '2026-05-30T00:35:31.618992'}, {'url': 'https://example976.com', 'title': 'Page 976', 'timestamp': '2026-05-30T00:35:31.616563'}, {'url': 'https://example975.com', 'title': 'Page 975', 'timestamp': '2026-05-30T00:35:31.614133'}, {'url': 'https://example974.com', 'title': 'Page 974', 'timestamp': '2026-05-30T00:35:31.611658'}, {'url': 'https://example973.com', 'title': 'Page 973', 'timestamp': '2026-05-30T00:35:31.609403'}, {'url': 'https://example972.com', 'title': 'Page 972', 'timestamp': '2026-05-30T00:35:31.606428'}, {'url': 'https://example971.com', 'title': 'Page 971', 'timestamp': '2026-05-30T00:35:31.603600'}, {'url': 'https://example970.com', 'title': 'Page 970', 'timestamp': '2026-05-30T00:35:31.601257'}, {'url': 'https://example969.com', 'title': 'Page 969', 'timestamp': '2026-05-30T00:35:31.598912'}, {'url': 'https://example968.com', 'title': 'Page 968', 'timestamp': '2026-05-30T00:35:31.596302'}, {'url': 'https://example967.com', 'title': 'Page 967', 'timestamp': '2026-05-30T00:35:31.593955'}, {'url': 'https://example966.com', 'title': 'Page 966', 'timestamp': '2026-05-30T00:35:31.591270'}, {'url': 'https://example965.com', 'title': 'Page 965', 'timestamp': '2026-05-30T00:35:31.587533'}, {'url': 'https://example964.com', 'title': 'Page 964', 'timestamp': '2026-05-30T00:35:31.585196'}, {'url': 'https://example963.com', 'title': 'Page 963', 'timestamp': '2026-05-30T00:35:31.583081'}, {'url': 'https://example962.com', 'title': 'Page 962', 'timestamp': '2026-05-30T00:35:31.580674'}, {'url': 'https://example961.com', 'title': 'Page 961', 'timestamp': '2026-05-30T00:35:31.578566'}, {'url': 'https://example960.com', 'title': 'Page 960', 'timestamp': '2026-05-30T00:35:31.576212'}, {'url': 'https://example959.com', 'title': 'Page 959', 'timestamp': '2026-05-30T00:35:31.572776'}, {'url': 'https://example958.com', 'title': 'Page 958', 'timestamp': '2026-05-30T00:35:31.569673'}, {'url': 'https://example957.com', 'title': 'Page 957', 'timestamp': '2026-05-30T00:35:31.567369'}, {'url': 'https://example956.com', 'title': 'Page 956', 'timestamp': '2026-05-30T00:35:31.565066'}, {'url': 'https://example955.com', 'title': 'Page 955', 'timestamp': '2026-05-30T00:35:31.562837'}, {'url': 'https://example954.com', 'title': 'Page 954', 'timestamp': '2026-05-30T00:35:31.560396'}, {'url': 'https://example953.com', 'title': 'Page 953', 'timestamp': '2026-05-30T00:35:31.557606'}, {'url': 'https://example952.com', 'title': 'Page 952', 'timestamp': '2026-05-30T00:35:31.553884'}, {'url': 'https://example951.com', 'title': 'Page 951', 'timestamp': '2026-05-30T00:35:31.551729'}, {'url': 'https://example950.com', 'title': 'Page 950', 'timestamp': '2026-05-30T00:35:31.549112'}, {'url': 'https://example949.com', 'title': 'Page 949', 'timestamp': '2026-05-30T00:35:31.546813'}, {'url': 'https://example948.com', 'title': 'Page 948', 'timestamp': '2026-05-30T00:35:31.544410'}, {'url': 'https://example947.com', 'title': 'Page 947', 'timestamp': '2026-05-30T00:35:31.541086'}, {'url': 'https://example946.com', 'title': 'Page 946', 'timestamp': '2026-05-30T00:35:31.537576'}, {'url': 'https://example945.com', 'title': 'Page 945', 'timestamp': '2026-05-30T00:35:31.535480'}, {'url': 'https://example944.com', 'title': 'Page 944', 'timestamp': '2026-05-30T00:35:31.533306'}, {'url': 'https://example943.com', 'title': 'Page 943', 'timestamp': '2026-05-30T00:35:31.530821'}, {'url': 'https://example942.com', 'title': 'Page 942', 'timestamp': '2026-05-30T00:35:31.528485'}, {'url': 'https://example941.com', 'title': 'Page 941', 'timestamp': '2026-05-30T00:35:31.525825'}, {'url': 'https://example940.com', 'title': 'Page 940', 'timestamp': '2026-05-30T00:35:31.522617'}, {'url': 'https://example939.com', 'title': 'Page 939', 'timestamp': '2026-05-30T00:35:31.519783'}, {'url': 'https://example938.com', 'title': 'Page 938', 'timestamp': '2026-05-30T00:35:31.517613'}, {'url': 'https://example937.com', 'title': 'Page 937', 'timestamp': '2026-05-30T00:35:31.515365'}, {'url': 'https://example936.com', 'title': 'Page 936', 'timestamp': '2026-05-30T00:35:31.513143'}, {'url': 'https://example935.com', 'title': 'Page 935', 'timestamp': '2026-05-30T00:35:31.510487'}, {'url': 'https://example934.com', 'title': 'Page 934', 'timestamp': '2026-05-30T00:35:31.507131'}, {'url': 'https://example933.com', 'title': 'Page 933', 'timestamp': '2026-05-30T00:35:31.503803'}, {'url': 'https://example932.com', 'title': 'Page 932', 'timestamp': '2026-05-30T00:35:31.501568'}, {'url': 'https://example931.com', 'title': 'Page 931', 'timestamp': '2026-05-30T00:35:31.499349'}, {'url': 'https://example930.com', 'title': 'Page 930', 'timestamp': '2026-05-30T00:35:31.497139'}, {'url': 'https://example929.com', 'title': 'Page 929', 'timestamp': '2026-05-30T00:35:31.494785'}, {'url': 'https://example928.com', 'title': 'Page 928', 'timestamp': '2026-05-30T00:35:31.492298'}, {'url': 'https://example927.com', 'title': 'Page 927', 'timestamp': '2026-05-30T00:35:31.489301'}, {'url': 'https://example926.com', 'title': 'Page 926', 'timestamp': '2026-05-30T00:35:31.486349'}, {'url': 'https://example925.com', 'title': 'Page 925', 'timestamp': '2026-05-30T00:35:31.483829'}, {'url': 'https://example924.com', 'title': 'Page 924', 'timestamp': '2026-05-30T00:35:31.481661'}, {'url': 'https://example923.com', 'title': 'Page 923', 'timestamp': '2026-05-30T00:35:31.479452'}, {'url': 'https://example922.com', 'title': 'Page 922', 'timestamp': '2026-05-30T00:35:31.477054'}, {'url': 'https://example921.com', 'title': 'Page 921', 'timestamp': '2026-05-30T00:35:31.474297'}, {'url': 'https://example920.com', 'title': 'Page 920', 'timestamp': '2026-05-30T00:35:31.471067'}, {'url': 'https://example919.com', 'title': 'Page 919', 'timestamp': '2026-05-30T00:35:31.468590'}, {'url': 'https://example918.com', 'title': 'Page 918', 'timestamp': '2026-05-30T00:35:31.466455'}, {'url': 'https://example917.com', 'title': 'Page 917', 'timestamp': '2026-05-30T00:35:31.463275'}, {'url': 'https://example916.com', 'title': 'Page 916', 'timestamp': '2026-05-30T00:35:31.459359'}, {'url': 'https://example915.com', 'title': 'Page 915', 'timestamp': '2026-05-30T00:35:31.456613'}, {'url': 'https://example914.com', 'title': 'Page 914', 'timestamp': '2026-05-30T00:35:31.453485'}, {'url': 'https://example913.com', 'title': 'Page 913', 'timestamp': '2026-05-30T00:35:31.451397'}, {'url': 'https://example912.com', 'title': 'Page 912', 'timestamp': '2026-05-30T00:35:31.449358'}, {'url': 'https://example911.com', 'title': 'Page 911', 'timestamp': '2026-05-30T00:35:31.447093'}, {'url': 'https://example910.com', 'title': 'Page 910', 'timestamp': '2026-05-30T00:35:31.444262'}, {'url': 'https://example909.com', 'title': 'Page 909', 'timestamp': '2026-05-30T00:35:31.441550'}, {'url': 'https://example908.com', 'title': 'Page 908', 'timestamp': '2026-05-30T00:35:31.437835'}, {'url': 'https://example907.com', 'title': 'Page 907', 'timestamp': '2026-05-30T00:35:31.435661'}, {'url': 'https://example906.com', 'title': 'Page 906', 'timestamp': '2026-05-30T00:35:31.433605'}, {'url': 'https://example905.com', 'title': 'Page 905', 'timestamp': '2026-05-30T00:35:31.431404'}, {'url': 'https://example904.com', 'title': 'Page 904', 'timestamp': '2026-05-30T00:35:31.428844'}, {'url': 'https://example903.com', 'title': 'Page 903', 'timestamp': '2026-05-30T00:35:31.426481'}, {'url': 'https://example902.com', 'title': 'Page 902', 'timestamp': '2026-05-30T00:35:31.423160'}, {'url': 'https://example901.com', 'title': 'Page 901', 'timestamp': '2026-05-30T00:35:31.420265'}, {'url': 'https://example900.com', 'title': 'Page 900', 'timestamp': '2026-05-30T00:35:31.418131'}, {'url': 'https://example899.com', 'title': 'Page 899', 'timestamp': '2026-05-30T00:35:31.416032'}, {'url': 'https://example898.com', 'title': 'Page 898', 'timestamp': '2026-05-30T00:35:31.413926'}, {'url': 'https://example897.com', 'title': 'Page 897', 'timestamp': '2026-05-30T00:35:31.411352'}, {'url': 'https://example896.com', 'title': 'Page 896', 'timestamp': '2026-05-30T00:35:31.409141'}, {'url': 'https://example895.com', 'title': 'Page 895', 'timestamp': '2026-05-30T00:35:31.406392'}, {'url': 'https://example894.com', 'title': 'Page 894', 'timestamp': '2026-05-30T00:35:31.403671'}, {'url': 'https://example893.com', 'title': 'Page 893', 'timestamp': '2026-05-30T00:35:31.401631'}, {'url': 'https://example892.com', 'title': 'Page 892', 'timestamp': '2026-05-30T00:35:31.399538'}, {'url': 'https://example891.com', 'title': 'Page 891', 'timestamp': '2026-05-30T00:35:31.397355'}, {'url': 'https://example890.com', 'title': 'Page 890', 'timestamp': '2026-05-30T00:35:31.395083'}, {'url': 'https://example889.com', 'title': 'Page 889', 'timestamp': '2026-05-30T00:35:31.392923'}, {'url': 'https://example888.com', 'title': 'Page 888', 'timestamp': '2026-05-30T00:35:31.389851'}, {'url': 'https://example887.com', 'title': 'Page 887', 'timestamp': '2026-05-30T00:35:31.386920'}, {'url': 'https://example886.com', 'title': 'Page 886', 'timestamp': '2026-05-30T00:35:31.384766'}, {'url': 'https://example885.com', 'title': 'Page 885', 'timestamp': '2026-05-30T00:35:31.382566'}, {'url': 'https://example884.com', 'title': 'Page 884', 'timestamp': '2026-05-30T00:35:31.378997'}, {'url': 'https://example883.com', 'title': 'Page 883', 'timestamp': '2026-05-30T00:35:31.376683'}, {'url': 'https://example882.com', 'title': 'Page 882', 'timestamp': '2026-05-30T00:35:31.373803'}, {'url': 'https://example881.com', 'title': 'Page 881', 'timestamp': '2026-05-30T00:35:31.370776'}, {'url': 'https://example880.com', 'title': 'Page 880', 'timestamp': '2026-05-30T00:35:31.368678'}, {'url': 'https://example879.com', 'title': 'Page 879', 'timestamp': '2026-05-30T00:35:31.366546'}, {'url': 'https://example878.com', 'title': 'Page 878', 'timestamp': '2026-05-30T00:35:31.364081'}, {'url': 'https://example877.com', 'title': 'Page 877', 'timestamp': '2026-05-30T00:35:31.361927'}, {'url': 'https://example876.com', 'title': 'Page 876', 'timestamp': '2026-05-30T00:35:31.359782'}, {'url': 'https://example875.com', 'title': 'Page 875', 'timestamp': '2026-05-30T00:35:31.355948'}, {'url': 'https://example874.com', 'title': 'Page 874', 'timestamp': '2026-05-30T00:35:31.353254'}, {'url': 'https://example873.com', 'title': 'Page 873', 'timestamp': '2026-05-30T00:35:31.351060'}, {'url': 'https://example872.com', 'title': 'Page 872', 'timestamp': '2026-05-30T00:35:31.348699'}, {'url': 'https://example871.com', 'title': 'Page 871', 'timestamp': '2026-05-30T00:35:31.346524'}, {'url': 'https://example870.com', 'title': 'Page 870', 'timestamp': '2026-05-30T00:35:31.344130'}, {'url': 'https://example869.com', 'title': 'Page 869', 'timestamp': '2026-05-30T00:35:31.340757'}, {'url': 'https://example868.com', 'title': 'Page 868', 'timestamp': '2026-05-30T00:35:31.337443'}, {'url': 'https://example867.com', 'title': 'Page 867', 'timestamp': '2026-05-30T00:35:31.335359'}, {'url': 'https://example866.com', 'title': 'Page 866', 'timestamp': '2026-05-30T00:35:31.332877'}, {'url': 'https://example865.com', 'title': 'Page 865', 'timestamp': '2026-05-30T00:35:31.330807'}, {'url': 'https://example864.com', 'title': 'Page 864', 'timestamp': '2026-05-30T00:35:31.328657'}, {'url': 'https://example863.com', 'title': 'Page 863', 'timestamp': '2026-05-30T00:35:31.326534'}, {'url': 'https://example862.com', 'title': 'Page 862', 'timestamp': '2026-05-30T00:35:31.323200'}, {'url': 'https://example861.com', 'title': 'Page 861', 'timestamp': '2026-05-30T00:35:31.320323'}, {'url': 'https://example860.com', 'title': 'Page 860', 'timestamp': '2026-05-30T00:35:31.318078'}, {'url': 'https://example859.com', 'title': 'Page 859', 'timestamp': '2026-05-30T00:35:31.315610'}, {'url': 'https://example858.com', 'title': 'Page 858', 'timestamp': '2026-05-30T00:35:31.313610'}, {'url': 'https://example857.com', 'title': 'Page 857', 'timestamp': '2026-05-30T00:35:31.311516'}, {'url': 'https://example856.com', 'title': 'Page 856', 'timestamp': '2026-05-30T00:35:31.309104'}, {'url': 'https://example855.com', 'title': 'Page 855', 'timestamp': '2026-05-30T00:35:31.305132'}, {'url': 'https://example854.com', 'title': 'Page 854', 'timestamp': '2026-05-30T00:35:31.302546'}, {'url': 'https://example853.com', 'title': 'Page 853', 'timestamp': '2026-05-30T00:35:31.299688'}, {'url': 'https://example852.com', 'title': 'Page 852', 'timestamp': '2026-05-30T00:35:31.297572'}, {'url': 'https://example851.com', 'title': 'Page 851', 'timestamp': '2026-05-30T00:35:31.295344'}, {'url': 'https://example850.com', 'title': 'Page 850', 'timestamp': '2026-05-30T00:35:31.292871'}, {'url': 'https://example849.com', 'title': 'Page 849', 'timestamp': '2026-05-30T00:35:31.289929'}, {'url': 'https://example848.com', 'title': 'Page 848', 'timestamp': '2026-05-30T00:35:31.286668'}, {'url': 'https://example847.com', 'title': 'Page 847', 'timestamp': '2026-05-30T00:35:31.283938'}, {'url': 'https://example846.com', 'title': 'Page 846', 'timestamp': '2026-05-30T00:35:31.282013'}, {'url': 'https://example845.com', 'title': 'Page 845', 'timestamp': '2026-05-30T00:35:31.280044'}, {'url': 'https://example844.com', 'title': 'Page 844', 'timestamp': '2026-05-30T00:35:31.277831'}, {'url': 'https://example843.com', 'title': 'Page 843', 'timestamp': '2026-05-30T00:35:31.275561'}, {'url': 'https://example842.com', 'title': 'Page 842', 'timestamp': '2026-05-30T00:35:31.272789'}, {'url': 'https://example841.com', 'title': 'Page 841', 'timestamp': '2026-05-30T00:35:31.269921'}, {'url': 'https://example840.com', 'title': 'Page 840', 'timestamp': '2026-05-30T00:35:31.267673'}, {'url': 'https://example839.com', 'title': 'Page 839', 'timestamp': '2026-05-30T00:35:31.265627'}, {'url': 'https://example838.com', 'title': 'Page 838', 'timestamp': '2026-05-30T00:35:31.263445'}, {'url': 'https://example837.com', 'title': 'Page 837', 'timestamp': '2026-05-30T00:35:31.260923'}, {'url': 'https://example836.com', 'title': 'Page 836', 'timestamp': '2026-05-30T00:35:31.258715'}, {'url': 'https://example835.com', 'title': 'Page 835', 'timestamp': '2026-05-30T00:35:31.256058'}, {'url': 'https://example834.com', 'title': 'Page 834', 'timestamp': '2026-05-30T00:35:31.253000'}, {'url': 'https://example833.com', 'title': 'Page 833', 'timestamp': '2026-05-30T00:35:31.250971'}, {'url': 'https://example832.com', 'title': 'Page 832', 'timestamp': '2026-05-30T00:35:31.248903'}, {'url': 'https://example831.com', 'title': 'Page 831', 'timestamp': '2026-05-30T00:35:31.246740'}, {'url': 'https://example830.com', 'title': 'Page 830', 'timestamp': '2026-05-30T00:35:31.244475'}, {'url': 'https://example829.com', 'title': 'Page 829', 'timestamp': '2026-05-30T00:35:31.242251'}, {'url': 'https://example828.com', 'title': 'Page 828', 'timestamp': '2026-05-30T00:35:31.239435'}, {'url': 'https://example827.com', 'title': 'Page 827', 'timestamp': '2026-05-30T00:35:31.236581'}, {'url': 'https://example826.com', 'title': 'Page 826', 'timestamp': '2026-05-30T00:35:31.234584'}, {'url': 'https://example825.com', 'title': 'Page 825', 'timestamp': '2026-05-30T00:35:31.232430'}, {'url': 'https://example824.com', 'title': 'Page 824', 'timestamp': '2026-05-30T00:35:31.230255'}, {'url': 'https://example823.com', 'title': 'Page 823', 'timestamp': '2026-05-30T00:35:31.227842'}, {'url': 'https://example822.com', 'title': 'Page 822', 'timestamp': '2026-05-30T00:35:31.225479'}, {'url': 'https://example821.com', 'title': 'Page 821', 'timestamp': '2026-05-30T00:35:31.221579'}, {'url': 'https://example820.com', 'title': 'Page 820', 'timestamp': '2026-05-30T00:35:31.219381'}, {'url': 'https://example819.com', 'title': 'Page 819', 'timestamp': '2026-05-30T00:35:31.217330'}, {'url': 'https://example818.com', 'title': 'Page 818', 'timestamp': '2026-05-30T00:35:31.215277'}, {'url': 'https://example817.com', 'title': 'Page 817', 'timestamp': '2026-05-30T00:35:31.212885'}, {'url': 'https://example816.com', 'title': 'Page 816', 'timestamp': '2026-05-30T00:35:31.210567'}, {'url': 'https://example815.com', 'title': 'Page 815', 'timestamp': '2026-05-30T00:35:31.208027'}, {'url': 'https://example814.com', 'title': 'Page 814', 'timestamp': '2026-05-30T00:35:31.204126'}, {'url': 'https://example813.com', 'title': 'Page 813', 'timestamp': '2026-05-30T00:35:31.202053'}, {'url': 'https://example812.com', 'title': 'Page 812', 'timestamp': '2026-05-30T00:35:31.200035'}, {'url': 'https://example811.com', 'title': 'Page 811', 'timestamp': '2026-05-30T00:35:31.197593'}, {'url': 'https://example810.com', 'title': 'Page 810', 'timestamp': '2026-05-30T00:35:31.195313'}, {'url': 'https://example809.com', 'title': 'Page 809', 'timestamp': '2026-05-30T00:35:31.192983'}, {'url': 'https://example808.com', 'title': 'Page 808', 'timestamp': '2026-05-30T00:35:31.190130'}, {'url': 'https://example807.com', 'title': 'Page 807', 'timestamp': '2026-05-30T00:35:31.187200'}, {'url': 'https://example806.com', 'title': 'Page 806', 'timestamp': '2026-05-30T00:35:31.185296'}, {'url': 'https://example805.com', 'title': 'Page 805', 'timestamp': '2026-05-30T00:35:31.183285'}, {'url': 'https://example804.com', 'title': 'Page 804', 'timestamp': '2026-05-30T00:35:31.181100'}, {'url': 'https://example803.com', 'title': 'Page 803', 'timestamp': '2026-05-30T00:35:31.178955'}, {'url': 'https://example802.com', 'title': 'Page 802', 'timestamp': '2026-05-30T00:35:31.176778'}, {'url': 'https://example801.com', 'title': 'Page 801', 'timestamp': '2026-05-30T00:35:31.173490'}, {'url': 'https://example800.com', 'title': 'Page 800', 'timestamp': '2026-05-30T00:35:31.170686'}, {'url': 'https://example799.com', 'title': 'Page 799', 'timestamp': '2026-05-30T00:35:31.168621'}, {'url': 'https://example798.com', 'title': 'Page 798', 'timestamp': '2026-05-30T00:35:31.166683'}, {'url': 'https://example797.com', 'title': 'Page 797', 'timestamp': '2026-05-30T00:35:31.164439'}, {'url': 'https://example796.com', 'title': 'Page 796', 'timestamp': '2026-05-30T00:35:31.162428'}, {'url': 'https://example795.com', 'title': 'Page 795', 'timestamp': '2026-05-30T00:35:31.159950'}, {'url': 'https://example794.com', 'title': 'Page 794', 'timestamp': '2026-05-30T00:35:31.155884'}, {'url': 'https://example793.com', 'title': 'Page 793', 'timestamp': '2026-05-30T00:35:31.153415'}, {'url': 'https://example792.com', 'title': 'Page 792', 'timestamp': '2026-05-30T00:35:31.151359'}, {'url': 'https://example791.com', 'title': 'Page 791', 'timestamp': '2026-05-30T00:35:31.149225'}, {'url': 'https://example790.com', 'title': 'Page 790', 'timestamp': '2026-05-30T00:35:31.147172'}, {'url': 'https://example789.com', 'title': 'Page 789', 'timestamp': '2026-05-30T00:35:31.144949'}, {'url': 'https://example788.com', 'title': 'Page 788', 'timestamp': '2026-05-30T00:35:31.142656'}, {'url': 'https://example787.com', 'title': 'Page 787', 'timestamp': '2026-05-30T00:35:31.139409'}, {'url': 'https://example786.com', 'title': 'Page 786', 'timestamp': '2026-05-30T00:35:31.136829'}, {'url': 'https://example785.com', 'title': 'Page 785', 'timestamp': '2026-05-30T00:35:31.134878'}, {'url': 'https://example784.com', 'title': 'Page 784', 'timestamp': '2026-05-30T00:35:31.132721'}, {'url': 'https://example783.com', 'title': 'Page 783', 'timestamp': '2026-05-30T00:35:31.130684'}, {'url': 'https://example782.com', 'title': 'Page 782', 'timestamp': '2026-05-30T00:35:31.128573'}, {'url': 'https://example781.com', 'title': 'Page 781', 'timestamp': '2026-05-30T00:35:31.126169'}, {'url': 'https://example780.com', 'title': 'Page 780', 'timestamp': '2026-05-30T00:35:31.122673'}, {'url': 'https://example779.com', 'title': 'Page 779', 'timestamp': '2026-05-30T00:35:31.120101'}, {'url': 'https://example778.com', 'title': 'Page 778', 'timestamp': '2026-05-30T00:35:31.117907'}, {'url': 'https://example777.com', 'title': 'Page 777', 'timestamp': '2026-05-30T00:35:31.115668'}, {'url': 'https://example776.com', 'title': 'Page 776', 'timestamp': '2026-05-30T00:35:31.113695'}, {'url': 'https://example775.com', 'title': 'Page 775', 'timestamp': '2026-05-30T00:35:31.111460'}, {'url': 'https://example774.com', 'title': 'Page 774', 'timestamp': '2026-05-30T00:35:31.108695'}, {'url': 'https://example773.com', 'title': 'Page 773', 'timestamp': '2026-05-30T00:35:31.105518'}, {'url': 'https://example772.com', 'title': 'Page 772', 'timestamp': '2026-05-30T00:35:31.102925'}, {'url': 'https://example771.com', 'title': 'Page 771', 'timestamp': '2026-05-30T00:35:31.100251'}, {'url': 'https://example770.com', 'title': 'Page 770', 'timestamp': '2026-05-30T00:35:31.097608'}, {'url': 'https://example769.com', 'title': 'Page 769', 'timestamp': '2026-05-30T00:35:31.094434'}, {'url': 'https://example768.com', 'title': 'Page 768', 'timestamp': '2026-05-30T00:35:31.090809'}, {'url': 'https://example767.com', 'title': 'Page 767', 'timestamp': '2026-05-30T00:35:31.087721'}, {'url': 'https://example766.com', 'title': 'Page 766', 'timestamp': '2026-05-30T00:35:31.085340'}, {'url': 'https://example765.com', 'title': 'Page 765', 'timestamp': '2026-05-30T00:35:31.083039'}, {'url': 'https://example764.com', 'title': 'Page 764', 'timestamp': '2026-05-30T00:35:31.080889'}, {'url': 'https://example763.com', 'title': 'Page 763', 'timestamp': '2026-05-30T00:35:31.078574'}, {'url': 'https://example762.com', 'title': 'Page 762', 'timestamp': '2026-05-30T00:35:31.075982'}, {'url': 'https://example761.com', 'title': 'Page 761', 'timestamp': '2026-05-30T00:35:31.073713'}, {'url': 'https://example760.com', 'title': 'Page 760', 'timestamp': '2026-05-30T00:35:31.070940'}, {'url': 'https://example759.com', 'title': 'Page 759', 'timestamp': '2026-05-30T00:35:31.068838'}, {'url': 'https://example758.com', 'title': 'Page 758', 'timestamp': '2026-05-30T00:35:31.066872'}, {'url': 'https://example757.com', 'title': 'Page 757', 'timestamp': '2026-05-30T00:35:31.064821'}, {'url': 'https://example756.com', 'title': 'Page 756', 'timestamp': '2026-05-30T00:35:31.062785'}, {'url': 'https://example755.com', 'title': 'Page 755', 'timestamp': '2026-05-30T00:35:31.060257'}, {'url': 'https://example754.com', 'title': 'Page 754', 'timestamp': '2026-05-30T00:35:31.057802'}, {'url': 'https://example753.com', 'title': 'Page 753', 'timestamp': '2026-05-30T00:35:31.054865'}, {'url': 'https://example752.com', 'title': 'Page 752', 'timestamp': '2026-05-30T00:35:31.052763'}, {'url': 'https://example751.com', 'title': 'Page 751', 'timestamp': '2026-05-30T00:35:31.050797'}, {'url': 'https://example750.com', 'title': 'Page 750', 'timestamp': '2026-05-30T00:35:31.048848'}, {'url': 'https://example749.com', 'title': 'Page 749', 'timestamp': '2026-05-30T00:35:31.046904'}, {'url': 'https://example748.com', 'title': 'Page 748', 'timestamp': '2026-05-30T00:35:31.044834'}, {'url': 'https://example747.com', 'title': 'Page 747', 'timestamp': '2026-05-30T00:35:31.042386'}, {'url': 'https://example746.com', 'title': 'Page 746', 'timestamp': '2026-05-30T00:35:31.038432'}, {'url': 'https://example745.com', 'title': 'Page 745', 'timestamp': '2026-05-30T00:35:31.036086'}, {'url': 'https://example744.com', 'title': 'Page 744', 'timestamp': '2026-05-30T00:35:31.034017'}, {'url': 'https://example743.com', 'title': 'Page 743', 'timestamp': '2026-05-30T00:35:31.031974'}, {'url': 'https://example742.com', 'title': 'Page 742', 'timestamp': '2026-05-30T00:35:31.029301'}, {'url': 'https://example741.com', 'title': 'Page 741', 'timestamp': '2026-05-30T00:35:31.026718'}, {'url': 'https://example740.com', 'title': 'Page 740', 'timestamp': '2026-05-30T00:35:31.022658'}, {'url': 'https://example739.com', 'title': 'Page 739', 'timestamp': '2026-05-30T00:35:31.019925'}, {'url': 'https://example738.com', 'title': 'Page 738', 'timestamp': '2026-05-30T00:35:31.018003'}, {'url': 'https://example737.com', 'title': 'Page 737', 'timestamp': '2026-05-30T00:35:31.015941'}, {'url': 'https://example736.com', 'title': 'Page 736', 'timestamp': '2026-05-30T00:35:31.013458'}, {'url': 'https://example735.com', 'title': 'Page 735', 'timestamp': '2026-05-30T00:35:31.011146'}, {'url': 'https://example734.com', 'title': 'Page 734', 'timestamp': '2026-05-30T00:35:31.009034'}, {'url': 'https://example733.com', 'title': 'Page 733', 'timestamp': '2026-05-30T00:35:31.006000'}, {'url': 'https://example732.com', 'title': 'Page 732', 'timestamp': '2026-05-30T00:35:31.003210'}, {'url': 'https://example731.com', 'title': 'Page 731', 'timestamp': '2026-05-30T00:35:31.001335'}, {'url': 'https://example730.com', 'title': 'Page 730', 'timestamp': '2026-05-30T00:35:30.999378'}, {'url': 'https://example729.com', 'title': 'Page 729', 'timestamp': '2026-05-30T00:35:30.997154'}, {'url': 'https://example728.com', 'title': 'Page 728', 'timestamp': '2026-05-30T00:35:30.995067'}, {'url': 'https://example727.com', 'title': 'Page 727', 'timestamp': '2026-05-30T00:35:30.993029'}, {'url': 'https://example726.com', 'title': 'Page 726', 'timestamp': '2026-05-30T00:35:30.990585'}, {'url': 'https://example725.com', 'title': 'Page 725', 'timestamp': '2026-05-30T00:35:30.987412'}, {'url': 'https://example724.com', 'title': 'Page 724', 'timestamp': '2026-05-30T00:35:30.985462'}, {'url': 'https://example723.com', 'title': 'Page 723', 'timestamp': '2026-05-30T00:35:30.983442'}, {'url': 'https://example722.com', 'title': 'Page 722', 'timestamp': '2026-05-30T00:35:30.980855'}, {'url': 'https://example721.com', 'title': 'Page 721', 'timestamp': '2026-05-30T00:35:30.978777'}, {'url': 'https://example720.com', 'title': 'Page 720', 'timestamp': '2026-05-30T00:35:30.976844'}, {'url': 'https://example719.com', 'title': 'Page 719', 'timestamp': '2026-05-30T00:35:30.974603'}, {'url': 'https://example718.com', 'title': 'Page 718', 'timestamp': '2026-05-30T00:35:30.971067'}, {'url': 'https://example717.com', 'title': 'Page 717', 'timestamp': '2026-05-30T00:35:30.968902'}, {'url': 'https://example716.com', 'title': 'Page 716', 'timestamp': '2026-05-30T00:35:30.966784'}, {'url': 'https://example715.com', 'title': 'Page 715', 'timestamp': '2026-05-30T00:35:30.964364'}, {'url': 'https://example714.com', 'title': 'Page 714', 'timestamp': '2026-05-30T00:35:30.962409'}, {'url': 'https://example713.com', 'title': 'Page 713', 'timestamp': '2026-05-30T00:35:30.960413'}, {'url': 'https://example712.com', 'title': 'Page 712', 'timestamp': '2026-05-30T00:35:30.958287'}, {'url': 'https://example711.com', 'title': 'Page 711', 'timestamp': '2026-05-30T00:35:30.955092'}, {'url': 'https://example710.com', 'title': 'Page 710', 'timestamp': '2026-05-30T00:35:30.953012'}, {'url': 'https://example709.com', 'title': 'Page 709', 'timestamp': '2026-05-30T00:35:30.951017'}, {'url': 'https://example708.com', 'title': 'Page 708', 'timestamp': '2026-05-30T00:35:30.948701'}, {'url': 'https://example707.com', 'title': 'Page 707', 'timestamp': '2026-05-30T00:35:30.946799'}, {'url': 'https://example706.com', 'title': 'Page 706', 'timestamp': '2026-05-30T00:35:30.944840'}, {'url': 'https://example705.com', 'title': 'Page 705', 'timestamp': '2026-05-30T00:35:30.942769'}, {'url': 'https://example704.com', 'title': 'Page 704', 'timestamp': '2026-05-30T00:35:30.940139'}, {'url': 'https://example703.com', 'title': 'Page 703', 'timestamp': '2026-05-30T00:35:30.937149'}, {'url': 'https://example702.com', 'title': 'Page 702', 'timestamp': '2026-05-30T00:35:30.935120'}, {'url': 'https://example701.com', 'title': 'Page 701', 'timestamp': '2026-05-30T00:35:30.932120'}, {'url': 'https://example700.com', 'title': 'Page 700', 'timestamp': '2026-05-30T00:35:30.930114'}, {'url': 'https://example699.com', 'title': 'Page 699', 'timestamp': '2026-05-30T00:35:30.928202'}, {'url': 'https://example698.com', 'title': 'Page 698', 'timestamp': '2026-05-30T00:35:30.926196'}, {'url': 'https://example697.com', 'title': 'Page 697', 'timestamp': '2026-05-30T00:35:30.923884'}, {'url': 'https://example696.com', 'title': 'Page 696', 'timestamp': '2026-05-30T00:35:30.920953'}, {'url': 'https://example695.com', 'title': 'Page 695', 'timestamp': '2026-05-30T00:35:30.918629'}, {'url': 'https://example694.com', 'title': 'Page 694', 'timestamp': '2026-05-30T00:35:30.915958'}, {'url': 'https://example693.com', 'title': 'Page 693', 'timestamp': '2026-05-30T00:35:30.914030'}, {'url': 'https://example692.com', 'title': 'Page 692', 'timestamp': '2026-05-30T00:35:30.912227'}, {'url': 'https://example691.com', 'title': 'Page 691', 'timestamp': '2026-05-30T00:35:30.910269'}, {'url': 'https://example690.com', 'title': 'Page 690', 'timestamp': '2026-05-30T00:35:30.907919'}, {'url': 'https://example689.com', 'title': 'Page 689', 'timestamp': '2026-05-30T00:35:30.904843'}, {'url': 'https://example688.com', 'title': 'Page 688', 'timestamp': '2026-05-30T00:35:30.902804'}, {'url': 'https://example687.com', 'title': 'Page 687', 'timestamp': '2026-05-30T00:35:30.900399'}, {'url': 'https://example686.com', 'title': 'Page 686', 'timestamp': '2026-05-30T00:35:30.898590'}, {'url': 'https://example685.com', 'title': 'Page 685', 'timestamp': '2026-05-30T00:35:30.896708'}, {'url': 'https://example684.com', 'title': 'Page 684', 'timestamp': '2026-05-30T00:35:30.894661'}, {'url': 'https://example683.com', 'title': 'Page 683', 'timestamp': '2026-05-30T00:35:30.892217'}, {'url': 'https://example682.com', 'title': 'Page 682', 'timestamp': '2026-05-30T00:35:30.889906'}, {'url': 'https://example681.com', 'title': 'Page 681', 'timestamp': '2026-05-30T00:35:30.887307'}, {'url': 'https://example680.com', 'title': 'Page 680', 'timestamp': '2026-05-30T00:35:30.885380'}, {'url': 'https://example679.com', 'title': 'Page 679', 'timestamp': '2026-05-30T00:35:30.883455'}, {'url': 'https://example678.com', 'title': 'Page 678', 'timestamp': '2026-05-30T00:35:30.881680'}, {'url': 'https://example677.com', 'title': 'Page 677', 'timestamp': '2026-05-30T00:35:30.879798'}, {'url': 'https://example676.com', 'title': 'Page 676', 'timestamp': '2026-05-30T00:35:30.877632'}, {'url': 'https://example675.com', 'title': 'Page 675', 'timestamp': '2026-05-30T00:35:30.875405'}, {'url': 'https://example674.com', 'title': 'Page 674', 'timestamp': '2026-05-30T00:35:30.872571'}, {'url': 'https://example673.com', 'title': 'Page 673', 'timestamp': '2026-05-30T00:35:30.870016'}, {'url': 'https://example672.com', 'title': 'Page 672', 'timestamp': '2026-05-30T00:35:30.867904'}, {'url': 'https://example671.com', 'title': 'Page 671', 'timestamp': '2026-05-30T00:35:30.866104'}, {'url': 'https://example670.com', 'title': 'Page 670', 'timestamp': '2026-05-30T00:35:30.864243'}, {'url': 'https://example669.com', 'title': 'Page 669', 'timestamp': '2026-05-30T00:35:30.862199'}, {'url': 'https://example668.com', 'title': 'Page 668', 'timestamp': '2026-05-30T00:35:30.859946'}, {'url': 'https://example667.com', 'title': 'Page 667', 'timestamp': '2026-05-30T00:35:30.857771'}, {'url': 'https://example666.com', 'title': 'Page 666', 'timestamp': '2026-05-30T00:35:30.854118'}, {'url': 'https://example665.com', 'title': 'Page 665', 'timestamp': '2026-05-30T00:35:30.851976'}, {'url': 'https://example664.com', 'title': 'Page 664', 'timestamp': '2026-05-30T00:35:30.850164'}, {'url': 'https://example663.com', 'title': 'Page 663', 'timestamp': '2026-05-30T00:35:30.848318'}, {'url': 'https://example662.com', 'title': 'Page 662', 'timestamp': '2026-05-30T00:35:30.846280'}, {'url': 'https://example661.com', 'title': 'Page 661', 'timestamp': '2026-05-30T00:35:30.844009'}, {'url': 'https://example660.com', 'title': 'Page 660', 'timestamp': '2026-05-30T00:35:30.841753'}, {'url': 'https://example659.com', 'title': 'Page 659', 'timestamp': '2026-05-30T00:35:30.839008'}, {'url': 'https://example658.com', 'title': 'Page 658', 'timestamp': '2026-05-30T00:35:30.836485'}, {'url': 'https://example657.com', 'title': 'Page 657', 'timestamp': '2026-05-30T00:35:30.834652'}, {'url': 'https://example656.com', 'title': 'Page 656', 'timestamp': '2026-05-30T00:35:30.832805'}, {'url': 'https://example655.com', 'title': 'Page 655', 'timestamp': '2026-05-30T00:35:30.830858'}, {'url': 'https://example654.com', 'title': 'Page 654', 'timestamp': '2026-05-30T00:35:30.828683'}, {'url': 'https://example653.com', 'title': 'Page 653', 'timestamp': '2026-05-30T00:35:30.826751'}, {'url': 'https://example652.com', 'title': 'Page 652', 'timestamp': '2026-05-30T00:35:30.824560'}, {'url': 'https://example651.com', 'title': 'Page 651', 'timestamp': '2026-05-30T00:35:30.821033'}, {'url': 'https://example650.com', 'title': 'Page 650', 'timestamp': '2026-05-30T00:35:30.819251'}, {'url': 'https://example649.com', 'title': 'Page 649', 'timestamp': '2026-05-30T00:35:30.817316'}, {'url': 'https://example648.com', 'title': 'Page 648', 'timestamp': '2026-05-30T00:35:30.815407'}, {'url': 'https://example647.com', 'title': 'Page 647', 'timestamp': '2026-05-30T00:35:30.813349'}, {'url': 'https://example646.com', 'title': 'Page 646', 'timestamp': '2026-05-30T00:35:30.811381'}, {'url': 'https://example645.com', 'title': 'Page 645', 'timestamp': '2026-05-30T00:35:30.809315'}, {'url': 'https://example644.com', 'title': 'Page 644', 'timestamp': '2026-05-30T00:35:30.806607'}, {'url': 'https://example643.com', 'title': 'Page 643', 'timestamp': '2026-05-30T00:35:30.803779'}, {'url': 'https://example642.com', 'title': 'Page 642', 'timestamp': '2026-05-30T00:35:30.801998'}, {'url': 'https://example641.com', 'title': 'Page 641', 'timestamp': '2026-05-30T00:35:30.800135'}, {'url': 'https://example640.com', 'title': 'Page 640', 'timestamp': '2026-05-30T00:35:30.797905'}, {'url': 'https://example639.com', 'title': 'Page 639', 'timestamp': '2026-05-30T00:35:30.795748'}, {'url': 'https://example638.com', 'title': 'Page 638', 'timestamp': '2026-05-30T00:35:30.792992'}, {'url': 'https://example637.com', 'title': 'Page 637', 'timestamp': '2026-05-30T00:35:30.788872'}, {'url': 'https://example636.com', 'title': 'Page 636', 'timestamp': '2026-05-30T00:35:30.786765'}, {'url': 'https://example635.com', 'title': 'Page 635', 'timestamp': '2026-05-30T00:35:30.784945'}, {'url': 'https://example634.com', 'title': 'Page 634', 'timestamp': '2026-05-30T00:35:30.783017'}, {'url': 'https://example633.com', 'title': 'Page 633', 'timestamp': '2026-05-30T00:35:30.780636'}, {'url': 'https://example632.com', 'title': 'Page 632', 'timestamp': '2026-05-30T00:35:30.778781'}, {'url': 'https://example631.com', 'title': 'Page 631', 'timestamp': '2026-05-30T00:35:30.776577'}, {'url': 'https://example630.com', 'title': 'Page 630', 'timestamp': '2026-05-30T00:35:30.772707'}, {'url': 'https://example629.com', 'title': 'Page 629', 'timestamp': '2026-05-30T00:35:30.770314'}, {'url': 'https://example628.com', 'title': 'Page 628', 'timestamp': '2026-05-30T00:35:30.768366'}, {'url': 'https://example627.com', 'title': 'Page 627', 'timestamp': '2026-05-30T00:35:30.766441'}, {'url': 'https://example626.com', 'title': 'Page 626', 'timestamp': '2026-05-30T00:35:30.764308'}, {'url': 'https://example625.com', 'title': 'Page 625', 'timestamp': '2026-05-30T00:35:30.762148'}, {'url': 'https://example624.com', 'title': 'Page 624', 'timestamp': '2026-05-30T00:35:30.759985'}, {'url': 'https://example623.com', 'title': 'Page 623', 'timestamp': '2026-05-30T00:35:30.756198'}, {'url': 'https://example622.com', 'title': 'Page 622', 'timestamp': '2026-05-30T00:35:30.753644'}, {'url': 'https://example621.com', 'title': 'Page 621', 'timestamp': '2026-05-30T00:35:30.751790'}, {'url': 'https://example620.com', 'title': 'Page 620', 'timestamp': '2026-05-30T00:35:30.749735'}, {'url': 'https://example619.com', 'title': 'Page 619', 'timestamp': '2026-05-30T00:35:30.747804'}, {'url': 'https://example618.com', 'title': 'Page 618', 'timestamp': '2026-05-30T00:35:30.745898'}, {'url': 'https://example617.com', 'title': 'Page 617', 'timestamp': '2026-05-30T00:35:30.743987'}, {'url': 'https://example616.com', 'title': 'Page 616', 'timestamp': '2026-05-30T00:35:30.741449'}, {'url': 'https://example615.com', 'title': 'Page 615', 'timestamp': '2026-05-30T00:35:30.738513'}, {'url': 'https://example614.com', 'title': 'Page 614', 'timestamp': '2026-05-30T00:35:30.736450'}, {'url': 'https://example613.com', 'title': 'Page 613', 'timestamp': '2026-05-30T00:35:30.734233'}, {'url': 'https://example612.com', 'title': 'Page 612', 'timestamp': '2026-05-30T00:35:30.731997'}, {'url': 'https://example611.com', 'title': 'Page 611', 'timestamp': '2026-05-30T00:35:30.730017'}, {'url': 'https://example610.com', 'title': 'Page 610', 'timestamp': '2026-05-30T00:35:30.727530'}, {'url': 'https://example609.com', 'title': 'Page 609', 'timestamp': '2026-05-30T00:35:30.725180'}, {'url': 'https://example608.com', 'title': 'Page 608', 'timestamp': '2026-05-30T00:35:30.722560'}, {'url': 'https://example607.com', 'title': 'Page 607', 'timestamp': '2026-05-30T00:35:30.720234'}, {'url': 'https://example606.com', 'title': 'Page 606', 'timestamp': '2026-05-30T00:35:30.718408'}, {'url': 'https://example605.com', 'title': 'Page 605', 'timestamp': '2026-05-30T00:35:30.716395'}, {'url': 'https://example604.com', 'title': 'Page 604', 'timestamp': '2026-05-30T00:35:30.714694'}, {'url': 'https://example603.com', 'title': 'Page 603', 'timestamp': '2026-05-30T00:35:30.712898'}, {'url': 'https://example602.com', 'title': 'Page 602', 'timestamp': '2026-05-30T00:35:30.710912'}, {'url': 'https://example601.com', 'title': 'Page 601', 'timestamp': '2026-05-30T00:35:30.708736'}, {'url': 'https://example600.com', 'title': 'Page 600', 'timestamp': '2026-05-30T00:35:30.706299'}, {'url': 'https://example599.com', 'title': 'Page 599', 'timestamp': '2026-05-30T00:35:30.703856'}, {'url': 'https://example598.com', 'title': 'Page 598', 'timestamp': '2026-05-30T00:35:30.701608'}, {'url': 'https://example597.com', 'title': 'Page 597', 'timestamp': '2026-05-30T00:35:30.699535'}, {'url': 'https://example596.com', 'title': 'Page 596', 'timestamp': '2026-05-30T00:35:30.697672'}, {'url': 'https://example595.com', 'title': 'Page 595', 'timestamp': '2026-05-30T00:35:30.695396'}, {'url': 'https://example594.com', 'title': 'Page 594', 'timestamp': '2026-05-30T00:35:30.693307'}, {'url': 'https://example593.com', 'title': 'Page 593', 'timestamp': '2026-05-30T00:35:30.691159'}, {'url': 'https://example592.com', 'title': 'Page 592', 'timestamp': '2026-05-30T00:35:30.688126'}, {'url': 'https://example591.com', 'title': 'Page 591', 'timestamp': '2026-05-30T00:35:30.686280'}, {'url': 'https://example590.com', 'title': 'Page 590', 'timestamp': '2026-05-30T00:35:30.684179'}, {'url': 'https://example589.com', 'title': 'Page 589', 'timestamp': '2026-05-30T00:35:30.682352'}, {'url': 'https://example588.com', 'title': 'Page 588', 'timestamp': '2026-05-30T00:35:30.680496'}, {'url': 'https://example587.com', 'title': 'Page 587', 'timestamp': '2026-05-30T00:35:30.678547'}, {'url': 'https://example586.com', 'title': 'Page 586', 'timestamp': '2026-05-30T00:35:30.676506'}, {'url': 'https://example585.com', 'title': 'Page 585', 'timestamp': '2026-05-30T00:35:30.674524'}, {'url': 'https://example584.com', 'title': 'Page 584', 'timestamp': '2026-05-30T00:35:30.671492'}, {'url': 'https://example583.com', 'title': 'Page 583', 'timestamp': '2026-05-30T00:35:30.669200'}, {'url': 'https://example582.com', 'title': 'Page 582', 'timestamp': '2026-05-30T00:35:30.667167'}, {'url': 'https://example581.com', 'title': 'Page 581', 'timestamp': '2026-05-30T00:35:30.665186'}, {'url': 'https://example580.com', 'title': 'Page 580', 'timestamp': '2026-05-30T00:35:30.662999'}, {'url': 'https://example579.com', 'title': 'Page 579', 'timestamp': '2026-05-30T00:35:30.661055'}, {'url': 'https://example578.com', 'title': 'Page 578', 'timestamp': '2026-05-30T00:35:30.659155'}, {'url': 'https://example577.com', 'title': 'Page 577', 'timestamp': '2026-05-30T00:35:30.656461'}, {'url': 'https://example576.com', 'title': 'Page 576', 'timestamp': '2026-05-30T00:35:30.653779'}, {'url': 'https://example575.com', 'title': 'Page 575', 'timestamp': '2026-05-30T00:35:30.651871'}, {'url': 'https://example574.com', 'title': 'Page 574', 'timestamp': '2026-05-30T00:35:30.650109'}, {'url': 'https://example573.com', 'title': 'Page 573', 'timestamp': '2026-05-30T00:35:30.647942'}, {'url': 'https://example572.com', 'title': 'Page 572', 'timestamp': '2026-05-30T00:35:30.646115'}, {'url': 'https://example571.com', 'title': 'Page 571', 'timestamp': '2026-05-30T00:35:30.643941'}, {'url': 'https://example570.com', 'title': 'Page 570', 'timestamp': '2026-05-30T00:35:30.642063'}, {'url': 'https://example569.com', 'title': 'Page 569', 'timestamp': '2026-05-30T00:35:30.639350'}, {'url': 'https://example568.com', 'title': 'Page 568', 'timestamp': '2026-05-30T00:35:30.636720'}, {'url': 'https://example567.com', 'title': 'Page 567', 'timestamp': '2026-05-30T00:35:30.634860'}, {'url': 'https://example566.com', 'title': 'Page 566', 'timestamp': '2026-05-30T00:35:30.632821'}, {'url': 'https://example565.com', 'title': 'Page 565', 'timestamp': '2026-05-30T00:35:30.630842'}, {'url': 'https://example564.com', 'title': 'Page 564', 'timestamp': '2026-05-30T00:35:30.629045'}, {'url': 'https://example563.com', 'title': 'Page 563', 'timestamp': '2026-05-30T00:35:30.627218'}, {'url': 'https://example562.com', 'title': 'Page 562', 'timestamp': '2026-05-30T00:35:30.625323'}, {'url': 'https://example561.com', 'title': 'Page 561', 'timestamp': '2026-05-30T00:35:30.622050'}, {'url': 'https://example560.com', 'title': 'Page 560', 'timestamp': '2026-05-30T00:35:30.619927'}, {'url': 'https://example559.com', 'title': 'Page 559', 'timestamp': '2026-05-30T00:35:30.618131'}, {'url': 'https://example558.com', 'title': 'Page 558', 'timestamp': '2026-05-30T00:35:30.616179'}, {'url': 'https://example557.com', 'title': 'Page 557', 'timestamp': '2026-05-30T00:35:30.614388'}, {'url': 'https://example556.com', 'title': 'Page 556', 'timestamp': '2026-05-30T00:35:30.612326'}, {'url': 'https://example555.com', 'title': 'Page 555', 'timestamp': '2026-05-30T00:35:30.609784'}, {'url': 'https://example554.com', 'title': 'Page 554', 'timestamp': '2026-05-30T00:35:30.606166'}, {'url': 'https://example553.com', 'title': 'Page 553', 'timestamp': '2026-05-30T00:35:30.603593'}, {'url': 'https://example552.com', 'title': 'Page 552', 'timestamp': '2026-05-30T00:35:30.601693'}, {'url': 'https://example551.com', 'title': 'Page 551', 'timestamp': '2026-05-30T00:35:30.599580'}, {'url': 'https://example550.com', 'title': 'Page 550', 'timestamp': '2026-05-30T00:35:30.597857'}, {'url': 'https://example549.com', 'title': 'Page 549', 'timestamp': '2026-05-30T00:35:30.596072'}, {'url': 'https://example548.com', 'title': 'Page 548', 'timestamp': '2026-05-30T00:35:30.594295'}, {'url': 'https://example547.com', 'title': 'Page 547', 'timestamp': '2026-05-30T00:35:30.592497'}, {'url': 'https://example546.com', 'title': 'Page 546', 'timestamp': '2026-05-30T00:35:30.589629'}, {'url': 'https://example545.com', 'title': 'Page 545', 'timestamp': '2026-05-30T00:35:30.587196'}, {'url': 'https://example544.com', 'title': 'Page 544', 'timestamp': '2026-05-30T00:35:30.585483'}, {'url': 'https://example543.com', 'title': 'Page 543', 'timestamp': '2026-05-30T00:35:30.583598'}, {'url': 'https://example542.com', 'title': 'Page 542', 'timestamp': '2026-05-30T00:35:30.581907'}, {'url': 'https://example541.com', 'title': 'Page 541', 'timestamp': '2026-05-30T00:35:30.580235'}, {'url': 'https://example540.com', 'title': 'Page 540', 'timestamp': '2026-05-30T00:35:30.578593'}, {'url': 'https://example539.com', 'title': 'Page 539', 'timestamp': '2026-05-30T00:35:30.576901'}, {'url': 'https://example538.com', 'title': 'Page 538', 'timestamp': '2026-05-30T00:35:30.574931'}, {'url': 'https://example537.com', 'title': 'Page 537', 'timestamp': '2026-05-30T00:35:30.571513'}, {'url': 'https://example536.com', 'title': 'Page 536', 'timestamp': '2026-05-30T00:35:30.569072'}, {'url': 'https://example535.com', 'title': 'Page 535', 'timestamp': '2026-05-30T00:35:30.567353'}, {'url': 'https://example534.com', 'title': 'Page 534', 'timestamp': '2026-05-30T00:35:30.565606'}, {'url': 'https://example533.com', 'title': 'Page 533', 'timestamp': '2026-05-30T00:35:30.563832'}, {'url': 'https://example532.com', 'title': 'Page 532', 'timestamp': '2026-05-30T00:35:30.561993'}, {'url': 'https://example531.com', 'title': 'Page 531', 'timestamp': '2026-05-30T00:35:30.560009'}, {'url': 'https://example530.com', 'title': 'Page 530', 'timestamp': '2026-05-30T00:35:30.557710'}, {'url': 'https://example529.com', 'title': 'Page 529', 'timestamp': '2026-05-30T00:35:30.554860'}, {'url': 'https://example528.com', 'title': 'Page 528', 'timestamp': '2026-05-30T00:35:30.552784'}, {'url': 'https://example527.com', 'title': 'Page 527', 'timestamp': '2026-05-30T00:35:30.551140'}, {'url': 'https://example526.com', 'title': 'Page 526', 'timestamp': '2026-05-30T00:35:30.549452'}, {'url': 'https://example525.com', 'title': 'Page 525', 'timestamp': '2026-05-30T00:35:30.547553'}, {'url': 'https://example524.com', 'title': 'Page 524', 'timestamp': '2026-05-30T00:35:30.545660'}, {'url': 'https://example523.com', 'title': 'Page 523', 'timestamp': '2026-05-30T00:35:30.543672'}, {'url': 'https://example522.com', 'title': 'Page 522', 'timestamp': '2026-05-30T00:35:30.541782'}, {'url': 'https://example521.com', 'title': 'Page 521', 'timestamp': '2026-05-30T00:35:30.538387'}, {'url': 'https://example520.com', 'title': 'Page 520', 'timestamp': '2026-05-30T00:35:30.536191'}, {'url': 'https://example519.com', 'title': 'Page 519', 'timestamp': '2026-05-30T00:35:30.534492'}, {'url': 'https://example518.com', 'title': 'Page 518', 'timestamp': '2026-05-30T00:35:30.532738'}, {'url': 'https://example517.com', 'title': 'Page 517', 'timestamp': '2026-05-30T00:35:30.530919'}, {'url': 'https://example516.com', 'title': 'Page 516', 'timestamp': '2026-05-30T00:35:30.529023'}, {'url': 'https://example515.com', 'title': 'Page 515', 'timestamp': '2026-05-30T00:35:30.527236'}, {'url': 'https://example514.com', 'title': 'Page 514', 'timestamp': '2026-05-30T00:35:30.525381'}, {'url': 'https://example513.com', 'title': 'Page 513', 'timestamp': '2026-05-30T00:35:30.522898'}, {'url': 'https://example512.com', 'title': 'Page 512', 'timestamp': '2026-05-30T00:35:30.520489'}, {'url': 'https://example511.com', 'title': 'Page 511', 'timestamp': '2026-05-30T00:35:30.518767'}, {'url': 'https://example510.com', 'title': 'Page 510', 'timestamp': '2026-05-30T00:35:30.517044'}, {'url': 'https://example509.com', 'title': 'Page 509', 'timestamp': '2026-05-30T00:35:30.515307'}, {'url': 'https://example508.com', 'title': 'Page 508', 'timestamp': '2026-05-30T00:35:30.513502'}, {'url': 'https://example507.com', 'title': 'Page 507', 'timestamp': '2026-05-30T00:35:30.511530'}, {'url': 'https://example506.com', 'title': 'Page 506', 'timestamp': '2026-05-30T00:35:30.509478'}, {'url': 'https://example505.com', 'title': 'Page 505', 'timestamp': '2026-05-30T00:35:30.507304'}, {'url': 'https://example504.com', 'title': 'Page 504', 'timestamp': '2026-05-30T00:35:30.504227'}, {'url': 'https://example503.com', 'title': 'Page 503', 'timestamp': '2026-05-30T00:35:30.502509'}, {'url': 'https://example502.com', 'title': 'Page 502', 'timestamp': '2026-05-30T00:35:30.500832'}, {'url': 'https://example501.com', 'title': 'Page 501', 'timestamp': '2026-05-30T00:35:30.499130'}, {'url': 'https://example500.com', 'title': 'Page 500', 'timestamp': '2026-05-30T00:35:30.497496'}, {'url': 'https://example499.com', 'title': 'Page 499', 'timestamp': '2026-05-30T00:35:30.495685'}, {'url': 'https://example498.com', 'title': 'Page 498', 'timestamp': '2026-05-30T00:35:30.493879'}, {'url': 'https://example497.com', 'title': 'Page 497', 'timestamp': '2026-05-30T00:35:30.491852'}, {'url': 'https://example496.com', 'title': 'Page 496', 'timestamp': '2026-05-30T00:35:30.489385'}, {'url': 'https://example495.com', 'title': 'Page 495', 'timestamp': '2026-05-30T00:35:30.486968'}, {'url': 'https://example494.com', 'title': 'Page 494', 'timestamp': '2026-05-30T00:35:30.485361'}, {'url': 'https://example493.com', 'title': 'Page 493', 'timestamp': '2026-05-30T00:35:30.483721'}, {'url': 'https://example492.com', 'title': 'Page 492', 'timestamp': '2026-05-30T00:35:30.481949'}, {'url': 'https://example491.com', 'title': 'Page 491', 'timestamp': '2026-05-30T00:35:30.480099'}, {'url': 'https://example490.com', 'title': 'Page 490', 'timestamp': '2026-05-30T00:35:30.478173'}, {'url': 'https://example489.com', 'title': 'Page 489', 'timestamp': '2026-05-30T00:35:30.475836'}, {'url': 'https://example488.com', 'title': 'Page 488', 'timestamp': '2026-05-30T00:35:30.472657'}, {'url': 'https://example487.com', 'title': 'Page 487', 'timestamp': '2026-05-30T00:35:30.470438'}, {'url': 'https://example486.com', 'title': 'Page 486', 'timestamp': '2026-05-30T00:35:30.468785'}, {'url': 'https://example485.com', 'title': 'Page 485', 'timestamp': '2026-05-30T00:35:30.467069'}, {'url': 'https://example484.com', 'title': 'Page 484', 'timestamp': '2026-05-30T00:35:30.465375'}, {'url': 'https://example483.com', 'title': 'Page 483', 'timestamp': '2026-05-30T00:35:30.463624'}, {'url': 'https://example482.com', 'title': 'Page 482', 'timestamp': '2026-05-30T00:35:30.461875'}, {'url': 'https://example481.com', 'title': 'Page 481', 'timestamp': '2026-05-30T00:35:30.460147'}, {'url': 'https://example480.com', 'title': 'Page 480', 'timestamp': '2026-05-30T00:35:30.457887'}, {'url': 'https://example479.com', 'title': 'Page 479', 'timestamp': '2026-05-30T00:35:30.455327'}, {'url': 'https://example478.com', 'title': 'Page 478', 'timestamp': '2026-05-30T00:35:30.453454'}, {'url': 'https://example477.com', 'title': 'Page 477', 'timestamp': '2026-05-30T00:35:30.451607'}, {'url': 'https://example476.com', 'title': 'Page 476', 'timestamp': '2026-05-30T00:35:30.449821'}, {'url': 'https://example475.com', 'title': 'Page 475', 'timestamp': '2026-05-30T00:35:30.448089'}, {'url': 'https://example474.com', 'title': 'Page 474', 'timestamp': '2026-05-30T00:35:30.446213'}, {'url': 'https://example473.com', 'title': 'Page 473', 'timestamp': '2026-05-30T00:35:30.444444'}, {'url': 'https://example472.com', 'title': 'Page 472', 'timestamp': '2026-05-30T00:35:30.442235'}, {'url': 'https://example471.com', 'title': 'Page 471', 'timestamp': '2026-05-30T00:35:30.439995'}, {'url': 'https://example470.com', 'title': 'Page 470', 'timestamp': '2026-05-30T00:35:30.437470'}, {'url': 'https://example469.com', 'title': 'Page 469', 'timestamp': '2026-05-30T00:35:30.435890'}, {'url': 'https://example468.com', 'title': 'Page 468', 'timestamp': '2026-05-30T00:35:30.434284'}, {'url': 'https://example467.com', 'title': 'Page 467', 'timestamp': '2026-05-30T00:35:30.432604'}, {'url': 'https://example466.com', 'title': 'Page 466', 'timestamp': '2026-05-30T00:35:30.430910'}, {'url': 'https://example465.com', 'title': 'Page 465', 'timestamp': '2026-05-30T00:35:30.429259'}, {'url': 'https://example464.com', 'title': 'Page 464', 'timestamp': '2026-05-30T00:35:30.427629'}, {'url': 'https://example463.com', 'title': 'Page 463', 'timestamp': '2026-05-30T00:35:30.425857'}, {'url': 'https://example462.com', 'title': 'Page 462', 'timestamp': '2026-05-30T00:35:30.424114'}, {'url': 'https://example461.com', 'title': 'Page 461', 'timestamp': '2026-05-30T00:35:30.421511'}, {'url': 'https://example460.com', 'title': 'Page 460', 'timestamp': '2026-05-30T00:35:30.419825'}, {'url': 'https://example459.com', 'title': 'Page 459', 'timestamp': '2026-05-30T00:35:30.418093'}, {'url': 'https://example458.com', 'title': 'Page 458', 'timestamp': '2026-05-30T00:35:30.416511'}, {'url': 'https://example457.com', 'title': 'Page 457', 'timestamp': '2026-05-30T00:35:30.414973'}, {'url': 'https://example456.com', 'title': 'Page 456', 'timestamp': '2026-05-30T00:35:30.413300'}, {'url': 'https://example455.com', 'title': 'Page 455', 'timestamp': '2026-05-30T00:35:30.411592'}, {'url': 'https://example454.com', 'title': 'Page 454', 'timestamp': '2026-05-30T00:35:30.409756'}, {'url': 'https://example453.com', 'title': 'Page 453', 'timestamp': '2026-05-30T00:35:30.407814'}, {'url': 'https://example452.com', 'title': 'Page 452', 'timestamp': '2026-05-30T00:35:30.405267'}, {'url': 'https://example451.com', 'title': 'Page 451', 'timestamp': '2026-05-30T00:35:30.403488'}, {'url': 'https://example450.com', 'title': 'Page 450', 'timestamp': '2026-05-30T00:35:30.401923'}, {'url': 'https://example449.com', 'title': 'Page 449', 'timestamp': '2026-05-30T00:35:30.400323'}, {'url': 'https://example448.com', 'title': 'Page 448', 'timestamp': '2026-05-30T00:35:30.398777'}, {'url': 'https://example447.com', 'title': 'Page 447', 'timestamp': '2026-05-30T00:35:30.397124'}, {'url': 'https://example446.com', 'title': 'Page 446', 'timestamp': '2026-05-30T00:35:30.395471'}, {'url': 'https://example445.com', 'title': 'Page 445', 'timestamp': '2026-05-30T00:35:30.393792'}, {'url': 'https://example444.com', 'title': 'Page 444', 'timestamp': '2026-05-30T00:35:30.392020'}, {'url': 'https://example443.com', 'title': 'Page 443', 'timestamp': '2026-05-30T00:35:30.389423'}, {'url': 'https://example442.com', 'title': 'Page 442', 'timestamp': '2026-05-30T00:35:30.387176'}, {'url': 'https://example441.com', 'title': 'Page 441', 'timestamp': '2026-05-30T00:35:30.385483'}, {'url': 'https://example440.com', 'title': 'Page 440', 'timestamp': '2026-05-30T00:35:30.383752'}, {'url': 'https://example439.com', 'title': 'Page 439', 'timestamp': '2026-05-30T00:35:30.381888'}, {'url': 'https://example438.com', 'title': 'Page 438', 'timestamp': '2026-05-30T00:35:30.380171'}, {'url': 'https://example437.com', 'title': 'Page 437', 'timestamp': '2026-05-30T00:35:30.378228'}, {'url': 'https://example436.com', 'title': 'Page 436', 'timestamp': '2026-05-30T00:35:30.376549'}, {'url': 'https://example435.com', 'title': 'Page 435', 'timestamp': '2026-05-30T00:35:30.374792'}, {'url': 'https://example434.com', 'title': 'Page 434', 'timestamp': '2026-05-30T00:35:30.372104'}, {'url': 'https://example433.com', 'title': 'Page 433', 'timestamp': '2026-05-30T00:35:30.370181'}, {'url': 'https://example432.com', 'title': 'Page 432', 'timestamp': '2026-05-30T00:35:30.368567'}, {'url': 'https://example431.com', 'title': 'Page 431', 'timestamp': '2026-05-30T00:35:30.366968'}, {'url': 'https://example430.com', 'title': 'Page 430', 'timestamp': '2026-05-30T00:35:30.365312'}, {'url': 'https://example429.com', 'title': 'Page 429', 'timestamp': '2026-05-30T00:35:30.363613'}, {'url': 'https://example428.com', 'title': 'Page 428', 'timestamp': '2026-05-30T00:35:30.361916'}, {'url': 'https://example427.com', 'title': 'Page 427', 'timestamp': '2026-05-30T00:35:30.360337'}, {'url': 'https://example426.com', 'title': 'Page 426', 'timestamp': '2026-05-30T00:35:30.358781'}, {'url': 'https://example425.com', 'title': 'Page 425', 'timestamp': '2026-05-30T00:35:30.356893'}, {'url': 'https://example424.com', 'title': 'Page 424', 'timestamp': '2026-05-30T00:35:30.354424'}, {'url': 'https://example423.com', 'title': 'Page 423', 'timestamp': '2026-05-30T00:35:30.352797'}, {'url': 'https://example422.com', 'title': 'Page 422', 'timestamp': '2026-05-30T00:35:30.351127'}, {'url': 'https://example421.com', 'title': 'Page 421', 'timestamp': '2026-05-30T00:35:30.349516'}, {'url': 'https://example420.com', 'title': 'Page 420', 'timestamp': '2026-05-30T00:35:30.347230'}, {'url': 'https://example419.com', 'title': 'Page 419', 'timestamp': '2026-05-30T00:35:30.345626'}, {'url': 'https://example418.com', 'title': 'Page 418', 'timestamp': '2026-05-30T00:35:30.344018'}, {'url': 'https://example417.com', 'title': 'Page 417', 'timestamp': '2026-05-30T00:35:30.342270'}, {'url': 'https://example416.com', 'title': 'Page 416', 'timestamp': '2026-05-30T00:35:30.339607'}, {'url': 'https://example415.com', 'title': 'Page 415', 'timestamp': '2026-05-30T00:35:30.337244'}, {'url': 'https://example414.com', 'title': 'Page 414', 'timestamp': '2026-05-30T00:35:30.335664'}, {'url': 'https://example413.com', 'title': 'Page 413', 'timestamp': '2026-05-30T00:35:30.333939'}, {'url': 'https://example412.com', 'title': 'Page 412', 'timestamp': '2026-05-30T00:35:30.332361'}, {'url': 'https://example411.com', 'title': 'Page 411', 'timestamp': '2026-05-30T00:35:30.330592'}, {'url': 'https://example410.com', 'title': 'Page 410', 'timestamp': '2026-05-30T00:35:30.329064'}, {'url': 'https://example409.com', 'title': 'Page 409', 'timestamp': '2026-05-30T00:35:30.327517'}, {'url': 'https://example408.com', 'title': 'Page 408', 'timestamp': '2026-05-30T00:35:30.325810'}, {'url': 'https://example407.com', 'title': 'Page 407', 'timestamp': '2026-05-30T00:35:30.323759'}, {'url': 'https://example406.com', 'title': 'Page 406', 'timestamp': '2026-05-30T00:35:30.321003'}, {'url': 'https://example405.com', 'title': 'Page 405', 'timestamp': '2026-05-30T00:35:30.319440'}, {'url': 'https://example404.com', 'title': 'Page 404', 'timestamp': '2026-05-30T00:35:30.317864'}, {'url': 'https://example403.com', 'title': 'Page 403', 'timestamp': '2026-05-30T00:35:30.316309'}, {'url': 'https://example402.com', 'title': 'Page 402', 'timestamp': '2026-05-30T00:35:30.314614'}, {'url': 'https://example401.com', 'title': 'Page 401', 'timestamp': '2026-05-30T00:35:30.313020'}, {'url': 'https://example400.com', 'title': 'Page 400', 'timestamp': '2026-05-30T00:35:30.311447'}, {'url': 'https://example399.com', 'title': 'Page 399', 'timestamp': '2026-05-30T00:35:30.309882'}, {'url': 'https://example398.com', 'title': 'Page 398', 'timestamp': '2026-05-30T00:35:30.308309'}, {'url': 'https://example397.com', 'title': 'Page 397', 'timestamp': '2026-05-30T00:35:30.306359'}, {'url': 'https://example396.com', 'title': 'Page 396', 'timestamp': '2026-05-30T00:35:30.303937'}, {'url': 'https://example395.com', 'title': 'Page 395', 'timestamp': '2026-05-30T00:35:30.302309'}, {'url': 'https://example394.com', 'title': 'Page 394', 'timestamp': '2026-05-30T00:35:30.300594'}, {'url': 'https://example393.com', 'title': 'Page 393', 'timestamp': '2026-05-30T00:35:30.298609'}, {'url': 'https://example392.com', 'title': 'Page 392', 'timestamp': '2026-05-30T00:35:30.297016'}, {'url': 'https://example391.com', 'title': 'Page 391', 'timestamp': '2026-05-30T00:35:30.295399'}, {'url': 'https://example390.com', 'title': 'Page 390', 'timestamp': '2026-05-30T00:35:30.293794'}, {'url': 'https://example389.com', 'title': 'Page 389', 'timestamp': '2026-05-30T00:35:30.292125'}, {'url': 'https://example388.com', 'title': 'Page 388', 'timestamp': '2026-05-30T00:35:30.289630'}, {'url': 'https://example387.com', 'title': 'Page 387', 'timestamp': '2026-05-30T00:35:30.287186'}, {'url': 'https://example386.com', 'title': 'Page 386', 'timestamp': '2026-05-30T00:35:30.285637'}, {'url': 'https://example385.com', 'title': 'Page 385', 'timestamp': '2026-05-30T00:35:30.284048'}, {'url': 'https://example384.com', 'title': 'Page 384', 'timestamp': '2026-05-30T00:35:30.282270'}, {'url': 'https://example383.com', 'title': 'Page 383', 'timestamp': '2026-05-30T00:35:30.280798'}, {'url': 'https://example382.com', 'title': 'Page 382', 'timestamp': '2026-05-30T00:35:30.279260'}, {'url': 'https://example381.com', 'title': 'Page 381', 'timestamp': '2026-05-30T00:35:30.277656'}, {'url': 'https://example380.com', 'title': 'Page 380', 'timestamp': '2026-05-30T00:35:30.276124'}, {'url': 'https://example379.com', 'title': 'Page 379', 'timestamp': '2026-05-30T00:35:30.273983'}, {'url': 'https://example378.com', 'title': 'Page 378', 'timestamp': '2026-05-30T00:35:30.270998'}, {'url': 'https://example377.com', 'title': 'Page 377', 'timestamp': '2026-05-30T00:35:30.269223'}, {'url': 'https://example376.com', 'title': 'Page 376', 'timestamp': '2026-05-30T00:35:30.267449'}, {'url': 'https://example375.com', 'title': 'Page 375', 'timestamp': '2026-05-30T00:35:30.265949'}, {'url': 'https://example374.com', 'title': 'Page 374', 'timestamp': '2026-05-30T00:35:30.264475'}, {'url': 'https://example373.com', 'title': 'Page 373', 'timestamp': '2026-05-30T00:35:30.262999'}, {'url': 'https://example372.com', 'title': 'Page 372', 'timestamp': '2026-05-30T00:35:30.261448'}, {'url': 'https://example371.com', 'title': 'Page 371', 'timestamp': '2026-05-30T00:35:30.259772'}, {'url': 'https://example370.com', 'title': 'Page 370', 'timestamp': '2026-05-30T00:35:30.257142'}, {'url': 'https://example369.com', 'title': 'Page 369', 'timestamp': '2026-05-30T00:35:30.254380'}, {'url': 'https://example368.com', 'title': 'Page 368', 'timestamp': '2026-05-30T00:35:30.252563'}, {'url': 'https://example367.com', 'title': 'Page 367', 'timestamp': '2026-05-30T00:35:30.250713'}, {'url': 'https://example366.com', 'title': 'Page 366', 'timestamp': '2026-05-30T00:35:30.249051'}, {'url': 'https://example365.com', 'title': 'Page 365', 'timestamp': '2026-05-30T00:35:30.247403'}, {'url': 'https://example364.com', 'title': 'Page 364', 'timestamp': '2026-05-30T00:35:30.245564'}, {'url': 'https://example363.com', 'title': 'Page 363', 'timestamp': '2026-05-30T00:35:30.244039'}, {'url': 'https://example362.com', 'title': 'Page 362', 'timestamp': '2026-05-30T00:35:30.242343'}, {'url': 'https://example361.com', 'title': 'Page 361', 'timestamp': '2026-05-30T00:35:30.239942'}, {'url': 'https://example360.com', 'title': 'Page 360', 'timestamp': '2026-05-30T00:35:30.237306'}, {'url': 'https://example359.com', 'title': 'Page 359', 'timestamp': '2026-05-30T00:35:30.235589'}, {'url': 'https://example358.com', 'title': 'Page 358', 'timestamp': '2026-05-30T00:35:30.234049'}, {'url': 'https://example357.com', 'title': 'Page 357', 'timestamp': '2026-05-30T00:35:30.232523'}, {'url': 'https://example356.com', 'title': 'Page 356', 'timestamp': '2026-05-30T00:35:30.230883'}, {'url': 'https://example355.com', 'title': 'Page 355', 'timestamp': '2026-05-30T00:35:30.229304'}, {'url': 'https://example354.com', 'title': 'Page 354', 'timestamp': '2026-05-30T00:35:30.227785'}, {'url': 'https://example353.com', 'title': 'Page 353', 'timestamp': '2026-05-30T00:35:30.226090'}, {'url': 'https://example352.com', 'title': 'Page 352', 'timestamp': '2026-05-30T00:35:30.223850'}, {'url': 'https://example351.com', 'title': 'Page 351', 'timestamp': '2026-05-30T00:35:30.220515'}, {'url': 'https://example350.com', 'title': 'Page 350', 'timestamp': '2026-05-30T00:35:30.219063'}, {'url': 'https://example349.com', 'title': 'Page 349', 'timestamp': '2026-05-30T00:35:30.217502'}, {'url': 'https://example348.com', 'title': 'Page 348', 'timestamp': '2026-05-30T00:35:30.215914'}, {'url': 'https://example347.com', 'title': 'Page 347', 'timestamp': '2026-05-30T00:35:30.214475'}, {'url': 'https://example346.com', 'title': 'Page 346', 'timestamp': '2026-05-30T00:35:30.212938'}, {'url': 'https://example345.com', 'title': 'Page 345', 'timestamp': '2026-05-30T00:35:30.211417'}, {'url': 'https://example344.com', 'title': 'Page 344', 'timestamp': '2026-05-30T00:35:30.209750'}, {'url': 'https://example343.com', 'title': 'Page 343', 'timestamp': '2026-05-30T00:35:30.205784'}, {'url': 'https://example342.com', 'title': 'Page 342', 'timestamp': '2026-05-30T00:35:30.203624'}, {'url': 'https://example341.com', 'title': 'Page 341', 'timestamp': '2026-05-30T00:35:30.202132'}, {'url': 'https://example340.com', 'title': 'Page 340', 'timestamp': '2026-05-30T00:35:30.200608'}, {'url': 'https://example339.com', 'title': 'Page 339', 'timestamp': '2026-05-30T00:35:30.199137'}, {'url': 'https://example338.com', 'title': 'Page 338', 'timestamp': '2026-05-30T00:35:30.197615'}, {'url': 'https://example337.com', 'title': 'Page 337', 'timestamp': '2026-05-30T00:35:30.196152'}, {'url': 'https://example336.com', 'title': 'Page 336', 'timestamp': '2026-05-30T00:35:30.194679'}, {'url': 'https://example335.com', 'title': 'Page 335', 'timestamp': '2026-05-30T00:35:30.193194'}, {'url': 'https://example334.com', 'title': 'Page 334', 'timestamp': '2026-05-30T00:35:30.191495'}, {'url': 'https://example333.com', 'title': 'Page 333', 'timestamp': '2026-05-30T00:35:30.188969'}, {'url': 'https://example332.com', 'title': 'Page 332', 'timestamp': '2026-05-30T00:35:30.187119'}, {'url': 'https://example331.com', 'title': 'Page 331', 'timestamp': '2026-05-30T00:35:30.185651'}, {'url': 'https://example330.com', 'title': 'Page 330', 'timestamp': '2026-05-30T00:35:30.184136'}, {'url': 'https://example329.com', 'title': 'Page 329', 'timestamp': '2026-05-30T00:35:30.182658'}, {'url': 'https://example328.com', 'title': 'Page 328', 'timestamp': '2026-05-30T00:35:30.181133'}, {'url': 'https://example327.com', 'title': 'Page 327', 'timestamp': '2026-05-30T00:35:30.179667'}, {'url': 'https://example326.com', 'title': 'Page 326', 'timestamp': '2026-05-30T00:35:30.178183'}, {'url': 'https://example325.com', 'title': 'Page 325', 'timestamp': '2026-05-30T00:35:30.176615'}, {'url': 'https://example324.com', 'title': 'Page 324', 'timestamp': '2026-05-30T00:35:30.174780'}, {'url': 'https://example323.com', 'title': 'Page 323', 'timestamp': '2026-05-30T00:35:30.171787'}, {'url': 'https://example322.com', 'title': 'Page 322', 'timestamp': '2026-05-30T00:35:30.170145'}, {'url': 'https://example321.com', 'title': 'Page 321', 'timestamp': '2026-05-30T00:35:30.168653'}, {'url': 'https://example320.com', 'title': 'Page 320', 'timestamp': '2026-05-30T00:35:30.167218'}, {'url': 'https://example319.com', 'title': 'Page 319', 'timestamp': '2026-05-30T00:35:30.165711'}, {'url': 'https://example318.com', 'title': 'Page 318', 'timestamp': '2026-05-30T00:35:30.164146'}, {'url': 'https://example317.com', 'title': 'Page 317', 'timestamp': '2026-05-30T00:35:30.162423'}, {'url': 'https://example316.com', 'title': 'Page 316', 'timestamp': '2026-05-30T00:35:30.160771'}, {'url': 'https://example315.com', 'title': 'Page 315', 'timestamp': '2026-05-30T00:35:30.159020'}, {'url': 'https://example314.com', 'title': 'Page 314', 'timestamp': '2026-05-30T00:35:30.156590'}, {'url': 'https://example313.com', 'title': 'Page 313', 'timestamp': '2026-05-30T00:35:30.154286'}, {'url': 'https://example312.com', 'title': 'Page 312', 'timestamp': '2026-05-30T00:35:30.152821'}, {'url': 'https://example311.com', 'title': 'Page 311', 'timestamp': '2026-05-30T00:35:30.151350'}, {'url': 'https://example310.com', 'title': 'Page 310', 'timestamp': '2026-05-30T00:35:30.149849'}, {'url': 'https://example309.com', 'title': 'Page 309', 'timestamp': '2026-05-30T00:35:30.148399'}, {'url': 'https://example308.com', 'title': 'Page 308', 'timestamp': '2026-05-30T00:35:30.146917'}, {'url': 'https://example307.com', 'title': 'Page 307', 'timestamp': '2026-05-30T00:35:30.145406'}, {'url': 'https://example306.com', 'title': 'Page 306', 'timestamp': '2026-05-30T00:35:30.143911'}, {'url': 'https://example305.com', 'title': 'Page 305', 'timestamp': '2026-05-30T00:35:30.142234'}, {'url': 'https://example304.com', 'title': 'Page 304', 'timestamp': '2026-05-30T00:35:30.140001'}, {'url': 'https://example303.com', 'title': 'Page 303', 'timestamp': '2026-05-30T00:35:30.137687'}, {'url': 'https://example302.com', 'title': 'Page 302', 'timestamp': '2026-05-30T00:35:30.136232'}, {'url': 'https://example301.com', 'title': 'Page 301', 'timestamp': '2026-05-30T00:35:30.134736'}, {'url': 'https://example300.com', 'title': 'Page 300', 'timestamp': '2026-05-30T00:35:30.133188'}, {'url': 'https://example299.com', 'title': 'Page 299', 'timestamp': '2026-05-30T00:35:30.131765'}, {'url': 'https://example298.com', 'title': 'Page 298', 'timestamp': '2026-05-30T00:35:30.130356'}, {'url': 'https://example297.com', 'title': 'Page 297', 'timestamp': '2026-05-30T00:35:30.128979'}, {'url': 'https://example296.com', 'title': 'Page 296', 'timestamp': '2026-05-30T00:35:30.127566'}, {'url': 'https://example295.com', 'title': 'Page 295', 'timestamp': '2026-05-30T00:35:30.126061'}, {'url': 'https://example294.com', 'title': 'Page 294', 'timestamp': '2026-05-30T00:35:30.124297'}, {'url': 'https://example293.com', 'title': 'Page 293', 'timestamp': '2026-05-30T00:35:30.121680'}, {'url': 'https://example292.com', 'title': 'Page 292', 'timestamp': '2026-05-30T00:35:30.120136'}, {'url': 'https://example291.com', 'title': 'Page 291', 'timestamp': '2026-05-30T00:35:30.118659'}, {'url': 'https://example290.com', 'title': 'Page 290', 'timestamp': '2026-05-30T00:35:30.117114'}, {'url': 'https://example289.com', 'title': 'Page 289', 'timestamp': '2026-05-30T00:35:30.115660'}, {'url': 'https://example288.com', 'title': 'Page 288', 'timestamp': '2026-05-30T00:35:30.114173'}, {'url': 'https://example287.com', 'title': 'Page 287', 'timestamp': '2026-05-30T00:35:30.112751'}, {'url': 'https://example286.com', 'title': 'Page 286', 'timestamp': '2026-05-30T00:35:30.111197'}, {'url': 'https://example285.com', 'title': 'Page 285', 'timestamp': '2026-05-30T00:35:30.109408'}, {'url': 'https://example284.com', 'title': 'Page 284', 'timestamp': '2026-05-30T00:35:30.107796'}, {'url': 'https://example283.com', 'title': 'Page 283', 'timestamp': '2026-05-30T00:35:30.105279'}, {'url': 'https://example282.com', 'title': 'Page 282', 'timestamp': '2026-05-30T00:35:30.103556'}, {'url': 'https://example281.com', 'title': 'Page 281', 'timestamp': '2026-05-30T00:35:30.102124'}, {'url': 'https://example280.com', 'title': 'Page 280', 'timestamp': '2026-05-30T00:35:30.100646'}, {'url': 'https://example279.com', 'title': 'Page 279', 'timestamp': '2026-05-30T00:35:30.099128'}, {'url': 'https://example278.com', 'title': 'Page 278', 'timestamp': '2026-05-30T00:35:30.097616'}, {'url': 'https://example277.com', 'title': 'Page 277', 'timestamp': '2026-05-30T00:35:30.096105'}, {'url': 'https://example276.com', 'title': 'Page 276', 'timestamp': '2026-05-30T00:35:30.094544'}, {'url': 'https://example275.com', 'title': 'Page 275', 'timestamp': '2026-05-30T00:35:30.092858'}, {'url': 'https://example274.com', 'title': 'Page 274', 'timestamp': '2026-05-30T00:35:30.091285'}, {'url': 'https://example273.com', 'title': 'Page 273', 'timestamp': '2026-05-30T00:35:30.089189'}, {'url': 'https://example272.com', 'title': 'Page 272', 'timestamp': '2026-05-30T00:35:30.087396'}, {'url': 'https://example271.com', 'title': 'Page 271', 'timestamp': '2026-05-30T00:35:30.086035'}, {'url': 'https://example270.com', 'title': 'Page 270', 'timestamp': '2026-05-30T00:35:30.084623'}, {'url': 'https://example269.com', 'title': 'Page 269', 'timestamp': '2026-05-30T00:35:30.083202'}, {'url': 'https://example268.com', 'title': 'Page 268', 'timestamp': '2026-05-30T00:35:30.081622'}, {'url': 'https://example267.com', 'title': 'Page 267', 'timestamp': '2026-05-30T00:35:30.080120'}, {'url': 'https://example266.com', 'title': 'Page 266', 'timestamp': '2026-05-30T00:35:30.078659'}, {'url': 'https://example265.com', 'title': 'Page 265', 'timestamp': '2026-05-30T00:35:30.077130'}, {'url': 'https://example264.com', 'title': 'Page 264', 'timestamp': '2026-05-30T00:35:30.075687'}, {'url': 'https://example263.com', 'title': 'Page 263', 'timestamp': '2026-05-30T00:35:30.073969'}, {'url': 'https://example262.com', 'title': 'Page 262', 'timestamp': '2026-05-30T00:35:30.071294'}, {'url': 'https://example261.com', 'title': 'Page 261', 'timestamp': '2026-05-30T00:35:30.069878'}, {'url': 'https://example260.com', 'title': 'Page 260', 'timestamp': '2026-05-30T00:35:30.068508'}, {'url': 'https://example259.com', 'title': 'Page 259', 'timestamp': '2026-05-30T00:35:30.067113'}, {'url': 'https://example258.com', 'title': 'Page 258', 'timestamp': '2026-05-30T00:35:30.065710'}, {'url': 'https://example257.com', 'title': 'Page 257', 'timestamp': '2026-05-30T00:35:30.064258'}, {'url': 'https://example256.com', 'title': 'Page 256', 'timestamp': '2026-05-30T00:35:30.062687'}, {'url': 'https://example255.com', 'title': 'Page 255', 'timestamp': '2026-05-30T00:35:30.061031'}, {'url': 'https://example254.com', 'title': 'Page 254', 'timestamp': '2026-05-30T00:35:30.059227'}, {'url': 'https://example253.com', 'title': 'Page 253', 'timestamp': '2026-05-30T00:35:30.057268'}, {'url': 'https://example252.com', 'title': 'Page 252', 'timestamp': '2026-05-30T00:35:30.054743'}, {'url': 'https://example251.com', 'title': 'Page 251', 'timestamp': '2026-05-30T00:35:30.053204'}, {'url': 'https://example250.com', 'title': 'Page 250', 'timestamp': '2026-05-30T00:35:30.051590'}, {'url': 'https://example249.com', 'title': 'Page 249', 'timestamp': '2026-05-30T00:35:30.050057'}, {'url': 'https://example248.com', 'title': 'Page 248', 'timestamp': '2026-05-30T00:35:30.048509'}, {'url': 'https://example247.com', 'title': 'Page 247', 'timestamp': '2026-05-30T00:35:30.046970'}, {'url': 'https://example246.com', 'title': 'Page 246', 'timestamp': '2026-05-30T00:35:30.044980'}, {'url': 'https://example245.com', 'title': 'Page 245', 'timestamp': '2026-05-30T00:35:30.043176'}, {'url': 'https://example244.com', 'title': 'Page 244', 'timestamp': '2026-05-30T00:35:30.041358'}, {'url': 'https://example243.com', 'title': 'Page 243', 'timestamp': '2026-05-30T00:35:30.038630'}, {'url': 'https://example242.com', 'title': 'Page 242', 'timestamp': '2026-05-30T00:35:30.036773'}, {'url': 'https://example241.com', 'title': 'Page 241', 'timestamp': '2026-05-30T00:35:30.035074'}, {'url': 'https://example240.com', 'title': 'Page 240', 'timestamp': '2026-05-30T00:35:30.033363'}, {'url': 'https://example239.com', 'title': 'Page 239', 'timestamp': '2026-05-30T00:35:30.031777'}, {'url': 'https://example238.com', 'title': 'Page 238', 'timestamp': '2026-05-30T00:35:30.029821'}, {'url': 'https://example237.com', 'title': 'Page 237', 'timestamp': '2026-05-30T00:35:30.028186'}, {'url': 'https://example236.com', 'title': 'Page 236', 'timestamp': '2026-05-30T00:35:30.026754'}, {'url': 'https://example235.com', 'title': 'Page 235', 'timestamp': '2026-05-30T00:35:30.025195'}, {'url': 'https://example234.com', 'title': 'Page 234', 'timestamp': '2026-05-30T00:35:30.023179'}, {'url': 'https://example233.com', 'title': 'Page 233', 'timestamp': '2026-05-30T00:35:30.021065'}, {'url': 'https://example232.com', 'title': 'Page 232', 'timestamp': '2026-05-30T00:35:30.019629'}, {'url': 'https://example231.com', 'title': 'Page 231', 'timestamp': '2026-05-30T00:35:30.018159'}, {'url': 'https://example230.com', 'title': 'Page 230', 'timestamp': '2026-05-30T00:35:30.016619'}, {'url': 'https://example229.com', 'title': 'Page 229', 'timestamp': '2026-05-30T00:35:30.015087'}, {'url': 'https://example228.com', 'title': 'Page 228', 'timestamp': '2026-05-30T00:35:30.013528'}, {'url': 'https://example227.com', 'title': 'Page 227', 'timestamp': '2026-05-30T00:35:30.012182'}, {'url': 'https://example226.com', 'title': 'Page 226', 'timestamp': '2026-05-30T00:35:30.010742'}, {'url': 'https://example225.com', 'title': 'Page 225', 'timestamp': '2026-05-30T00:35:30.009198'}, {'url': 'https://example224.com', 'title': 'Page 224', 'timestamp': '2026-05-30T00:35:30.007336'}, {'url': 'https://example223.com', 'title': 'Page 223', 'timestamp': '2026-05-30T00:35:30.004584'}, {'url': 'https://example222.com', 'title': 'Page 222', 'timestamp': '2026-05-30T00:35:30.003179'}, {'url': 'https://example221.com', 'title': 'Page 221', 'timestamp': '2026-05-30T00:35:30.001844'}, {'url': 'https://example220.com', 'title': 'Page 220', 'timestamp': '2026-05-30T00:35:30.000430'}, {'url': 'https://example219.com', 'title': 'Page 219', 'timestamp': '2026-05-30T00:35:29.998979'}, {'url': 'https://example218.com', 'title': 'Page 218', 'timestamp': '2026-05-30T00:35:29.997003'}, {'url': 'https://example217.com', 'title': 'Page 217', 'timestamp': '2026-05-30T00:35:29.995609'}, {'url': 'https://example216.com', 'title': 'Page 216', 'timestamp': '2026-05-30T00:35:29.994172'}, {'url': 'https://example215.com', 'title': 'Page 215', 'timestamp': '2026-05-30T00:35:29.992788'}, {'url': 'https://example214.com', 'title': 'Page 214', 'timestamp': '2026-05-30T00:35:29.991002'}, {'url': 'https://example213.com', 'title': 'Page 213', 'timestamp': '2026-05-30T00:35:29.988474'}, {'url': 'https://example212.com', 'title': 'Page 212', 'timestamp': '2026-05-30T00:35:29.987054'}, {'url': 'https://example211.com', 'title': 'Page 211', 'timestamp': '2026-05-30T00:35:29.985723'}, {'url': 'https://example210.com', 'title': 'Page 210', 'timestamp': '2026-05-30T00:35:29.984353'}, {'url': 'https://example209.com', 'title': 'Page 209', 'timestamp': '2026-05-30T00:35:29.982913'}, {'url': 'https://example208.com', 'title': 'Page 208', 'timestamp': '2026-05-30T00:35:29.981117'}, {'url': 'https://example207.com', 'title': 'Page 207', 'timestamp': '2026-05-30T00:35:29.979795'}, {'url': 'https://example206.com', 'title': 'Page 206', 'timestamp': '2026-05-30T00:35:29.978403'}, {'url': 'https://example205.com', 'title': 'Page 205', 'timestamp': '2026-05-30T00:35:29.976904'}, {'url': 'https://example204.com', 'title': 'Page 204', 'timestamp': '2026-05-30T00:35:29.975183'}, {'url': 'https://example203.com', 'title': 'Page 203', 'timestamp': '2026-05-30T00:35:29.972736'}, {'url': 'https://example202.com', 'title': 'Page 202', 'timestamp': '2026-05-30T00:35:29.970888'}, {'url': 'https://example201.com', 'title': 'Page 201', 'timestamp': '2026-05-30T00:35:29.969513'}, {'url': 'https://example200.com', 'title': 'Page 200', 'timestamp': '2026-05-30T00:35:29.968056'}, {'url': 'https://example199.com', 'title': 'Page 199', 'timestamp': '2026-05-30T00:35:29.965993'}, {'url': 'https://example198.com', 'title': 'Page 198', 'timestamp': '2026-05-30T00:35:29.964424'}, {'url': 'https://example197.com', 'title': 'Page 197', 'timestamp': '2026-05-30T00:35:29.963033'}, {'url': 'https://example196.com', 'title': 'Page 196', 'timestamp': '2026-05-30T00:35:29.961625'}, {'url': 'https://example195.com', 'title': 'Page 195', 'timestamp': '2026-05-30T00:35:29.960228'}, {'url': 'https://example194.com', 'title': 'Page 194', 'timestamp': '2026-05-30T00:35:29.958421'}, {'url': 'https://example193.com', 'title': 'Page 193', 'timestamp': '2026-05-30T00:35:29.954977'}, {'url': 'https://example192.com', 'title': 'Page 192', 'timestamp': '2026-05-30T00:35:29.953498'}, {'url': 'https://example191.com', 'title': 'Page 191', 'timestamp': '2026-05-30T00:35:29.952033'}, {'url': 'https://example190.com', 'title': 'Page 190', 'timestamp': '2026-05-30T00:35:29.950371'}, {'url': 'https://example189.com', 'title': 'Page 189', 'timestamp': '2026-05-30T00:35:29.948747'}, {'url': 'https://example188.com', 'title': 'Page 188', 'timestamp': '2026-05-30T00:35:29.947419'}, {'url': 'https://example187.com', 'title': 'Page 187', 'timestamp': '2026-05-30T00:35:29.946073'}, {'url': 'https://example186.com', 'title': 'Page 186', 'timestamp': '2026-05-30T00:35:29.944686'}, {'url': 'https://example185.com', 'title': 'Page 185', 'timestamp': '2026-05-30T00:35:29.942707'}, {'url': 'https://example184.com', 'title': 'Page 184', 'timestamp': '2026-05-30T00:35:29.939701'}, {'url': 'https://example183.com', 'title': 'Page 183', 'timestamp': '2026-05-30T00:35:29.937650'}, {'url': 'https://example182.com', 'title': 'Page 182', 'timestamp': '2026-05-30T00:35:29.936234'}, {'url': 'https://example181.com', 'title': 'Page 181', 'timestamp': '2026-05-30T00:35:29.934534'}, {'url': 'https://example180.com', 'title': 'Page 180', 'timestamp': '2026-05-30T00:35:29.932816'}, {'url': 'https://example179.com', 'title': 'Page 179', 'timestamp': '2026-05-30T00:35:29.931454'}, {'url': 'https://example178.com', 'title': 'Page 178', 'timestamp': '2026-05-30T00:35:29.930075'}, {'url': 'https://example177.com', 'title': 'Page 177', 'timestamp': '2026-05-30T00:35:29.928648'}, {'url': 'https://example176.com', 'title': 'Page 176', 'timestamp': '2026-05-30T00:35:29.927300'}, {'url': 'https://example175.com', 'title': 'Page 175', 'timestamp': '2026-05-30T00:35:29.925378'}, {'url': 'https://example174.com', 'title': 'Page 174', 'timestamp': '2026-05-30T00:35:29.923231'}, {'url': 'https://example173.com', 'title': 'Page 173', 'timestamp': '2026-05-30T00:35:29.921188'}, {'url': 'https://example172.com', 'title': 'Page 172', 'timestamp': '2026-05-30T00:35:29.919783'}, {'url': 'https://example171.com', 'title': 'Page 171', 'timestamp': '2026-05-30T00:35:29.918261'}, {'url': 'https://example170.com', 'title': 'Page 170', 'timestamp': '2026-05-30T00:35:29.916737'}, {'url': 'https://example169.com', 'title': 'Page 169', 'timestamp': '2026-05-30T00:35:29.915398'}, {'url': 'https://example168.com', 'title': 'Page 168', 'timestamp': '2026-05-30T00:35:29.913935'}, {'url': 'https://example167.com', 'title': 'Page 167', 'timestamp': '2026-05-30T00:35:29.912559'}, {'url': 'https://example166.com', 'title': 'Page 166', 'timestamp': '2026-05-30T00:35:29.910992'}, {'url': 'https://example165.com', 'title': 'Page 165', 'timestamp': '2026-05-30T00:35:29.908850'}, {'url': 'https://example164.com', 'title': 'Page 164', 'timestamp': '2026-05-30T00:35:29.906714'}, {'url': 'https://example163.com', 'title': 'Page 163', 'timestamp': '2026-05-30T00:35:29.904399'}, {'url': 'https://example162.com', 'title': 'Page 162', 'timestamp': '2026-05-30T00:35:29.902785'}, {'url': 'https://example161.com', 'title': 'Page 161', 'timestamp': '2026-05-30T00:35:29.901204'}, {'url': 'https://example160.com', 'title': 'Page 160', 'timestamp': '2026-05-30T00:35:29.899885'}, {'url': 'https://example159.com', 'title': 'Page 159', 'timestamp': '2026-05-30T00:35:29.898593'}, {'url': 'https://example158.com', 'title': 'Page 158', 'timestamp': '2026-05-30T00:35:29.897291'}, {'url': 'https://example157.com', 'title': 'Page 157', 'timestamp': '2026-05-30T00:35:29.895926'}, {'url': 'https://example156.com', 'title': 'Page 156', 'timestamp': '2026-05-30T00:35:29.894576'}, {'url': 'https://example155.com', 'title': 'Page 155', 'timestamp': '2026-05-30T00:35:29.892752'}, {'url': 'https://example154.com', 'title': 'Page 154', 'timestamp': '2026-05-30T00:35:29.891175'}, {'url': 'https://example153.com', 'title': 'Page 153', 'timestamp': '2026-05-30T00:35:29.888476'}, {'url': 'https://example152.com', 'title': 'Page 152', 'timestamp': '2026-05-30T00:35:29.886726'}, {'url': 'https://example151.com', 'title': 'Page 151', 'timestamp': '2026-05-30T00:35:29.885154'}, {'url': 'https://example150.com', 'title': 'Page 150', 'timestamp': '2026-05-30T00:35:29.883890'}, {'url': 'https://example149.com', 'title': 'Page 149', 'timestamp': '2026-05-30T00:35:29.882592'}, {'url': 'https://example148.com', 'title': 'Page 148', 'timestamp': '2026-05-30T00:35:29.881203'}, {'url': 'https://example147.com', 'title': 'Page 147', 'timestamp': '2026-05-30T00:35:29.879818'}, {'url': 'https://example146.com', 'title': 'Page 146', 'timestamp': '2026-05-30T00:35:29.878260'}, {'url': 'https://example145.com', 'title': 'Page 145', 'timestamp': '2026-05-30T00:35:29.876537'}, {'url': 'https://example144.com', 'title': 'Page 144', 'timestamp': '2026-05-30T00:35:29.874815'}, {'url': 'https://example143.com', 'title': 'Page 143', 'timestamp': '2026-05-30T00:35:29.872453'}, {'url': 'https://example142.com', 'title': 'Page 142', 'timestamp': '2026-05-30T00:35:29.870638'}, {'url': 'https://example141.com', 'title': 'Page 141', 'timestamp': '2026-05-30T00:35:29.868900'}, {'url': 'https://example140.com', 'title': 'Page 140', 'timestamp': '2026-05-30T00:35:29.867663'}, {'url': 'https://example139.com', 'title': 'Page 139', 'timestamp': '2026-05-30T00:35:29.866368'}, {'url': 'https://example138.com', 'title': 'Page 138', 'timestamp': '2026-05-30T00:35:29.865113'}, {'url': 'https://example137.com', 'title': 'Page 137', 'timestamp': '2026-05-30T00:35:29.863843'}, {'url': 'https://example136.com', 'title': 'Page 136', 'timestamp': '2026-05-30T00:35:29.862459'}, {'url': 'https://example135.com', 'title': 'Page 135', 'timestamp': '2026-05-30T00:35:29.860793'}, {'url': 'https://example134.com', 'title': 'Page 134', 'timestamp': '2026-05-30T00:35:29.859412'}, {'url': 'https://example133.com', 'title': 'Page 133', 'timestamp': '2026-05-30T00:35:29.857628'}, {'url': 'https://example132.com', 'title': 'Page 132', 'timestamp': '2026-05-30T00:35:29.855150'}, {'url': 'https://example131.com', 'title': 'Page 131', 'timestamp': '2026-05-30T00:35:29.853422'}, {'url': 'https://example130.com', 'title': 'Page 130', 'timestamp': '2026-05-30T00:35:29.852165'}, {'url': 'https://example129.com', 'title': 'Page 129', 'timestamp': '2026-05-30T00:35:29.850889'}, {'url': 'https://example128.com', 'title': 'Page 128', 'timestamp': '2026-05-30T00:35:29.849642'}, {'url': 'https://example127.com', 'title': 'Page 127', 'timestamp': '2026-05-30T00:35:29.848347'}, {'url': 'https://example126.com', 'title': 'Page 126', 'timestamp': '2026-05-30T00:35:29.847070'}, {'url': 'https://example125.com', 'title': 'Page 125', 'timestamp': '2026-05-30T00:35:29.845470'}, {'url': 'https://example124.com', 'title': 'Page 124', 'timestamp': '2026-05-30T00:35:29.844028'}, {'url': 'https://example123.com', 'title': 'Page 123', 'timestamp': '2026-05-30T00:35:29.842113'}, {'url': 'https://example122.com', 'title': 'Page 122', 'timestamp': '2026-05-30T00:35:29.839344'}, {'url': 'https://example121.com', 'title': 'Page 121', 'timestamp': '2026-05-30T00:35:29.837379'}, {'url': 'https://example120.com', 'title': 'Page 120', 'timestamp': '2026-05-30T00:35:29.836072'}, {'url': 'https://example119.com', 'title': 'Page 119', 'timestamp': '2026-05-30T00:35:29.834822'}, {'url': 'https://example118.com', 'title': 'Page 118', 'timestamp': '2026-05-30T00:35:29.833524'}, {'url': 'https://example117.com', 'title': 'Page 117', 'timestamp': '2026-05-30T00:35:29.832223'}, {'url': 'https://example116.com', 'title': 'Page 116', 'timestamp': '2026-05-30T00:35:29.830935'}, {'url': 'https://example115.com', 'title': 'Page 115', 'timestamp': '2026-05-30T00:35:29.829440'}, {'url': 'https://example114.com', 'title': 'Page 114', 'timestamp': '2026-05-30T00:35:29.828023'}, {'url': 'https://example113.com', 'title': 'Page 113', 'timestamp': '2026-05-30T00:35:29.826694'}, {'url': 'https://example112.com', 'title': 'Page 112', 'timestamp': '2026-05-30T00:35:29.824868'}, {'url': 'https://example111.com', 'title': 'Page 111', 'timestamp': '2026-05-30T00:35:29.822269'}, {'url': 'https://example110.com', 'title': 'Page 110', 'timestamp': '2026-05-30T00:35:29.820669'}, {'url': 'https://example109.com', 'title': 'Page 109', 'timestamp': '2026-05-30T00:35:29.819454'}, {'url': 'https://example108.com', 'title': 'Page 108', 'timestamp': '2026-05-30T00:35:29.818205'}, {'url': 'https://example107.com', 'title': 'Page 107', 'timestamp': '2026-05-30T00:35:29.816878'}, {'url': 'https://example106.com', 'title': 'Page 106', 'timestamp': '2026-05-30T00:35:29.815495'}, {'url': 'https://example105.com', 'title': 'Page 105', 'timestamp': '2026-05-30T00:35:29.814065'}, {'url': 'https://example104.com', 'title': 'Page 104', 'timestamp': '2026-05-30T00:35:29.812581'}, {'url': 'https://example103.com', 'title': 'Page 103', 'timestamp': '2026-05-30T00:35:29.811282'}, {'url': 'https://example102.com', 'title': 'Page 102', 'timestamp': '2026-05-30T00:35:29.809762'}, {'url': 'https://example101.com', 'title': 'Page 101', 'timestamp': '2026-05-30T00:35:29.807635'}, {'url': 'https://example100.com', 'title': 'Page 100', 'timestamp': '2026-05-30T00:35:29.805034'}, {'url': 'https://example99.com', 'title': 'Page 99', 'timestamp': '2026-05-30T00:35:29.803669'}, {'url': 'https://example98.com', 'title': 'Page 98', 'timestamp': '2026-05-30T00:35:29.802387'}, {'url': 'https://example97.com', 'title': 'Page 97', 'timestamp': '2026-05-30T00:35:29.801073'}, {'url': 'https://example96.com', 'title': 'Page 96', 'timestamp': '2026-05-30T00:35:29.799820'}, {'url': 'https://example95.com', 'title': 'Page 95', 'timestamp': '2026-05-30T00:35:29.798388'}, {'url': 'https://example94.com', 'title': 'Page 94', 'timestamp': '2026-05-30T00:35:29.796599'}, {'url': 'https://example93.com', 'title': 'Page 93', 'timestamp': '2026-05-30T00:35:29.794993'}, {'url': 'https://example92.com', 'title': 'Page 92', 'timestamp': '2026-05-30T00:35:29.793437'}, {'url': 'https://example91.com', 'title': 'Page 91', 'timestamp': '2026-05-30T00:35:29.791613'}, {'url': 'https://example90.com', 'title': 'Page 90', 'timestamp': '2026-05-30T00:35:29.788786'}, {'url': 'https://example89.com', 'title': 'Page 89', 'timestamp': '2026-05-30T00:35:29.787321'}, {'url': 'https://example88.com', 'title': 'Page 88', 'timestamp': '2026-05-30T00:35:29.786054'}, {'url': 'https://example87.com', 'title': 'Page 87', 'timestamp': '2026-05-30T00:35:29.784675'}, {'url': 'https://example86.com', 'title': 'Page 86', 'timestamp': '2026-05-30T00:35:29.783271'}, {'url': 'https://example85.com', 'title': 'Page 85', 'timestamp': '2026-05-30T00:35:29.781538'}, {'url': 'https://example84.com', 'title': 'Page 84', 'timestamp': '2026-05-30T00:35:29.780041'}, {'url': 'https://example83.com', 'title': 'Page 83', 'timestamp': '2026-05-30T00:35:29.778572'}, {'url': 'https://example82.com', 'title': 'Page 82', 'timestamp': '2026-05-30T00:35:29.776995'}, {'url': 'https://example81.com', 'title': 'Page 81', 'timestamp': '2026-05-30T00:35:29.775533'}, {'url': 'https://example80.com', 'title': 'Page 80', 'timestamp': '2026-05-30T00:35:29.773201'}, {'url': 'https://example79.com', 'title': 'Page 79', 'timestamp': '2026-05-30T00:35:29.770910'}, {'url': 'https://example78.com', 'title': 'Page 78', 'timestamp': '2026-05-30T00:35:29.769487'}, {'url': 'https://example77.com', 'title': 'Page 77', 'timestamp': '2026-05-30T00:35:29.768246'}, {'url': 'https://example76.com', 'title': 'Page 76', 'timestamp': '2026-05-30T00:35:29.766954'}, {'url': 'https://example75.com', 'title': 'Page 75', 'timestamp': '2026-05-30T00:35:29.765411'}, {'url': 'https://example74.com', 'title': 'Page 74', 'timestamp': '2026-05-30T00:35:29.764149'}, {'url': 'https://example73.com', 'title': 'Page 73', 'timestamp': '2026-05-30T00:35:29.762871'}, {'url': 'https://example72.com', 'title': 'Page 72', 'timestamp': '2026-05-30T00:35:29.761393'}, {'url': 'https://example71.com', 'title': 'Page 71', 'timestamp': '2026-05-30T00:35:29.760131'}, {'url': 'https://example70.com', 'title': 'Page 70', 'timestamp': '2026-05-30T00:35:29.758679'}, {'url': 'https://example69.com', 'title': 'Page 69', 'timestamp': '2026-05-30T00:35:29.756602'}])
E    +    where [{'url': 'https://example.com', 'title': 'Example', 'timestamp': '2026-05-30T00:37:03.622301'}, {'url': 'https://example2.com', 'title': 'Example 2', 'timestamp': '2026-05-30T00:37:03.589436'}, {'url': 'https://example1.com', 'title': 'Example 1', 'timestamp': '2026-05-30T00:37:03.586849'}, {'url': 'https://example.com', 'title': 'Example', 'timestamp': '2026-05-30T00:37:03.523053'}, {'url': 'file:///home/user/document.html', 'title': 'Local File', 'timestamp': '2026-05-30T00:37:03.477438'}, {'url': 'https://example9.com', 'title': 'Page https://example9.com', 'timestamp': '2026-05-30T00:37:03.431272'}, {'url': 'https://example8.com', 'title': 'Page https://example8.com', 'timestamp': '2026-05-30T00:37:03.428996'}, {'url': 'https://example7.com', 'title': 'Page https://example7.com', 'timestamp': '2026-05-30T00:37:03.425830'}, {'url': 'https://example6.com', 'title': 'Page https://example6.com', 'timestamp': '2026-05-30T00:37:03.423347'}, {'url': 'https://example5.com', 'title': 'Page https://example5.com', 'timestamp': '2026-05-30T00:37:03.421079'}, {'url': 'https://example4.com', 'title': 'Page https://example4.com', 'timestamp': '2026-05-30T00:37:03.418887'}, {'url': 'https://example3.com', 'title': 'Page https://example3.com', 'timestamp': '2026-05-30T00:37:03.416612'}, {'url': 'https://example2.com', 'title': 'Page https://example2.com', 'timestamp': '2026-05-30T00:37:03.414328'}, {'url': 'https://example1.com', 'title': 'Page https://example1.com', 'timestamp': '2026-05-30T00:37:03.411924'}, {'url': 'https://example0.com', 'title': 'Page https://example0.com', 'timestamp': '2026-05-30T00:37:03.408413'}, {'url': 'https://example.com', 'title': 'Example Domain', 'timestamp': '2026-05-30T00:37:03.377159'}, {'url': 'file:///home/file.html', 'title': 'Test', 'timestamp': '2026-05-30T00:35:31.899236'}, {'url': 'http://example.com', 'title': 'Test', 'timestamp': '2026-05-30T00:35:31.864644'}, {'url': 'https://example.com', 'title': 'Test', 'timestamp': '2026-05-30T00:35:31.834593'}, {'url': 'https://example1049.com', 'title': 'Page 1049', 'timestamp': '2026-05-30T00:35:31.799892'}, {'url': 'https://example1048.com', 'title': 'Page 1048', 'timestamp': '2026-05-30T00:35:31.797353'}, {'url': 'https://example1047.com', 'title': 'Page 1047', 'timestamp': '2026-05-30T00:35:31.794951'}, {'url': 'https://example1046.com', 'title': 'Page 1046', 'timestamp': '2026-05-30T00:35:31.792214'}, {'url': 'https://example1045.com', 'title': 'Page 1045', 'timestamp': '2026-05-30T00:35:31.788854'}, {'url': 'https://example1044.com', 'title': 'Page 1044', 'timestamp': '2026-05-30T00:35:31.786329'}, {'url': 'https://example1043.com', 'title': 'Page 1043', 'timestamp': '2026-05-30T00:35:31.784038'}, {'url': 'https://example1042.com', 'title': 'Page 1042', 'timestamp': '2026-05-30T00:35:31.781490'}, {'url': 'https://example1041.com', 'title': 'Page 1041', 'timestamp': '2026-05-30T00:35:31.778955'}, {'url': 'https://example1040.com', 'title': 'Page 1040', 'timestamp': '2026-05-30T00:35:31.776194'}, {'url': 'https://example1039.com', 'title': 'Page 1039', 'timestamp': '2026-05-30T00:35:31.773050'}, {'url': 'https://example1038.com', 'title': 'Page 1038', 'timestamp': '2026-05-30T00:35:31.770163'}, {'url': 'https://example1037.com', 'title': 'Page 1037', 'timestamp': '2026-05-30T00:35:31.768003'}, {'url': 'https://example1036.com', 'title': 'Page 1036', 'timestamp': '2026-05-30T00:35:31.765738'}, {'url': 'https://example1035.com', 'title': 'Page 1035', 'timestamp': '2026-05-30T00:35:31.763374'}, {'url': 'https://example1034.com', 'title': 'Page 1034', 'timestamp': '2026-05-30T00:35:31.761053'}, {'url': 'https://example1033.com', 'title': 'Page 1033', 'timestamp': '2026-05-30T00:35:31.758403'}, {'url': 'https://example1032.com', 'title': 'Page 1032', 'timestamp': '2026-05-30T00:35:31.754831'}, {'url': 'https://example1031.com', 'title': 'Page 1031', 'timestamp': '2026-05-30T00:35:31.752584'}, {'url': 'https://example1030.com', 'title': 'Page 1030', 'timestamp': '2026-05-30T00:35:31.750425'}, {'url': 'https://example1029.com', 'title': 'Page 1029', 'timestamp': '2026-05-30T00:35:31.747861'}, {'url': 'https://example1028.com', 'title': 'Page 1028', 'timestamp': '2026-05-30T00:35:31.745555'}, {'url': 'https://example1027.com', 'title': 'Page 1027', 'timestamp': '2026-05-30T00:35:31.743040'}, {'url': 'https://example1026.com', 'title': 'Page 1026', 'timestamp': '2026-05-30T00:35:31.740055'}, {'url': 'https://example1025.com', 'title': 'Page 1025', 'timestamp': '2026-05-30T00:35:31.737112'}, {'url': 'https://example1024.com', 'title': 'Page 1024', 'timestamp': '2026-05-30T00:35:31.734825'}, {'url': 'https://example1023.com', 'title': 'Page 1023', 'timestamp': '2026-05-30T00:35:31.732385'}, {'url': 'https://example1022.com', 'title': 'Page 1022', 'timestamp': '2026-05-30T00:35:31.730185'}, {'url': 'https://example1021.com', 'title': 'Page 1021', 'timestamp': '2026-05-30T00:35:31.727788'}, {'url': 'https://example1020.com', 'title': 'Page 1020', 'timestamp': '2026-05-30T00:35:31.725095'}, {'url': 'https://example1019.com', 'title': 'Page 1019', 'timestamp': '2026-05-30T00:35:31.721120'}, {'url': 'https://example1018.com', 'title': 'Page 1018', 'timestamp': '2026-05-30T00:35:31.718877'}, {'url': 'https://example1017.com', 'title': 'Page 1017', 'timestamp': '2026-05-30T00:35:31.716318'}, {'url': 'https://example1016.com', 'title': 'Page 1016', 'timestamp': '2026-05-30T00:35:31.714069'}, {'url': 'https://example1015.com', 'title': 'Page 1015', 'timestamp': '2026-05-30T00:35:31.711635'}, {'url': 'https://example1014.com', 'title': 'Page 1014', 'timestamp': '2026-05-30T00:35:31.709052'}, {'url': 'https://example1013.com', 'title': 'Page 1013', 'timestamp': '2026-05-30T00:35:31.705808'}, {'url': 'https://example1012.com', 'title': 'Page 1012', 'timestamp': '2026-05-30T00:35:31.703136'}, {'url': 'https://example1011.com', 'title': 'Page 1011', 'timestamp': '2026-05-30T00:35:31.701064'}, {'url': 'https://example1010.com', 'title': 'Page 1010', 'timestamp': '2026-05-30T00:35:31.699009'}, {'url': 'https://example1009.com', 'title': 'Page 1009', 'timestamp': '2026-05-30T00:35:31.696705'}, {'url': 'https://example1008.com', 'title': 'Page 1008', 'timestamp': '2026-05-30T00:35:31.694486'}, {'url': 'https://example1007.com', 'title': 'Page 1007', 'timestamp': '2026-05-30T00:35:31.692238'}, {'url': 'https://example1006.com', 'title': 'Page 1006', 'timestamp': '2026-05-30T00:35:31.689295'}, {'url': 'https://example1005.com', 'title': 'Page 1005', 'timestamp': '2026-05-30T00:35:31.686573'}, {'url': 'https://example1004.com', 'title': 'Page 1004', 'timestamp': '2026-05-30T00:35:31.684424'}, {'url': 'https://example1003.com', 'title': 'Page 1003', 'timestamp': '2026-05-30T00:35:31.682287'}, {'url': 'https://example1002.com', 'title': 'Page 1002', 'timestamp': '2026-05-30T00:35:31.679994'}, {'url': 'https://example1001.com', 'title': 'Page 1001', 'timestamp': '2026-05-30T00:35:31.677552'}, {'url': 'https://example1000.com', 'title': 'Page 1000', 'timestamp': '2026-05-30T00:35:31.675233'}, {'url': 'https://example999.com', 'title': 'Page 999', 'timestamp': '2026-05-30T00:35:31.671580'}, {'url': 'https://example998.com', 'title': 'Page 998', 'timestamp': '2026-05-30T00:35:31.669175'}, {'url': 'https://example997.com', 'title': 'Page 997', 'timestamp': '2026-05-30T00:35:31.666962'}, {'url': 'https://example996.com', 'title': 'Page 996', 'timestamp': '2026-05-30T00:35:31.664456'}, {'url': 'https://example995.com', 'title': 'Page 995', 'timestamp': '2026-05-30T00:35:31.662271'}, {'url': 'https://example994.com', 'title': 'Page 994', 'timestamp': '2026-05-30T00:35:31.659984'}, {'url': 'https://example993.com', 'title': 'Page 993', 'timestamp': '2026-05-30T00:35:31.657515'}, {'url': 'https://example992.com', 'title': 'Page 992', 'timestamp': '2026-05-30T00:35:31.654436'}, {'url': 'https://example991.com', 'title': 'Page 991', 'timestamp': '2026-05-30T00:35:31.652368'}, {'url': 'https://example990.com', 'title': 'Page 990', 'timestamp': '2026-05-30T00:35:31.650263'}, {'url': 'https://example989.com', 'title': 'Page 989', 'timestamp': '2026-05-30T00:35:31.647953'}, {'url': 'https://example988.com', 'title': 'Page 988', 'timestamp': '2026-05-30T00:35:31.645892'}, {'url': 'https://example987.com', 'title': 'Page 987', 'timestamp': '2026-05-30T00:35:31.643652'}, {'url': 'https://example986.com', 'title': 'Page 986', 'timestamp': '2026-05-30T00:35:31.641387'}, {'url': 'https://example985.com', 'title': 'Page 985', 'timestamp': '2026-05-30T00:35:31.638246'}, {'url': 'https://example984.com', 'title': 'Page 984', 'timestamp': '2026-05-30T00:35:31.635844'}, {'url': 'https://example983.com', 'title': 'Page 983', 'timestamp': '2026-05-30T00:35:31.633695'}, {'url': 'https://example982.com', 'title': 'Page 982', 'timestamp': '2026-05-30T00:35:31.631308'}, {'url': 'https://example981.com', 'title': 'Page 981', 'timestamp': '2026-05-30T00:35:31.628965'}, {'url': 'https://example980.com', 'title': 'Page 980', 'timestamp': '2026-05-30T00:35:31.626773'}, {'url': 'https://example979.com', 'title': 'Page 979', 'timestamp': '2026-05-30T00:35:31.624478'}, {'url': 'https://example978.com', 'title': 'Page 978', 'timestamp': '2026-05-30T00:35:31.621196'}, {'url': 'https://example977.com', 'title': 'Page 977', 'timestamp': '2026-05-30T00:35:31.618992'}, {'url': 'https://example976.com', 'title': 'Page 976', 'timestamp': '2026-05-30T00:35:31.616563'}, {'url': 'https://example975.com', 'title': 'Page 975', 'timestamp': '2026-05-30T00:35:31.614133'}, {'url': 'https://example974.com', 'title': 'Page 974', 'timestamp': '2026-05-30T00:35:31.611658'}, {'url': 'https://example973.com', 'title': 'Page 973', 'timestamp': '2026-05-30T00:35:31.609403'}, {'url': 'https://example972.com', 'title': 'Page 972', 'timestamp': '2026-05-30T00:35:31.606428'}, {'url': 'https://example971.com', 'title': 'Page 971', 'timestamp': '2026-05-30T00:35:31.603600'}, {'url': 'https://example970.com', 'title': 'Page 970', 'timestamp': '2026-05-30T00:35:31.601257'}, {'url': 'https://example969.com', 'title': 'Page 969', 'timestamp': '2026-05-30T00:35:31.598912'}, {'url': 'https://example968.com', 'title': 'Page 968', 'timestamp': '2026-05-30T00:35:31.596302'}, {'url': 'https://example967.com', 'title': 'Page 967', 'timestamp': '2026-05-30T00:35:31.593955'}, {'url': 'https://example966.com', 'title': 'Page 966', 'timestamp': '2026-05-30T00:35:31.591270'}, {'url': 'https://example965.com', 'title': 'Page 965', 'timestamp': '2026-05-30T00:35:31.587533'}, {'url': 'https://example964.com', 'title': 'Page 964', 'timestamp': '2026-05-30T00:35:31.585196'}, {'url': 'https://example963.com', 'title': 'Page 963', 'timestamp': '2026-05-30T00:35:31.583081'}, {'url': 'https://example962.com', 'title': 'Page 962', 'timestamp': '2026-05-30T00:35:31.580674'}, {'url': 'https://example961.com', 'title': 'Page 961', 'timestamp': '2026-05-30T00:35:31.578566'}, {'url': 'https://example960.com', 'title': 'Page 960', 'timestamp': '2026-05-30T00:35:31.576212'}, {'url': 'https://example959.com', 'title': 'Page 959', 'timestamp': '2026-05-30T00:35:31.572776'}, {'url': 'https://example958.com', 'title': 'Page 958', 'timestamp': '2026-05-30T00:35:31.569673'}, {'url': 'https://example957.com', 'title': 'Page 957', 'timestamp': '2026-05-30T00:35:31.567369'}, {'url': 'https://example956.com', 'title': 'Page 956', 'timestamp': '2026-05-30T00:35:31.565066'}, {'url': 'https://example955.com', 'title': 'Page 955', 'timestamp': '2026-05-30T00:35:31.562837'}, {'url': 'https://example954.com', 'title': 'Page 954', 'timestamp': '2026-05-30T00:35:31.560396'}, {'url': 'https://example953.com', 'title': 'Page 953', 'timestamp': '2026-05-30T00:35:31.557606'}, {'url': 'https://example952.com', 'title': 'Page 952', 'timestamp': '2026-05-30T00:35:31.553884'}, {'url': 'https://example951.com', 'title': 'Page 951', 'timestamp': '2026-05-30T00:35:31.551729'}, {'url': 'https://example950.com', 'title': 'Page 950', 'timestamp': '2026-05-30T00:35:31.549112'}, {'url': 'https://example949.com', 'title': 'Page 949', 'timestamp': '2026-05-30T00:35:31.546813'}, {'url': 'https://example948.com', 'title': 'Page 948', 'timestamp': '2026-05-30T00:35:31.544410'}, {'url': 'https://example947.com', 'title': 'Page 947', 'timestamp': '2026-05-30T00:35:31.541086'}, {'url': 'https://example946.com', 'title': 'Page 946', 'timestamp': '2026-05-30T00:35:31.537576'}, {'url': 'https://example945.com', 'title': 'Page 945', 'timestamp': '2026-05-30T00:35:31.535480'}, {'url': 'https://example944.com', 'title': 'Page 944', 'timestamp': '2026-05-30T00:35:31.533306'}, {'url': 'https://example943.com', 'title': 'Page 943', 'timestamp': '2026-05-30T00:35:31.530821'}, {'url': 'https://example942.com', 'title': 'Page 942', 'timestamp': '2026-05-30T00:35:31.528485'}, {'url': 'https://example941.com', 'title': 'Page 941', 'timestamp': '2026-05-30T00:35:31.525825'}, {'url': 'https://example940.com', 'title': 'Page 940', 'timestamp': '2026-05-30T00:35:31.522617'}, {'url': 'https://example939.com', 'title': 'Page 939', 'timestamp': '2026-05-30T00:35:31.519783'}, {'url': 'https://example938.com', 'title': 'Page 938', 'timestamp': '2026-05-30T00:35:31.517613'}, {'url': 'https://example937.com', 'title': 'Page 937', 'timestamp': '2026-05-30T00:35:31.515365'}, {'url': 'https://example936.com', 'title': 'Page 936', 'timestamp': '2026-05-30T00:35:31.513143'}, {'url': 'https://example935.com', 'title': 'Page 935', 'timestamp': '2026-05-30T00:35:31.510487'}, {'url': 'https://example934.com', 'title': 'Page 934', 'timestamp': '2026-05-30T00:35:31.507131'}, {'url': 'https://example933.com', 'title': 'Page 933', 'timestamp': '2026-05-30T00:35:31.503803'}, {'url': 'https://example932.com', 'title': 'Page 932', 'timestamp': '2026-05-30T00:35:31.501568'}, {'url': 'https://example931.com', 'title': 'Page 931', 'timestamp': '2026-05-30T00:35:31.499349'}, {'url': 'https://example930.com', 'title': 'Page 930', 'timestamp': '2026-05-30T00:35:31.497139'}, {'url': 'https://example929.com', 'title': 'Page 929', 'timestamp': '2026-05-30T00:35:31.494785'}, {'url': 'https://example928.com', 'title': 'Page 928', 'timestamp': '2026-05-30T00:35:31.492298'}, {'url': 'https://example927.com', 'title': 'Page 927', 'timestamp': '2026-05-30T00:35:31.489301'}, {'url': 'https://example926.com', 'title': 'Page 926', 'timestamp': '2026-05-30T00:35:31.486349'}, {'url': 'https://example925.com', 'title': 'Page 925', 'timestamp': '2026-05-30T00:35:31.483829'}, {'url': 'https://example924.com', 'title': 'Page 924', 'timestamp': '2026-05-30T00:35:31.481661'}, {'url': 'https://example923.com', 'title': 'Page 923', 'timestamp': '2026-05-30T00:35:31.479452'}, {'url': 'https://example922.com', 'title': 'Page 922', 'timestamp': '2026-05-30T00:35:31.477054'}, {'url': 'https://example921.com', 'title': 'Page 921', 'timestamp': '2026-05-30T00:35:31.474297'}, {'url': 'https://example920.com', 'title': 'Page 920', 'timestamp': '2026-05-30T00:35:31.471067'}, {'url': 'https://example919.com', 'title': 'Page 919', 'timestamp': '2026-05-30T00:35:31.468590'}, {'url': 'https://example918.com', 'title': 'Page 918', 'timestamp': '2026-05-30T00:35:31.466455'}, {'url': 'https://example917.com', 'title': 'Page 917', 'timestamp': '2026-05-30T00:35:31.463275'}, {'url': 'https://example916.com', 'title': 'Page 916', 'timestamp': '2026-05-30T00:35:31.459359'}, {'url': 'https://example915.com', 'title': 'Page 915', 'timestamp': '2026-05-30T00:35:31.456613'}, {'url': 'https://example914.com', 'title': 'Page 914', 'timestamp': '2026-05-30T00:35:31.453485'}, {'url': 'https://example913.com', 'title': 'Page 913', 'timestamp': '2026-05-30T00:35:31.451397'}, {'url': 'https://example912.com', 'title': 'Page 912', 'timestamp': '2026-05-30T00:35:31.449358'}, {'url': 'https://example911.com', 'title': 'Page 911', 'timestamp': '2026-05-30T00:35:31.447093'}, {'url': 'https://example910.com', 'title': 'Page 910', 'timestamp': '2026-05-30T00:35:31.444262'}, {'url': 'https://example909.com', 'title': 'Page 909', 'timestamp': '2026-05-30T00:35:31.441550'}, {'url': 'https://example908.com', 'title': 'Page 908', 'timestamp': '2026-05-30T00:35:31.437835'}, {'url': 'https://example907.com', 'title': 'Page 907', 'timestamp': '2026-05-30T00:35:31.435661'}, {'url': 'https://example906.com', 'title': 'Page 906', 'timestamp': '2026-05-30T00:35:31.433605'}, {'url': 'https://example905.com', 'title': 'Page 905', 'timestamp': '2026-05-30T00:35:31.431404'}, {'url': 'https://example904.com', 'title': 'Page 904', 'timestamp': '2026-05-30T00:35:31.428844'}, {'url': 'https://example903.com', 'title': 'Page 903', 'timestamp': '2026-05-30T00:35:31.426481'}, {'url': 'https://example902.com', 'title': 'Page 902', 'timestamp': '2026-05-30T00:35:31.423160'}, {'url': 'https://example901.com', 'title': 'Page 901', 'timestamp': '2026-05-30T00:35:31.420265'}, {'url': 'https://example900.com', 'title': 'Page 900', 'timestamp': '2026-05-30T00:35:31.418131'}, {'url': 'https://example899.com', 'title': 'Page 899', 'timestamp': '2026-05-30T00:35:31.416032'}, {'url': 'https://example898.com', 'title': 'Page 898', 'timestamp': '2026-05-30T00:35:31.413926'}, {'url': 'https://example897.com', 'title': 'Page 897', 'timestamp': '2026-05-30T00:35:31.411352'}, {'url': 'https://example896.com', 'title': 'Page 896', 'timestamp': '2026-05-30T00:35:31.409141'}, {'url': 'https://example895.com', 'title': 'Page 895', 'timestamp': '2026-05-30T00:35:31.406392'}, {'url': 'https://example894.com', 'title': 'Page 894', 'timestamp': '2026-05-30T00:35:31.403671'}, {'url': 'https://example893.com', 'title': 'Page 893', 'timestamp': '2026-05-30T00:35:31.401631'}, {'url': 'https://example892.com', 'title': 'Page 892', 'timestamp': '2026-05-30T00:35:31.399538'}, {'url': 'https://example891.com', 'title': 'Page 891', 'timestamp': '2026-05-30T00:35:31.397355'}, {'url': 'https://example890.com', 'title': 'Page 890', 'timestamp': '2026-05-30T00:35:31.395083'}, {'url': 'https://example889.com', 'title': 'Page 889', 'timestamp': '2026-05-30T00:35:31.392923'}, {'url': 'https://example888.com', 'title': 'Page 888', 'timestamp': '2026-05-30T00:35:31.389851'}, {'url': 'https://example887.com', 'title': 'Page 887', 'timestamp': '2026-05-30T00:35:31.386920'}, {'url': 'https://example886.com', 'title': 'Page 886', 'timestamp': '2026-05-30T00:35:31.384766'}, {'url': 'https://example885.com', 'title': 'Page 885', 'timestamp': '2026-05-30T00:35:31.382566'}, {'url': 'https://example884.com', 'title': 'Page 884', 'timestamp': '2026-05-30T00:35:31.378997'}, {'url': 'https://example883.com', 'title': 'Page 883', 'timestamp': '2026-05-30T00:35:31.376683'}, {'url': 'https://example882.com', 'title': 'Page 882', 'timestamp': '2026-05-30T00:35:31.373803'}, {'url': 'https://example881.com', 'title': 'Page 881', 'timestamp': '2026-05-30T00:35:31.370776'}, {'url': 'https://example880.com', 'title': 'Page 880', 'timestamp': '2026-05-30T00:35:31.368678'}, {'url': 'https://example879.com', 'title': 'Page 879', 'timestamp': '2026-05-30T00:35:31.366546'}, {'url': 'https://example878.com', 'title': 'Page 878', 'timestamp': '2026-05-30T00:35:31.364081'}, {'url': 'https://example877.com', 'title': 'Page 877', 'timestamp': '2026-05-30T00:35:31.361927'}, {'url': 'https://example876.com', 'title': 'Page 876', 'timestamp': '2026-05-30T00:35:31.359782'}, {'url': 'https://example875.com', 'title': 'Page 875', 'timestamp': '2026-05-30T00:35:31.355948'}, {'url': 'https://example874.com', 'title': 'Page 874', 'timestamp': '2026-05-30T00:35:31.353254'}, {'url': 'https://example873.com', 'title': 'Page 873', 'timestamp': '2026-05-30T00:35:31.351060'}, {'url': 'https://example872.com', 'title': 'Page 872', 'timestamp': '2026-05-30T00:35:31.348699'}, {'url': 'https://example871.com', 'title': 'Page 871', 'timestamp': '2026-05-30T00:35:31.346524'}, {'url': 'https://example870.com', 'title': 'Page 870', 'timestamp': '2026-05-30T00:35:31.344130'}, {'url': 'https://example869.com', 'title': 'Page 869', 'timestamp': '2026-05-30T00:35:31.340757'}, {'url': 'https://example868.com', 'title': 'Page 868', 'timestamp': '2026-05-30T00:35:31.337443'}, {'url': 'https://example867.com', 'title': 'Page 867', 'timestamp': '2026-05-30T00:35:31.335359'}, {'url': 'https://example866.com', 'title': 'Page 866', 'timestamp': '2026-05-30T00:35:31.332877'}, {'url': 'https://example865.com', 'title': 'Page 865', 'timestamp': '2026-05-30T00:35:31.330807'}, {'url': 'https://example864.com', 'title': 'Page 864', 'timestamp': '2026-05-30T00:35:31.328657'}, {'url': 'https://example863.com', 'title': 'Page 863', 'timestamp': '2026-05-30T00:35:31.326534'}, {'url': 'https://example862.com', 'title': 'Page 862', 'timestamp': '2026-05-30T00:35:31.323200'}, {'url': 'https://example861.com', 'title': 'Page 861', 'timestamp': '2026-05-30T00:35:31.320323'}, {'url': 'https://example860.com', 'title': 'Page 860', 'timestamp': '2026-05-30T00:35:31.318078'}, {'url': 'https://example859.com', 'title': 'Page 859', 'timestamp': '2026-05-30T00:35:31.315610'}, {'url': 'https://example858.com', 'title': 'Page 858', 'timestamp': '2026-05-30T00:35:31.313610'}, {'url': 'https://example857.com', 'title': 'Page 857', 'timestamp': '2026-05-30T00:35:31.311516'}, {'url': 'https://example856.com', 'title': 'Page 856', 'timestamp': '2026-05-30T00:35:31.309104'}, {'url': 'https://example855.com', 'title': 'Page 855', 'timestamp': '2026-05-30T00:35:31.305132'}, {'url': 'https://example854.com', 'title': 'Page 854', 'timestamp': '2026-05-30T00:35:31.302546'}, {'url': 'https://example853.com', 'title': 'Page 853', 'timestamp': '2026-05-30T00:35:31.299688'}, {'url': 'https://example852.com', 'title': 'Page 852', 'timestamp': '2026-05-30T00:35:31.297572'}, {'url': 'https://example851.com', 'title': 'Page 851', 'timestamp': '2026-05-30T00:35:31.295344'}, {'url': 'https://example850.com', 'title': 'Page 850', 'timestamp': '2026-05-30T00:35:31.292871'}, {'url': 'https://example849.com', 'title': 'Page 849', 'timestamp': '2026-05-30T00:35:31.289929'}, {'url': 'https://example848.com', 'title': 'Page 848', 'timestamp': '2026-05-30T00:35:31.286668'}, {'url': 'https://example847.com', 'title': 'Page 847', 'timestamp': '2026-05-30T00:35:31.283938'}, {'url': 'https://example846.com', 'title': 'Page 846', 'timestamp': '2026-05-30T00:35:31.282013'}, {'url': 'https://example845.com', 'title': 'Page 845', 'timestamp': '2026-05-30T00:35:31.280044'}, {'url': 'https://example844.com', 'title': 'Page 844', 'timestamp': '2026-05-30T00:35:31.277831'}, {'url': 'https://example843.com', 'title': 'Page 843', 'timestamp': '2026-05-30T00:35:31.275561'}, {'url': 'https://example842.com', 'title': 'Page 842', 'timestamp': '2026-05-30T00:35:31.272789'}, {'url': 'https://example841.com', 'title': 'Page 841', 'timestamp': '2026-05-30T00:35:31.269921'}, {'url': 'https://example840.com', 'title': 'Page 840', 'timestamp': '2026-05-30T00:35:31.267673'}, {'url': 'https://example839.com', 'title': 'Page 839', 'timestamp': '2026-05-30T00:35:31.265627'}, {'url': 'https://example838.com', 'title': 'Page 838', 'timestamp': '2026-05-30T00:35:31.263445'}, {'url': 'https://example837.com', 'title': 'Page 837', 'timestamp': '2026-05-30T00:35:31.260923'}, {'url': 'https://example836.com', 'title': 'Page 836', 'timestamp': '2026-05-30T00:35:31.258715'}, {'url': 'https://example835.com', 'title': 'Page 835', 'timestamp': '2026-05-30T00:35:31.256058'}, {'url': 'https://example834.com', 'title': 'Page 834', 'timestamp': '2026-05-30T00:35:31.253000'}, {'url': 'https://example833.com', 'title': 'Page 833', 'timestamp': '2026-05-30T00:35:31.250971'}, {'url': 'https://example832.com', 'title': 'Page 832', 'timestamp': '2026-05-30T00:35:31.248903'}, {'url': 'https://example831.com', 'title': 'Page 831', 'timestamp': '2026-05-30T00:35:31.246740'}, {'url': 'https://example830.com', 'title': 'Page 830', 'timestamp': '2026-05-30T00:35:31.244475'}, {'url': 'https://example829.com', 'title': 'Page 829', 'timestamp': '2026-05-30T00:35:31.242251'}, {'url': 'https://example828.com', 'title': 'Page 828', 'timestamp': '2026-05-30T00:35:31.239435'}, {'url': 'https://example827.com', 'title': 'Page 827', 'timestamp': '2026-05-30T00:35:31.236581'}, {'url': 'https://example826.com', 'title': 'Page 826', 'timestamp': '2026-05-30T00:35:31.234584'}, {'url': 'https://example825.com', 'title': 'Page 825', 'timestamp': '2026-05-30T00:35:31.232430'}, {'url': 'https://example824.com', 'title': 'Page 824', 'timestamp': '2026-05-30T00:35:31.230255'}, {'url': 'https://example823.com', 'title': 'Page 823', 'timestamp': '2026-05-30T00:35:31.227842'}, {'url': 'https://example822.com', 'title': 'Page 822', 'timestamp': '2026-05-30T00:35:31.225479'}, {'url': 'https://example821.com', 'title': 'Page 821', 'timestamp': '2026-05-30T00:35:31.221579'}, {'url': 'https://example820.com', 'title': 'Page 820', 'timestamp': '2026-05-30T00:35:31.219381'}, {'url': 'https://example819.com', 'title': 'Page 819', 'timestamp': '2026-05-30T00:35:31.217330'}, {'url': 'https://example818.com', 'title': 'Page 818', 'timestamp': '2026-05-30T00:35:31.215277'}, {'url': 'https://example817.com', 'title': 'Page 817', 'timestamp': '2026-05-30T00:35:31.212885'}, {'url': 'https://example816.com', 'title': 'Page 816', 'timestamp': '2026-05-30T00:35:31.210567'}, {'url': 'https://example815.com', 'title': 'Page 815', 'timestamp': '2026-05-30T00:35:31.208027'}, {'url': 'https://example814.com', 'title': 'Page 814', 'timestamp': '2026-05-30T00:35:31.204126'}, {'url': 'https://example813.com', 'title': 'Page 813', 'timestamp': '2026-05-30T00:35:31.202053'}, {'url': 'https://example812.com', 'title': 'Page 812', 'timestamp': '2026-05-30T00:35:31.200035'}, {'url': 'https://example811.com', 'title': 'Page 811', 'timestamp': '2026-05-30T00:35:31.197593'}, {'url': 'https://example810.com', 'title': 'Page 810', 'timestamp': '2026-05-30T00:35:31.195313'}, {'url': 'https://example809.com', 'title': 'Page 809', 'timestamp': '2026-05-30T00:35:31.192983'}, {'url': 'https://example808.com', 'title': 'Page 808', 'timestamp': '2026-05-30T00:35:31.190130'}, {'url': 'https://example807.com', 'title': 'Page 807', 'timestamp': '2026-05-30T00:35:31.187200'}, {'url': 'https://example806.com', 'title': 'Page 806', 'timestamp': '2026-05-30T00:35:31.185296'}, {'url': 'https://example805.com', 'title': 'Page 805', 'timestamp': '2026-05-30T00:35:31.183285'}, {'url': 'https://example804.com', 'title': 'Page 804', 'timestamp': '2026-05-30T00:35:31.181100'}, {'url': 'https://example803.com', 'title': 'Page 803', 'timestamp': '2026-05-30T00:35:31.178955'}, {'url': 'https://example802.com', 'title': 'Page 802', 'timestamp': '2026-05-30T00:35:31.176778'}, {'url': 'https://example801.com', 'title': 'Page 801', 'timestamp': '2026-05-30T00:35:31.173490'}, {'url': 'https://example800.com', 'title': 'Page 800', 'timestamp': '2026-05-30T00:35:31.170686'}, {'url': 'https://example799.com', 'title': 'Page 799', 'timestamp': '2026-05-30T00:35:31.168621'}, {'url': 'https://example798.com', 'title': 'Page 798', 'timestamp': '2026-05-30T00:35:31.166683'}, {'url': 'https://example797.com', 'title': 'Page 797', 'timestamp': '2026-05-30T00:35:31.164439'}, {'url': 'https://example796.com', 'title': 'Page 796', 'timestamp': '2026-05-30T00:35:31.162428'}, {'url': 'https://example795.com', 'title': 'Page 795', 'timestamp': '2026-05-30T00:35:31.159950'}, {'url': 'https://example794.com', 'title': 'Page 794', 'timestamp': '2026-05-30T00:35:31.155884'}, {'url': 'https://example793.com', 'title': 'Page 793', 'timestamp': '2026-05-30T00:35:31.153415'}, {'url': 'https://example792.com', 'title': 'Page 792', 'timestamp': '2026-05-30T00:35:31.151359'}, {'url': 'https://example791.com', 'title': 'Page 791', 'timestamp': '2026-05-30T00:35:31.149225'}, {'url': 'https://example790.com', 'title': 'Page 790', 'timestamp': '2026-05-30T00:35:31.147172'}, {'url': 'https://example789.com', 'title': 'Page 789', 'timestamp': '2026-05-30T00:35:31.144949'}, {'url': 'https://example788.com', 'title': 'Page 788', 'timestamp': '2026-05-30T00:35:31.142656'}, {'url': 'https://example787.com', 'title': 'Page 787', 'timestamp': '2026-05-30T00:35:31.139409'}, {'url': 'https://example786.com', 'title': 'Page 786', 'timestamp': '2026-05-30T00:35:31.136829'}, {'url': 'https://example785.com', 'title': 'Page 785', 'timestamp': '2026-05-30T00:35:31.134878'}, {'url': 'https://example784.com', 'title': 'Page 784', 'timestamp': '2026-05-30T00:35:31.132721'}, {'url': 'https://example783.com', 'title': 'Page 783', 'timestamp': '2026-05-30T00:35:31.130684'}, {'url': 'https://example782.com', 'title': 'Page 782', 'timestamp': '2026-05-30T00:35:31.128573'}, {'url': 'https://example781.com', 'title': 'Page 781', 'timestamp': '2026-05-30T00:35:31.126169'}, {'url': 'https://example780.com', 'title': 'Page 780', 'timestamp': '2026-05-30T00:35:31.122673'}, {'url': 'https://example779.com', 'title': 'Page 779', 'timestamp': '2026-05-30T00:35:31.120101'}, {'url': 'https://example778.com', 'title': 'Page 778', 'timestamp': '2026-05-30T00:35:31.117907'}, {'url': 'https://example777.com', 'title': 'Page 777', 'timestamp': '2026-05-30T00:35:31.115668'}, {'url': 'https://example776.com', 'title': 'Page 776', 'timestamp': '2026-05-30T00:35:31.113695'}, {'url': 'https://example775.com', 'title': 'Page 775', 'timestamp': '2026-05-30T00:35:31.111460'}, {'url': 'https://example774.com', 'title': 'Page 774', 'timestamp': '2026-05-30T00:35:31.108695'}, {'url': 'https://example773.com', 'title': 'Page 773', 'timestamp': '2026-05-30T00:35:31.105518'}, {'url': 'https://example772.com', 'title': 'Page 772', 'timestamp': '2026-05-30T00:35:31.102925'}, {'url': 'https://example771.com', 'title': 'Page 771', 'timestamp': '2026-05-30T00:35:31.100251'}, {'url': 'https://example770.com', 'title': 'Page 770', 'timestamp': '2026-05-30T00:35:31.097608'}, {'url': 'https://example769.com', 'title': 'Page 769', 'timestamp': '2026-05-30T00:35:31.094434'}, {'url': 'https://example768.com', 'title': 'Page 768', 'timestamp': '2026-05-30T00:35:31.090809'}, {'url': 'https://example767.com', 'title': 'Page 767', 'timestamp': '2026-05-30T00:35:31.087721'}, {'url': 'https://example766.com', 'title': 'Page 766', 'timestamp': '2026-05-30T00:35:31.085340'}, {'url': 'https://example765.com', 'title': 'Page 765', 'timestamp': '2026-05-30T00:35:31.083039'}, {'url': 'https://example764.com', 'title': 'Page 764', 'timestamp': '2026-05-30T00:35:31.080889'}, {'url': 'https://example763.com', 'title': 'Page 763', 'timestamp': '2026-05-30T00:35:31.078574'}, {'url': 'https://example762.com', 'title': 'Page 762', 'timestamp': '2026-05-30T00:35:31.075982'}, {'url': 'https://example761.com', 'title': 'Page 761', 'timestamp': '2026-05-30T00:35:31.073713'}, {'url': 'https://example760.com', 'title': 'Page 760', 'timestamp': '2026-05-30T00:35:31.070940'}, {'url': 'https://example759.com', 'title': 'Page 759', 'timestamp': '2026-05-30T00:35:31.068838'}, {'url': 'https://example758.com', 'title': 'Page 758', 'timestamp': '2026-05-30T00:35:31.066872'}, {'url': 'https://example757.com', 'title': 'Page 757', 'timestamp': '2026-05-30T00:35:31.064821'}, {'url': 'https://example756.com', 'title': 'Page 756', 'timestamp': '2026-05-30T00:35:31.062785'}, {'url': 'https://example755.com', 'title': 'Page 755', 'timestamp': '2026-05-30T00:35:31.060257'}, {'url': 'https://example754.com', 'title': 'Page 754', 'timestamp': '2026-05-30T00:35:31.057802'}, {'url': 'https://example753.com', 'title': 'Page 753', 'timestamp': '2026-05-30T00:35:31.054865'}, {'url': 'https://example752.com', 'title': 'Page 752', 'timestamp': '2026-05-30T00:35:31.052763'}, {'url': 'https://example751.com', 'title': 'Page 751', 'timestamp': '2026-05-30T00:35:31.050797'}, {'url': 'https://example750.com', 'title': 'Page 750', 'timestamp': '2026-05-30T00:35:31.048848'}, {'url': 'https://example749.com', 'title': 'Page 749', 'timestamp': '2026-05-30T00:35:31.046904'}, {'url': 'https://example748.com', 'title': 'Page 748', 'timestamp': '2026-05-30T00:35:31.044834'}, {'url': 'https://example747.com', 'title': 'Page 747', 'timestamp': '2026-05-30T00:35:31.042386'}, {'url': 'https://example746.com', 'title': 'Page 746', 'timestamp': '2026-05-30T00:35:31.038432'}, {'url': 'https://example745.com', 'title': 'Page 745', 'timestamp': '2026-05-30T00:35:31.036086'}, {'url': 'https://example744.com', 'title': 'Page 744', 'timestamp': '2026-05-30T00:35:31.034017'}, {'url': 'https://example743.com', 'title': 'Page 743', 'timestamp': '2026-05-30T00:35:31.031974'}, {'url': 'https://example742.com', 'title': 'Page 742', 'timestamp': '2026-05-30T00:35:31.029301'}, {'url': 'https://example741.com', 'title': 'Page 741', 'timestamp': '2026-05-30T00:35:31.026718'}, {'url': 'https://example740.com', 'title': 'Page 740', 'timestamp': '2026-05-30T00:35:31.022658'}, {'url': 'https://example739.com', 'title': 'Page 739', 'timestamp': '2026-05-30T00:35:31.019925'}, {'url': 'https://example738.com', 'title': 'Page 738', 'timestamp': '2026-05-30T00:35:31.018003'}, {'url': 'https://example737.com', 'title': 'Page 737', 'timestamp': '2026-05-30T00:35:31.015941'}, {'url': 'https://example736.com', 'title': 'Page 736', 'timestamp': '2026-05-30T00:35:31.013458'}, {'url': 'https://example735.com', 'title': 'Page 735', 'timestamp': '2026-05-30T00:35:31.011146'}, {'url': 'https://example734.com', 'title': 'Page 734', 'timestamp': '2026-05-30T00:35:31.009034'}, {'url': 'https://example733.com', 'title': 'Page 733', 'timestamp': '2026-05-30T00:35:31.006000'}, {'url': 'https://example732.com', 'title': 'Page 732', 'timestamp': '2026-05-30T00:35:31.003210'}, {'url': 'https://example731.com', 'title': 'Page 731', 'timestamp': '2026-05-30T00:35:31.001335'}, {'url': 'https://example730.com', 'title': 'Page 730', 'timestamp': '2026-05-30T00:35:30.999378'}, {'url': 'https://example729.com', 'title': 'Page 729', 'timestamp': '2026-05-30T00:35:30.997154'}, {'url': 'https://example728.com', 'title': 'Page 728', 'timestamp': '2026-05-30T00:35:30.995067'}, {'url': 'https://example727.com', 'title': 'Page 727', 'timestamp': '2026-05-30T00:35:30.993029'}, {'url': 'https://example726.com', 'title': 'Page 726', 'timestamp': '2026-05-30T00:35:30.990585'}, {'url': 'https://example725.com', 'title': 'Page 725', 'timestamp': '2026-05-30T00:35:30.987412'}, {'url': 'https://example724.com', 'title': 'Page 724', 'timestamp': '2026-05-30T00:35:30.985462'}, {'url': 'https://example723.com', 'title': 'Page 723', 'timestamp': '2026-05-30T00:35:30.983442'}, {'url': 'https://example722.com', 'title': 'Page 722', 'timestamp': '2026-05-30T00:35:30.980855'}, {'url': 'https://example721.com', 'title': 'Page 721', 'timestamp': '2026-05-30T00:35:30.978777'}, {'url': 'https://example720.com', 'title': 'Page 720', 'timestamp': '2026-05-30T00:35:30.976844'}, {'url': 'https://example719.com', 'title': 'Page 719', 'timestamp': '2026-05-30T00:35:30.974603'}, {'url': 'https://example718.com', 'title': 'Page 718', 'timestamp': '2026-05-30T00:35:30.971067'}, {'url': 'https://example717.com', 'title': 'Page 717', 'timestamp': '2026-05-30T00:35:30.968902'}, {'url': 'https://example716.com', 'title': 'Page 716', 'timestamp': '2026-05-30T00:35:30.966784'}, {'url': 'https://example715.com', 'title': 'Page 715', 'timestamp': '2026-05-30T00:35:30.964364'}, {'url': 'https://example714.com', 'title': 'Page 714', 'timestamp': '2026-05-30T00:35:30.962409'}, {'url': 'https://example713.com', 'title': 'Page 713', 'timestamp': '2026-05-30T00:35:30.960413'}, {'url': 'https://example712.com', 'title': 'Page 712', 'timestamp': '2026-05-30T00:35:30.958287'}, {'url': 'https://example711.com', 'title': 'Page 711', 'timestamp': '2026-05-30T00:35:30.955092'}, {'url': 'https://example710.com', 'title': 'Page 710', 'timestamp': '2026-05-30T00:35:30.953012'}, {'url': 'https://example709.com', 'title': 'Page 709', 'timestamp': '2026-05-30T00:35:30.951017'}, {'url': 'https://example708.com', 'title': 'Page 708', 'timestamp': '2026-05-30T00:35:30.948701'}, {'url': 'https://example707.com', 'title': 'Page 707', 'timestamp': '2026-05-30T00:35:30.946799'}, {'url': 'https://example706.com', 'title': 'Page 706', 'timestamp': '2026-05-30T00:35:30.944840'}, {'url': 'https://example705.com', 'title': 'Page 705', 'timestamp': '2026-05-30T00:35:30.942769'}, {'url': 'https://example704.com', 'title': 'Page 704', 'timestamp': '2026-05-30T00:35:30.940139'}, {'url': 'https://example703.com', 'title': 'Page 703', 'timestamp': '2026-05-30T00:35:30.937149'}, {'url': 'https://example702.com', 'title': 'Page 702', 'timestamp': '2026-05-30T00:35:30.935120'}, {'url': 'https://example701.com', 'title': 'Page 701', 'timestamp': '2026-05-30T00:35:30.932120'}, {'url': 'https://example700.com', 'title': 'Page 700', 'timestamp': '2026-05-30T00:35:30.930114'}, {'url': 'https://example699.com', 'title': 'Page 699', 'timestamp': '2026-05-30T00:35:30.928202'}, {'url': 'https://example698.com', 'title': 'Page 698', 'timestamp': '2026-05-30T00:35:30.926196'}, {'url': 'https://example697.com', 'title': 'Page 697', 'timestamp': '2026-05-30T00:35:30.923884'}, {'url': 'https://example696.com', 'title': 'Page 696', 'timestamp': '2026-05-30T00:35:30.920953'}, {'url': 'https://example695.com', 'title': 'Page 695', 'timestamp': '2026-05-30T00:35:30.918629'}, {'url': 'https://example694.com', 'title': 'Page 694', 'timestamp': '2026-05-30T00:35:30.915958'}, {'url': 'https://example693.com', 'title': 'Page 693', 'timestamp': '2026-05-30T00:35:30.914030'}, {'url': 'https://example692.com', 'title': 'Page 692', 'timestamp': '2026-05-30T00:35:30.912227'}, {'url': 'https://example691.com', 'title': 'Page 691', 'timestamp': '2026-05-30T00:35:30.910269'}, {'url': 'https://example690.com', 'title': 'Page 690', 'timestamp': '2026-05-30T00:35:30.907919'}, {'url': 'https://example689.com', 'title': 'Page 689', 'timestamp': '2026-05-30T00:35:30.904843'}, {'url': 'https://example688.com', 'title': 'Page 688', 'timestamp': '2026-05-30T00:35:30.902804'}, {'url': 'https://example687.com', 'title': 'Page 687', 'timestamp': '2026-05-30T00:35:30.900399'}, {'url': 'https://example686.com', 'title': 'Page 686', 'timestamp': '2026-05-30T00:35:30.898590'}, {'url': 'https://example685.com', 'title': 'Page 685', 'timestamp': '2026-05-30T00:35:30.896708'}, {'url': 'https://example684.com', 'title': 'Page 684', 'timestamp': '2026-05-30T00:35:30.894661'}, {'url': 'https://example683.com', 'title': 'Page 683', 'timestamp': '2026-05-30T00:35:30.892217'}, {'url': 'https://example682.com', 'title': 'Page 682', 'timestamp': '2026-05-30T00:35:30.889906'}, {'url': 'https://example681.com', 'title': 'Page 681', 'timestamp': '2026-05-30T00:35:30.887307'}, {'url': 'https://example680.com', 'title': 'Page 680', 'timestamp': '2026-05-30T00:35:30.885380'}, {'url': 'https://example679.com', 'title': 'Page 679', 'timestamp': '2026-05-30T00:35:30.883455'}, {'url': 'https://example678.com', 'title': 'Page 678', 'timestamp': '2026-05-30T00:35:30.881680'}, {'url': 'https://example677.com', 'title': 'Page 677', 'timestamp': '2026-05-30T00:35:30.879798'}, {'url': 'https://example676.com', 'title': 'Page 676', 'timestamp': '2026-05-30T00:35:30.877632'}, {'url': 'https://example675.com', 'title': 'Page 675', 'timestamp': '2026-05-30T00:35:30.875405'}, {'url': 'https://example674.com', 'title': 'Page 674', 'timestamp': '2026-05-30T00:35:30.872571'}, {'url': 'https://example673.com', 'title': 'Page 673', 'timestamp': '2026-05-30T00:35:30.870016'}, {'url': 'https://example672.com', 'title': 'Page 672', 'timestamp': '2026-05-30T00:35:30.867904'}, {'url': 'https://example671.com', 'title': 'Page 671', 'timestamp': '2026-05-30T00:35:30.866104'}, {'url': 'https://example670.com', 'title': 'Page 670', 'timestamp': '2026-05-30T00:35:30.864243'}, {'url': 'https://example669.com', 'title': 'Page 669', 'timestamp': '2026-05-30T00:35:30.862199'}, {'url': 'https://example668.com', 'title': 'Page 668', 'timestamp': '2026-05-30T00:35:30.859946'}, {'url': 'https://example667.com', 'title': 'Page 667', 'timestamp': '2026-05-30T00:35:30.857771'}, {'url': 'https://example666.com', 'title': 'Page 666', 'timestamp': '2026-05-30T00:35:30.854118'}, {'url': 'https://example665.com', 'title': 'Page 665', 'timestamp': '2026-05-30T00:35:30.851976'}, {'url': 'https://example664.com', 'title': 'Page 664', 'timestamp': '2026-05-30T00:35:30.850164'}, {'url': 'https://example663.com', 'title': 'Page 663', 'timestamp': '2026-05-30T00:35:30.848318'}, {'url': 'https://example662.com', 'title': 'Page 662', 'timestamp': '2026-05-30T00:35:30.846280'}, {'url': 'https://example661.com', 'title': 'Page 661', 'timestamp': '2026-05-30T00:35:30.844009'}, {'url': 'https://example660.com', 'title': 'Page 660', 'timestamp': '2026-05-30T00:35:30.841753'}, {'url': 'https://example659.com', 'title': 'Page 659', 'timestamp': '2026-05-30T00:35:30.839008'}, {'url': 'https://example658.com', 'title': 'Page 658', 'timestamp': '2026-05-30T00:35:30.836485'}, {'url': 'https://example657.com', 'title': 'Page 657', 'timestamp': '2026-05-30T00:35:30.834652'}, {'url': 'https://example656.com', 'title': 'Page 656', 'timestamp': '2026-05-30T00:35:30.832805'}, {'url': 'https://example655.com', 'title': 'Page 655', 'timestamp': '2026-05-30T00:35:30.830858'}, {'url': 'https://example654.com', 'title': 'Page 654', 'timestamp': '2026-05-30T00:35:30.828683'}, {'url': 'https://example653.com', 'title': 'Page 653', 'timestamp': '2026-05-30T00:35:30.826751'}, {'url': 'https://example652.com', 'title': 'Page 652', 'timestamp': '2026-05-30T00:35:30.824560'}, {'url': 'https://example651.com', 'title': 'Page 651', 'timestamp': '2026-05-30T00:35:30.821033'}, {'url': 'https://example650.com', 'title': 'Page 650', 'timestamp': '2026-05-30T00:35:30.819251'}, {'url': 'https://example649.com', 'title': 'Page 649', 'timestamp': '2026-05-30T00:35:30.817316'}, {'url': 'https://example648.com', 'title': 'Page 648', 'timestamp': '2026-05-30T00:35:30.815407'}, {'url': 'https://example647.com', 'title': 'Page 647', 'timestamp': '2026-05-30T00:35:30.813349'}, {'url': 'https://example646.com', 'title': 'Page 646', 'timestamp': '2026-05-30T00:35:30.811381'}, {'url': 'https://example645.com', 'title': 'Page 645', 'timestamp': '2026-05-30T00:35:30.809315'}, {'url': 'https://example644.com', 'title': 'Page 644', 'timestamp': '2026-05-30T00:35:30.806607'}, {'url': 'https://example643.com', 'title': 'Page 643', 'timestamp': '2026-05-30T00:35:30.803779'}, {'url': 'https://example642.com', 'title': 'Page 642', 'timestamp': '2026-05-30T00:35:30.801998'}, {'url': 'https://example641.com', 'title': 'Page 641', 'timestamp': '2026-05-30T00:35:30.800135'}, {'url': 'https://example640.com', 'title': 'Page 640', 'timestamp': '2026-05-30T00:35:30.797905'}, {'url': 'https://example639.com', 'title': 'Page 639', 'timestamp': '2026-05-30T00:35:30.795748'}, {'url': 'https://example638.com', 'title': 'Page 638', 'timestamp': '2026-05-30T00:35:30.792992'}, {'url': 'https://example637.com', 'title': 'Page 637', 'timestamp': '2026-05-30T00:35:30.788872'}, {'url': 'https://example636.com', 'title': 'Page 636', 'timestamp': '2026-05-30T00:35:30.786765'}, {'url': 'https://example635.com', 'title': 'Page 635', 'timestamp': '2026-05-30T00:35:30.784945'}, {'url': 'https://example634.com', 'title': 'Page 634', 'timestamp': '2026-05-30T00:35:30.783017'}, {'url': 'https://example633.com', 'title': 'Page 633', 'timestamp': '2026-05-30T00:35:30.780636'}, {'url': 'https://example632.com', 'title': 'Page 632', 'timestamp': '2026-05-30T00:35:30.778781'}, {'url': 'https://example631.com', 'title': 'Page 631', 'timestamp': '2026-05-30T00:35:30.776577'}, {'url': 'https://example630.com', 'title': 'Page 630', 'timestamp': '2026-05-30T00:35:30.772707'}, {'url': 'https://example629.com', 'title': 'Page 629', 'timestamp': '2026-05-30T00:35:30.770314'}, {'url': 'https://example628.com', 'title': 'Page 628', 'timestamp': '2026-05-30T00:35:30.768366'}, {'url': 'https://example627.com', 'title': 'Page 627', 'timestamp': '2026-05-30T00:35:30.766441'}, {'url': 'https://example626.com', 'title': 'Page 626', 'timestamp': '2026-05-30T00:35:30.764308'}, {'url': 'https://example625.com', 'title': 'Page 625', 'timestamp': '2026-05-30T00:35:30.762148'}, {'url': 'https://example624.com', 'title': 'Page 624', 'timestamp': '2026-05-30T00:35:30.759985'}, {'url': 'https://example623.com', 'title': 'Page 623', 'timestamp': '2026-05-30T00:35:30.756198'}, {'url': 'https://example622.com', 'title': 'Page 622', 'timestamp': '2026-05-30T00:35:30.753644'}, {'url': 'https://example621.com', 'title': 'Page 621', 'timestamp': '2026-05-30T00:35:30.751790'}, {'url': 'https://example620.com', 'title': 'Page 620', 'timestamp': '2026-05-30T00:35:30.749735'}, {'url': 'https://example619.com', 'title': 'Page 619', 'timestamp': '2026-05-30T00:35:30.747804'}, {'url': 'https://example618.com', 'title': 'Page 618', 'timestamp': '2026-05-30T00:35:30.745898'}, {'url': 'https://example617.com', 'title': 'Page 617', 'timestamp': '2026-05-30T00:35:30.743987'}, {'url': 'https://example616.com', 'title': 'Page 616', 'timestamp': '2026-05-30T00:35:30.741449'}, {'url': 'https://example615.com', 'title': 'Page 615', 'timestamp': '2026-05-30T00:35:30.738513'}, {'url': 'https://example614.com', 'title': 'Page 614', 'timestamp': '2026-05-30T00:35:30.736450'}, {'url': 'https://example613.com', 'title': 'Page 613', 'timestamp': '2026-05-30T00:35:30.734233'}, {'url': 'https://example612.com', 'title': 'Page 612', 'timestamp': '2026-05-30T00:35:30.731997'}, {'url': 'https://example611.com', 'title': 'Page 611', 'timestamp': '2026-05-30T00:35:30.730017'}, {'url': 'https://example610.com', 'title': 'Page 610', 'timestamp': '2026-05-30T00:35:30.727530'}, {'url': 'https://example609.com', 'title': 'Page 609', 'timestamp': '2026-05-30T00:35:30.725180'}, {'url': 'https://example608.com', 'title': 'Page 608', 'timestamp': '2026-05-30T00:35:30.722560'}, {'url': 'https://example607.com', 'title': 'Page 607', 'timestamp': '2026-05-30T00:35:30.720234'}, {'url': 'https://example606.com', 'title': 'Page 606', 'timestamp': '2026-05-30T00:35:30.718408'}, {'url': 'https://example605.com', 'title': 'Page 605', 'timestamp': '2026-05-30T00:35:30.716395'}, {'url': 'https://example604.com', 'title': 'Page 604', 'timestamp': '2026-05-30T00:35:30.714694'}, {'url': 'https://example603.com', 'title': 'Page 603', 'timestamp': '2026-05-30T00:35:30.712898'}, {'url': 'https://example602.com', 'title': 'Page 602', 'timestamp': '2026-05-30T00:35:30.710912'}, {'url': 'https://example601.com', 'title': 'Page 601', 'timestamp': '2026-05-30T00:35:30.708736'}, {'url': 'https://example600.com', 'title': 'Page 600', 'timestamp': '2026-05-30T00:35:30.706299'}, {'url': 'https://example599.com', 'title': 'Page 599', 'timestamp': '2026-05-30T00:35:30.703856'}, {'url': 'https://example598.com', 'title': 'Page 598', 'timestamp': '2026-05-30T00:35:30.701608'}, {'url': 'https://example597.com', 'title': 'Page 597', 'timestamp': '2026-05-30T00:35:30.699535'}, {'url': 'https://example596.com', 'title': 'Page 596', 'timestamp': '2026-05-30T00:35:30.697672'}, {'url': 'https://example595.com', 'title': 'Page 595', 'timestamp': '2026-05-30T00:35:30.695396'}, {'url': 'https://example594.com', 'title': 'Page 594', 'timestamp': '2026-05-30T00:35:30.693307'}, {'url': 'https://example593.com', 'title': 'Page 593', 'timestamp': '2026-05-30T00:35:30.691159'}, {'url': 'https://example592.com', 'title': 'Page 592', 'timestamp': '2026-05-30T00:35:30.688126'}, {'url': 'https://example591.com', 'title': 'Page 591', 'timestamp': '2026-05-30T00:35:30.686280'}, {'url': 'https://example590.com', 'title': 'Page 590', 'timestamp': '2026-05-30T00:35:30.684179'}, {'url': 'https://example589.com', 'title': 'Page 589', 'timestamp': '2026-05-30T00:35:30.682352'}, {'url': 'https://example588.com', 'title': 'Page 588', 'timestamp': '2026-05-30T00:35:30.680496'}, {'url': 'https://example587.com', 'title': 'Page 587', 'timestamp': '2026-05-30T00:35:30.678547'}, {'url': 'https://example586.com', 'title': 'Page 586', 'timestamp': '2026-05-30T00:35:30.676506'}, {'url': 'https://example585.com', 'title': 'Page 585', 'timestamp': '2026-05-30T00:35:30.674524'}, {'url': 'https://example584.com', 'title': 'Page 584', 'timestamp': '2026-05-30T00:35:30.671492'}, {'url': 'https://example583.com', 'title': 'Page 583', 'timestamp': '2026-05-30T00:35:30.669200'}, {'url': 'https://example582.com', 'title': 'Page 582', 'timestamp': '2026-05-30T00:35:30.667167'}, {'url': 'https://example581.com', 'title': 'Page 581', 'timestamp': '2026-05-30T00:35:30.665186'}, {'url': 'https://example580.com', 'title': 'Page 580', 'timestamp': '2026-05-30T00:35:30.662999'}, {'url': 'https://example579.com', 'title': 'Page 579', 'timestamp': '2026-05-30T00:35:30.661055'}, {'url': 'https://example578.com', 'title': 'Page 578', 'timestamp': '2026-05-30T00:35:30.659155'}, {'url': 'https://example577.com', 'title': 'Page 577', 'timestamp': '2026-05-30T00:35:30.656461'}, {'url': 'https://example576.com', 'title': 'Page 576', 'timestamp': '2026-05-30T00:35:30.653779'}, {'url': 'https://example575.com', 'title': 'Page 575', 'timestamp': '2026-05-30T00:35:30.651871'}, {'url': 'https://example574.com', 'title': 'Page 574', 'timestamp': '2026-05-30T00:35:30.650109'}, {'url': 'https://example573.com', 'title': 'Page 573', 'timestamp': '2026-05-30T00:35:30.647942'}, {'url': 'https://example572.com', 'title': 'Page 572', 'timestamp': '2026-05-30T00:35:30.646115'}, {'url': 'https://example571.com', 'title': 'Page 571', 'timestamp': '2026-05-30T00:35:30.643941'}, {'url': 'https://example570.com', 'title': 'Page 570', 'timestamp': '2026-05-30T00:35:30.642063'}, {'url': 'https://example569.com', 'title': 'Page 569', 'timestamp': '2026-05-30T00:35:30.639350'}, {'url': 'https://example568.com', 'title': 'Page 568', 'timestamp': '2026-05-30T00:35:30.636720'}, {'url': 'https://example567.com', 'title': 'Page 567', 'timestamp': '2026-05-30T00:35:30.634860'}, {'url': 'https://example566.com', 'title': 'Page 566', 'timestamp': '2026-05-30T00:35:30.632821'}, {'url': 'https://example565.com', 'title': 'Page 565', 'timestamp': '2026-05-30T00:35:30.630842'}, {'url': 'https://example564.com', 'title': 'Page 564', 'timestamp': '2026-05-30T00:35:30.629045'}, {'url': 'https://example563.com', 'title': 'Page 563', 'timestamp': '2026-05-30T00:35:30.627218'}, {'url': 'https://example562.com', 'title': 'Page 562', 'timestamp': '2026-05-30T00:35:30.625323'}, {'url': 'https://example561.com', 'title': 'Page 561', 'timestamp': '2026-05-30T00:35:30.622050'}, {'url': 'https://example560.com', 'title': 'Page 560', 'timestamp': '2026-05-30T00:35:30.619927'}, {'url': 'https://example559.com', 'title': 'Page 559', 'timestamp': '2026-05-30T00:35:30.618131'}, {'url': 'https://example558.com', 'title': 'Page 558', 'timestamp': '2026-05-30T00:35:30.616179'}, {'url': 'https://example557.com', 'title': 'Page 557', 'timestamp': '2026-05-30T00:35:30.614388'}, {'url': 'https://example556.com', 'title': 'Page 556', 'timestamp': '2026-05-30T00:35:30.612326'}, {'url': 'https://example555.com', 'title': 'Page 555', 'timestamp': '2026-05-30T00:35:30.609784'}, {'url': 'https://example554.com', 'title': 'Page 554', 'timestamp': '2026-05-30T00:35:30.606166'}, {'url': 'https://example553.com', 'title': 'Page 553', 'timestamp': '2026-05-30T00:35:30.603593'}, {'url': 'https://example552.com', 'title': 'Page 552', 'timestamp': '2026-05-30T00:35:30.601693'}, {'url': 'https://example551.com', 'title': 'Page 551', 'timestamp': '2026-05-30T00:35:30.599580'}, {'url': 'https://example550.com', 'title': 'Page 550', 'timestamp': '2026-05-30T00:35:30.597857'}, {'url': 'https://example549.com', 'title': 'Page 549', 'timestamp': '2026-05-30T00:35:30.596072'}, {'url': 'https://example548.com', 'title': 'Page 548', 'timestamp': '2026-05-30T00:35:30.594295'}, {'url': 'https://example547.com', 'title': 'Page 547', 'timestamp': '2026-05-30T00:35:30.592497'}, {'url': 'https://example546.com', 'title': 'Page 546', 'timestamp': '2026-05-30T00:35:30.589629'}, {'url': 'https://example545.com', 'title': 'Page 545', 'timestamp': '2026-05-30T00:35:30.587196'}, {'url': 'https://example544.com', 'title': 'Page 544', 'timestamp': '2026-05-30T00:35:30.585483'}, {'url': 'https://example543.com', 'title': 'Page 543', 'timestamp': '2026-05-30T00:35:30.583598'}, {'url': 'https://example542.com', 'title': 'Page 542', 'timestamp': '2026-05-30T00:35:30.581907'}, {'url': 'https://example541.com', 'title': 'Page 541', 'timestamp': '2026-05-30T00:35:30.580235'}, {'url': 'https://example540.com', 'title': 'Page 540', 'timestamp': '2026-05-30T00:35:30.578593'}, {'url': 'https://example539.com', 'title': 'Page 539', 'timestamp': '2026-05-30T00:35:30.576901'}, {'url': 'https://example538.com', 'title': 'Page 538', 'timestamp': '2026-05-30T00:35:30.574931'}, {'url': 'https://example537.com', 'title': 'Page 537', 'timestamp': '2026-05-30T00:35:30.571513'}, {'url': 'https://example536.com', 'title': 'Page 536', 'timestamp': '2026-05-30T00:35:30.569072'}, {'url': 'https://example535.com', 'title': 'Page 535', 'timestamp': '2026-05-30T00:35:30.567353'}, {'url': 'https://example534.com', 'title': 'Page 534', 'timestamp': '2026-05-30T00:35:30.565606'}, {'url': 'https://example533.com', 'title': 'Page 533', 'timestamp': '2026-05-30T00:35:30.563832'}, {'url': 'https://example532.com', 'title': 'Page 532', 'timestamp': '2026-05-30T00:35:30.561993'}, {'url': 'https://example531.com', 'title': 'Page 531', 'timestamp': '2026-05-30T00:35:30.560009'}, {'url': 'https://example530.com', 'title': 'Page 530', 'timestamp': '2026-05-30T00:35:30.557710'}, {'url': 'https://example529.com', 'title': 'Page 529', 'timestamp': '2026-05-30T00:35:30.554860'}, {'url': 'https://example528.com', 'title': 'Page 528', 'timestamp': '2026-05-30T00:35:30.552784'}, {'url': 'https://example527.com', 'title': 'Page 527', 'timestamp': '2026-05-30T00:35:30.551140'}, {'url': 'https://example526.com', 'title': 'Page 526', 'timestamp': '2026-05-30T00:35:30.549452'}, {'url': 'https://example525.com', 'title': 'Page 525', 'timestamp': '2026-05-30T00:35:30.547553'}, {'url': 'https://example524.com', 'title': 'Page 524', 'timestamp': '2026-05-30T00:35:30.545660'}, {'url': 'https://example523.com', 'title': 'Page 523', 'timestamp': '2026-05-30T00:35:30.543672'}, {'url': 'https://example522.com', 'title': 'Page 522', 'timestamp': '2026-05-30T00:35:30.541782'}, {'url': 'https://example521.com', 'title': 'Page 521', 'timestamp': '2026-05-30T00:35:30.538387'}, {'url': 'https://example520.com', 'title': 'Page 520', 'timestamp': '2026-05-30T00:35:30.536191'}, {'url': 'https://example519.com', 'title': 'Page 519', 'timestamp': '2026-05-30T00:35:30.534492'}, {'url': 'https://example518.com', 'title': 'Page 518', 'timestamp': '2026-05-30T00:35:30.532738'}, {'url': 'https://example517.com', 'title': 'Page 517', 'timestamp': '2026-05-30T00:35:30.530919'}, {'url': 'https://example516.com', 'title': 'Page 516', 'timestamp': '2026-05-30T00:35:30.529023'}, {'url': 'https://example515.com', 'title': 'Page 515', 'timestamp': '2026-05-30T00:35:30.527236'}, {'url': 'https://example514.com', 'title': 'Page 514', 'timestamp': '2026-05-30T00:35:30.525381'}, {'url': 'https://example513.com', 'title': 'Page 513', 'timestamp': '2026-05-30T00:35:30.522898'}, {'url': 'https://example512.com', 'title': 'Page 512', 'timestamp': '2026-05-30T00:35:30.520489'}, {'url': 'https://example511.com', 'title': 'Page 511', 'timestamp': '2026-05-30T00:35:30.518767'}, {'url': 'https://example510.com', 'title': 'Page 510', 'timestamp': '2026-05-30T00:35:30.517044'}, {'url': 'https://example509.com', 'title': 'Page 509', 'timestamp': '2026-05-30T00:35:30.515307'}, {'url': 'https://example508.com', 'title': 'Page 508', 'timestamp': '2026-05-30T00:35:30.513502'}, {'url': 'https://example507.com', 'title': 'Page 507', 'timestamp': '2026-05-30T00:35:30.511530'}, {'url': 'https://example506.com', 'title': 'Page 506', 'timestamp': '2026-05-30T00:35:30.509478'}, {'url': 'https://example505.com', 'title': 'Page 505', 'timestamp': '2026-05-30T00:35:30.507304'}, {'url': 'https://example504.com', 'title': 'Page 504', 'timestamp': '2026-05-30T00:35:30.504227'}, {'url': 'https://example503.com', 'title': 'Page 503', 'timestamp': '2026-05-30T00:35:30.502509'}, {'url': 'https://example502.com', 'title': 'Page 502', 'timestamp': '2026-05-30T00:35:30.500832'}, {'url': 'https://example501.com', 'title': 'Page 501', 'timestamp': '2026-05-30T00:35:30.499130'}, {'url': 'https://example500.com', 'title': 'Page 500', 'timestamp': '2026-05-30T00:35:30.497496'}, {'url': 'https://example499.com', 'title': 'Page 499', 'timestamp': '2026-05-30T00:35:30.495685'}, {'url': 'https://example498.com', 'title': 'Page 498', 'timestamp': '2026-05-30T00:35:30.493879'}, {'url': 'https://example497.com', 'title': 'Page 497', 'timestamp': '2026-05-30T00:35:30.491852'}, {'url': 'https://example496.com', 'title': 'Page 496', 'timestamp': '2026-05-30T00:35:30.489385'}, {'url': 'https://example495.com', 'title': 'Page 495', 'timestamp': '2026-05-30T00:35:30.486968'}, {'url': 'https://example494.com', 'title': 'Page 494', 'timestamp': '2026-05-30T00:35:30.485361'}, {'url': 'https://example493.com', 'title': 'Page 493', 'timestamp': '2026-05-30T00:35:30.483721'}, {'url': 'https://example492.com', 'title': 'Page 492', 'timestamp': '2026-05-30T00:35:30.481949'}, {'url': 'https://example491.com', 'title': 'Page 491', 'timestamp': '2026-05-30T00:35:30.480099'}, {'url': 'https://example490.com', 'title': 'Page 490', 'timestamp': '2026-05-30T00:35:30.478173'}, {'url': 'https://example489.com', 'title': 'Page 489', 'timestamp': '2026-05-30T00:35:30.475836'}, {'url': 'https://example488.com', 'title': 'Page 488', 'timestamp': '2026-05-30T00:35:30.472657'}, {'url': 'https://example487.com', 'title': 'Page 487', 'timestamp': '2026-05-30T00:35:30.470438'}, {'url': 'https://example486.com', 'title': 'Page 486', 'timestamp': '2026-05-30T00:35:30.468785'}, {'url': 'https://example485.com', 'title': 'Page 485', 'timestamp': '2026-05-30T00:35:30.467069'}, {'url': 'https://example484.com', 'title': 'Page 484', 'timestamp': '2026-05-30T00:35:30.465375'}, {'url': 'https://example483.com', 'title': 'Page 483', 'timestamp': '2026-05-30T00:35:30.463624'}, {'url': 'https://example482.com', 'title': 'Page 482', 'timestamp': '2026-05-30T00:35:30.461875'}, {'url': 'https://example481.com', 'title': 'Page 481', 'timestamp': '2026-05-30T00:35:30.460147'}, {'url': 'https://example480.com', 'title': 'Page 480', 'timestamp': '2026-05-30T00:35:30.457887'}, {'url': 'https://example479.com', 'title': 'Page 479', 'timestamp': '2026-05-30T00:35:30.455327'}, {'url': 'https://example478.com', 'title': 'Page 478', 'timestamp': '2026-05-30T00:35:30.453454'}, {'url': 'https://example477.com', 'title': 'Page 477', 'timestamp': '2026-05-30T00:35:30.451607'}, {'url': 'https://example476.com', 'title': 'Page 476', 'timestamp': '2026-05-30T00:35:30.449821'}, {'url': 'https://example475.com', 'title': 'Page 475', 'timestamp': '2026-05-30T00:35:30.448089'}, {'url': 'https://example474.com', 'title': 'Page 474', 'timestamp': '2026-05-30T00:35:30.446213'}, {'url': 'https://example473.com', 'title': 'Page 473', 'timestamp': '2026-05-30T00:35:30.444444'}, {'url': 'https://example472.com', 'title': 'Page 472', 'timestamp': '2026-05-30T00:35:30.442235'}, {'url': 'https://example471.com', 'title': 'Page 471', 'timestamp': '2026-05-30T00:35:30.439995'}, {'url': 'https://example470.com', 'title': 'Page 470', 'timestamp': '2026-05-30T00:35:30.437470'}, {'url': 'https://example469.com', 'title': 'Page 469', 'timestamp': '2026-05-30T00:35:30.435890'}, {'url': 'https://example468.com', 'title': 'Page 468', 'timestamp': '2026-05-30T00:35:30.434284'}, {'url': 'https://example467.com', 'title': 'Page 467', 'timestamp': '2026-05-30T00:35:30.432604'}, {'url': 'https://example466.com', 'title': 'Page 466', 'timestamp': '2026-05-30T00:35:30.430910'}, {'url': 'https://example465.com', 'title': 'Page 465', 'timestamp': '2026-05-30T00:35:30.429259'}, {'url': 'https://example464.com', 'title': 'Page 464', 'timestamp': '2026-05-30T00:35:30.427629'}, {'url': 'https://example463.com', 'title': 'Page 463', 'timestamp': '2026-05-30T00:35:30.425857'}, {'url': 'https://example462.com', 'title': 'Page 462', 'timestamp': '2026-05-30T00:35:30.424114'}, {'url': 'https://example461.com', 'title': 'Page 461', 'timestamp': '2026-05-30T00:35:30.421511'}, {'url': 'https://example460.com', 'title': 'Page 460', 'timestamp': '2026-05-30T00:35:30.419825'}, {'url': 'https://example459.com', 'title': 'Page 459', 'timestamp': '2026-05-30T00:35:30.418093'}, {'url': 'https://example458.com', 'title': 'Page 458', 'timestamp': '2026-05-30T00:35:30.416511'}, {'url': 'https://example457.com', 'title': 'Page 457', 'timestamp': '2026-05-30T00:35:30.414973'}, {'url': 'https://example456.com', 'title': 'Page 456', 'timestamp': '2026-05-30T00:35:30.413300'}, {'url': 'https://example455.com', 'title': 'Page 455', 'timestamp': '2026-05-30T00:35:30.411592'}, {'url': 'https://example454.com', 'title': 'Page 454', 'timestamp': '2026-05-30T00:35:30.409756'}, {'url': 'https://example453.com', 'title': 'Page 453', 'timestamp': '2026-05-30T00:35:30.407814'}, {'url': 'https://example452.com', 'title': 'Page 452', 'timestamp': '2026-05-30T00:35:30.405267'}, {'url': 'https://example451.com', 'title': 'Page 451', 'timestamp': '2026-05-30T00:35:30.403488'}, {'url': 'https://example450.com', 'title': 'Page 450', 'timestamp': '2026-05-30T00:35:30.401923'}, {'url': 'https://example449.com', 'title': 'Page 449', 'timestamp': '2026-05-30T00:35:30.400323'}, {'url': 'https://example448.com', 'title': 'Page 448', 'timestamp': '2026-05-30T00:35:30.398777'}, {'url': 'https://example447.com', 'title': 'Page 447', 'timestamp': '2026-05-30T00:35:30.397124'}, {'url': 'https://example446.com', 'title': 'Page 446', 'timestamp': '2026-05-30T00:35:30.395471'}, {'url': 'https://example445.com', 'title': 'Page 445', 'timestamp': '2026-05-30T00:35:30.393792'}, {'url': 'https://example444.com', 'title': 'Page 444', 'timestamp': '2026-05-30T00:35:30.392020'}, {'url': 'https://example443.com', 'title': 'Page 443', 'timestamp': '2026-05-30T00:35:30.389423'}, {'url': 'https://example442.com', 'title': 'Page 442', 'timestamp': '2026-05-30T00:35:30.387176'}, {'url': 'https://example441.com', 'title': 'Page 441', 'timestamp': '2026-05-30T00:35:30.385483'}, {'url': 'https://example440.com', 'title': 'Page 440', 'timestamp': '2026-05-30T00:35:30.383752'}, {'url': 'https://example439.com', 'title': 'Page 439', 'timestamp': '2026-05-30T00:35:30.381888'}, {'url': 'https://example438.com', 'title': 'Page 438', 'timestamp': '2026-05-30T00:35:30.380171'}, {'url': 'https://example437.com', 'title': 'Page 437', 'timestamp': '2026-05-30T00:35:30.378228'}, {'url': 'https://example436.com', 'title': 'Page 436', 'timestamp': '2026-05-30T00:35:30.376549'}, {'url': 'https://example435.com', 'title': 'Page 435', 'timestamp': '2026-05-30T00:35:30.374792'}, {'url': 'https://example434.com', 'title': 'Page 434', 'timestamp': '2026-05-30T00:35:30.372104'}, {'url': 'https://example433.com', 'title': 'Page 433', 'timestamp': '2026-05-30T00:35:30.370181'}, {'url': 'https://example432.com', 'title': 'Page 432', 'timestamp': '2026-05-30T00:35:30.368567'}, {'url': 'https://example431.com', 'title': 'Page 431', 'timestamp': '2026-05-30T00:35:30.366968'}, {'url': 'https://example430.com', 'title': 'Page 430', 'timestamp': '2026-05-30T00:35:30.365312'}, {'url': 'https://example429.com', 'title': 'Page 429', 'timestamp': '2026-05-30T00:35:30.363613'}, {'url': 'https://example428.com', 'title': 'Page 428', 'timestamp': '2026-05-30T00:35:30.361916'}, {'url': 'https://example427.com', 'title': 'Page 427', 'timestamp': '2026-05-30T00:35:30.360337'}, {'url': 'https://example426.com', 'title': 'Page 426', 'timestamp': '2026-05-30T00:35:30.358781'}, {'url': 'https://example425.com', 'title': 'Page 425', 'timestamp': '2026-05-30T00:35:30.356893'}, {'url': 'https://example424.com', 'title': 'Page 424', 'timestamp': '2026-05-30T00:35:30.354424'}, {'url': 'https://example423.com', 'title': 'Page 423', 'timestamp': '2026-05-30T00:35:30.352797'}, {'url': 'https://example422.com', 'title': 'Page 422', 'timestamp': '2026-05-30T00:35:30.351127'}, {'url': 'https://example421.com', 'title': 'Page 421', 'timestamp': '2026-05-30T00:35:30.349516'}, {'url': 'https://example420.com', 'title': 'Page 420', 'timestamp': '2026-05-30T00:35:30.347230'}, {'url': 'https://example419.com', 'title': 'Page 419', 'timestamp': '2026-05-30T00:35:30.345626'}, {'url': 'https://example418.com', 'title': 'Page 418', 'timestamp': '2026-05-30T00:35:30.344018'}, {'url': 'https://example417.com', 'title': 'Page 417', 'timestamp': '2026-05-30T00:35:30.342270'}, {'url': 'https://example416.com', 'title': 'Page 416', 'timestamp': '2026-05-30T00:35:30.339607'}, {'url': 'https://example415.com', 'title': 'Page 415', 'timestamp': '2026-05-30T00:35:30.337244'}, {'url': 'https://example414.com', 'title': 'Page 414', 'timestamp': '2026-05-30T00:35:30.335664'}, {'url': 'https://example413.com', 'title': 'Page 413', 'timestamp': '2026-05-30T00:35:30.333939'}, {'url': 'https://example412.com', 'title': 'Page 412', 'timestamp': '2026-05-30T00:35:30.332361'}, {'url': 'https://example411.com', 'title': 'Page 411', 'timestamp': '2026-05-30T00:35:30.330592'}, {'url': 'https://example410.com', 'title': 'Page 410', 'timestamp': '2026-05-30T00:35:30.329064'}, {'url': 'https://example409.com', 'title': 'Page 409', 'timestamp': '2026-05-30T00:35:30.327517'}, {'url': 'https://example408.com', 'title': 'Page 408', 'timestamp': '2026-05-30T00:35:30.325810'}, {'url': 'https://example407.com', 'title': 'Page 407', 'timestamp': '2026-05-30T00:35:30.323759'}, {'url': 'https://example406.com', 'title': 'Page 406', 'timestamp': '2026-05-30T00:35:30.321003'}, {'url': 'https://example405.com', 'title': 'Page 405', 'timestamp': '2026-05-30T00:35:30.319440'}, {'url': 'https://example404.com', 'title': 'Page 404', 'timestamp': '2026-05-30T00:35:30.317864'}, {'url': 'https://example403.com', 'title': 'Page 403', 'timestamp': '2026-05-30T00:35:30.316309'}, {'url': 'https://example402.com', 'title': 'Page 402', 'timestamp': '2026-05-30T00:35:30.314614'}, {'url': 'https://example401.com', 'title': 'Page 401', 'timestamp': '2026-05-30T00:35:30.313020'}, {'url': 'https://example400.com', 'title': 'Page 400', 'timestamp': '2026-05-30T00:35:30.311447'}, {'url': 'https://example399.com', 'title': 'Page 399', 'timestamp': '2026-05-30T00:35:30.309882'}, {'url': 'https://example398.com', 'title': 'Page 398', 'timestamp': '2026-05-30T00:35:30.308309'}, {'url': 'https://example397.com', 'title': 'Page 397', 'timestamp': '2026-05-30T00:35:30.306359'}, {'url': 'https://example396.com', 'title': 'Page 396', 'timestamp': '2026-05-30T00:35:30.303937'}, {'url': 'https://example395.com', 'title': 'Page 395', 'timestamp': '2026-05-30T00:35:30.302309'}, {'url': 'https://example394.com', 'title': 'Page 394', 'timestamp': '2026-05-30T00:35:30.300594'}, {'url': 'https://example393.com', 'title': 'Page 393', 'timestamp': '2026-05-30T00:35:30.298609'}, {'url': 'https://example392.com', 'title': 'Page 392', 'timestamp': '2026-05-30T00:35:30.297016'}, {'url': 'https://example391.com', 'title': 'Page 391', 'timestamp': '2026-05-30T00:35:30.295399'}, {'url': 'https://example390.com', 'title': 'Page 390', 'timestamp': '2026-05-30T00:35:30.293794'}, {'url': 'https://example389.com', 'title': 'Page 389', 'timestamp': '2026-05-30T00:35:30.292125'}, {'url': 'https://example388.com', 'title': 'Page 388', 'timestamp': '2026-05-30T00:35:30.289630'}, {'url': 'https://example387.com', 'title': 'Page 387', 'timestamp': '2026-05-30T00:35:30.287186'}, {'url': 'https://example386.com', 'title': 'Page 386', 'timestamp': '2026-05-30T00:35:30.285637'}, {'url': 'https://example385.com', 'title': 'Page 385', 'timestamp': '2026-05-30T00:35:30.284048'}, {'url': 'https://example384.com', 'title': 'Page 384', 'timestamp': '2026-05-30T00:35:30.282270'}, {'url': 'https://example383.com', 'title': 'Page 383', 'timestamp': '2026-05-30T00:35:30.280798'}, {'url': 'https://example382.com', 'title': 'Page 382', 'timestamp': '2026-05-30T00:35:30.279260'}, {'url': 'https://example381.com', 'title': 'Page 381', 'timestamp': '2026-05-30T00:35:30.277656'}, {'url': 'https://example380.com', 'title': 'Page 380', 'timestamp': '2026-05-30T00:35:30.276124'}, {'url': 'https://example379.com', 'title': 'Page 379', 'timestamp': '2026-05-30T00:35:30.273983'}, {'url': 'https://example378.com', 'title': 'Page 378', 'timestamp': '2026-05-30T00:35:30.270998'}, {'url': 'https://example377.com', 'title': 'Page 377', 'timestamp': '2026-05-30T00:35:30.269223'}, {'url': 'https://example376.com', 'title': 'Page 376', 'timestamp': '2026-05-30T00:35:30.267449'}, {'url': 'https://example375.com', 'title': 'Page 375', 'timestamp': '2026-05-30T00:35:30.265949'}, {'url': 'https://example374.com', 'title': 'Page 374', 'timestamp': '2026-05-30T00:35:30.264475'}, {'url': 'https://example373.com', 'title': 'Page 373', 'timestamp': '2026-05-30T00:35:30.262999'}, {'url': 'https://example372.com', 'title': 'Page 372', 'timestamp': '2026-05-30T00:35:30.261448'}, {'url': 'https://example371.com', 'title': 'Page 371', 'timestamp': '2026-05-30T00:35:30.259772'}, {'url': 'https://example370.com', 'title': 'Page 370', 'timestamp': '2026-05-30T00:35:30.257142'}, {'url': 'https://example369.com', 'title': 'Page 369', 'timestamp': '2026-05-30T00:35:30.254380'}, {'url': 'https://example368.com', 'title': 'Page 368', 'timestamp': '2026-05-30T00:35:30.252563'}, {'url': 'https://example367.com', 'title': 'Page 367', 'timestamp': '2026-05-30T00:35:30.250713'}, {'url': 'https://example366.com', 'title': 'Page 366', 'timestamp': '2026-05-30T00:35:30.249051'}, {'url': 'https://example365.com', 'title': 'Page 365', 'timestamp': '2026-05-30T00:35:30.247403'}, {'url': 'https://example364.com', 'title': 'Page 364', 'timestamp': '2026-05-30T00:35:30.245564'}, {'url': 'https://example363.com', 'title': 'Page 363', 'timestamp': '2026-05-30T00:35:30.244039'}, {'url': 'https://example362.com', 'title': 'Page 362', 'timestamp': '2026-05-30T00:35:30.242343'}, {'url': 'https://example361.com', 'title': 'Page 361', 'timestamp': '2026-05-30T00:35:30.239942'}, {'url': 'https://example360.com', 'title': 'Page 360', 'timestamp': '2026-05-30T00:35:30.237306'}, {'url': 'https://example359.com', 'title': 'Page 359', 'timestamp': '2026-05-30T00:35:30.235589'}, {'url': 'https://example358.com', 'title': 'Page 358', 'timestamp': '2026-05-30T00:35:30.234049'}, {'url': 'https://example357.com', 'title': 'Page 357', 'timestamp': '2026-05-30T00:35:30.232523'}, {'url': 'https://example356.com', 'title': 'Page 356', 'timestamp': '2026-05-30T00:35:30.230883'}, {'url': 'https://example355.com', 'title': 'Page 355', 'timestamp': '2026-05-30T00:35:30.229304'}, {'url': 'https://example354.com', 'title': 'Page 354', 'timestamp': '2026-05-30T00:35:30.227785'}, {'url': 'https://example353.com', 'title': 'Page 353', 'timestamp': '2026-05-30T00:35:30.226090'}, {'url': 'https://example352.com', 'title': 'Page 352', 'timestamp': '2026-05-30T00:35:30.223850'}, {'url': 'https://example351.com', 'title': 'Page 351', 'timestamp': '2026-05-30T00:35:30.220515'}, {'url': 'https://example350.com', 'title': 'Page 350', 'timestamp': '2026-05-30T00:35:30.219063'}, {'url': 'https://example349.com', 'title': 'Page 349', 'timestamp': '2026-05-30T00:35:30.217502'}, {'url': 'https://example348.com', 'title': 'Page 348', 'timestamp': '2026-05-30T00:35:30.215914'}, {'url': 'https://example347.com', 'title': 'Page 347', 'timestamp': '2026-05-30T00:35:30.214475'}, {'url': 'https://example346.com', 'title': 'Page 346', 'timestamp': '2026-05-30T00:35:30.212938'}, {'url': 'https://example345.com', 'title': 'Page 345', 'timestamp': '2026-05-30T00:35:30.211417'}, {'url': 'https://example344.com', 'title': 'Page 344', 'timestamp': '2026-05-30T00:35:30.209750'}, {'url': 'https://example343.com', 'title': 'Page 343', 'timestamp': '2026-05-30T00:35:30.205784'}, {'url': 'https://example342.com', 'title': 'Page 342', 'timestamp': '2026-05-30T00:35:30.203624'}, {'url': 'https://example341.com', 'title': 'Page 341', 'timestamp': '2026-05-30T00:35:30.202132'}, {'url': 'https://example340.com', 'title': 'Page 340', 'timestamp': '2026-05-30T00:35:30.200608'}, {'url': 'https://example339.com', 'title': 'Page 339', 'timestamp': '2026-05-30T00:35:30.199137'}, {'url': 'https://example338.com', 'title': 'Page 338', 'timestamp': '2026-05-30T00:35:30.197615'}, {'url': 'https://example337.com', 'title': 'Page 337', 'timestamp': '2026-05-30T00:35:30.196152'}, {'url': 'https://example336.com', 'title': 'Page 336', 'timestamp': '2026-05-30T00:35:30.194679'}, {'url': 'https://example335.com', 'title': 'Page 335', 'timestamp': '2026-05-30T00:35:30.193194'}, {'url': 'https://example334.com', 'title': 'Page 334', 'timestamp': '2026-05-30T00:35:30.191495'}, {'url': 'https://example333.com', 'title': 'Page 333', 'timestamp': '2026-05-30T00:35:30.188969'}, {'url': 'https://example332.com', 'title': 'Page 332', 'timestamp': '2026-05-30T00:35:30.187119'}, {'url': 'https://example331.com', 'title': 'Page 331', 'timestamp': '2026-05-30T00:35:30.185651'}, {'url': 'https://example330.com', 'title': 'Page 330', 'timestamp': '2026-05-30T00:35:30.184136'}, {'url': 'https://example329.com', 'title': 'Page 329', 'timestamp': '2026-05-30T00:35:30.182658'}, {'url': 'https://example328.com', 'title': 'Page 328', 'timestamp': '2026-05-30T00:35:30.181133'}, {'url': 'https://example327.com', 'title': 'Page 327', 'timestamp': '2026-05-30T00:35:30.179667'}, {'url': 'https://example326.com', 'title': 'Page 326', 'timestamp': '2026-05-30T00:35:30.178183'}, {'url': 'https://example325.com', 'title': 'Page 325', 'timestamp': '2026-05-30T00:35:30.176615'}, {'url': 'https://example324.com', 'title': 'Page 324', 'timestamp': '2026-05-30T00:35:30.174780'}, {'url': 'https://example323.com', 'title': 'Page 323', 'timestamp': '2026-05-30T00:35:30.171787'}, {'url': 'https://example322.com', 'title': 'Page 322', 'timestamp': '2026-05-30T00:35:30.170145'}, {'url': 'https://example321.com', 'title': 'Page 321', 'timestamp': '2026-05-30T00:35:30.168653'}, {'url': 'https://example320.com', 'title': 'Page 320', 'timestamp': '2026-05-30T00:35:30.167218'}, {'url': 'https://example319.com', 'title': 'Page 319', 'timestamp': '2026-05-30T00:35:30.165711'}, {'url': 'https://example318.com', 'title': 'Page 318', 'timestamp': '2026-05-30T00:35:30.164146'}, {'url': 'https://example317.com', 'title': 'Page 317', 'timestamp': '2026-05-30T00:35:30.162423'}, {'url': 'https://example316.com', 'title': 'Page 316', 'timestamp': '2026-05-30T00:35:30.160771'}, {'url': 'https://example315.com', 'title': 'Page 315', 'timestamp': '2026-05-30T00:35:30.159020'}, {'url': 'https://example314.com', 'title': 'Page 314', 'timestamp': '2026-05-30T00:35:30.156590'}, {'url': 'https://example313.com', 'title': 'Page 313', 'timestamp': '2026-05-30T00:35:30.154286'}, {'url': 'https://example312.com', 'title': 'Page 312', 'timestamp': '2026-05-30T00:35:30.152821'}, {'url': 'https://example311.com', 'title': 'Page 311', 'timestamp': '2026-05-30T00:35:30.151350'}, {'url': 'https://example310.com', 'title': 'Page 310', 'timestamp': '2026-05-30T00:35:30.149849'}, {'url': 'https://example309.com', 'title': 'Page 309', 'timestamp': '2026-05-30T00:35:30.148399'}, {'url': 'https://example308.com', 'title': 'Page 308', 'timestamp': '2026-05-30T00:35:30.146917'}, {'url': 'https://example307.com', 'title': 'Page 307', 'timestamp': '2026-05-30T00:35:30.145406'}, {'url': 'https://example306.com', 'title': 'Page 306', 'timestamp': '2026-05-30T00:35:30.143911'}, {'url': 'https://example305.com', 'title': 'Page 305', 'timestamp': '2026-05-30T00:35:30.142234'}, {'url': 'https://example304.com', 'title': 'Page 304', 'timestamp': '2026-05-30T00:35:30.140001'}, {'url': 'https://example303.com', 'title': 'Page 303', 'timestamp': '2026-05-30T00:35:30.137687'}, {'url': 'https://example302.com', 'title': 'Page 302', 'timestamp': '2026-05-30T00:35:30.136232'}, {'url': 'https://example301.com', 'title': 'Page 301', 'timestamp': '2026-05-30T00:35:30.134736'}, {'url': 'https://example300.com', 'title': 'Page 300', 'timestamp': '2026-05-30T00:35:30.133188'}, {'url': 'https://example299.com', 'title': 'Page 299', 'timestamp': '2026-05-30T00:35:30.131765'}, {'url': 'https://example298.com', 'title': 'Page 298', 'timestamp': '2026-05-30T00:35:30.130356'}, {'url': 'https://example297.com', 'title': 'Page 297', 'timestamp': '2026-05-30T00:35:30.128979'}, {'url': 'https://example296.com', 'title': 'Page 296', 'timestamp': '2026-05-30T00:35:30.127566'}, {'url': 'https://example295.com', 'title': 'Page 295', 'timestamp': '2026-05-30T00:35:30.126061'}, {'url': 'https://example294.com', 'title': 'Page 294', 'timestamp': '2026-05-30T00:35:30.124297'}, {'url': 'https://example293.com', 'title': 'Page 293', 'timestamp': '2026-05-30T00:35:30.121680'}, {'url': 'https://example292.com', 'title': 'Page 292', 'timestamp': '2026-05-30T00:35:30.120136'}, {'url': 'https://example291.com', 'title': 'Page 291', 'timestamp': '2026-05-30T00:35:30.118659'}, {'url': 'https://example290.com', 'title': 'Page 290', 'timestamp': '2026-05-30T00:35:30.117114'}, {'url': 'https://example289.com', 'title': 'Page 289', 'timestamp': '2026-05-30T00:35:30.115660'}, {'url': 'https://example288.com', 'title': 'Page 288', 'timestamp': '2026-05-30T00:35:30.114173'}, {'url': 'https://example287.com', 'title': 'Page 287', 'timestamp': '2026-05-30T00:35:30.112751'}, {'url': 'https://example286.com', 'title': 'Page 286', 'timestamp': '2026-05-30T00:35:30.111197'}, {'url': 'https://example285.com', 'title': 'Page 285', 'timestamp': '2026-05-30T00:35:30.109408'}, {'url': 'https://example284.com', 'title': 'Page 284', 'timestamp': '2026-05-30T00:35:30.107796'}, {'url': 'https://example283.com', 'title': 'Page 283', 'timestamp': '2026-05-30T00:35:30.105279'}, {'url': 'https://example282.com', 'title': 'Page 282', 'timestamp': '2026-05-30T00:35:30.103556'}, {'url': 'https://example281.com', 'title': 'Page 281', 'timestamp': '2026-05-30T00:35:30.102124'}, {'url': 'https://example280.com', 'title': 'Page 280', 'timestamp': '2026-05-30T00:35:30.100646'}, {'url': 'https://example279.com', 'title': 'Page 279', 'timestamp': '2026-05-30T00:35:30.099128'}, {'url': 'https://example278.com', 'title': 'Page 278', 'timestamp': '2026-05-30T00:35:30.097616'}, {'url': 'https://example277.com', 'title': 'Page 277', 'timestamp': '2026-05-30T00:35:30.096105'}, {'url': 'https://example276.com', 'title': 'Page 276', 'timestamp': '2026-05-30T00:35:30.094544'}, {'url': 'https://example275.com', 'title': 'Page 275', 'timestamp': '2026-05-30T00:35:30.092858'}, {'url': 'https://example274.com', 'title': 'Page 274', 'timestamp': '2026-05-30T00:35:30.091285'}, {'url': 'https://example273.com', 'title': 'Page 273', 'timestamp': '2026-05-30T00:35:30.089189'}, {'url': 'https://example272.com', 'title': 'Page 272', 'timestamp': '2026-05-30T00:35:30.087396'}, {'url': 'https://example271.com', 'title': 'Page 271', 'timestamp': '2026-05-30T00:35:30.086035'}, {'url': 'https://example270.com', 'title': 'Page 270', 'timestamp': '2026-05-30T00:35:30.084623'}, {'url': 'https://example269.com', 'title': 'Page 269', 'timestamp': '2026-05-30T00:35:30.083202'}, {'url': 'https://example268.com', 'title': 'Page 268', 'timestamp': '2026-05-30T00:35:30.081622'}, {'url': 'https://example267.com', 'title': 'Page 267', 'timestamp': '2026-05-30T00:35:30.080120'}, {'url': 'https://example266.com', 'title': 'Page 266', 'timestamp': '2026-05-30T00:35:30.078659'}, {'url': 'https://example265.com', 'title': 'Page 265', 'timestamp': '2026-05-30T00:35:30.077130'}, {'url': 'https://example264.com', 'title': 'Page 264', 'timestamp': '2026-05-30T00:35:30.075687'}, {'url': 'https://example263.com', 'title': 'Page 263', 'timestamp': '2026-05-30T00:35:30.073969'}, {'url': 'https://example262.com', 'title': 'Page 262', 'timestamp': '2026-05-30T00:35:30.071294'}, {'url': 'https://example261.com', 'title': 'Page 261', 'timestamp': '2026-05-30T00:35:30.069878'}, {'url': 'https://example260.com', 'title': 'Page 260', 'timestamp': '2026-05-30T00:35:30.068508'}, {'url': 'https://example259.com', 'title': 'Page 259', 'timestamp': '2026-05-30T00:35:30.067113'}, {'url': 'https://example258.com', 'title': 'Page 258', 'timestamp': '2026-05-30T00:35:30.065710'}, {'url': 'https://example257.com', 'title': 'Page 257', 'timestamp': '2026-05-30T00:35:30.064258'}, {'url': 'https://example256.com', 'title': 'Page 256', 'timestamp': '2026-05-30T00:35:30.062687'}, {'url': 'https://example255.com', 'title': 'Page 255', 'timestamp': '2026-05-30T00:35:30.061031'}, {'url': 'https://example254.com', 'title': 'Page 254', 'timestamp': '2026-05-30T00:35:30.059227'}, {'url': 'https://example253.com', 'title': 'Page 253', 'timestamp': '2026-05-30T00:35:30.057268'}, {'url': 'https://example252.com', 'title': 'Page 252', 'timestamp': '2026-05-30T00:35:30.054743'}, {'url': 'https://example251.com', 'title': 'Page 251', 'timestamp': '2026-05-30T00:35:30.053204'}, {'url': 'https://example250.com', 'title': 'Page 250', 'timestamp': '2026-05-30T00:35:30.051590'}, {'url': 'https://example249.com', 'title': 'Page 249', 'timestamp': '2026-05-30T00:35:30.050057'}, {'url': 'https://example248.com', 'title': 'Page 248', 'timestamp': '2026-05-30T00:35:30.048509'}, {'url': 'https://example247.com', 'title': 'Page 247', 'timestamp': '2026-05-30T00:35:30.046970'}, {'url': 'https://example246.com', 'title': 'Page 246', 'timestamp': '2026-05-30T00:35:30.044980'}, {'url': 'https://example245.com', 'title': 'Page 245', 'timestamp': '2026-05-30T00:35:30.043176'}, {'url': 'https://example244.com', 'title': 'Page 244', 'timestamp': '2026-05-30T00:35:30.041358'}, {'url': 'https://example243.com', 'title': 'Page 243', 'timestamp': '2026-05-30T00:35:30.038630'}, {'url': 'https://example242.com', 'title': 'Page 242', 'timestamp': '2026-05-30T00:35:30.036773'}, {'url': 'https://example241.com', 'title': 'Page 241', 'timestamp': '2026-05-30T00:35:30.035074'}, {'url': 'https://example240.com', 'title': 'Page 240', 'timestamp': '2026-05-30T00:35:30.033363'}, {'url': 'https://example239.com', 'title': 'Page 239', 'timestamp': '2026-05-30T00:35:30.031777'}, {'url': 'https://example238.com', 'title': 'Page 238', 'timestamp': '2026-05-30T00:35:30.029821'}, {'url': 'https://example237.com', 'title': 'Page 237', 'timestamp': '2026-05-30T00:35:30.028186'}, {'url': 'https://example236.com', 'title': 'Page 236', 'timestamp': '2026-05-30T00:35:30.026754'}, {'url': 'https://example235.com', 'title': 'Page 235', 'timestamp': '2026-05-30T00:35:30.025195'}, {'url': 'https://example234.com', 'title': 'Page 234', 'timestamp': '2026-05-30T00:35:30.023179'}, {'url': 'https://example233.com', 'title': 'Page 233', 'timestamp': '2026-05-30T00:35:30.021065'}, {'url': 'https://example232.com', 'title': 'Page 232', 'timestamp': '2026-05-30T00:35:30.019629'}, {'url': 'https://example231.com', 'title': 'Page 231', 'timestamp': '2026-05-30T00:35:30.018159'}, {'url': 'https://example230.com', 'title': 'Page 230', 'timestamp': '2026-05-30T00:35:30.016619'}, {'url': 'https://example229.com', 'title': 'Page 229', 'timestamp': '2026-05-30T00:35:30.015087'}, {'url': 'https://example228.com', 'title': 'Page 228', 'timestamp': '2026-05-30T00:35:30.013528'}, {'url': 'https://example227.com', 'title': 'Page 227', 'timestamp': '2026-05-30T00:35:30.012182'}, {'url': 'https://example226.com', 'title': 'Page 226', 'timestamp': '2026-05-30T00:35:30.010742'}, {'url': 'https://example225.com', 'title': 'Page 225', 'timestamp': '2026-05-30T00:35:30.009198'}, {'url': 'https://example224.com', 'title': 'Page 224', 'timestamp': '2026-05-30T00:35:30.007336'}, {'url': 'https://example223.com', 'title': 'Page 223', 'timestamp': '2026-05-30T00:35:30.004584'}, {'url': 'https://example222.com', 'title': 'Page 222', 'timestamp': '2026-05-30T00:35:30.003179'}, {'url': 'https://example221.com', 'title': 'Page 221', 'timestamp': '2026-05-30T00:35:30.001844'}, {'url': 'https://example220.com', 'title': 'Page 220', 'timestamp': '2026-05-30T00:35:30.000430'}, {'url': 'https://example219.com', 'title': 'Page 219', 'timestamp': '2026-05-30T00:35:29.998979'}, {'url': 'https://example218.com', 'title': 'Page 218', 'timestamp': '2026-05-30T00:35:29.997003'}, {'url': 'https://example217.com', 'title': 'Page 217', 'timestamp': '2026-05-30T00:35:29.995609'}, {'url': 'https://example216.com', 'title': 'Page 216', 'timestamp': '2026-05-30T00:35:29.994172'}, {'url': 'https://example215.com', 'title': 'Page 215', 'timestamp': '2026-05-30T00:35:29.992788'}, {'url': 'https://example214.com', 'title': 'Page 214', 'timestamp': '2026-05-30T00:35:29.991002'}, {'url': 'https://example213.com', 'title': 'Page 213', 'timestamp': '2026-05-30T00:35:29.988474'}, {'url': 'https://example212.com', 'title': 'Page 212', 'timestamp': '2026-05-30T00:35:29.987054'}, {'url': 'https://example211.com', 'title': 'Page 211', 'timestamp': '2026-05-30T00:35:29.985723'}, {'url': 'https://example210.com', 'title': 'Page 210', 'timestamp': '2026-05-30T00:35:29.984353'}, {'url': 'https://example209.com', 'title': 'Page 209', 'timestamp': '2026-05-30T00:35:29.982913'}, {'url': 'https://example208.com', 'title': 'Page 208', 'timestamp': '2026-05-30T00:35:29.981117'}, {'url': 'https://example207.com', 'title': 'Page 207', 'timestamp': '2026-05-30T00:35:29.979795'}, {'url': 'https://example206.com', 'title': 'Page 206', 'timestamp': '2026-05-30T00:35:29.978403'}, {'url': 'https://example205.com', 'title': 'Page 205', 'timestamp': '2026-05-30T00:35:29.976904'}, {'url': 'https://example204.com', 'title': 'Page 204', 'timestamp': '2026-05-30T00:35:29.975183'}, {'url': 'https://example203.com', 'title': 'Page 203', 'timestamp': '2026-05-30T00:35:29.972736'}, {'url': 'https://example202.com', 'title': 'Page 202', 'timestamp': '2026-05-30T00:35:29.970888'}, {'url': 'https://example201.com', 'title': 'Page 201', 'timestamp': '2026-05-30T00:35:29.969513'}, {'url': 'https://example200.com', 'title': 'Page 200', 'timestamp': '2026-05-30T00:35:29.968056'}, {'url': 'https://example199.com', 'title': 'Page 199', 'timestamp': '2026-05-30T00:35:29.965993'}, {'url': 'https://example198.com', 'title': 'Page 198', 'timestamp': '2026-05-30T00:35:29.964424'}, {'url': 'https://example197.com', 'title': 'Page 197', 'timestamp': '2026-05-30T00:35:29.963033'}, {'url': 'https://example196.com', 'title': 'Page 196', 'timestamp': '2026-05-30T00:35:29.961625'}, {'url': 'https://example195.com', 'title': 'Page 195', 'timestamp': '2026-05-30T00:35:29.960228'}, {'url': 'https://example194.com', 'title': 'Page 194', 'timestamp': '2026-05-30T00:35:29.958421'}, {'url': 'https://example193.com', 'title': 'Page 193', 'timestamp': '2026-05-30T00:35:29.954977'}, {'url': 'https://example192.com', 'title': 'Page 192', 'timestamp': '2026-05-30T00:35:29.953498'}, {'url': 'https://example191.com', 'title': 'Page 191', 'timestamp': '2026-05-30T00:35:29.952033'}, {'url': 'https://example190.com', 'title': 'Page 190', 'timestamp': '2026-05-30T00:35:29.950371'}, {'url': 'https://example189.com', 'title': 'Page 189', 'timestamp': '2026-05-30T00:35:29.948747'}, {'url': 'https://example188.com', 'title': 'Page 188', 'timestamp': '2026-05-30T00:35:29.947419'}, {'url': 'https://example187.com', 'title': 'Page 187', 'timestamp': '2026-05-30T00:35:29.946073'}, {'url': 'https://example186.com', 'title': 'Page 186', 'timestamp': '2026-05-30T00:35:29.944686'}, {'url': 'https://example185.com', 'title': 'Page 185', 'timestamp': '2026-05-30T00:35:29.942707'}, {'url': 'https://example184.com', 'title': 'Page 184', 'timestamp': '2026-05-30T00:35:29.939701'}, {'url': 'https://example183.com', 'title': 'Page 183', 'timestamp': '2026-05-30T00:35:29.937650'}, {'url': 'https://example182.com', 'title': 'Page 182', 'timestamp': '2026-05-30T00:35:29.936234'}, {'url': 'https://example181.com', 'title': 'Page 181', 'timestamp': '2026-05-30T00:35:29.934534'}, {'url': 'https://example180.com', 'title': 'Page 180', 'timestamp': '2026-05-30T00:35:29.932816'}, {'url': 'https://example179.com', 'title': 'Page 179', 'timestamp': '2026-05-30T00:35:29.931454'}, {'url': 'https://example178.com', 'title': 'Page 178', 'timestamp': '2026-05-30T00:35:29.930075'}, {'url': 'https://example177.com', 'title': 'Page 177', 'timestamp': '2026-05-30T00:35:29.928648'}, {'url': 'https://example176.com', 'title': 'Page 176', 'timestamp': '2026-05-30T00:35:29.927300'}, {'url': 'https://example175.com', 'title': 'Page 175', 'timestamp': '2026-05-30T00:35:29.925378'}, {'url': 'https://example174.com', 'title': 'Page 174', 'timestamp': '2026-05-30T00:35:29.923231'}, {'url': 'https://example173.com', 'title': 'Page 173', 'timestamp': '2026-05-30T00:35:29.921188'}, {'url': 'https://example172.com', 'title': 'Page 172', 'timestamp': '2026-05-30T00:35:29.919783'}, {'url': 'https://example171.com', 'title': 'Page 171', 'timestamp': '2026-05-30T00:35:29.918261'}, {'url': 'https://example170.com', 'title': 'Page 170', 'timestamp': '2026-05-30T00:35:29.916737'}, {'url': 'https://example169.com', 'title': 'Page 169', 'timestamp': '2026-05-30T00:35:29.915398'}, {'url': 'https://example168.com', 'title': 'Page 168', 'timestamp': '2026-05-30T00:35:29.913935'}, {'url': 'https://example167.com', 'title': 'Page 167', 'timestamp': '2026-05-30T00:35:29.912559'}, {'url': 'https://example166.com', 'title': 'Page 166', 'timestamp': '2026-05-30T00:35:29.910992'}, {'url': 'https://example165.com', 'title': 'Page 165', 'timestamp': '2026-05-30T00:35:29.908850'}, {'url': 'https://example164.com', 'title': 'Page 164', 'timestamp': '2026-05-30T00:35:29.906714'}, {'url': 'https://example163.com', 'title': 'Page 163', 'timestamp': '2026-05-30T00:35:29.904399'}, {'url': 'https://example162.com', 'title': 'Page 162', 'timestamp': '2026-05-30T00:35:29.902785'}, {'url': 'https://example161.com', 'title': 'Page 161', 'timestamp': '2026-05-30T00:35:29.901204'}, {'url': 'https://example160.com', 'title': 'Page 160', 'timestamp': '2026-05-30T00:35:29.899885'}, {'url': 'https://example159.com', 'title': 'Page 159', 'timestamp': '2026-05-30T00:35:29.898593'}, {'url': 'https://example158.com', 'title': 'Page 158', 'timestamp': '2026-05-30T00:35:29.897291'}, {'url': 'https://example157.com', 'title': 'Page 157', 'timestamp': '2026-05-30T00:35:29.895926'}, {'url': 'https://example156.com', 'title': 'Page 156', 'timestamp': '2026-05-30T00:35:29.894576'}, {'url': 'https://example155.com', 'title': 'Page 155', 'timestamp': '2026-05-30T00:35:29.892752'}, {'url': 'https://example154.com', 'title': 'Page 154', 'timestamp': '2026-05-30T00:35:29.891175'}, {'url': 'https://example153.com', 'title': 'Page 153', 'timestamp': '2026-05-30T00:35:29.888476'}, {'url': 'https://example152.com', 'title': 'Page 152', 'timestamp': '2026-05-30T00:35:29.886726'}, {'url': 'https://example151.com', 'title': 'Page 151', 'timestamp': '2026-05-30T00:35:29.885154'}, {'url': 'https://example150.com', 'title': 'Page 150', 'timestamp': '2026-05-30T00:35:29.883890'}, {'url': 'https://example149.com', 'title': 'Page 149', 'timestamp': '2026-05-30T00:35:29.882592'}, {'url': 'https://example148.com', 'title': 'Page 148', 'timestamp': '2026-05-30T00:35:29.881203'}, {'url': 'https://example147.com', 'title': 'Page 147', 'timestamp': '2026-05-30T00:35:29.879818'}, {'url': 'https://example146.com', 'title': 'Page 146', 'timestamp': '2026-05-30T00:35:29.878260'}, {'url': 'https://example145.com', 'title': 'Page 145', 'timestamp': '2026-05-30T00:35:29.876537'}, {'url': 'https://example144.com', 'title': 'Page 144', 'timestamp': '2026-05-30T00:35:29.874815'}, {'url': 'https://example143.com', 'title': 'Page 143', 'timestamp': '2026-05-30T00:35:29.872453'}, {'url': 'https://example142.com', 'title': 'Page 142', 'timestamp': '2026-05-30T00:35:29.870638'}, {'url': 'https://example141.com', 'title': 'Page 141', 'timestamp': '2026-05-30T00:35:29.868900'}, {'url': 'https://example140.com', 'title': 'Page 140', 'timestamp': '2026-05-30T00:35:29.867663'}, {'url': 'https://example139.com', 'title': 'Page 139', 'timestamp': '2026-05-30T00:35:29.866368'}, {'url': 'https://example138.com', 'title': 'Page 138', 'timestamp': '2026-05-30T00:35:29.865113'}, {'url': 'https://example137.com', 'title': 'Page 137', 'timestamp': '2026-05-30T00:35:29.863843'}, {'url': 'https://example136.com', 'title': 'Page 136', 'timestamp': '2026-05-30T00:35:29.862459'}, {'url': 'https://example135.com', 'title': 'Page 135', 'timestamp': '2026-05-30T00:35:29.860793'}, {'url': 'https://example134.com', 'title': 'Page 134', 'timestamp': '2026-05-30T00:35:29.859412'}, {'url': 'https://example133.com', 'title': 'Page 133', 'timestamp': '2026-05-30T00:35:29.857628'}, {'url': 'https://example132.com', 'title': 'Page 132', 'timestamp': '2026-05-30T00:35:29.855150'}, {'url': 'https://example131.com', 'title': 'Page 131', 'timestamp': '2026-05-30T00:35:29.853422'}, {'url': 'https://example130.com', 'title': 'Page 130', 'timestamp': '2026-05-30T00:35:29.852165'}, {'url': 'https://example129.com', 'title': 'Page 129', 'timestamp': '2026-05-30T00:35:29.850889'}, {'url': 'https://example128.com', 'title': 'Page 128', 'timestamp': '2026-05-30T00:35:29.849642'}, {'url': 'https://example127.com', 'title': 'Page 127', 'timestamp': '2026-05-30T00:35:29.848347'}, {'url': 'https://example126.com', 'title': 'Page 126', 'timestamp': '2026-05-30T00:35:29.847070'}, {'url': 'https://example125.com', 'title': 'Page 125', 'timestamp': '2026-05-30T00:35:29.845470'}, {'url': 'https://example124.com', 'title': 'Page 124', 'timestamp': '2026-05-30T00:35:29.844028'}, {'url': 'https://example123.com', 'title': 'Page 123', 'timestamp': '2026-05-30T00:35:29.842113'}, {'url': 'https://example122.com', 'title': 'Page 122', 'timestamp': '2026-05-30T00:35:29.839344'}, {'url': 'https://example121.com', 'title': 'Page 121', 'timestamp': '2026-05-30T00:35:29.837379'}, {'url': 'https://example120.com', 'title': 'Page 120', 'timestamp': '2026-05-30T00:35:29.836072'}, {'url': 'https://example119.com', 'title': 'Page 119', 'timestamp': '2026-05-30T00:35:29.834822'}, {'url': 'https://example118.com', 'title': 'Page 118', 'timestamp': '2026-05-30T00:35:29.833524'}, {'url': 'https://example117.com', 'title': 'Page 117', 'timestamp': '2026-05-30T00:35:29.832223'}, {'url': 'https://example116.com', 'title': 'Page 116', 'timestamp': '2026-05-30T00:35:29.830935'}, {'url': 'https://example115.com', 'title': 'Page 115', 'timestamp': '2026-05-30T00:35:29.829440'}, {'url': 'https://example114.com', 'title': 'Page 114', 'timestamp': '2026-05-30T00:35:29.828023'}, {'url': 'https://example113.com', 'title': 'Page 113', 'timestamp': '2026-05-30T00:35:29.826694'}, {'url': 'https://example112.com', 'title': 'Page 112', 'timestamp': '2026-05-30T00:35:29.824868'}, {'url': 'https://example111.com', 'title': 'Page 111', 'timestamp': '2026-05-30T00:35:29.822269'}, {'url': 'https://example110.com', 'title': 'Page 110', 'timestamp': '2026-05-30T00:35:29.820669'}, {'url': 'https://example109.com', 'title': 'Page 109', 'timestamp': '2026-05-30T00:35:29.819454'}, {'url': 'https://example108.com', 'title': 'Page 108', 'timestamp': '2026-05-30T00:35:29.818205'}, {'url': 'https://example107.com', 'title': 'Page 107', 'timestamp': '2026-05-30T00:35:29.816878'}, {'url': 'https://example106.com', 'title': 'Page 106', 'timestamp': '2026-05-30T00:35:29.815495'}, {'url': 'https://example105.com', 'title': 'Page 105', 'timestamp': '2026-05-30T00:35:29.814065'}, {'url': 'https://example104.com', 'title': 'Page 104', 'timestamp': '2026-05-30T00:35:29.812581'}, {'url': 'https://example103.com', 'title': 'Page 103', 'timestamp': '2026-05-30T00:35:29.811282'}, {'url': 'https://example102.com', 'title': 'Page 102', 'timestamp': '2026-05-30T00:35:29.809762'}, {'url': 'https://example101.com', 'title': 'Page 101', 'timestamp': '2026-05-30T00:35:29.807635'}, {'url': 'https://example100.com', 'title': 'Page 100', 'timestamp': '2026-05-30T00:35:29.805034'}, {'url': 'https://example99.com', 'title': 'Page 99', 'timestamp': '2026-05-30T00:35:29.803669'}, {'url': 'https://example98.com', 'title': 'Page 98', 'timestamp': '2026-05-30T00:35:29.802387'}, {'url': 'https://example97.com', 'title': 'Page 97', 'timestamp': '2026-05-30T00:35:29.801073'}, {'url': 'https://example96.com', 'title': 'Page 96', 'timestamp': '2026-05-30T00:35:29.799820'}, {'url': 'https://example95.com', 'title': 'Page 95', 'timestamp': '2026-05-30T00:35:29.798388'}, {'url': 'https://example94.com', 'title': 'Page 94', 'timestamp': '2026-05-30T00:35:29.796599'}, {'url': 'https://example93.com', 'title': 'Page 93', 'timestamp': '2026-05-30T00:35:29.794993'}, {'url': 'https://example92.com', 'title': 'Page 92', 'timestamp': '2026-05-30T00:35:29.793437'}, {'url': 'https://example91.com', 'title': 'Page 91', 'timestamp': '2026-05-30T00:35:29.791613'}, {'url': 'https://example90.com', 'title': 'Page 90', 'timestamp': '2026-05-30T00:35:29.788786'}, {'url': 'https://example89.com', 'title': 'Page 89', 'timestamp': '2026-05-30T00:35:29.787321'}, {'url': 'https://example88.com', 'title': 'Page 88', 'timestamp': '2026-05-30T00:35:29.786054'}, {'url': 'https://example87.com', 'title': 'Page 87', 'timestamp': '2026-05-30T00:35:29.784675'}, {'url': 'https://example86.com', 'title': 'Page 86', 'timestamp': '2026-05-30T00:35:29.783271'}, {'url': 'https://example85.com', 'title': 'Page 85', 'timestamp': '2026-05-30T00:35:29.781538'}, {'url': 'https://example84.com', 'title': 'Page 84', 'timestamp': '2026-05-30T00:35:29.780041'}, {'url': 'https://example83.com', 'title': 'Page 83', 'timestamp': '2026-05-30T00:35:29.778572'}, {'url': 'https://example82.com', 'title': 'Page 82', 'timestamp': '2026-05-30T00:35:29.776995'}, {'url': 'https://example81.com', 'title': 'Page 81', 'timestamp': '2026-05-30T00:35:29.775533'}, {'url': 'https://example80.com', 'title': 'Page 80', 'timestamp': '2026-05-30T00:35:29.773201'}, {'url': 'https://example79.com', 'title': 'Page 79', 'timestamp': '2026-05-30T00:35:29.770910'}, {'url': 'https://example78.com', 'title': 'Page 78', 'timestamp': '2026-05-30T00:35:29.769487'}, {'url': 'https://example77.com', 'title': 'Page 77', 'timestamp': '2026-05-30T00:35:29.768246'}, {'url': 'https://example76.com', 'title': 'Page 76', 'timestamp': '2026-05-30T00:35:29.766954'}, {'url': 'https://example75.com', 'title': 'Page 75', 'timestamp': '2026-05-30T00:35:29.765411'}, {'url': 'https://example74.com', 'title': 'Page 74', 'timestamp': '2026-05-30T00:35:29.764149'}, {'url': 'https://example73.com', 'title': 'Page 73', 'timestamp': '2026-05-30T00:35:29.762871'}, {'url': 'https://example72.com', 'title': 'Page 72', 'timestamp': '2026-05-30T00:35:29.761393'}, {'url': 'https://example71.com', 'title': 'Page 71', 'timestamp': '2026-05-30T00:35:29.760131'}, {'url': 'https://example70.com', 'title': 'Page 70', 'timestamp': '2026-05-30T00:35:29.758679'}, {'url': 'https://example69.com', 'title': 'Page 69', 'timestamp': '2026-05-30T00:35:29.756602'}] = &lt;browser.history_manager.HistoryManager object at 0x000001B0FBC3E150&gt;.history</failure></testcase><testcase classname="tests.test_history_manager.TestHistoryManagerPersistence" name="test_history_max_entries_enforced" time="2.670" /><testcase classname="tests.test_history_manager.TestHistoryManagerValidation" name="test_url_validation[https://example.com-True]" time="0.029" /><testcase classname="tests.test_history_manager.TestHistoryManagerValidation" name="test_url_validation[http://example.com-True]" time="0.030" /><testcase classname="tests.test_history_manager.TestHistoryManagerValidation" name="test_url_validation[file:///home/file.html-True]" time="0.030" /><testcase classname="tests.test_history_manager.TestHistoryManagerValidation" name="test_url_validation[ftp://example.com-False]" time="0.025" /><testcase classname="tests.test_history_manager.TestHistoryManagerValidation" name="test_url_validation[javascript:void(0)-False]" time="0.004" /><testcase classname="tests.test_history_manager.TestHistoryManagerValidation" name="test_url_validation[data:text/html,&lt;html&gt;&lt;/html&gt;-False]" time="0.003" /><testcase classname="tests.test_history_manager.TestHistoryManagerValidation" name="test_url_validation[-False]" time="0.003" /><testcase classname="tests.test_history_manager.TestHistoryManagerValidation" name="test_url_validation[not a url-False]" time="0.003" /><testcase classname="tests.test_history_manager.TestHistoryManagerDiskFailures" name="test_corrupted_json_file_gracefully_handled" time="0.009" /><testcase classname="tests.test_history_manager.TestHistoryManagerDiskFailures" name="test_non_list_json_gracefully_handled" time="0.005" /><testcase classname="tests.test_shortcut_manager.TestShortcutSpec" name="test_create_spec" time="0.001" /><testcase classname="tests.test_shortcut_manager.TestShortcutManagerRegistration" name="test_register_single_shortcut_with_handler" time="0.011"><failure message="ValueError: 'PySide6.QtGui.QAction.__init__' called with wrong argument values:&#10;  PySide6.QtGui.QAction.__init__('Test', &lt;MagicMock spec='QMainWindow' id='1859646880608'&gt;)&#10;Found signature:&#10;  PySide6.QtGui.QAction.__init__(text: str, /, parent: PySide6.QtCore.QObject | None = None, *, checkable: bool | None = None, checked: bool | None = None, enabled: bool | None = None, icon: PySide6.QtGui.QIcon | None = None, iconText: str | None = None, toolTip: str | None = None, statusTip: str | None = None, whatsThis: str | None = None, font: PySide6.QtGui.QFont | None = None, shortcut: PySide6.QtGui.QKeySequence | None = None, shortcutContext: PySide6.QtCore.Qt.ShortcutContext | None = None, autoRepeat: bool | None = None, visible: bool | None = None, menuRole: PySide6.QtGui.QAction.MenuRole | None = None, iconVisibleInMenu: bool | None = None, shortcutVisibleInContextMenu: bool | None = None, priority: PySide6.QtGui.QAction.Priority | None = None)">tests\test_shortcut_manager.py:54: in test_register_single_shortcut_with_handler
    sm.register_shortcuts(specs)
browser\shortcut_manager.py:39: in register_shortcuts
    action = QAction(spec.description, self.owner)
             ^^^^^^^^^^^^^^^^^^^^^^^^^^^^^^^^^^^^^
E   ValueError: 'PySide6.QtGui.QAction.__init__' called with wrong argument values:
E     PySide6.QtGui.QAction.__init__('Test', &lt;MagicMock spec='QMainWindow' id='1859646880608'&gt;)
E   Found signature:
E     PySide6.QtGui.QAction.__init__(text: str, /, parent: PySide6.QtCore.QObject | None = None, *, checkable: bool | None = None, checked: bool | None = None, enabled: bool | None = None, icon: PySide6.QtGui.QIcon | None = None, iconText: str | None = None, toolTip: str | None = None, statusTip: str | None = None, whatsThis: str | None = None, font: PySide6.QtGui.QFont | None = None, shortcut: PySide6.QtGui.QKeySequence | None = None, shortcutContext: PySide6.QtCore.Qt.ShortcutContext | None = None, autoRepeat: bool | None = None, visible: bool | None = None, menuRole: PySide6.QtGui.QAction.MenuRole | None = None, iconVisibleInMenu: bool | None = None, shortcutVisibleInContextMenu: bool | None = None, priority: PySide6.QtGui.QAction.Priority | None = None)</failure></testcase><testcase classname="tests.test_shortcut_manager.TestShortcutManagerRegistration" name="test_register_shortcut_without_handler_uses_stub" time="0.004"><failure message="ValueError: 'PySide6.QtGui.QAction.__init__' called with wrong argument values:&#10;  PySide6.QtGui.QAction.__init__('Not Implemented', &lt;MagicMock spec='QMainWindow' id='1859652750704'&gt;)&#10;Found signature:&#10;  PySide6.QtGui.QAction.__init__(text: str, /, parent: PySide6.QtCore.QObject | None = None, *, checkable: bool | None = None, checked: bool | None = None, enabled: bool | None = None, icon: PySide6.QtGui.QIcon | None = None, iconText: str | None = None, toolTip: str | None = None, statusTip: str | None = None, whatsThis: str | None = None, font: PySide6.QtGui.QFont | None = None, shortcut: PySide6.QtGui.QKeySequence | None = None, shortcutContext: PySide6.QtCore.Qt.ShortcutContext | None = None, autoRepeat: bool | None = None, visible: bool | None = None, menuRole: PySide6.QtGui.QAction.MenuRole | None = None, iconVisibleInMenu: bool | None = None, shortcutVisibleInContextMenu: bool | None = None, priority: PySide6.QtGui.QAction.Priority | None = None)">tests\test_shortcut_manager.py:71: in test_register_shortcut_without_handler_uses_stub
    sm.register_shortcuts(specs)
browser\shortcut_manager.py:39: in register_shortcuts
    action = QAction(spec.description, self.owner)
             ^^^^^^^^^^^^^^^^^^^^^^^^^^^^^^^^^^^^^
E   ValueError: 'PySide6.QtGui.QAction.__init__' called with wrong argument values:
E     PySide6.QtGui.QAction.__init__('Not Implemented', &lt;MagicMock spec='QMainWindow' id='1859652750704'&gt;)
E   Found signature:
E     PySide6.QtGui.QAction.__init__(text: str, /, parent: PySide6.QtCore.QObject | None = None, *, checkable: bool | None = None, checked: bool | None = None, enabled: bool | None = None, icon: PySide6.QtGui.QIcon | None = None, iconText: str | None = None, toolTip: str | None = None, statusTip: str | None = None, whatsThis: str | None = None, font: PySide6.QtGui.QFont | None = None, shortcut: PySide6.QtGui.QKeySequence | None = None, shortcutContext: PySide6.QtCore.Qt.ShortcutContext | None = None, autoRepeat: bool | None = None, visible: bool | None = None, menuRole: PySide6.QtGui.QAction.MenuRole | None = None, iconVisibleInMenu: bool | None = None, shortcutVisibleInContextMenu: bool | None = None, priority: PySide6.QtGui.QAction.Priority | None = None)</failure></testcase><testcase classname="tests.test_shortcut_manager.TestShortcutManagerRegistration" name="test_register_multiple_shortcuts" time="0.003"><failure message="ValueError: 'PySide6.QtGui.QAction.__init__' called with wrong argument values:&#10;  PySide6.QtGui.QAction.__init__('Spec 1', &lt;MagicMock spec='QMainWindow' id='1859652752048'&gt;)&#10;Found signature:&#10;  PySide6.QtGui.QAction.__init__(text: str, /, parent: PySide6.QtCore.QObject | None = None, *, checkable: bool | None = None, checked: bool | None = None, enabled: bool | None = None, icon: PySide6.QtGui.QIcon | None = None, iconText: str | None = None, toolTip: str | None = None, statusTip: str | None = None, whatsThis: str | None = None, font: PySide6.QtGui.QFont | None = None, shortcut: PySide6.QtGui.QKeySequence | None = None, shortcutContext: PySide6.QtCore.Qt.ShortcutContext | None = None, autoRepeat: bool | None = None, visible: bool | None = None, menuRole: PySide6.QtGui.QAction.MenuRole | None = None, iconVisibleInMenu: bool | None = None, shortcutVisibleInContextMenu: bool | None = None, priority: PySide6.QtGui.QAction.Priority | None = None)">tests\test_shortcut_manager.py:85: in test_register_multiple_shortcuts
    sm.register_shortcuts(specs)
browser\shortcut_manager.py:39: in register_shortcuts
    action = QAction(spec.description, self.owner)
             ^^^^^^^^^^^^^^^^^^^^^^^^^^^^^^^^^^^^^
E   ValueError: 'PySide6.QtGui.QAction.__init__' called with wrong argument values:
E     PySide6.QtGui.QAction.__init__('Spec 1', &lt;MagicMock spec='QMainWindow' id='1859652752048'&gt;)
E   Found signature:
E     PySide6.QtGui.QAction.__init__(text: str, /, parent: PySide6.QtCore.QObject | None = None, *, checkable: bool | None = None, checked: bool | None = None, enabled: bool | None = None, icon: PySide6.QtGui.QIcon | None = None, iconText: str | None = None, toolTip: str | None = None, statusTip: str | None = None, whatsThis: str | None = None, font: PySide6.QtGui.QFont | None = None, shortcut: PySide6.QtGui.QKeySequence | None = None, shortcutContext: PySide6.QtCore.Qt.ShortcutContext | None = None, autoRepeat: bool | None = None, visible: bool | None = None, menuRole: PySide6.QtGui.QAction.MenuRole | None = None, iconVisibleInMenu: bool | None = None, shortcutVisibleInContextMenu: bool | None = None, priority: PySide6.QtGui.QAction.Priority | None = None)</failure></testcase><testcase classname="tests.test_shortcut_manager.TestShortcutManagerRegistration" name="test_shortcut_with_multiple_sequences" time="0.004"><failure message="ValueError: 'PySide6.QtGui.QAction.__init__' called with wrong argument values:&#10;  PySide6.QtGui.QAction.__init__('Find', &lt;MagicMock spec='QMainWindow' id='1859652753728'&gt;)&#10;Found signature:&#10;  PySide6.QtGui.QAction.__init__(text: str, /, parent: PySide6.QtCore.QObject | None = None, *, checkable: bool | None = None, checked: bool | None = None, enabled: bool | None = None, icon: PySide6.QtGui.QIcon | None = None, iconText: str | None = None, toolTip: str | None = None, statusTip: str | None = None, whatsThis: str | None = None, font: PySide6.QtGui.QFont | None = None, shortcut: PySide6.QtGui.QKeySequence | None = None, shortcutContext: PySide6.QtCore.Qt.ShortcutContext | None = None, autoRepeat: bool | None = None, visible: bool | None = None, menuRole: PySide6.QtGui.QAction.MenuRole | None = None, iconVisibleInMenu: bool | None = None, shortcutVisibleInContextMenu: bool | None = None, priority: PySide6.QtGui.QAction.Priority | None = None)">tests\test_shortcut_manager.py:102: in test_shortcut_with_multiple_sequences
    sm.register_shortcuts(specs)
browser\shortcut_manager.py:39: in register_shortcuts
    action = QAction(spec.description, self.owner)
             ^^^^^^^^^^^^^^^^^^^^^^^^^^^^^^^^^^^^^
E   ValueError: 'PySide6.QtGui.QAction.__init__' called with wrong argument values:
E     PySide6.QtGui.QAction.__init__('Find', &lt;MagicMock spec='QMainWindow' id='1859652753728'&gt;)
E   Found signature:
E     PySide6.QtGui.QAction.__init__(text: str, /, parent: PySide6.QtCore.QObject | None = None, *, checkable: bool | None = None, checked: bool | None = None, enabled: bool | None = None, icon: PySide6.QtGui.QIcon | None = None, iconText: str | None = None, toolTip: str | None = None, statusTip: str | None = None, whatsThis: str | None = None, font: PySide6.QtGui.QFont | None = None, shortcut: PySide6.QtGui.QKeySequence | None = None, shortcutContext: PySide6.QtCore.Qt.ShortcutContext | None = None, autoRepeat: bool | None = None, visible: bool | None = None, menuRole: PySide6.QtGui.QAction.MenuRole | None = None, iconVisibleInMenu: bool | None = None, shortcutVisibleInContextMenu: bool | None = None, priority: PySide6.QtGui.QAction.Priority | None = None)</failure></testcase><testcase classname="tests.test_shortcut_manager.TestShortcutManagerStandardKeys" name="test_standard_key_refresh" time="0.003"><failure message="ValueError: 'PySide6.QtGui.QAction.__init__' called with wrong argument values:&#10;  PySide6.QtGui.QAction.__init__('Reload', &lt;MagicMock spec='QMainWindow' id='1859652755072'&gt;)&#10;Found signature:&#10;  PySide6.QtGui.QAction.__init__(text: str, /, parent: PySide6.QtCore.QObject | None = None, *, checkable: bool | None = None, checked: bool | None = None, enabled: bool | None = None, icon: PySide6.QtGui.QIcon | None = None, iconText: str | None = None, toolTip: str | None = None, statusTip: str | None = None, whatsThis: str | None = None, font: PySide6.QtGui.QFont | None = None, shortcut: PySide6.QtGui.QKeySequence | None = None, shortcutContext: PySide6.QtCore.Qt.ShortcutContext | None = None, autoRepeat: bool | None = None, visible: bool | None = None, menuRole: PySide6.QtGui.QAction.MenuRole | None = None, iconVisibleInMenu: bool | None = None, shortcutVisibleInContextMenu: bool | None = None, priority: PySide6.QtGui.QAction.Priority | None = None)">tests\test_shortcut_manager.py:123: in test_standard_key_refresh
    sm.register_shortcuts(specs)
browser\shortcut_manager.py:39: in register_shortcuts
    action = QAction(spec.description, self.owner)
             ^^^^^^^^^^^^^^^^^^^^^^^^^^^^^^^^^^^^^
E   ValueError: 'PySide6.QtGui.QAction.__init__' called with wrong argument values:
E     PySide6.QtGui.QAction.__init__('Reload', &lt;MagicMock spec='QMainWindow' id='1859652755072'&gt;)
E   Found signature:
E     PySide6.QtGui.QAction.__init__(text: str, /, parent: PySide6.QtCore.QObject | None = None, *, checkable: bool | None = None, checked: bool | None = None, enabled: bool | None = None, icon: PySide6.QtGui.QIcon | None = None, iconText: str | None = None, toolTip: str | None = None, statusTip: str | None = None, whatsThis: str | None = None, font: PySide6.QtGui.QFont | None = None, shortcut: PySide6.QtGui.QKeySequence | None = None, shortcutContext: PySide6.QtCore.Qt.ShortcutContext | None = None, autoRepeat: bool | None = None, visible: bool | None = None, menuRole: PySide6.QtGui.QAction.MenuRole | None = None, iconVisibleInMenu: bool | None = None, shortcutVisibleInContextMenu: bool | None = None, priority: PySide6.QtGui.QAction.Priority | None = None)</failure></testcase><testcase classname="tests.test_shortcut_manager.TestShortcutManagerStandardKeys" name="test_standard_key_print" time="0.003"><failure message="ValueError: 'PySide6.QtGui.QAction.__init__' called with wrong argument values:&#10;  PySide6.QtGui.QAction.__init__('Print', &lt;MagicMock spec='QMainWindow' id='1859652756416'&gt;)&#10;Found signature:&#10;  PySide6.QtGui.QAction.__init__(text: str, /, parent: PySide6.QtCore.QObject | None = None, *, checkable: bool | None = None, checked: bool | None = None, enabled: bool | None = None, icon: PySide6.QtGui.QIcon | None = None, iconText: str | None = None, toolTip: str | None = None, statusTip: str | None = None, whatsThis: str | None = None, font: PySide6.QtGui.QFont | None = None, shortcut: PySide6.QtGui.QKeySequence | None = None, shortcutContext: PySide6.QtCore.Qt.ShortcutContext | None = None, autoRepeat: bool | None = None, visible: bool | None = None, menuRole: PySide6.QtGui.QAction.MenuRole | None = None, iconVisibleInMenu: bool | None = None, shortcutVisibleInContextMenu: bool | None = None, priority: PySide6.QtGui.QAction.Priority | None = None)">tests\test_shortcut_manager.py:138: in test_standard_key_print
    sm.register_shortcuts(specs)
browser\shortcut_manager.py:39: in register_shortcuts
    action = QAction(spec.description, self.owner)
             ^^^^^^^^^^^^^^^^^^^^^^^^^^^^^^^^^^^^^
E   ValueError: 'PySide6.QtGui.QAction.__init__' called with wrong argument values:
E     PySide6.QtGui.QAction.__init__('Print', &lt;MagicMock spec='QMainWindow' id='1859652756416'&gt;)
E   Found signature:
E     PySide6.QtGui.QAction.__init__(text: str, /, parent: PySide6.QtCore.QObject | None = None, *, checkable: bool | None = None, checked: bool | None = None, enabled: bool | None = None, icon: PySide6.QtGui.QIcon | None = None, iconText: str | None = None, toolTip: str | None = None, statusTip: str | None = None, whatsThis: str | None = None, font: PySide6.QtGui.QFont | None = None, shortcut: PySide6.QtGui.QKeySequence | None = None, shortcutContext: PySide6.QtCore.Qt.ShortcutContext | None = None, autoRepeat: bool | None = None, visible: bool | None = None, menuRole: PySide6.QtGui.QAction.MenuRole | None = None, iconVisibleInMenu: bool | None = None, shortcutVisibleInContextMenu: bool | None = None, priority: PySide6.QtGui.QAction.Priority | None = None)</failure></testcase><testcase classname="tests.test_shortcut_manager.TestShortcutManagerStandardKeys" name="test_standard_key_find" time="0.003"><failure message="ValueError: 'PySide6.QtGui.QAction.__init__' called with wrong argument values:&#10;  PySide6.QtGui.QAction.__init__('Find', &lt;MagicMock spec='QMainWindow' id='1859652757760'&gt;)&#10;Found signature:&#10;  PySide6.QtGui.QAction.__init__(text: str, /, parent: PySide6.QtCore.QObject | None = None, *, checkable: bool | None = None, checked: bool | None = None, enabled: bool | None = None, icon: PySide6.QtGui.QIcon | None = None, iconText: str | None = None, toolTip: str | None = None, statusTip: str | None = None, whatsThis: str | None = None, font: PySide6.QtGui.QFont | None = None, shortcut: PySide6.QtGui.QKeySequence | None = None, shortcutContext: PySide6.QtCore.Qt.ShortcutContext | None = None, autoRepeat: bool | None = None, visible: bool | None = None, menuRole: PySide6.QtGui.QAction.MenuRole | None = None, iconVisibleInMenu: bool | None = None, shortcutVisibleInContextMenu: bool | None = None, priority: PySide6.QtGui.QAction.Priority | None = None)">tests\test_shortcut_manager.py:153: in test_standard_key_find
    sm.register_shortcuts(specs)
browser\shortcut_manager.py:39: in register_shortcuts
    action = QAction(spec.description, self.owner)
             ^^^^^^^^^^^^^^^^^^^^^^^^^^^^^^^^^^^^^
E   ValueError: 'PySide6.QtGui.QAction.__init__' called with wrong argument values:
E     PySide6.QtGui.QAction.__init__('Find', &lt;MagicMock spec='QMainWindow' id='1859652757760'&gt;)
E   Found signature:
E     PySide6.QtGui.QAction.__init__(text: str, /, parent: PySide6.QtCore.QObject | None = None, *, checkable: bool | None = None, checked: bool | None = None, enabled: bool | None = None, icon: PySide6.QtGui.QIcon | None = None, iconText: str | None = None, toolTip: str | None = None, statusTip: str | None = None, whatsThis: str | None = None, font: PySide6.QtGui.QFont | None = None, shortcut: PySide6.QtGui.QKeySequence | None = None, shortcutContext: PySide6.QtCore.Qt.ShortcutContext | None = None, autoRepeat: bool | None = None, visible: bool | None = None, menuRole: PySide6.QtGui.QAction.MenuRole | None = None, iconVisibleInMenu: bool | None = None, shortcutVisibleInContextMenu: bool | None = None, priority: PySide6.QtGui.QAction.Priority | None = None)</failure></testcase><testcase classname="tests.test_shortcut_manager.TestShortcutManagerKeySequences" name="test_string_sequences[Ctrl+T]" time="0.003"><failure message="ValueError: 'PySide6.QtGui.QAction.__init__' called with wrong argument values:&#10;  PySide6.QtGui.QAction.__init__('Test', &lt;MagicMock spec='QMainWindow' id='1859652753392'&gt;)&#10;Found signature:&#10;  PySide6.QtGui.QAction.__init__(text: str, /, parent: PySide6.QtCore.QObject | None = None, *, checkable: bool | None = None, checked: bool | None = None, enabled: bool | None = None, icon: PySide6.QtGui.QIcon | None = None, iconText: str | None = None, toolTip: str | None = None, statusTip: str | None = None, whatsThis: str | None = None, font: PySide6.QtGui.QFont | None = None, shortcut: PySide6.QtGui.QKeySequence | None = None, shortcutContext: PySide6.QtCore.Qt.ShortcutContext | None = None, autoRepeat: bool | None = None, visible: bool | None = None, menuRole: PySide6.QtGui.QAction.MenuRole | None = None, iconVisibleInMenu: bool | None = None, shortcutVisibleInContextMenu: bool | None = None, priority: PySide6.QtGui.QAction.Priority | None = None)">tests\test_shortcut_manager.py:182: in test_string_sequences
    sm.register_shortcuts(specs)
browser\shortcut_manager.py:39: in register_shortcuts
    action = QAction(spec.description, self.owner)
             ^^^^^^^^^^^^^^^^^^^^^^^^^^^^^^^^^^^^^
E   ValueError: 'PySide6.QtGui.QAction.__init__' called with wrong argument values:
E     PySide6.QtGui.QAction.__init__('Test', &lt;MagicMock spec='QMainWindow' id='1859652753392'&gt;)
E   Found signature:
E     PySide6.QtGui.QAction.__init__(text: str, /, parent: PySide6.QtCore.QObject | None = None, *, checkable: bool | None = None, checked: bool | None = None, enabled: bool | None = None, icon: PySide6.QtGui.QIcon | None = None, iconText: str | None = None, toolTip: str | None = None, statusTip: str | None = None, whatsThis: str | None = None, font: PySide6.QtGui.QFont | None = None, shortcut: PySide6.QtGui.QKeySequence | None = None, shortcutContext: PySide6.QtCore.Qt.ShortcutContext | None = None, autoRepeat: bool | None = None, visible: bool | None = None, menuRole: PySide6.QtGui.QAction.MenuRole | None = None, iconVisibleInMenu: bool | None = None, shortcutVisibleInContextMenu: bool | None = None, priority: PySide6.QtGui.QAction.Priority | None = None)</failure></testcase><testcase classname="tests.test_shortcut_manager.TestShortcutManagerKeySequences" name="test_string_sequences[Ctrl+N]" time="0.004"><failure message="ValueError: 'PySide6.QtGui.QAction.__init__' called with wrong argument values:&#10;  PySide6.QtGui.QAction.__init__('Test', &lt;MagicMock spec='QMainWindow' id='1859652760112'&gt;)&#10;Found signature:&#10;  PySide6.QtGui.QAction.__init__(text: str, /, parent: PySide6.QtCore.QObject | None = None, *, checkable: bool | None = None, checked: bool | None = None, enabled: bool | None = None, icon: PySide6.QtGui.QIcon | None = None, iconText: str | None = None, toolTip: str | None = None, statusTip: str | None = None, whatsThis: str | None = None, font: PySide6.QtGui.QFont | None = None, shortcut: PySide6.QtGui.QKeySequence | None = None, shortcutContext: PySide6.QtCore.Qt.ShortcutContext | None = None, autoRepeat: bool | None = None, visible: bool | None = None, menuRole: PySide6.QtGui.QAction.MenuRole | None = None, iconVisibleInMenu: bool | None = None, shortcutVisibleInContextMenu: bool | None = None, priority: PySide6.QtGui.QAction.Priority | None = None)">tests\test_shortcut_manager.py:182: in test_string_sequences
    sm.register_shortcuts(specs)
browser\shortcut_manager.py:39: in register_shortcuts
    action = QAction(spec.description, self.owner)
             ^^^^^^^^^^^^^^^^^^^^^^^^^^^^^^^^^^^^^
E   ValueError: 'PySide6.QtGui.QAction.__init__' called with wrong argument values:
E     PySide6.QtGui.QAction.__init__('Test', &lt;MagicMock spec='QMainWindow' id='1859652760112'&gt;)
E   Found signature:
E     PySide6.QtGui.QAction.__init__(text: str, /, parent: PySide6.QtCore.QObject | None = None, *, checkable: bool | None = None, checked: bool | None = None, enabled: bool | None = None, icon: PySide6.QtGui.QIcon | None = None, iconText: str | None = None, toolTip: str | None = None, statusTip: str | None = None, whatsThis: str | None = None, font: PySide6.QtGui.QFont | None = None, shortcut: PySide6.QtGui.QKeySequence | None = None, shortcutContext: PySide6.QtCore.Qt.ShortcutContext | None = None, autoRepeat: bool | None = None, visible: bool | None = None, menuRole: PySide6.QtGui.QAction.MenuRole | None = None, iconVisibleInMenu: bool | None = None, shortcutVisibleInContextMenu: bool | None = None, priority: PySide6.QtGui.QAction.Priority | None = None)</failure></testcase><testcase classname="tests.test_shortcut_manager.TestShortcutManagerKeySequences" name="test_string_sequences[Ctrl+W]" time="0.003"><failure message="ValueError: 'PySide6.QtGui.QAction.__init__' called with wrong argument values:&#10;  PySide6.QtGui.QAction.__init__('Test', &lt;MagicMock spec='QMainWindow' id='1859652761456'&gt;)&#10;Found signature:&#10;  PySide6.QtGui.QAction.__init__(text: str, /, parent: PySide6.QtCore.QObject | None = None, *, checkable: bool | None = None, checked: bool | None = None, enabled: bool | None = None, icon: PySide6.QtGui.QIcon | None = None, iconText: str | None = None, toolTip: str | None = None, statusTip: str | None = None, whatsThis: str | None = None, font: PySide6.QtGui.QFont | None = None, shortcut: PySide6.QtGui.QKeySequence | None = None, shortcutContext: PySide6.QtCore.Qt.ShortcutContext | None = None, autoRepeat: bool | None = None, visible: bool | None = None, menuRole: PySide6.QtGui.QAction.MenuRole | None = None, iconVisibleInMenu: bool | None = None, shortcutVisibleInContextMenu: bool | None = None, priority: PySide6.QtGui.QAction.Priority | None = None)">tests\test_shortcut_manager.py:182: in test_string_sequences
    sm.register_shortcuts(specs)
browser\shortcut_manager.py:39: in register_shortcuts
    action = QAction(spec.description, self.owner)
             ^^^^^^^^^^^^^^^^^^^^^^^^^^^^^^^^^^^^^
E   ValueError: 'PySide6.QtGui.QAction.__init__' called with wrong argument values:
E     PySide6.QtGui.QAction.__init__('Test', &lt;MagicMock spec='QMainWindow' id='1859652761456'&gt;)
E   Found signature:
E     PySide6.QtGui.QAction.__init__(text: str, /, parent: PySide6.QtCore.QObject | None = None, *, checkable: bool | None = None, checked: bool | None = None, enabled: bool | None = None, icon: PySide6.QtGui.QIcon | None = None, iconText: str | None = None, toolTip: str | None = None, statusTip: str | None = None, whatsThis: str | None = None, font: PySide6.QtGui.QFont | None = None, shortcut: PySide6.QtGui.QKeySequence | None = None, shortcutContext: PySide6.QtCore.Qt.ShortcutContext | None = None, autoRepeat: bool | None = None, visible: bool | None = None, menuRole: PySide6.QtGui.QAction.MenuRole | None = None, iconVisibleInMenu: bool | None = None, shortcutVisibleInContextMenu: bool | None = None, priority: PySide6.QtGui.QAction.Priority | None = None)</failure></testcase><testcase classname="tests.test_shortcut_manager.TestShortcutManagerKeySequences" name="test_string_sequences[Ctrl+Shift+T]" time="0.003"><failure message="ValueError: 'PySide6.QtGui.QAction.__init__' called with wrong argument values:&#10;  PySide6.QtGui.QAction.__init__('Test', &lt;MagicMock spec='QMainWindow' id='1859652762800'&gt;)&#10;Found signature:&#10;  PySide6.QtGui.QAction.__init__(text: str, /, parent: PySide6.QtCore.QObject | None = None, *, checkable: bool | None = None, checked: bool | None = None, enabled: bool | None = None, icon: PySide6.QtGui.QIcon | None = None, iconText: str | None = None, toolTip: str | None = None, statusTip: str | None = None, whatsThis: str | None = None, font: PySide6.QtGui.QFont | None = None, shortcut: PySide6.QtGui.QKeySequence | None = None, shortcutContext: PySide6.QtCore.Qt.ShortcutContext | None = None, autoRepeat: bool | None = None, visible: bool | None = None, menuRole: PySide6.QtGui.QAction.MenuRole | None = None, iconVisibleInMenu: bool | None = None, shortcutVisibleInContextMenu: bool | None = None, priority: PySide6.QtGui.QAction.Priority | None = None)">tests\test_shortcut_manager.py:182: in test_string_sequences
    sm.register_shortcuts(specs)
browser\shortcut_manager.py:39: in register_shortcuts
    action = QAction(spec.description, self.owner)
             ^^^^^^^^^^^^^^^^^^^^^^^^^^^^^^^^^^^^^
E   ValueError: 'PySide6.QtGui.QAction.__init__' called with wrong argument values:
E     PySide6.QtGui.QAction.__init__('Test', &lt;MagicMock spec='QMainWindow' id='1859652762800'&gt;)
E   Found signature:
E     PySide6.QtGui.QAction.__init__(text: str, /, parent: PySide6.QtCore.QObject | None = None, *, checkable: bool | None = None, checked: bool | None = None, enabled: bool | None = None, icon: PySide6.QtGui.QIcon | None = None, iconText: str | None = None, toolTip: str | None = None, statusTip: str | None = None, whatsThis: str | None = None, font: PySide6.QtGui.QFont | None = None, shortcut: PySide6.QtGui.QKeySequence | None = None, shortcutContext: PySide6.QtCore.Qt.ShortcutContext | None = None, autoRepeat: bool | None = None, visible: bool | None = None, menuRole: PySide6.QtGui.QAction.MenuRole | None = None, iconVisibleInMenu: bool | None = None, shortcutVisibleInContextMenu: bool | None = None, priority: PySide6.QtGui.QAction.Priority | None = None)</failure></testcase><testcase classname="tests.test_shortcut_manager.TestShortcutManagerKeySequences" name="test_string_sequences[Alt+Left]" time="0.003"><failure message="ValueError: 'PySide6.QtGui.QAction.__init__' called with wrong argument values:&#10;  PySide6.QtGui.QAction.__init__('Test', &lt;MagicMock spec='QMainWindow' id='1859653501680'&gt;)&#10;Found signature:&#10;  PySide6.QtGui.QAction.__init__(text: str, /, parent: PySide6.QtCore.QObject | None = None, *, checkable: bool | None = None, checked: bool | None = None, enabled: bool | None = None, icon: PySide6.QtGui.QIcon | None = None, iconText: str | None = None, toolTip: str | None = None, statusTip: str | None = None, whatsThis: str | None = None, font: PySide6.QtGui.QFont | None = None, shortcut: PySide6.QtGui.QKeySequence | None = None, shortcutContext: PySide6.QtCore.Qt.ShortcutContext | None = None, autoRepeat: bool | None = None, visible: bool | None = None, menuRole: PySide6.QtGui.QAction.MenuRole | None = None, iconVisibleInMenu: bool | None = None, shortcutVisibleInContextMenu: bool | None = None, priority: PySide6.QtGui.QAction.Priority | None = None)">tests\test_shortcut_manager.py:182: in test_string_sequences
    sm.register_shortcuts(specs)
browser\shortcut_manager.py:39: in register_shortcuts
    action = QAction(spec.description, self.owner)
             ^^^^^^^^^^^^^^^^^^^^^^^^^^^^^^^^^^^^^
E   ValueError: 'PySide6.QtGui.QAction.__init__' called with wrong argument values:
E     PySide6.QtGui.QAction.__init__('Test', &lt;MagicMock spec='QMainWindow' id='1859653501680'&gt;)
E   Found signature:
E     PySide6.QtGui.QAction.__init__(text: str, /, parent: PySide6.QtCore.QObject | None = None, *, checkable: bool | None = None, checked: bool | None = None, enabled: bool | None = None, icon: PySide6.QtGui.QIcon | None = None, iconText: str | None = None, toolTip: str | None = None, statusTip: str | None = None, whatsThis: str | None = None, font: PySide6.QtGui.QFont | None = None, shortcut: PySide6.QtGui.QKeySequence | None = None, shortcutContext: PySide6.QtCore.Qt.ShortcutContext | None = None, autoRepeat: bool | None = None, visible: bool | None = None, menuRole: PySide6.QtGui.QAction.MenuRole | None = None, iconVisibleInMenu: bool | None = None, shortcutVisibleInContextMenu: bool | None = None, priority: PySide6.QtGui.QAction.Priority | None = None)</failure></testcase><testcase classname="tests.test_shortcut_manager.TestShortcutManagerKeySequences" name="test_string_sequences[Alt+Right]" time="0.003"><failure message="ValueError: 'PySide6.QtGui.QAction.__init__' called with wrong argument values:&#10;  PySide6.QtGui.QAction.__init__('Test', &lt;MagicMock spec='QMainWindow' id='1859653503024'&gt;)&#10;Found signature:&#10;  PySide6.QtGui.QAction.__init__(text: str, /, parent: PySide6.QtCore.QObject | None = None, *, checkable: bool | None = None, checked: bool | None = None, enabled: bool | None = None, icon: PySide6.QtGui.QIcon | None = None, iconText: str | None = None, toolTip: str | None = None, statusTip: str | None = None, whatsThis: str | None = None, font: PySide6.QtGui.QFont | None = None, shortcut: PySide6.QtGui.QKeySequence | None = None, shortcutContext: PySide6.QtCore.Qt.ShortcutContext | None = None, autoRepeat: bool | None = None, visible: bool | None = None, menuRole: PySide6.QtGui.QAction.MenuRole | None = None, iconVisibleInMenu: bool | None = None, shortcutVisibleInContextMenu: bool | None = None, priority: PySide6.QtGui.QAction.Priority | None = None)">tests\test_shortcut_manager.py:182: in test_string_sequences
    sm.register_shortcuts(specs)
browser\shortcut_manager.py:39: in register_shortcuts
    action = QAction(spec.description, self.owner)
             ^^^^^^^^^^^^^^^^^^^^^^^^^^^^^^^^^^^^^
E   ValueError: 'PySide6.QtGui.QAction.__init__' called with wrong argument values:
E     PySide6.QtGui.QAction.__init__('Test', &lt;MagicMock spec='QMainWindow' id='1859653503024'&gt;)
E   Found signature:
E     PySide6.QtGui.QAction.__init__(text: str, /, parent: PySide6.QtCore.QObject | None = None, *, checkable: bool | None = None, checked: bool | None = None, enabled: bool | None = None, icon: PySide6.QtGui.QIcon | None = None, iconText: str | None = None, toolTip: str | None = None, statusTip: str | None = None, whatsThis: str | None = None, font: PySide6.QtGui.QFont | None = None, shortcut: PySide6.QtGui.QKeySequence | None = None, shortcutContext: PySide6.QtCore.Qt.ShortcutContext | None = None, autoRepeat: bool | None = None, visible: bool | None = None, menuRole: PySide6.QtGui.QAction.MenuRole | None = None, iconVisibleInMenu: bool | None = None, shortcutVisibleInContextMenu: bool | None = None, priority: PySide6.QtGui.QAction.Priority | None = None)</failure></testcase><testcase classname="tests.test_shortcut_manager.TestShortcutManagerKeySequences" name="test_string_sequences[F5]" time="0.005"><failure message="ValueError: 'PySide6.QtGui.QAction.__init__' called with wrong argument values:&#10;  PySide6.QtGui.QAction.__init__('Test', &lt;MagicMock spec='QMainWindow' id='1859653504368'&gt;)&#10;Found signature:&#10;  PySide6.QtGui.QAction.__init__(text: str, /, parent: PySide6.QtCore.QObject | None = None, *, checkable: bool | None = None, checked: bool | None = None, enabled: bool | None = None, icon: PySide6.QtGui.QIcon | None = None, iconText: str | None = None, toolTip: str | None = None, statusTip: str | None = None, whatsThis: str | None = None, font: PySide6.QtGui.QFont | None = None, shortcut: PySide6.QtGui.QKeySequence | None = None, shortcutContext: PySide6.QtCore.Qt.ShortcutContext | None = None, autoRepeat: bool | None = None, visible: bool | None = None, menuRole: PySide6.QtGui.QAction.MenuRole | None = None, iconVisibleInMenu: bool | None = None, shortcutVisibleInContextMenu: bool | None = None, priority: PySide6.QtGui.QAction.Priority | None = None)">tests\test_shortcut_manager.py:182: in test_string_sequences
    sm.register_shortcuts(specs)
browser\shortcut_manager.py:39: in register_shortcuts
    action = QAction(spec.description, self.owner)
             ^^^^^^^^^^^^^^^^^^^^^^^^^^^^^^^^^^^^^
E   ValueError: 'PySide6.QtGui.QAction.__init__' called with wrong argument values:
E     PySide6.QtGui.QAction.__init__('Test', &lt;MagicMock spec='QMainWindow' id='1859653504368'&gt;)
E   Found signature:
E     PySide6.QtGui.QAction.__init__(text: str, /, parent: PySide6.QtCore.QObject | None = None, *, checkable: bool | None = None, checked: bool | None = None, enabled: bool | None = None, icon: PySide6.QtGui.QIcon | None = None, iconText: str | None = None, toolTip: str | None = None, statusTip: str | None = None, whatsThis: str | None = None, font: PySide6.QtGui.QFont | None = None, shortcut: PySide6.QtGui.QKeySequence | None = None, shortcutContext: PySide6.QtCore.Qt.ShortcutContext | None = None, autoRepeat: bool | None = None, visible: bool | None = None, menuRole: PySide6.QtGui.QAction.MenuRole | None = None, iconVisibleInMenu: bool | None = None, shortcutVisibleInContextMenu: bool | None = None, priority: PySide6.QtGui.QAction.Priority | None = None)</failure></testcase><testcase classname="tests.test_shortcut_manager.TestShortcutManagerKeySequences" name="test_string_sequences[F12]" time="0.003"><failure message="ValueError: 'PySide6.QtGui.QAction.__init__' called with wrong argument values:&#10;  PySide6.QtGui.QAction.__init__('Test', &lt;MagicMock spec='QMainWindow' id='1859653505712'&gt;)&#10;Found signature:&#10;  PySide6.QtGui.QAction.__init__(text: str, /, parent: PySide6.QtCore.QObject | None = None, *, checkable: bool | None = None, checked: bool | None = None, enabled: bool | None = None, icon: PySide6.QtGui.QIcon | None = None, iconText: str | None = None, toolTip: str | None = None, statusTip: str | None = None, whatsThis: str | None = None, font: PySide6.QtGui.QFont | None = None, shortcut: PySide6.QtGui.QKeySequence | None = None, shortcutContext: PySide6.QtCore.Qt.ShortcutContext | None = None, autoRepeat: bool | None = None, visible: bool | None = None, menuRole: PySide6.QtGui.QAction.MenuRole | None = None, iconVisibleInMenu: bool | None = None, shortcutVisibleInContextMenu: bool | None = None, priority: PySide6.QtGui.QAction.Priority | None = None)">tests\test_shortcut_manager.py:182: in test_string_sequences
    sm.register_shortcuts(specs)
browser\shortcut_manager.py:39: in register_shortcuts
    action = QAction(spec.description, self.owner)
             ^^^^^^^^^^^^^^^^^^^^^^^^^^^^^^^^^^^^^
E   ValueError: 'PySide6.QtGui.QAction.__init__' called with wrong argument values:
E     PySide6.QtGui.QAction.__init__('Test', &lt;MagicMock spec='QMainWindow' id='1859653505712'&gt;)
E   Found signature:
E     PySide6.QtGui.QAction.__init__(text: str, /, parent: PySide6.QtCore.QObject | None = None, *, checkable: bool | None = None, checked: bool | None = None, enabled: bool | None = None, icon: PySide6.QtGui.QIcon | None = None, iconText: str | None = None, toolTip: str | None = None, statusTip: str | None = None, whatsThis: str | None = None, font: PySide6.QtGui.QFont | None = None, shortcut: PySide6.QtGui.QKeySequence | None = None, shortcutContext: PySide6.QtCore.Qt.ShortcutContext | None = None, autoRepeat: bool | None = None, visible: bool | None = None, menuRole: PySide6.QtGui.QAction.MenuRole | None = None, iconVisibleInMenu: bool | None = None, shortcutVisibleInContextMenu: bool | None = None, priority: PySide6.QtGui.QAction.Priority | None = None)</failure></testcase><testcase classname="tests.test_shortcut_manager.TestShortcutManagerKeySequences" name="test_empty_sequences_handled" time="0.004"><failure message="ValueError: 'PySide6.QtGui.QAction.__init__' called with wrong argument values:&#10;  PySide6.QtGui.QAction.__init__('Empty', &lt;MagicMock spec='QMainWindow' id='1859653507392'&gt;)&#10;Found signature:&#10;  PySide6.QtGui.QAction.__init__(text: str, /, parent: PySide6.QtCore.QObject | None = None, *, checkable: bool | None = None, checked: bool | None = None, enabled: bool | None = None, icon: PySide6.QtGui.QIcon | None = None, iconText: str | None = None, toolTip: str | None = None, statusTip: str | None = None, whatsThis: str | None = None, font: PySide6.QtGui.QFont | None = None, shortcut: PySide6.QtGui.QKeySequence | None = None, shortcutContext: PySide6.QtCore.Qt.ShortcutContext | None = None, autoRepeat: bool | None = None, visible: bool | None = None, menuRole: PySide6.QtGui.QAction.MenuRole | None = None, iconVisibleInMenu: bool | None = None, shortcutVisibleInContextMenu: bool | None = None, priority: PySide6.QtGui.QAction.Priority | None = None)">tests\test_shortcut_manager.py:197: in test_empty_sequences_handled
    sm.register_shortcuts(specs)
browser\shortcut_manager.py:39: in register_shortcuts
    action = QAction(spec.description, self.owner)
             ^^^^^^^^^^^^^^^^^^^^^^^^^^^^^^^^^^^^^
E   ValueError: 'PySide6.QtGui.QAction.__init__' called with wrong argument values:
E     PySide6.QtGui.QAction.__init__('Empty', &lt;MagicMock spec='QMainWindow' id='1859653507392'&gt;)
E   Found signature:
E     PySide6.QtGui.QAction.__init__(text: str, /, parent: PySide6.QtCore.QObject | None = None, *, checkable: bool | None = None, checked: bool | None = None, enabled: bool | None = None, icon: PySide6.QtGui.QIcon | None = None, iconText: str | None = None, toolTip: str | None = None, statusTip: str | None = None, whatsThis: str | None = None, font: PySide6.QtGui.QFont | None = None, shortcut: PySide6.QtGui.QKeySequence | None = None, shortcutContext: PySide6.QtCore.Qt.ShortcutContext | None = None, autoRepeat: bool | None = None, visible: bool | None = None, menuRole: PySide6.QtGui.QAction.MenuRole | None = None, iconVisibleInMenu: bool | None = None, shortcutVisibleInContextMenu: bool | None = None, priority: PySide6.QtGui.QAction.Priority | None = None)</failure></testcase><testcase classname="tests.test_shortcut_manager.TestShortcutManagerErrorHandling" name="test_malformed_sequence_gracefully_handled" time="0.003"><failure message="ValueError: 'PySide6.QtGui.QAction.__init__' called with wrong argument values:&#10;  PySide6.QtGui.QAction.__init__('Test', &lt;MagicMock spec='QMainWindow' id='1859653508736'&gt;)&#10;Found signature:&#10;  PySide6.QtGui.QAction.__init__(text: str, /, parent: PySide6.QtCore.QObject | None = None, *, checkable: bool | None = None, checked: bool | None = None, enabled: bool | None = None, icon: PySide6.QtGui.QIcon | None = None, iconText: str | None = None, toolTip: str | None = None, statusTip: str | None = None, whatsThis: str | None = None, font: PySide6.QtGui.QFont | None = None, shortcut: PySide6.QtGui.QKeySequence | None = None, shortcutContext: PySide6.QtCore.Qt.ShortcutContext | None = None, autoRepeat: bool | None = None, visible: bool | None = None, menuRole: PySide6.QtGui.QAction.MenuRole | None = None, iconVisibleInMenu: bool | None = None, shortcutVisibleInContextMenu: bool | None = None, priority: PySide6.QtGui.QAction.Priority | None = None)">tests\test_shortcut_manager.py:217: in test_malformed_sequence_gracefully_handled
    sm.register_shortcuts(specs)
browser\shortcut_manager.py:39: in register_shortcuts
    action = QAction(spec.description, self.owner)
             ^^^^^^^^^^^^^^^^^^^^^^^^^^^^^^^^^^^^^
E   ValueError: 'PySide6.QtGui.QAction.__init__' called with wrong argument values:
E     PySide6.QtGui.QAction.__init__('Test', &lt;MagicMock spec='QMainWindow' id='1859653508736'&gt;)
E   Found signature:
E     PySide6.QtGui.QAction.__init__(text: str, /, parent: PySide6.QtCore.QObject | None = None, *, checkable: bool | None = None, checked: bool | None = None, enabled: bool | None = None, icon: PySide6.QtGui.QIcon | None = None, iconText: str | None = None, toolTip: str | None = None, statusTip: str | None = None, whatsThis: str | None = None, font: PySide6.QtGui.QFont | None = None, shortcut: PySide6.QtGui.QKeySequence | None = None, shortcutContext: PySide6.QtCore.Qt.ShortcutContext | None = None, autoRepeat: bool | None = None, visible: bool | None = None, menuRole: PySide6.QtGui.QAction.MenuRole | None = None, iconVisibleInMenu: bool | None = None, shortcutVisibleInContextMenu: bool | None = None, priority: PySide6.QtGui.QAction.Priority | None = None)</failure></testcase><testcase classname="tests.test_tab_widget.TestTabWidgetBasics" name="test_tab_widget_creation" time="0.003"><error message="failed on setup with &quot;TypeError: 'PySide6.QtWidgets.QBoxLayout.addWidget' called with wrong argument types:&#10;  PySide6.QtWidgets.QBoxLayout.addWidget(MagicMock)&#10;Supported signatures:&#10;  PySide6.QtWidgets.QBoxLayout.addWidget(arg__1: PySide6.QtWidgets.QWidget, /, stretch: int | None = None, alignment: PySide6.QtCore.Qt.AlignmentFlag = Default(Qt.Alignment))&quot;">tests\test_tab_widget.py:24: in tab_widget
    tab = TabWidget()
          ^^^^^^^^^^^
browser\tab_widget.py:40: in __init__
    self.layout.addWidget(self.browser)
E   TypeError: 'PySide6.QtWidgets.QBoxLayout.addWidget' called with wrong argument types:
E     PySide6.QtWidgets.QBoxLayout.addWidget(MagicMock)
E   Supported signatures:
E     PySide6.QtWidgets.QBoxLayout.addWidget(arg__1: PySide6.QtWidgets.QWidget, /, stretch: int | None = None, alignment: PySide6.QtCore.Qt.AlignmentFlag = Default(Qt.Alignment))</error></testcase><testcase classname="tests.test_tab_widget.TestTabWidgetBasics" name="test_tab_widget_has_signals" time="0.003"><error message="failed on setup with &quot;TypeError: 'PySide6.QtWidgets.QBoxLayout.addWidget' called with wrong argument types:&#10;  PySide6.QtWidgets.QBoxLayout.addWidget(MagicMock)&#10;Supported signatures:&#10;  PySide6.QtWidgets.QBoxLayout.addWidget(arg__1: PySide6.QtWidgets.QWidget, /, stretch: int | None = None, alignment: PySide6.QtCore.Qt.AlignmentFlag = Default(Qt.Alignment))&quot;">tests\test_tab_widget.py:24: in tab_widget
    tab = TabWidget()
          ^^^^^^^^^^^
browser\tab_widget.py:40: in __init__
    self.layout.addWidget(self.browser)
E   TypeError: 'PySide6.QtWidgets.QBoxLayout.addWidget' called with wrong argument types:
E     PySide6.QtWidgets.QBoxLayout.addWidget(MagicMock)
E   Supported signatures:
E     PySide6.QtWidgets.QBoxLayout.addWidget(arg__1: PySide6.QtWidgets.QWidget, /, stretch: int | None = None, alignment: PySide6.QtCore.Qt.AlignmentFlag = Default(Qt.Alignment))</error></testcase><testcase classname="tests.test_tab_widget.TestTabWidgetNavigation" name="test_load_url_with_http" time="0.003"><error message="failed on setup with &quot;TypeError: 'PySide6.QtWidgets.QBoxLayout.addWidget' called with wrong argument types:&#10;  PySide6.QtWidgets.QBoxLayout.addWidget(MagicMock)&#10;Supported signatures:&#10;  PySide6.QtWidgets.QBoxLayout.addWidget(arg__1: PySide6.QtWidgets.QWidget, /, stretch: int | None = None, alignment: PySide6.QtCore.Qt.AlignmentFlag = Default(Qt.Alignment))&quot;">tests\test_tab_widget.py:24: in tab_widget
    tab = TabWidget()
          ^^^^^^^^^^^
browser\tab_widget.py:40: in __init__
    self.layout.addWidget(self.browser)
E   TypeError: 'PySide6.QtWidgets.QBoxLayout.addWidget' called with wrong argument types:
E     PySide6.QtWidgets.QBoxLayout.addWidget(MagicMock)
E   Supported signatures:
E     PySide6.QtWidgets.QBoxLayout.addWidget(arg__1: PySide6.QtWidgets.QWidget, /, stretch: int | None = None, alignment: PySide6.QtCore.Qt.AlignmentFlag = Default(Qt.Alignment))</error></testcase><testcase classname="tests.test_tab_widget.TestTabWidgetNavigation" name="test_load_url_with_domain_only" time="0.003"><error message="failed on setup with &quot;TypeError: 'PySide6.QtWidgets.QBoxLayout.addWidget' called with wrong argument types:&#10;  PySide6.QtWidgets.QBoxLayout.addWidget(MagicMock)&#10;Supported signatures:&#10;  PySide6.QtWidgets.QBoxLayout.addWidget(arg__1: PySide6.QtWidgets.QWidget, /, stretch: int | None = None, alignment: PySide6.QtCore.Qt.AlignmentFlag = Default(Qt.Alignment))&quot;">tests\test_tab_widget.py:24: in tab_widget
    tab = TabWidget()
          ^^^^^^^^^^^
browser\tab_widget.py:40: in __init__
    self.layout.addWidget(self.browser)
E   TypeError: 'PySide6.QtWidgets.QBoxLayout.addWidget' called with wrong argument types:
E     PySide6.QtWidgets.QBoxLayout.addWidget(MagicMock)
E   Supported signatures:
E     PySide6.QtWidgets.QBoxLayout.addWidget(arg__1: PySide6.QtWidgets.QWidget, /, stretch: int | None = None, alignment: PySide6.QtCore.Qt.AlignmentFlag = Default(Qt.Alignment))</error></testcase><testcase classname="tests.test_tab_widget.TestTabWidgetNavigation" name="test_load_url_search_query" time="0.003"><error message="failed on setup with &quot;TypeError: 'PySide6.QtWidgets.QBoxLayout.addWidget' called with wrong argument types:&#10;  PySide6.QtWidgets.QBoxLayout.addWidget(MagicMock)&#10;Supported signatures:&#10;  PySide6.QtWidgets.QBoxLayout.addWidget(arg__1: PySide6.QtWidgets.QWidget, /, stretch: int | None = None, alignment: PySide6.QtCore.Qt.AlignmentFlag = Default(Qt.Alignment))&quot;">tests\test_tab_widget.py:24: in tab_widget
    tab = TabWidget()
          ^^^^^^^^^^^
browser\tab_widget.py:40: in __init__
    self.layout.addWidget(self.browser)
E   TypeError: 'PySide6.QtWidgets.QBoxLayout.addWidget' called with wrong argument types:
E     PySide6.QtWidgets.QBoxLayout.addWidget(MagicMock)
E   Supported signatures:
E     PySide6.QtWidgets.QBoxLayout.addWidget(arg__1: PySide6.QtWidgets.QWidget, /, stretch: int | None = None, alignment: PySide6.QtCore.Qt.AlignmentFlag = Default(Qt.Alignment))</error></testcase><testcase classname="tests.test_tab_widget.TestTabWidgetNavigation" name="test_load_url_with_protocol" time="0.003"><error message="failed on setup with &quot;TypeError: 'PySide6.QtWidgets.QBoxLayout.addWidget' called with wrong argument types:&#10;  PySide6.QtWidgets.QBoxLayout.addWidget(MagicMock)&#10;Supported signatures:&#10;  PySide6.QtWidgets.QBoxLayout.addWidget(arg__1: PySide6.QtWidgets.QWidget, /, stretch: int | None = None, alignment: PySide6.QtCore.Qt.AlignmentFlag = Default(Qt.Alignment))&quot;">tests\test_tab_widget.py:24: in tab_widget
    tab = TabWidget()
          ^^^^^^^^^^^
browser\tab_widget.py:40: in __init__
    self.layout.addWidget(self.browser)
E   TypeError: 'PySide6.QtWidgets.QBoxLayout.addWidget' called with wrong argument types:
E     PySide6.QtWidgets.QBoxLayout.addWidget(MagicMock)
E   Supported signatures:
E     PySide6.QtWidgets.QBoxLayout.addWidget(arg__1: PySide6.QtWidgets.QWidget, /, stretch: int | None = None, alignment: PySide6.QtCore.Qt.AlignmentFlag = Default(Qt.Alignment))</error></testcase><testcase classname="tests.test_tab_widget.TestTabWidgetNavigation" name="test_load_url_file_protocol" time="0.003"><error message="failed on setup with &quot;TypeError: 'PySide6.QtWidgets.QBoxLayout.addWidget' called with wrong argument types:&#10;  PySide6.QtWidgets.QBoxLayout.addWidget(MagicMock)&#10;Supported signatures:&#10;  PySide6.QtWidgets.QBoxLayout.addWidget(arg__1: PySide6.QtWidgets.QWidget, /, stretch: int | None = None, alignment: PySide6.QtCore.Qt.AlignmentFlag = Default(Qt.Alignment))&quot;">tests\test_tab_widget.py:24: in tab_widget
    tab = TabWidget()
          ^^^^^^^^^^^
browser\tab_widget.py:40: in __init__
    self.layout.addWidget(self.browser)
E   TypeError: 'PySide6.QtWidgets.QBoxLayout.addWidget' called with wrong argument types:
E     PySide6.QtWidgets.QBoxLayout.addWidget(MagicMock)
E   Supported signatures:
E     PySide6.QtWidgets.QBoxLayout.addWidget(arg__1: PySide6.QtWidgets.QWidget, /, stretch: int | None = None, alignment: PySide6.QtCore.Qt.AlignmentFlag = Default(Qt.Alignment))</error></testcase><testcase classname="tests.test_tab_widget.TestTabWidgetJavaScript" name="test_run_javascript" time="0.003"><error message="failed on setup with &quot;TypeError: 'PySide6.QtWidgets.QBoxLayout.addWidget' called with wrong argument types:&#10;  PySide6.QtWidgets.QBoxLayout.addWidget(MagicMock)&#10;Supported signatures:&#10;  PySide6.QtWidgets.QBoxLayout.addWidget(arg__1: PySide6.QtWidgets.QWidget, /, stretch: int | None = None, alignment: PySide6.QtCore.Qt.AlignmentFlag = Default(Qt.Alignment))&quot;">tests\test_tab_widget.py:24: in tab_widget
    tab = TabWidget()
          ^^^^^^^^^^^
browser\tab_widget.py:40: in __init__
    self.layout.addWidget(self.browser)
E   TypeError: 'PySide6.QtWidgets.QBoxLayout.addWidget' called with wrong argument types:
E     PySide6.QtWidgets.QBoxLayout.addWidget(MagicMock)
E   Supported signatures:
E     PySide6.QtWidgets.QBoxLayout.addWidget(arg__1: PySide6.QtWidgets.QWidget, /, stretch: int | None = None, alignment: PySide6.QtCore.Qt.AlignmentFlag = Default(Qt.Alignment))</error></testcase><testcase classname="tests.test_tab_widget.TestTabWidgetJavaScript" name="test_python_js_bridge_creation" time="0.001" /><testcase classname="tests.test_tab_widget.TestTabWidgetJavaScript" name="test_python_js_bridge_execute" time="0.001"><failure message="AssertionError: assert 'test data' in 'Python acknowledged: TEST DATA'">tests\test_tab_widget.py:101: in test_python_js_bridge_execute
    assert "test data" in result
E   AssertionError: assert 'test data' in 'Python acknowledged: TEST DATA'</failure></testcase><testcase classname="tests.test_tab_widget.TestTabWidgetZoom" name="test_zoom_factor_default" time="0.003"><error message="failed on setup with &quot;TypeError: 'PySide6.QtWidgets.QBoxLayout.addWidget' called with wrong argument types:&#10;  PySide6.QtWidgets.QBoxLayout.addWidget(MagicMock)&#10;Supported signatures:&#10;  PySide6.QtWidgets.QBoxLayout.addWidget(arg__1: PySide6.QtWidgets.QWidget, /, stretch: int | None = None, alignment: PySide6.QtCore.Qt.AlignmentFlag = Default(Qt.Alignment))&quot;">tests\test_tab_widget.py:24: in tab_widget
    tab = TabWidget()
          ^^^^^^^^^^^
browser\tab_widget.py:40: in __init__
    self.layout.addWidget(self.browser)
E   TypeError: 'PySide6.QtWidgets.QBoxLayout.addWidget' called with wrong argument types:
E     PySide6.QtWidgets.QBoxLayout.addWidget(MagicMock)
E   Supported signatures:
E     PySide6.QtWidgets.QBoxLayout.addWidget(arg__1: PySide6.QtWidgets.QWidget, /, stretch: int | None = None, alignment: PySide6.QtCore.Qt.AlignmentFlag = Default(Qt.Alignment))</error></testcase><testcase classname="tests.test_tab_widget.TestTabWidgetSignals" name="test_url_changed_signal_emitted" time="0.003"><error message="failed on setup with &quot;TypeError: 'PySide6.QtWidgets.QBoxLayout.addWidget' called with wrong argument types:&#10;  PySide6.QtWidgets.QBoxLayout.addWidget(MagicMock)&#10;Supported signatures:&#10;  PySide6.QtWidgets.QBoxLayout.addWidget(arg__1: PySide6.QtWidgets.QWidget, /, stretch: int | None = None, alignment: PySide6.QtCore.Qt.AlignmentFlag = Default(Qt.Alignment))&quot;">tests\test_tab_widget.py:24: in tab_widget
    tab = TabWidget()
          ^^^^^^^^^^^
browser\tab_widget.py:40: in __init__
    self.layout.addWidget(self.browser)
E   TypeError: 'PySide6.QtWidgets.QBoxLayout.addWidget' called with wrong argument types:
E     PySide6.QtWidgets.QBoxLayout.addWidget(MagicMock)
E   Supported signatures:
E     PySide6.QtWidgets.QBoxLayout.addWidget(arg__1: PySide6.QtWidgets.QWidget, /, stretch: int | None = None, alignment: PySide6.QtCore.Qt.AlignmentFlag = Default(Qt.Alignment))</error></testcase><testcase classname="tests.test_tab_widget.TestTabWidgetSignals" name="test_title_changed_signal_emitted" time="0.003"><error message="failed on setup with &quot;TypeError: 'PySide6.QtWidgets.QBoxLayout.addWidget' called with wrong argument types:&#10;  PySide6.QtWidgets.QBoxLayout.addWidget(MagicMock)&#10;Supported signatures:&#10;  PySide6.QtWidgets.QBoxLayout.addWidget(arg__1: PySide6.QtWidgets.QWidget, /, stretch: int | None = None, alignment: PySide6.QtCore.Qt.AlignmentFlag = Default(Qt.Alignment))&quot;">tests\test_tab_widget.py:24: in tab_widget
    tab = TabWidget()
          ^^^^^^^^^^^
browser\tab_widget.py:40: in __init__
    self.layout.addWidget(self.browser)
E   TypeError: 'PySide6.QtWidgets.QBoxLayout.addWidget' called with wrong argument types:
E     PySide6.QtWidgets.QBoxLayout.addWidget(MagicMock)
E   Supported signatures:
E     PySide6.QtWidgets.QBoxLayout.addWidget(arg__1: PySide6.QtWidgets.QWidget, /, stretch: int | None = None, alignment: PySide6.QtCore.Qt.AlignmentFlag = Default(Qt.Alignment))</error></testcase><testcase classname="tests.test_tab_widget.TestTabWidgetSignals" name="test_load_progress_signal_emitted" time="0.003"><error message="failed on setup with &quot;TypeError: 'PySide6.QtWidgets.QBoxLayout.addWidget' called with wrong argument types:&#10;  PySide6.QtWidgets.QBoxLayout.addWidget(MagicMock)&#10;Supported signatures:&#10;  PySide6.QtWidgets.QBoxLayout.addWidget(arg__1: PySide6.QtWidgets.QWidget, /, stretch: int | None = None, alignment: PySide6.QtCore.Qt.AlignmentFlag = Default(Qt.Alignment))&quot;">tests\test_tab_widget.py:24: in tab_widget
    tab = TabWidget()
          ^^^^^^^^^^^
browser\tab_widget.py:40: in __init__
    self.layout.addWidget(self.browser)
E   TypeError: 'PySide6.QtWidgets.QBoxLayout.addWidget' called with wrong argument types:
E     PySide6.QtWidgets.QBoxLayout.addWidget(MagicMock)
E   Supported signatures:
E     PySide6.QtWidgets.QBoxLayout.addWidget(arg__1: PySide6.QtWidgets.QWidget, /, stretch: int | None = None, alignment: PySide6.QtCore.Qt.AlignmentFlag = Default(Qt.Alignment))</error></testcase><testcase classname="tests.test_tab_widget.TestTabWidgetSignals" name="test_load_finished_signal_emitted" time="0.003"><error message="failed on setup with &quot;TypeError: 'PySide6.QtWidgets.QBoxLayout.addWidget' called with wrong argument types:&#10;  PySide6.QtWidgets.QBoxLayout.addWidget(MagicMock)&#10;Supported signatures:&#10;  PySide6.QtWidgets.QBoxLayout.addWidget(arg__1: PySide6.QtWidgets.QWidget, /, stretch: int | None = None, alignment: PySide6.QtCore.Qt.AlignmentFlag = Default(Qt.Alignment))&quot;">tests\test_tab_widget.py:24: in tab_widget
    tab = TabWidget()
          ^^^^^^^^^^^
browser\tab_widget.py:40: in __init__
    self.layout.addWidget(self.browser)
E   TypeError: 'PySide6.QtWidgets.QBoxLayout.addWidget' called with wrong argument types:
E     PySide6.QtWidgets.QBoxLayout.addWidget(MagicMock)
E   Supported signatures:
E     PySide6.QtWidgets.QBoxLayout.addWidget(arg__1: PySide6.QtWidgets.QWidget, /, stretch: int | None = None, alignment: PySide6.QtCore.Qt.AlignmentFlag = Default(Qt.Alignment))</error></testcase><testcase classname="tests.test_tab_widget.TestTabWidgetSettings" name="test_javascript_setting_applied" time="0.003"><failure message="TypeError: 'PySide6.QtWidgets.QBoxLayout.addWidget' called with wrong argument types:&#10;  PySide6.QtWidgets.QBoxLayout.addWidget(MagicMock)&#10;Supported signatures:&#10;  PySide6.QtWidgets.QBoxLayout.addWidget(arg__1: PySide6.QtWidgets.QWidget, /, stretch: int | None = None, alignment: PySide6.QtCore.Qt.AlignmentFlag = Default(Qt.Alignment))">tests\test_tab_widget.py:172: in test_javascript_setting_applied
    tab = TabWidget()
          ^^^^^^^^^^^
browser\tab_widget.py:40: in __init__
    self.layout.addWidget(self.browser)
E   TypeError: 'PySide6.QtWidgets.QBoxLayout.addWidget' called with wrong argument types:
E     PySide6.QtWidgets.QBoxLayout.addWidget(MagicMock)
E   Supported signatures:
E     PySide6.QtWidgets.QBoxLayout.addWidget(arg__1: PySide6.QtWidgets.QWidget, /, stretch: int | None = None, alignment: PySide6.QtCore.Qt.AlignmentFlag = Default(Qt.Alignment))</failure></testcase></testsuite></testsuites>